Microchip MPLAB XC8 Compiler V2.10 ()

Linker command line:

-W-3 --edf=C:\Program Files (x86)\Microchip\xc8\v2.10\pic\dat\en_msgs.txt \
  -cs -h+dist/default/production\project_part_1.production.sym \
  --cmf=dist/default/production\project_part_1.production.cmf -z -Q16F18875 \
  -oC:\Users\andre\AppData\Local\Temp\sb70.2 --defsym=__MPLAB_BUILD=1 \
  -Mdist/default/production/project_part_1.production.map -E1 -ver=XC8 \
  --acfsm=1493 -ASTACK=02093h-023EFh -pstack=STACK -ACODE=00h-07FFhx4 \
  -ASTRCODE=00h-01FFFh -ASTRING=00h-0FFhx32 -ACONST=00h-0FFhx32 \
  -AENTRY=00h-0FFhx32 -ACOMMON=070h-07Fh -ABANK0=020h-06Fh \
  -ABANK1=0A0h-0EFh -ABANK2=0120h-016Fh -ABANK3=01A0h-01EFh \
  -ABANK4=0220h-026Fh -ABANK5=02A0h-02EFh -ABANK6=0320h-036Fh \
  -ABANK7=03A0h-03EFh -ABANK8=0420h-046Fh -ABANK9=04A0h-04EFh \
  -ABANK10=0520h-056Fh -ABANK11=05A0h-05EFh -ABANK12=0620h-064Fh \
  -ABIGRAM=02000h-023EFh \
  -ARAM=020h-06Fh,0A0h-0EFh,0120h-016Fh,01A0h-01EFh,0220h-026Fh,02A0h-02EFh,0320h-036Fh,03A0h-03EFh,0420h-046Fh,04A0h-04EFh,0520h-056Fh,05A0h-05EFh,0620h-064Fh \
  -AABS1=020h-07Fh,0A0h-0EFh,0120h-016Fh,01A0h-01EFh,0220h-026Fh,02A0h-02EFh,0320h-036Fh,03A0h-03EFh,0420h-046Fh,04A0h-04EFh,0520h-056Fh,05A0h-05EFh,0620h-064Fh \
  -ASFR0=00h-01Fh -ASFR1=080h-09Fh -ASFR2=0100h-011Fh -ASFR3=0180h-019Fh \
  -ASFR4=0200h-021Fh -ASFR5=0280h-029Fh -ASFR6=0300h-031Fh \
  -ASFR7=0380h-039Fh -ASFR8=0400h-041Fh -ASFR9=0480h-049Fh \
  -ASFR10=0500h-051Fh -ASFR11=0580h-059Fh -ASFR12=0600h-061Fh \
  -ASFR13=0680h-06EFh -ASFR14=0700h-076Fh -ASFR15=0780h-07EFh \
  -ASFR16=0800h-086Fh -ASFR17=0880h-08EFh -ASFR18=0900h-096Fh \
  -ASFR19=0980h-09EFh -ASFR20=0A00h-0A6Fh -ASFR21=0A80h-0AEFh \
  -ASFR22=0B00h-0B6Fh -ASFR23=0B80h-0BEFh -ASFR24=0C00h-0C6Fh \
  -ASFR25=0C80h-0CEFh -ASFR26=0D00h-0D6Fh -ASFR27=0D80h-0DEFh \
  -ASFR28=0E00h-0E6Fh -ASFR29=0E80h-0EEFh -ASFR30=0F00h-0F6Fh \
  -ASFR31=0F80h-0FEFh -preset_vec=00h,intentry=04h,init,end_init \
  -ppowerup=CODE -pcinit=CODE -pfunctab=ENTRY -ACONFIG=08007h-0800Bh \
  -pconfig=CONFIG -DCONFIG=2 -AIDLOC=08000h-08003h -pidloc=IDLOC -DIDLOC=2 \
  -AEEDATA=00h-0FFh/0F000h -peeprom_data=EEDATA -DEEDATA=2 -DCODE=2 \
  -DSTRCODE=2 -DSTRING=2 -DCONST=2 -DENTRY=2 -k \
  C:\Users\andre\AppData\Local\Temp\sb70.o \
  dist/default/production\project_part_1.production.o 

Object code version is 3.11

Machine type is 16F18875



                Name                               Link     Load   Length Selector   Space Scale
C:\Users\andre\AppData\Local\Temp\sb70.o
                end_init                             5B       5B        2        8       0
                reset_vec                             0        0        2        0       0
                config                             8007     8007        5    1000E       0
dist/default/production\project_part_1.production.o
                cinit                                5D       5D       21        8       0
                intentry                              4        4       57        8       0
                text110                             C23      C23       16     1846       0
                text109                             513      513       5A        8       0
                text108                             DEC      DEC       25     1BD8       0
                text107                             A07      A07        1     140E       0
                text106                             B37      B37        D     166E       0
                text105                             A64      A64        6     14C8       0
                text104                             A10      A10        3     1420       0
                text103                             A08      A08        1     1410       0
                text102                             CAC      CAC       19     1958       0
                text101                             B6C      B6C        F     16D8       0
                text100                             BB9      BB9       11     1772       0
                text99                              F46      F46       34     1E8C       0
                text98                              A09      A09        1     1412       0
                text97                              C65      C65       17     18CA       0
                text96                              B1F      B1F        C     163E       0
                text95                              A0A      A0A        1     1414       0
                text94                              B7B      B7B        F     16F6       0
                text93                              A2B      A2B        4     1456       0
                text92                              A13      A13        3     1426       0
                text91                              A16      A16        3     142C       0
                text90                              B99      B99       10     1732       0
                text89                              E11      E11       26     1C22       0
                text88                              B44      B44        D     1688       0
                text87                              BCA      BCA       11     1794       0
                text86                              A0C      A0C        2     1418       0
                text85                              A0E      A0E        2     141C       0
                text84                                2        2        2        0       0
                text83                              BDB      BDB       11     17B6       0
                text82                              BEC      BEC       11     17D8       0
                text81                              BFD      BFD       11     17FA       0
                text80                              C7C      C7C       18     18F8       0
                text79                              A19      A19        3     1432       0
                text78                              A0B      A0B        1     1416       0
                text77                              A2F      A2F        4     145E       0
                text76                              A1C      A1C        3     1438       0
                text75                              A37      A37        5     146E       0
                text74                              A84      A84        8     1508       0
                text73                              A1F      A1F        3     143E       0
                text72                              F13      F13       33     1E26       0
                text71                              A8C      A8C        8     1518       0
                text70                              A3C      A3C        5     1478       0
                text69                              A41      A41        5     1482       0
                text68                              A46      A46        5     148C       0
                text67                              A4B      A4B        5     1496       0
                text66                              A50      A50        5     14A0       0
                text65                              AAC      AAC        9     1558       0
                text64                              A94      A94        8     1528       0
                text63                              A76      A76        7     14EC       0
                text62                              A55      A55        5     14AA       0
                text61                              A5A      A5A        5     14B4       0
                text60                              A5F      A5F        5     14BE       0
                text59                              E8B      E8B       2C     1D16       0
                text58                              615      615       54        8       0
                text57                              751      751       4A        8       0
                text56                              A22      A22        3     1444       0
                text55                              EB7      EB7       2D     1D6E       0
                text54                              A25      A25        3     144A       0
                text53                              A33      A33        4     1466       0
                text51                              AB5      AB5        9     156A       0
                text50                              A7D      A7D        7     14FA       0
                text49                              A9C      A9C        8     1538       0
                text48                              CDE      CDE       1A     19BC       0
                text47                              CF8      CF8       1A     19F0       0
                text46                              C39      C39       16     1872       0
                text45                              ABE      ABE        9     157C       0
                text44                              B5E      B5E        E     16BC       0
                text43                              AC7      AC7        9     158E       0
                text42                              79B      79B       49        8       0
                text41                              AA4      AA4        8     1548       0
                text40                              B51      B51        D     16A2       0
                text39                              AD0      AD0        9     15A0       0
                text38                              C0E      C0E       15     181C       0
                text37                              AD9      AD9        9     15B2       0
                text36                              D49      D49       1F     1A92       0
                text35                              AE2      AE2        9     15C4       0
                text34                              C94      C94       18     1928       0
                text33                              D2D      D2D       1C     1A5A       0
                text32                              A28      A28        3     1450       0
                text31                              CC5      CC5       19     198A       0
                text30                              D68      D68       20     1AD0       0
                text29                              45E      45E       5B        8       0
                text28                              5C1      5C1       54        8       0
                text27                              4B9      4B9       5A        8       0
                text26                              704      704       4D        8       0
                text25                              D88      D88       20     1B10       0
                text24                              6B7      6B7       4D        8       0
                text23                              56D      56D       54        8       0
                text22                              3FE      3FE       60        8       0
                text21                              D12      D12       1B     1A24       0
                text20                              20A      20A       D5        8       0
                text19                              AFE      AFE        B     15FC       0
                text18                              AF4      AF4        A     15E8       0
                text17                              B09      B09        B     1612       0
                text16                              B14      B14        B     1628       0
                text15                              E37      E37       2A     1C6E       0
                text14                              669      669       4E        8       0
                text13                              377      377       87        8       0
                text12                              B2B      B2B        C     1656       0
                text11                              DC8      DC8       24     1B90       0
                text10                              FB9      FB9       47     1F72       0
                text9                               B8A      B8A        F     1714       0
                text8                               C4F      C4F       16     189E       0
                text7                               F7A      F7A       3F     1EF4       0
                text6                               DA8      DA8       20     1B50       0
                text5                               BA9      BA9       10     1752       0
                text4                               7E4      7E4       1C        8       0
                text3                               2DF      2DF       98        8       0
                text2                               EE4      EE4       2F     1DC8       0
                text1                               E61      E61       2A     1CC2       0
                maintext                             7E       7E      18C        8       0
                cstackBANK0                          20       20       2B       20       1
                cstackCOMMON                         70       70        D       70       1
                cstackBANK1                          DE       DE        5       A0       1
                clrtext                             A6A      A6A        6     14D4       0
                inittext                            A70      A70        6     14E0       0
                bssBANK1                             A0       A0       34       A0       1
                dataBANK0                            61       61        9       20       1
                bssBANK0                             4B       4B       16       20       1
                bssCOMMON                            7D       7D        1       70       1
                nvBANK1                              D4       D4        A       A0       1
                stringtext2                        1020     1020        5     2000       0
                stringtext1                        1000     1000       20     2000       0
                idataBANK0                          AEB      AEB        9     15D6       0

TOTAL           Name                               Link     Load   Length     Space
        CLASS   STACK          

        CLASS   CODE           
                end_init                             5B       5B        2         0
                cinit                                5D       5D       21         0
                intentry                              4        4       57         0
                reset_vec                             0        0        2         0
                text110                             C23      C23       16         0
                text109                             513      513       5A         0
                text108                             DEC      DEC       25         0
                text107                             A07      A07        1         0
                text106                             B37      B37        D         0
                text105                             A64      A64        6         0
                text104                             A10      A10        3         0
                text103                             A08      A08        1         0
                text102                             CAC      CAC       19         0
                text101                             B6C      B6C        F         0
                text100                             BB9      BB9       11         0
                text99                              F46      F46       34         0
                text98                              A09      A09        1         0
                text97                              C65      C65       17         0
                text96                              B1F      B1F        C         0
                text95                              A0A      A0A        1         0
                text94                              B7B      B7B        F         0
                text93                              A2B      A2B        4         0
                text92                              A13      A13        3         0
                text91                              A16      A16        3         0
                text90                              B99      B99       10         0
                text89                              E11      E11       26         0
                text88                              B44      B44        D         0
                text87                              BCA      BCA       11         0
                text86                              A0C      A0C        2         0
                text85                              A0E      A0E        2         0
                text84                                2        2        2         0
                text83                              BDB      BDB       11         0
                text82                              BEC      BEC       11         0
                text81                              BFD      BFD       11         0
                text80                              C7C      C7C       18         0
                text79                              A19      A19        3         0
                text78                              A0B      A0B        1         0
                text77                              A2F      A2F        4         0
                text76                              A1C      A1C        3         0
                text75                              A37      A37        5         0
                text74                              A84      A84        8         0
                text73                              A1F      A1F        3         0
                text72                              F13      F13       33         0
                text71                              A8C      A8C        8         0
                text70                              A3C      A3C        5         0
                text69                              A41      A41        5         0
                text68                              A46      A46        5         0
                text67                              A4B      A4B        5         0
                text66                              A50      A50        5         0
                text65                              AAC      AAC        9         0
                text64                              A94      A94        8         0
                text63                              A76      A76        7         0
                text62                              A55      A55        5         0
                text61                              A5A      A5A        5         0
                text60                              A5F      A5F        5         0
                text59                              E8B      E8B       2C         0
                text58                              615      615       54         0
                text57                              751      751       4A         0
                text56                              A22      A22        3         0
                text55                              EB7      EB7       2D         0
                text54                              A25      A25        3         0
                text53                              A33      A33        4         0
                text51                              AB5      AB5        9         0
                text50                              A7D      A7D        7         0
                text49                              A9C      A9C        8         0
                text48                              CDE      CDE       1A         0
                text47                              CF8      CF8       1A         0
                text46                              C39      C39       16         0
                text45                              ABE      ABE        9         0
                text44                              B5E      B5E        E         0
                text43                              AC7      AC7        9         0
                text42                              79B      79B       49         0
                text41                              AA4      AA4        8         0
                text40                              B51      B51        D         0
                text39                              AD0      AD0        9         0
                text38                              C0E      C0E       15         0
                text37                              AD9      AD9        9         0
                text36                              D49      D49       1F         0
                text35                              AE2      AE2        9         0
                text34                              C94      C94       18         0
                text33                              D2D      D2D       1C         0
                text32                              A28      A28        3         0
                text31                              CC5      CC5       19         0
                text30                              D68      D68       20         0
                text29                              45E      45E       5B         0
                text28                              5C1      5C1       54         0
                text27                              4B9      4B9       5A         0
                text26                              704      704       4D         0
                text25                              D88      D88       20         0
                text24                              6B7      6B7       4D         0
                text23                              56D      56D       54         0
                text22                              3FE      3FE       60         0
                text21                              D12      D12       1B         0
                text20                              20A      20A       D5         0
                text19                              AFE      AFE        B         0
                text18                              AF4      AF4        A         0
                text17                              B09      B09        B         0
                text16                              B14      B14        B         0
                text15                              E37      E37       2A         0
                text14                              669      669       4E         0
                text13                              377      377       87         0
                text12                              B2B      B2B        C         0
                text11                              DC8      DC8       24         0
                text10                              FB9      FB9       47         0
                text9                               B8A      B8A        F         0
                text8                               C4F      C4F       16         0
                text7                               F7A      F7A       3F         0
                text6                               DA8      DA8       20         0
                text5                               BA9      BA9       10         0
                text4                               7E4      7E4       1C         0
                text3                               2DF      2DF       98         0
                text2                               EE4      EE4       2F         0
                text1                               E61      E61       2A         0
                maintext                             7E       7E      18C         0
                clrtext                             A6A      A6A        6         0
                inittext                            A70      A70        6         0
                idataBANK0                          AEB      AEB        9         0

        CLASS   STRCODE        
                stringtext2                        1020     1020        5         0
                stringtext1                        1000     1000       20         0

        CLASS   STRING         

        CLASS   CONST          

        CLASS   ENTRY          

        CLASS   COMMON         
                cstackCOMMON                         70       70        D         1
                bssCOMMON                            7D       7D        1         1

        CLASS   BANK0          
                cstackBANK0                          20       20       2B         1
                dataBANK0                            61       61        9         1
                bssBANK0                             4B       4B       16         1

        CLASS   BANK1          
                cstackBANK1                          DE       DE        5         1
                bssBANK1                             A0       A0       34         1
                nvBANK1                              D4       D4        A         1

        CLASS   BANK2          

        CLASS   BANK3          

        CLASS   BANK4          

        CLASS   BANK5          

        CLASS   BANK6          

        CLASS   BANK7          

        CLASS   BANK8          

        CLASS   BANK9          

        CLASS   BANK10         

        CLASS   BANK11         

        CLASS   BANK12         

        CLASS   BIGRAM         

        CLASS   RAM            

        CLASS   ABS1           
                abs_s1                               7E       7E        2         1

        CLASS   SFR0           

        CLASS   SFR1           

        CLASS   SFR2           

        CLASS   SFR3           

        CLASS   SFR4           

        CLASS   SFR5           

        CLASS   SFR6           

        CLASS   SFR7           

        CLASS   SFR8           

        CLASS   SFR9           

        CLASS   SFR10          

        CLASS   SFR11          

        CLASS   SFR12          

        CLASS   SFR13          

        CLASS   SFR14          

        CLASS   SFR15          

        CLASS   SFR16          

        CLASS   SFR17          

        CLASS   SFR18          

        CLASS   SFR19          

        CLASS   SFR20          

        CLASS   SFR21          

        CLASS   SFR22          

        CLASS   SFR23          

        CLASS   SFR24          

        CLASS   SFR25          

        CLASS   SFR26          

        CLASS   SFR27          

        CLASS   SFR28          

        CLASS   SFR29          

        CLASS   SFR30          

        CLASS   SFR31          

        CLASS   CONFIG         
                config                             8007     8007        5         0

        CLASS   IDLOC          

        CLASS   EEDATA         

        CLASS   BANK31         

        CLASS   BANK30         

        CLASS   BANK29         

        CLASS   BANK28         

        CLASS   BANK27         

        CLASS   BANK26         

        CLASS   BANK25         

        CLASS   BANK24         

        CLASS   BANK23         

        CLASS   BANK22         

        CLASS   BANK21         

        CLASS   BANK20         

        CLASS   BANK19         

        CLASS   BANK18         

        CLASS   BANK17         

        CLASS   BANK16         

        CLASS   BANK15         

        CLASS   BANK14         

        CLASS   BANK13         



SEGMENTS        Name                           Load    Length   Top    Selector   Space  Class     Delta

                reset_vec                      000000  000004  000004         0       0  CODE        2
                intentry                       000004  0007FC  000800         8       0  CODE        2
                cstackBANK0                    000020  00004A  00006A        20       1  BANK0       1
                cstackCOMMON                   000070  00000E  00007E        70       1  COMMON      1
                bssBANK1                       0000A0  000043  0000E3        A0       1  BANK1       1
                text107                        000A07  000001  000A08      140E       0  CODE        2
                text103                        000A08  000001  000A09      1410       0  CODE        2
                text98                         000A09  000001  000A0A      1412       0  CODE        2
                text95                         000A0A  000001  000A0B      1414       0  CODE        2
                text78                         000A0B  000001  000A0C      1416       0  CODE        2
                text86                         000A0C  000002  000A0E      1418       0  CODE        2
                text85                         000A0E  000002  000A10      141C       0  CODE        2
                text104                        000A10  000003  000A13      1420       0  CODE        2
                text92                         000A13  000003  000A16      1426       0  CODE        2
                text91                         000A16  000003  000A19      142C       0  CODE        2
                text79                         000A19  000003  000A1C      1432       0  CODE        2
                text76                         000A1C  000003  000A1F      1438       0  CODE        2
                text73                         000A1F  000003  000A22      143E       0  CODE        2
                text56                         000A22  000003  000A25      1444       0  CODE        2
                text54                         000A25  000003  000A28      144A       0  CODE        2
                text32                         000A28  000003  000A2B      1450       0  CODE        2
                text93                         000A2B  000004  000A2F      1456       0  CODE        2
                text77                         000A2F  000004  000A33      145E       0  CODE        2
                text53                         000A33  000004  000A37      1466       0  CODE        2
                text75                         000A37  000005  000A3C      146E       0  CODE        2
                text70                         000A3C  000005  000A41      1478       0  CODE        2
                text69                         000A41  000005  000A46      1482       0  CODE        2
                text68                         000A46  000005  000A4B      148C       0  CODE        2
                text67                         000A4B  000005  000A50      1496       0  CODE        2
                text66                         000A50  000005  000A55      14A0       0  CODE        2
                text62                         000A55  000005  000A5A      14AA       0  CODE        2
                text61                         000A5A  000005  000A5F      14B4       0  CODE        2
                text60                         000A5F  000005  000A64      14BE       0  CODE        2
                text105                        000A64  000006  000A6A      14C8       0  CODE        2
                clrtext                        000A6A  000006  000A70      14D4       0  CODE        2
                inittext                       000A70  000006  000A76      14E0       0  CODE        2
                text63                         000A76  000007  000A7D      14EC       0  CODE        2
                text50                         000A7D  000007  000A84      14FA       0  CODE        2
                text74                         000A84  000008  000A8C      1508       0  CODE        2
                text71                         000A8C  000008  000A94      1518       0  CODE        2
                text64                         000A94  000008  000A9C      1528       0  CODE        2
                text49                         000A9C  000008  000AA4      1538       0  CODE        2
                text41                         000AA4  000008  000AAC      1548       0  CODE        2
                text65                         000AAC  000009  000AB5      1558       0  CODE        2
                text51                         000AB5  000009  000ABE      156A       0  CODE        2
                text45                         000ABE  000009  000AC7      157C       0  CODE        2
                text43                         000AC7  000009  000AD0      158E       0  CODE        2
                text39                         000AD0  000009  000AD9      15A0       0  CODE        2
                text37                         000AD9  000009  000AE2      15B2       0  CODE        2
                text35                         000AE2  000009  000AEB      15C4       0  CODE        2
                idataBANK0                     000AEB  000009  000AF4      15D6       0  CODE        2
                text18                         000AF4  00000A  000AFE      15E8       0  CODE        2
                text19                         000AFE  00000B  000B09      15FC       0  CODE        2
                text17                         000B09  00000B  000B14      1612       0  CODE        2
                text16                         000B14  00000B  000B1F      1628       0  CODE        2
                text96                         000B1F  00000C  000B2B      163E       0  CODE        2
                text12                         000B2B  00000C  000B37      1656       0  CODE        2
                text106                        000B37  00000D  000B44      166E       0  CODE        2
                text88                         000B44  00000D  000B51      1688       0  CODE        2
                text40                         000B51  00000D  000B5E      16A2       0  CODE        2
                text44                         000B5E  00000E  000B6C      16BC       0  CODE        2
                text101                        000B6C  00000F  000B7B      16D8       0  CODE        2
                text94                         000B7B  00000F  000B8A      16F6       0  CODE        2
                text9                          000B8A  00000F  000B99      1714       0  CODE        2
                text90                         000B99  000010  000BA9      1732       0  CODE        2
                text5                          000BA9  000010  000BB9      1752       0  CODE        2
                text100                        000BB9  000011  000BCA      1772       0  CODE        2
                text87                         000BCA  000011  000BDB      1794       0  CODE        2
                text83                         000BDB  000011  000BEC      17B6       0  CODE        2
                text82                         000BEC  000011  000BFD      17D8       0  CODE        2
                text81                         000BFD  000011  000C0E      17FA       0  CODE        2
                text38                         000C0E  000015  000C23      181C       0  CODE        2
                text110                        000C23  000016  000C39      1846       0  CODE        2
                text46                         000C39  000016  000C4F      1872       0  CODE        2
                text8                          000C4F  000016  000C65      189E       0  CODE        2
                text97                         000C65  000017  000C7C      18CA       0  CODE        2
                text80                         000C7C  000018  000C94      18F8       0  CODE        2
                text34                         000C94  000018  000CAC      1928       0  CODE        2
                text102                        000CAC  000019  000CC5      1958       0  CODE        2
                text31                         000CC5  000019  000CDE      198A       0  CODE        2
                text48                         000CDE  00001A  000CF8      19BC       0  CODE        2
                text47                         000CF8  00001A  000D12      19F0       0  CODE        2
                text21                         000D12  00001B  000D2D      1A24       0  CODE        2
                text33                         000D2D  00001C  000D49      1A5A       0  CODE        2
                text36                         000D49  00001F  000D68      1A92       0  CODE        2
                text30                         000D68  000020  000D88      1AD0       0  CODE        2
                text25                         000D88  000020  000DA8      1B10       0  CODE        2
                text6                          000DA8  000020  000DC8      1B50       0  CODE        2
                text11                         000DC8  000024  000DEC      1B90       0  CODE        2
                text108                        000DEC  000025  000E11      1BD8       0  CODE        2
                text89                         000E11  000026  000E37      1C22       0  CODE        2
                text15                         000E37  00002A  000E61      1C6E       0  CODE        2
                text1                          000E61  00002A  000E8B      1CC2       0  CODE        2
                text59                         000E8B  00002C  000EB7      1D16       0  CODE        2
                text55                         000EB7  00002D  000EE4      1D6E       0  CODE        2
                text2                          000EE4  00002F  000F13      1DC8       0  CODE        2
                text72                         000F13  000033  000F46      1E26       0  CODE        2
                text99                         000F46  000034  000F7A      1E8C       0  CODE        2
                text7                          000F7A  00003F  000FB9      1EF4       0  CODE        2
                text10                         000FB9  000047  001000      1F72       0  CODE        2
                stringtext1                    001000  000025  001025      2000       0  STRCODE     2
                config                         008007  000005  00800C     1000E       0  CONFIG      2


UNUSED ADDRESS RANGES

        Name                Unused          Largest block    Delta
        BANK0            0006A-0006F               6           1
        BANK1            000E3-000EF               D           1
        BANK10           00520-0056F              50           1
        BANK11           005A0-005EF              50           1
        BANK12           00620-0064F              30           1
        BANK2            00120-0016F              50           1
        BANK3            001A0-001EF              50           1
        BANK4            00220-0026F              50           1
        BANK5            002A0-002EF              50           1
        BANK6            00320-0036F              50           1
        BANK7            003A0-003EF              50           1
        BANK8            00420-0046F              50           1
        BANK9            004A0-004EF              50           1
        BIGRAM           02000-023EF             3F0           1
        CODE             00800-00A06             207           2
                         01025-01FFF             7DB
        CONST            00800-00A06             100           2
                         01025-01FFF             100
        EEDATA           0F000-0F0FF             100           2
        ENTRY            00800-00A06             100           2
                         01025-01FFF             100
        IDLOC            08000-08003               4           2
        RAM              0006A-0006F               6           1
                         000E3-000EF               D
                         00120-0016F              50
                         001A0-001EF              50
                         00220-0026F              50
                         002A0-002EF              50
                         00320-0036F              50
                         003A0-003EF              50
                         00420-0046F              50
                         004A0-004EF              50
                         00520-0056F              50
                         005A0-005EF              50
                         00620-0064F              30
        SFR0             00000-0001F              20           1
        SFR1             00080-0009F              20           1
        SFR10            00500-0051F              20           1
        SFR11            00580-0059F              20           1
        SFR12            00600-0061F              20           1
        SFR13            00680-006EF              70           1
        SFR14            00700-0076F              70           1
        SFR15            00780-007EF              70           1
        SFR16            00800-0086F              70           1
        SFR17            00880-008EF              70           1
        SFR18            00900-0096F              70           1
        SFR19            00980-009EF              70           1
        SFR2             00100-0011F              20           1
        SFR20            00A00-00A6F              70           1
        SFR21            00A80-00AEF              70           1
        SFR22            00B00-00B6F              70           1
        SFR23            00B80-00BEF              70           1
        SFR24            00C00-00C6F              70           1
        SFR25            00C80-00CEF              70           1
        SFR26            00D00-00D6F              70           1
        SFR27            00D80-00DEF              70           1
        SFR28            00E00-00E6F              70           1
        SFR29            00E80-00EEF              70           1
        SFR3             00180-0019F              20           1
        SFR30            00F00-00F6F              70           1
        SFR31            00F80-00FEF              70           1
        SFR4             00200-0021F              20           1
        SFR5             00280-0029F              20           1
        SFR6             00300-0031F              20           1
        SFR7             00380-0039F              20           1
        SFR8             00400-0041F              20           1
        SFR9             00480-0049F              20           1
        STACK            02093-023EF             35D           1
        STRCODE          00800-00A06             207           2
                         01025-01FFF             FDB
        STRING           00800-00A06             100           2
                         01025-01FFF             100

                                  Symbol Table

?_ADCC_GetConversionResult                cstackBANK0  00023
?_ADC_read                                cstackBANK0  00025
?___awdiv                                 cstackBANK0  00023
?___awmod                                 cstackBANK0  00023
?___wmul                                  cstackBANK0  00023
ADCC_StartConversion@channel              cstackBANK0  00023
DATAEE_ReadByte@bAdd                      cstackBANK0  00023
DATAEE_WriteByte@GIEBitValue              cstackBANK0  0002C
DATAEE_WriteByte@bAdd                     cstackBANK0  00029
DATAEE_WriteByte@bData                    cstackBANK0  0002B
INT_SetInterruptHandler@InterruptHandler  cstackBANK0  00023
LED_bin@value                             cstackBANK0  00023
PWM6_LoadDutyValue@dutyValue              cstackBANK0  00029
TMR0_SetInterruptHandler@InterruptHandler cstackBANK0  00023
TMR1_SetInterruptHandler@InterruptHandler cstackBANK0  00023
TMR1_WriteTimer@timerVal                  cstackCOMMON 00070
TMR2_SetInterruptHandler@InterruptHandler cstackBANK0  00023
_ADACCH                                   (abs)        00091
_ADACCL                                   (abs)        00090
_ADACQ                                    (abs)        0009D
_ADACT                                    (abs)        00099
_ADCAP                                    (abs)        0009B
_ADCC_GetConversionResult                 text51       00AB5
_ADCC_Initialize                          text46       00C39
_ADCC_IsConversionDone                    text50       00A7D
_ADCC_StartConversion                     text49       00A9C
_ADCLK                                    (abs)        00098
_ADCNT                                    (abs)        0010C
_ADCON0                                   (abs)        00093
_ADCON0bits                               (abs)        00093
_ADCON1                                   (abs)        00094
_ADCON1bits                               (abs)        00094
_ADCON2                                   (abs)        00095
_ADCON2bits                               (abs)        00095
_ADCON3                                   (abs)        00096
_ADCON3bits                               (abs)        00096
_ADC_read                                 text48       00CDE
_ADERRH                                   (abs)        00117
_ADERRL                                   (abs)        00116
_ADFLTRH                                  (abs)        00115
_ADFLTRL                                  (abs)        00114
_ADLTHH                                   (abs)        0010F
_ADLTHL                                   (abs)        0010E
_ADPCH                                    (abs)        0009E
_ADPRE                                    (abs)        0009C
_ADPREVH                                  (abs)        0008F
_ADPREVL                                  (abs)        0008E
_ADREF                                    (abs)        0009A
_ADRESH                                   (abs)        0008D
_ADRESL                                   (abs)        0008C
_ADRPT                                    (abs)        0010D
_ADSTAT                                   (abs)        00097
_ADSTATbits                               (abs)        00097
_ADSTPTH                                  (abs)        00113
_ADSTPTL                                  (abs)        00112
_ADUTHH                                   (abs)        00111
_ADUTHL                                   (abs)        00110
_ANSELA                                   (abs)        00F38
_ANSELB                                   (abs)        00F43
_ANSELC                                   (abs)        00F4E
_ANSELD                                   (abs)        00F59
_ANSELE                                   (abs)        00F64
_CCPTMRS1bits                             (abs)        0021F
_DATAEE_ReadByte                          text9        00B8A
_DATAEE_WriteByte                         text11       00DC8
_EXT_INT_Initialize                       text44       00B5E
_INLVLA                                   (abs)        00F3C
_INLVLB                                   (abs)        00F47
_INLVLC                                   (abs)        00F52
_INLVLD                                   (abs)        00F5D
_INLVLE                                   (abs)        00F68
_INTCONbits                               (abs)        0000B
_INTERRUPT_InterruptManager               intentry     00004
_INTPPS                                   (abs)        00E90
_INT_CallBack                             text106      00B37
_INT_DefaultInterruptHandler              text107      00A07
_INT_ISR                                  text105      00A64
_INT_InterruptHandler                     nvBANK1      000DC
_INT_SetInterruptHandler                  text45       00ABE
_ISR_3s                                   text102      00CAC
_LATA                                     (abs)        00016
_LATAbits                                 (abs)        00016
_LATB                                     (abs)        00017
_LATC                                     (abs)        00018
_LATD                                     (abs)        00019
_LATE                                     (abs)        0001A
_LED_bin                                  text47       00CF8
_NVMADRH                                  (abs)        0081B
_NVMADRL                                  (abs)        0081A
_NVMCON1bits                              (abs)        0081E
_NVMCON2                                  (abs)        0081F
_NVMDATH                                  (abs)        0081D
_NVMDATL                                  (abs)        0081C
_ODCONA                                   (abs)        00F3A
_ODCONB                                   (abs)        00F45
_ODCONC                                   (abs)        00F50
_ODCOND                                   (abs)        00F5B
_ODCONE                                   (abs)        00F66
_OSCCON1                                  (abs)        0088D
_OSCCON3                                  (abs)        0088F
_OSCEN                                    (abs)        00891
_OSCFRQ                                   (abs)        00893
_OSCILLATOR_Initialize                    text43       00AC7
_OSCTUNE                                  (abs)        00892
_PIE0bits                                 (abs)        00716
_PIE3bits                                 (abs)        00719
_PIE4bits                                 (abs)        0071A
_PIN_MANAGER_Initialize                   text42       0079B
_PIR0bits                                 (abs)        0070C
_PIR3bits                                 (abs)        0070F
_PIR4bits                                 (abs)        00710
_PMD0                                     (abs)        00796
_PMD1                                     (abs)        00797
_PMD2                                     (abs)        00798
_PMD3                                     (abs)        00799
_PMD4                                     (abs)        0079A
_PMD5                                     (abs)        0079B
_PMD_Initialize                           text41       00AA4
_PORTBbits                                (abs)        0000D
_PORTCbits                                (abs)        0000E
_PR2                                      (abs)        0028D
_PWM6CON                                  (abs)        0038E
_PWM6DCH                                  (abs)        0038D
_PWM6DCL                                  (abs)        0038C
_PWM6_Initialize                          text40       00B51
_PWM6_LoadDutyValue                       text31       00CC5
_RA6PPS                                   (abs)        00F16
_RC3PPS                                   (abs)        00F23
_RC4PPS                                   (abs)        00F24
_SLRCONA                                  (abs)        00F3B
_SLRCONB                                  (abs)        00F46
_SLRCONC                                  (abs)        00F51
_SLRCOND                                  (abs)        00F5C
_SLRCONE                                  (abs)        00F67
_SSP1ADD                                  (abs)        0018D
_SSP1BUF                                  (abs)        0018C
_SSP1CLKPPS                               (abs)        00EC5
_SSP1CON1                                 (abs)        00190
_SSP1CON1bits                             (abs)        00190
_SSP1CON2                                 (abs)        00191
_SSP1CON2bits                             (abs)        00191
_SSP1DATPPS                               (abs)        00EC6
_SSP1MSK                                  (abs)        0018E
_SSP1STAT                                 (abs)        0018F
_SSP1STATbits                             (abs)        0018F
_SYSTEM_Initialize                        text33       00D2D
_T0CON0                                   (abs)        0001E
_T0CON0bits                               (abs)        0001E
_T0CON1                                   (abs)        0001F
_T1CLK                                    (abs)        00211
_T1CON                                    (abs)        0020E
_T1CONbits                                (abs)        0020E
_T1GATE                                   (abs)        00210
_T1GCON                                   (abs)        0020F
_T1GCONbits                               (abs)        0020F
_T2CLKCON                                 (abs)        00290
_T2CON                                    (abs)        0028E
_T2CONbits                                (abs)        0028E
_T2HLT                                    (abs)        0028F
_T2HLTbits                                (abs)        0028F
_T2PR                                     (abs)        0028D
_T2RST                                    (abs)        00291
_T2RSTbits                                (abs)        00291
_T2TMR                                    (abs)        0028C
_TMR0H                                    (abs)        0001D
_TMR0L                                    (abs)        0001C
_TMR0_DefaultInterruptHandler             text103      00A08
_TMR0_ISR                                 text101      00B6C
_TMR0_Initialize                          text38       00C0E
_TMR0_InterruptHandler                    nvBANK1      000DA
_TMR0_SetInterruptHandler                 text39       00AD0
_TMR0_StartTimer                          text32       00A28
_TMR0_StopTimer                           text104      00A10
_TMR1H                                    (abs)        0020D
_TMR1L                                    (abs)        0020C
_TMR1_DefaultInterruptHandler             text98       00A09
_TMR1_ISR                                 text97       00C65
_TMR1_Initialize                          text36       00D49
_TMR1_InterruptHandler                    nvBANK1      000D6
_TMR1_SetInterruptHandler                 text37       00AD9
_TMR1_WriteTimer                          text100      00BB9
_TMR2                                     (abs)        0028C
_TMR2_DefaultInterruptHandler             text95       00A0A
_TMR2_ISR                                 text94       00B7B
_TMR2_Initialize                          text34       00C94
_TMR2_InterruptHandler                    nvBANK1      000D4
_TMR2_SetInterruptHandler                 text35       00AE2
_TRISA                                    (abs)        00011
_TRISB                                    (abs)        00012
_TRISC                                    (abs)        00013
_TRISCbits                                (abs)        00013
_TRISD                                    (abs)        00014
_TRISE                                    (abs)        00015
_WPUA                                     (abs)        00F39
_WPUB                                     (abs)        00F44
_WPUBbits                                 (abs)        00F44
_WPUC                                     (abs)        00F4F
_WPUC3                                    (abs)        07A7B
_WPUC4                                    (abs)        07A7C
_WPUD                                     (abs)        00F5A
_WPUE                                     (abs)        00F65
__CFG_BOREN$ON                            (abs)        00000
__CFG_BORV$LO                             (abs)        00000
__CFG_CLKOUTEN$OFF                        (abs)        00000
__CFG_CP$OFF                              (abs)        00000
__CFG_CPD$OFF                             (abs)        00000
__CFG_CSWEN$ON                            (abs)        00000
__CFG_DEBUG$OFF                           (abs)        00000
__CFG_FCMEN$ON                            (abs)        00000
__CFG_FEXTOSC$OFF                         (abs)        00000
__CFG_LPBOREN$OFF                         (abs)        00000
__CFG_LVP$ON                              (abs)        00000
__CFG_MCLRE$ON                            (abs)        00000
__CFG_PPS1WAY$ON                          (abs)        00000
__CFG_PWRTE$OFF                           (abs)        00000
__CFG_RSTOSC$HFINT1                       (abs)        00000
__CFG_SCANE$available                     (abs)        00000
__CFG_STVREN$ON                           (abs)        00000
__CFG_WDTCCS$HFINTOSC                     (abs)        00000
__CFG_WDTCPS$WDTCPS_14                    (abs)        00000
__CFG_WDTCWS$WDTCWS_7                     (abs)        00000
__CFG_WDTE$OFF                            (abs)        00000
__CFG_WRT$OFF                             (abs)        00000
__CFG_ZCD$OFF                             (abs)        00000
__Habs1                                   abs1         00000
__Hbank0                                  bank0        00000
__Hbank1                                  bank1        00000
__Hbank10                                 bank10       00000
__Hbank11                                 bank11       00000
__Hbank12                                 bank12       00000
__Hbank13                                 bank13       00000
__Hbank14                                 bank14       00000
__Hbank15                                 bank15       00000
__Hbank16                                 bank16       00000
__Hbank17                                 bank17       00000
__Hbank18                                 bank18       00000
__Hbank19                                 bank19       00000
__Hbank2                                  bank2        00000
__Hbank20                                 bank20       00000
__Hbank21                                 bank21       00000
__Hbank22                                 bank22       00000
__Hbank23                                 bank23       00000
__Hbank24                                 bank24       00000
__Hbank25                                 bank25       00000
__Hbank26                                 bank26       00000
__Hbank27                                 bank27       00000
__Hbank28                                 bank28       00000
__Hbank29                                 bank29       00000
__Hbank3                                  bank3        00000
__Hbank30                                 bank30       00000
__Hbank31                                 bank31       00000
__Hbank4                                  bank4        00000
__Hbank5                                  bank5        00000
__Hbank6                                  bank6        00000
__Hbank7                                  bank7        00000
__Hbank8                                  bank8        00000
__Hbank9                                  bank9        00000
__Hbigram                                 bigram       00000
__HbssBANK0                               bssBANK0     00000
__HbssBANK1                               bssBANK1     00000
__HbssCOMMON                              bssCOMMON    00000
__Hcinit                                  cinit        0007E
__Hclrtext                                clrtext      00000
__Hcode                                   code         00000
__Hcommon                                 common       00000
__Hconfig                                 config       0800C
__HcstackBANK0                            cstackBANK0  00000
__HcstackBANK1                            cstackBANK1  00000
__HcstackCOMMON                           cstackCOMMON 00000
__HdataBANK0                              dataBANK0    00000
__Heeprom_data                            eeprom_data  00000
__Hend_init                               end_init     0005D
__Hfunctab                                functab      00000
__HidataBANK0                             idataBANK0   00000
__Hidloc                                  idloc        00000
__Hinit                                   init         0005B
__Hinittext                               inittext     00000
__Hintentry                               intentry     0005B
__Hmaintext                               maintext     00000
__HnvBANK1                                nvBANK1      00000
__Hpowerup                                powerup      00000
__Hram                                    ram          00000
__Hreset_vec                              reset_vec    00002
__Hsfr0                                   sfr0         00000
__Hsfr1                                   sfr1         00000
__Hsfr10                                  sfr10        00000
__Hsfr11                                  sfr11        00000
__Hsfr12                                  sfr12        00000
__Hsfr13                                  sfr13        00000
__Hsfr14                                  sfr14        00000
__Hsfr15                                  sfr15        00000
__Hsfr16                                  sfr16        00000
__Hsfr17                                  sfr17        00000
__Hsfr18                                  sfr18        00000
__Hsfr19                                  sfr19        00000
__Hsfr2                                   sfr2         00000
__Hsfr20                                  sfr20        00000
__Hsfr21                                  sfr21        00000
__Hsfr22                                  sfr22        00000
__Hsfr23                                  sfr23        00000
__Hsfr24                                  sfr24        00000
__Hsfr25                                  sfr25        00000
__Hsfr26                                  sfr26        00000
__Hsfr27                                  sfr27        00000
__Hsfr28                                  sfr28        00000
__Hsfr29                                  sfr29        00000
__Hsfr3                                   sfr3         00000
__Hsfr30                                  sfr30        00000
__Hsfr31                                  sfr31        00000
__Hsfr4                                   sfr4         00000
__Hsfr5                                   sfr5         00000
__Hsfr6                                   sfr6         00000
__Hsfr7                                   sfr7         00000
__Hsfr8                                   sfr8         00000
__Hsfr9                                   sfr9         00000
__Hspace_0                                (abs)        0800C
__Hspace_1                                (abs)        000E3
__Hspace_2                                (abs)        00000
__Hspace_3                                (abs)        00000
__Hstack                                  stack        00000
__Hstrings                                strings      00000
__Hstringtext1                            stringtext1  00000
__Hstringtext2                            stringtext2  00000
__Htext                                   text         00000
__Labs1                                   abs1         00000
__Lbank0                                  bank0        00000
__Lbank1                                  bank1        00000
__Lbank10                                 bank10       00000
__Lbank11                                 bank11       00000
__Lbank12                                 bank12       00000
__Lbank13                                 bank13       00000
__Lbank14                                 bank14       00000
__Lbank15                                 bank15       00000
__Lbank16                                 bank16       00000
__Lbank17                                 bank17       00000
__Lbank18                                 bank18       00000
__Lbank19                                 bank19       00000
__Lbank2                                  bank2        00000
__Lbank20                                 bank20       00000
__Lbank21                                 bank21       00000
__Lbank22                                 bank22       00000
__Lbank23                                 bank23       00000
__Lbank24                                 bank24       00000
__Lbank25                                 bank25       00000
__Lbank26                                 bank26       00000
__Lbank27                                 bank27       00000
__Lbank28                                 bank28       00000
__Lbank29                                 bank29       00000
__Lbank3                                  bank3        00000
__Lbank30                                 bank30       00000
__Lbank31                                 bank31       00000
__Lbank4                                  bank4        00000
__Lbank5                                  bank5        00000
__Lbank6                                  bank6        00000
__Lbank7                                  bank7        00000
__Lbank8                                  bank8        00000
__Lbank9                                  bank9        00000
__Lbigram                                 bigram       00000
__LbssBANK0                               bssBANK0     00000
__LbssBANK1                               bssBANK1     00000
__LbssCOMMON                              bssCOMMON    00000
__Lcinit                                  cinit        0005D
__Lclrtext                                clrtext      00000
__Lcode                                   code         00000
__Lcommon                                 common       00000
__Lconfig                                 config       08007
__LcstackBANK0                            cstackBANK0  00000
__LcstackBANK1                            cstackBANK1  00000
__LcstackCOMMON                           cstackCOMMON 00000
__LdataBANK0                              dataBANK0    00000
__Leeprom_data                            eeprom_data  00000
__Lend_init                               end_init     0005B
__Lfunctab                                functab      00000
__LidataBANK0                             idataBANK0   00000
__Lidloc                                  idloc        00000
__Linit                                   init         0005B
__Linittext                               inittext     00000
__Lintentry                               intentry     00004
__Lmaintext                               maintext     00000
__LnvBANK1                                nvBANK1      00000
__Lpowerup                                powerup      00000
__Lram                                    ram          00000
__Lreset_vec                              reset_vec    00000
__Lsfr0                                   sfr0         00000
__Lsfr1                                   sfr1         00000
__Lsfr10                                  sfr10        00000
__Lsfr11                                  sfr11        00000
__Lsfr12                                  sfr12        00000
__Lsfr13                                  sfr13        00000
__Lsfr14                                  sfr14        00000
__Lsfr15                                  sfr15        00000
__Lsfr16                                  sfr16        00000
__Lsfr17                                  sfr17        00000
__Lsfr18                                  sfr18        00000
__Lsfr19                                  sfr19        00000
__Lsfr2                                   sfr2         00000
__Lsfr20                                  sfr20        00000
__Lsfr21                                  sfr21        00000
__Lsfr22                                  sfr22        00000
__Lsfr23                                  sfr23        00000
__Lsfr24                                  sfr24        00000
__Lsfr25                                  sfr25        00000
__Lsfr26                                  sfr26        00000
__Lsfr27                                  sfr27        00000
__Lsfr28                                  sfr28        00000
__Lsfr29                                  sfr29        00000
__Lsfr3                                   sfr3         00000
__Lsfr30                                  sfr30        00000
__Lsfr31                                  sfr31        00000
__Lsfr4                                   sfr4         00000
__Lsfr5                                   sfr5         00000
__Lsfr6                                   sfr6         00000
__Lsfr7                                   sfr7         00000
__Lsfr8                                   sfr8         00000
__Lsfr9                                   sfr9         00000
__Lspace_0                                (abs)        00000
__Lspace_1                                (abs)        00000
__Lspace_2                                (abs)        00000
__Lspace_3                                (abs)        00000
__Lstack                                  stack        00000
__Lstrings                                strings      00000
__Lstringtext1                            stringtext1  00000
__Lstringtext2                            stringtext2  00000
__Ltext                                   text         00000
__S0                                      (abs)        0800C
__S1                                      (abs)        000E3
__S2                                      (abs)        00000
__S3                                      (abs)        00000
___awdiv                                  text22       003FE
___awdiv@counter                          cstackBANK0  00028
___awdiv@dividend                         cstackBANK0  00025
___awdiv@divisor                          cstackBANK0  00023
___awdiv@quotient                         cstackBANK0  0002A
___awdiv@sign                             cstackBANK0  00029
___awmod                                  text28       005C1
___awmod@counter                          cstackBANK0  00028
___awmod@dividend                         cstackBANK0  00025
___awmod@divisor                          cstackBANK0  00023
___awmod@sign                             cstackBANK0  00029
___bmul                                   text8        00C4F
___bmul@multiplicand                      cstackBANK0  00023
___bmul@multiplier                        cstackBANK0  00026
___bmul@product                           cstackBANK0  00025
___int_sp                                 stack        00000
___latbits                                (abs)        00002
___sp                                     stack        00000
___stackhi                                (abs)        023EF
___stacklo                                (abs)        02093
___wmul                                   text25       00D88
___wmul@multiplicand                      cstackBANK0  00025
___wmul@multiplier                        cstackBANK0  00023
___wmul@product                           cstackBANK0  00027
__end_of_ADCC_GetConversionResult         text51       00ABE
__end_of_ADCC_Initialize                  text46       00C4F
__end_of_ADCC_IsConversionDone            text50       00A84
__end_of_ADCC_StartConversion             text49       00AA4
__end_of_ADC_read                         text48       00CF8
__end_of_DATAEE_ReadByte                  text9        00B99
__end_of_DATAEE_WriteByte                 text11       00DEC
__end_of_EXT_INT_Initialize               text44       00B6C
__end_of_INTERRUPT_InterruptManager       intentry     0005B
__end_of_INT_CallBack                     text106      00B44
__end_of_INT_DefaultInterruptHandler      text107      00A08
__end_of_INT_ISR                          text105      00A6A
__end_of_INT_SetInterruptHandler          text45       00AC7
__end_of_ISR_3s                           text102      00CC5
__end_of_LED_bin                          text47       00D12
__end_of_OSCILLATOR_Initialize            text43       00AD0
__end_of_PIN_MANAGER_Initialize           text42       007E4
__end_of_PMD_Initialize                   text41       00AAC
__end_of_PWM6_Initialize                  text40       00B5E
__end_of_PWM6_LoadDutyValue               text31       00CDE
__end_of_SYSTEM_Initialize                text33       00D49
__end_of_TMR0_DefaultInterruptHandler     text103      00A09
__end_of_TMR0_ISR                         text101      00B7B
__end_of_TMR0_Initialize                  text38       00C23
__end_of_TMR0_SetInterruptHandler         text39       00AD9
__end_of_TMR0_StartTimer                  text32       00A2B
__end_of_TMR0_StopTimer                   text104      00A13
__end_of_TMR1_DefaultInterruptHandler     text98       00A0A
__end_of_TMR1_ISR                         text97       00C7C
__end_of_TMR1_Initialize                  text36       00D68
__end_of_TMR1_SetInterruptHandler         text37       00AE2
__end_of_TMR1_WriteTimer                  text100      00BCA
__end_of_TMR2_DefaultInterruptHandler     text95       00A0B
__end_of_TMR2_ISR                         text94       00B8A
__end_of_TMR2_Initialize                  text34       00CAC
__end_of_TMR2_SetInterruptHandler         text35       00AEB
__end_of___awdiv                          text22       0045E
__end_of___awmod                          text28       00615
__end_of___bmul                           text8        00C65
__end_of___wmul                           text25       00DA8
__end_of__initialization                  cinit        0007A
__end_of_all_LED                          text29       004B9
__end_of_checkDebounceSW1                 text27       00513
__end_of_checkDebounceSW2                 text26       00751
__end_of_cksum                            text6        00DC8
__end_of_cksum_w                          text5        00BB9
__end_of_config_routine                   text13       003FE
__end_of_do_I2C_DO_ACK                    text62       00A5A
__end_of_do_I2C_DO_ADDRESS_NACK           text59       00EB7
__end_of_do_I2C_DO_NACK_RESTART           text60       00A64
__end_of_do_I2C_DO_NACK_STOP              text61       00A5F
__end_of_do_I2C_IDLE                      text70       00A41
__end_of_do_I2C_RCEN                      text63       00A7D
__end_of_do_I2C_RESET                     text71       00A94
__end_of_do_I2C_RX                        text57       0079B
__end_of_do_I2C_SEND_ADR_READ             text65       00AB5
__end_of_do_I2C_SEND_ADR_WRITE            text64       00A9C
__end_of_do_I2C_SEND_RESTART              text67       00A50
__end_of_do_I2C_SEND_RESTART_READ         text69       00A46
__end_of_do_I2C_SEND_RESTART_WRITE        text68       00A4B
__end_of_do_I2C_SEND_STOP                 text66       00A55
__end_of_do_I2C_TX                        text58       00669
__end_of_do_I2C_TX_EMPTY                  text72       00F46
__end_of_fsmStateTable                    stringtext1  01020
__end_of_getSubfieldInfo                  text20       002DF
__end_of_handler_clock_hms                text99       00F7A
__end_of_handler_clock_ms                 text96       00B2B
__end_of_i2c1_driver_TXData               text75       00A3C
__end_of_i2c1_driver_clearBusCollision    text54       00A28
__end_of_i2c1_driver_getRXData            text76       00A1F
__end_of_i2c1_driver_isNACK               text74       00A8C
__end_of_i2c1_driver_open                 text12       00B37
__end_of_i2c1_driver_resetBus             text78       00A0C
__end_of_i2c1_driver_restart              text92       00A16
__end_of_i2c1_driver_sendACK              text93       00A2F
__end_of_i2c1_driver_sendNACK             text77       00A33
__end_of_i2c1_driver_startRX              text79       00A1C
__end_of_i2c1_driver_stop                 text91       00A19
__end_of_i2c_ISR                          text55       00EE4
__end_of_i2c_busCollisionISR              text53       00A37
__end_of_i2c_restartWrite                 text86       00A0E
__end_of_i2c_setBuffer                    text90       00BA9
__end_of_i2c_setDataCompleteCallback      text88       00B51
__end_of_increment_subfield_clk           text23       005C1
__end_of_limitHoursUnits                  text21       00D2D
__end_of_main                             maintext     0020A
__end_of_mod1_LED                         text19       00B09
__end_of_mod2_LED                         text18       00AFE
__end_of_mod3_LED                         text17       00B14
__end_of_mod4_LED                         text16       00B1F
__end_of_mode_LED                         text15       00E61
__end_of_mode_select_LED                  text30       00D88
__end_of_mssp1_clearIRQ                   text56       00A25
__end_of_mssp1_setIRQ                     text73       00A22
__end_of_num_subfields                    stringtext2  01025
__end_of_push_ring                        text10       01000
__end_of_rd1RegCompleteHandler            text82       00BFD
__end_of_rd2RegCompleteHandler            text81       00C0E
__end_of_rdBlkRegCompleteHandler          text80       00C94
__end_of_read_ring                        text7        00FB9
__end_of_recoverData                      text3        00377
__end_of_representLed                     text24       00704
__end_of_reset_recv                       text4        00800
__end_of_returnReset                      text84       00004
__end_of_returnStop                       text85       00A10
__end_of_ring_buffer                      text2        00F13
__end_of_save_recovery_params             text1        00E8B
__end_of_selectSubfield                   text14       006B7
__end_of_setCallBack                      text89       00E37
__end_of_sw1_EXT                          text108      00E11
__end_of_wr1RegCompleteHandler            text83       00BEC
__end_of_wr2RegCompleteHandler            text87       00BDB
__end_ofi1_PWM6_LoadDutyValue             text110      00C39
__end_ofi1_checkDebounceSW1               text109      0056D
__initialization                          cinit        0005D
__pbssBANK0                               bssBANK0     0004B
__pbssBANK1                               bssBANK1     000A0
__pbssCOMMON                              bssCOMMON    0007D
__pcstackBANK0                            cstackBANK0  00020
__pcstackBANK1                            cstackBANK1  000DE
__pcstackCOMMON                           cstackCOMMON 00070
__pdataBANK0                              dataBANK0    00061
__pidataBANK0                             idataBANK0   00AEB
__pintentry                               intentry     00004
__pmaintext                               maintext     0007E
__pnvBANK1                                nvBANK1      000D4
__pstringtext1                            stringtext1  01000
__pstringtext2                            stringtext2  01020
__ptext1                                  text1        00E61
__ptext10                                 text10       00FB9
__ptext100                                text100      00BB9
__ptext101                                text101      00B6C
__ptext102                                text102      00CAC
__ptext103                                text103      00A08
__ptext104                                text104      00A10
__ptext105                                text105      00A64
__ptext106                                text106      00B37
__ptext107                                text107      00A07
__ptext108                                text108      00DEC
__ptext109                                text109      00513
__ptext11                                 text11       00DC8
__ptext110                                text110      00C23
__ptext12                                 text12       00B2B
__ptext13                                 text13       00377
__ptext14                                 text14       00669
__ptext15                                 text15       00E37
__ptext16                                 text16       00B14
__ptext17                                 text17       00B09
__ptext18                                 text18       00AF4
__ptext19                                 text19       00AFE
__ptext2                                  text2        00EE4
__ptext20                                 text20       0020A
__ptext21                                 text21       00D12
__ptext22                                 text22       003FE
__ptext23                                 text23       0056D
__ptext24                                 text24       006B7
[...]
      Temps:          0       0       0       0       0       0       0       0       0       0       0       0       0       0
      Totals:         0       0       0       0       0       0       0       0       0       0       0       0       0       0
Total ram usage:        0 bytes
 Hardware stack levels used:    1
 Hardware stack levels required when called:    2
 This function calls:
		Absolute function
		_ISR_3s
		_TMR0_DefaultInterruptHandler
 This function is called by:
		_INTERRUPT_InterruptManager
 This function uses a non-reentrant model


 *************** function _ISR_3s *****************
 Defined at:
		line 151 in file "main.c"
 Parameters:    Size  Location     Type
		None
 Auto vars:     Size  Location     Type
		None
 Return value:  Size  Location     Type
                  1    wreg      void 
 Registers used:
		wreg, status,2, status,0, pclath, cstack
 Tracked objects:
		On entry : 
		On exit  : 
		Unchanged: 
 Data sizes:     COMMON   BANK0   BANK1   BANK2   BANK3   BANK4   BANK5   BANK6   BANK7   BANK8   BANK9  BANK10  BANK11  BANK12
      Params:         0       0       0       0       0       0       0       0       0       0       0       0       0       0
      Locals:         0       0       0       0       0       0       0       0       0       0       0       0       0       0
      Temps:          1       0       0       0       0       0       0       0       0       0       0       0       0       0
      Totals:         1       0       0       0       0       0       0       0       0       0       0       0       0       0
Total ram usage:        1 bytes
 Hardware stack levels used:    1
 Hardware stack levels required when called:    1
 This function calls:
		_TMR0_StopTimer
		i1_PWM6_LoadDutyValue
 This function is called by:
		_main
		_TMR0_ISR
 This function uses a non-reentrant model


 *************** function _TMR0_DefaultInterruptHandler *****************
 Defined at:
		line 138 in file "mcc_generated_files/tmr0.c"
 Parameters:    Size  Location     Type
		None
 Auto vars:     Size  Location     Type
		None
 Return value:  Size  Location     Type
                  1    wreg      void 
 Registers used:
		None
 Tracked objects:
		On entry : 
		On exit  : 
		Unchanged: 
 Data sizes:     COMMON   BANK0   BANK1   BANK2   BANK3   BANK4   BANK5   BANK6   BANK7   BANK8   BANK9  BANK10  BANK11  BANK12
      Params:         0       0       0       0       0       0       0       0       0       0       0       0       0       0
      Locals:         0       0       0       0       0       0       0       0       0       0       0       0       0       0
      Temps:          0       0       0       0       0       0       0       0       0       0       0       0       0       0
      Totals:         0       0       0       0       0       0       0       0       0       0       0       0       0       0
Total ram usage:        0 bytes
 Hardware stack levels used:    1
 This function calls:
		Nothing
 This function is called by:
		_TMR0_Initialize
		_TMR0_ISR
 This function uses a non-reentrant model


 *************** function _TMR0_StopTimer *****************
 Defined at:
		line 93 in file "mcc_generated_files/tmr0.c"
 Parameters:    Size  Location     Type
		None
 Auto vars:     Size  Location     Type
		None
 Return value:  Size  Location     Type
                  1    wreg      void 
 Registers used:
		None
 Tracked objects:
		On entry : 
		On exit  : 
		Unchanged: 
 Data sizes:     COMMON   BANK0   BANK1   BANK2   BANK3   BANK4   BANK5   BANK6   BANK7   BANK8   BANK9  BANK10  BANK11  BANK12
      Params:         0       0       0       0       0       0       0       0       0       0       0       0       0       0
      Locals:         0       0       0       0       0       0       0       0       0       0       0       0       0       0
      Temps:          0       0       0       0       0       0       0       0       0       0       0       0       0       0
      Totals:         0       0       0       0       0       0       0       0       0       0       0       0       0       0
Total ram usage:        0 bytes
 Hardware stack levels used:    1
 This function calls:
		Nothing
 This function is called by:
		_ISR_3s
 This function uses a non-reentrant model


 *************** function _INT_ISR *****************
 Defined at:
		line 32 in file "mcc_generated_files/ext_int.c"
 Parameters:    Size  Location     Type
		None
 Auto vars:     Size  Location     Type
		None
 Return value:  Size  Location     Type
                  1    wreg      void 
 Registers used:
		wreg, status,2, status,0, pclath, cstack
 Tracked objects:
		On entry : 
		On exit  : 
		Unchanged: 
 Data sizes:     COMMON   BANK0   BANK1   BANK2   BANK3   BANK4   BANK5   BANK6   BANK7   BANK8   BANK9  BANK10  BANK11  BANK12
      Params:         0       0       0       0       0       0       0       0       0       0       0       0       0       0
      Locals:         0       0       0       0       0       0       0       0       0       0       0       0       0       0
      Temps:          0       0       0       0       0       0       0       0       0       0       0       0       0       0
      Totals:         0       0       0       0       0       0       0       0       0       0       0       0       0       0
Total ram usage:        0 bytes
 Hardware stack levels used:    1
 Hardware stack levels required when called:    3
 This function calls:
		_INT_CallBack
 This function is called by:
		_INTERRUPT_InterruptManager
 This function uses a non-reentrant model


 *************** function _INT_CallBack *****************
 Defined at:
		line 41 in file "mcc_generated_files/ext_int.c"
 Parameters:    Size  Location     Type
		None
 Auto vars:     Size  Location     Type
		None
 Return value:  Size  Location     Type
                  1    wreg      void 
 Registers used:
		wreg, status,2, status,0, pclath, cstack
 Tracked objects:
		On entry : 
		On exit  : 
		Unchanged: 
 Data sizes:     COMMON   BANK0   BANK1   BANK2   BANK3   BANK4   BANK5   BANK6   BANK7   BANK8   BANK9  BANK10  BANK11  BANK12
      Params:         0       0       0       0       0       0       0       0       0       0       0       0       0       0
      Locals:         0       0       0       0       0       0       0       0       0       0       0       0       0       0
      Temps:          0       0       0       0       0       0       0       0       0       0       0       0       0       0
      Totals:         0       0       0       0       0       0       0       0       0       0       0       0       0       0
Total ram usage:        0 bytes
 Hardware stack levels used:    1
 Hardware stack levels required when called:    2
 This function calls:
		Absolute function
		_INT_DefaultInterruptHandler
		_sw1_EXT
 This function is called by:
		_INT_ISR
 This function uses a non-reentrant model


 *************** function _INT_DefaultInterruptHandler *****************
 Defined at:
		line 54 in file "mcc_generated_files/ext_int.c"
 Parameters:    Size  Location     Type
		None
 Auto vars:     Size  Location     Type
		None
 Return value:  Size  Location     Type
                  1    wreg      void 
 Registers used:
		None
 Tracked objects:
		On entry : 
		On exit  : 
		Unchanged: 
 Data sizes:     COMMON   BANK0   BANK1   BANK2   BANK3   BANK4   BANK5   BANK6   BANK7   BANK8   BANK9  BANK10  BANK11  BANK12
      Params:         0       0       0       0       0       0       0       0       0       0       0       0       0       0
      Locals:         0       0       0       0       0       0       0       0       0       0       0       0       0       0
      Temps:          0       0       0       0       0       0       0       0       0       0       0       0       0       0
      Totals:         0       0       0       0       0       0       0       0       0       0       0       0       0       0
Total ram usage:        0 bytes
 Hardware stack levels used:    1
 This function calls:
		Nothing
 This function is called by:
		_EXT_INT_Initialize
		_INT_CallBack
 This function uses a non-reentrant model


 *************** function _sw1_EXT *****************
 Defined at:
		line 129 in file "main.c"
 Parameters:    Size  Location     Type
		None
 Auto vars:     Size  Location     Type
		None
 Return value:  Size  Location     Type
                  1    wreg      void 
 Registers used:
		wreg, status,2, status,0, pclath, cstack
 Tracked objects:
		On entry : 
		On exit  : 
		Unchanged: 
 Data sizes:     COMMON   BANK0   BANK1   BANK2   BANK3   BANK4   BANK5   BANK6   BANK7   BANK8   BANK9  BANK10  BANK11  BANK12
      Params:         0       0       0       0       0       0       0       0       0       0       0       0       0       0
      Locals:         0       0       0       0       0       0       0       0       0       0       0       0       0       0
      Temps:          1       0       0       0       0       0       0       0       0       0       0       0       0       0
      Totals:         1       0       0       0       0       0       0       0       0       0       0       0       0       0
Total ram usage:        1 bytes
 Hardware stack levels used:    1
 Hardware stack levels required when called:    1
 This function calls:
		i1_PWM6_LoadDutyValue
		i1_checkDebounceSW1
 This function is called by:
		_main
		_INT_CallBack
 This function uses a non-reentrant model


 *************** function i1_checkDebounceSW1 *****************
 Defined at:
		line 672 in file "main.c"
 Parameters:    Size  Location     Type
		None
 Auto vars:     Size  Location     Type
		None
 Return value:  Size  Location     Type
                  1    wreg      unsigned char 
 Registers used:
		wreg, status,2, status,0
 Tracked objects:
		On entry : 
		On exit  : 
		Unchanged: 
 Data sizes:     COMMON   BANK0   BANK1   BANK2   BANK3   BANK4   BANK5   BANK6   BANK7   BANK8   BANK9  BANK10  BANK11  BANK12
      Params:         0       0       0       0       0       0       0       0       0       0       0       0       0       0
      Locals:         0       0       0       0       0       0       0       0       0       0       0       0       0       0
      Temps:          7       0       0       0       0       0       0       0       0       0       0       0       0       0
      Totals:         7       0       0       0       0       0       0       0       0       0       0       0       0       0
Total ram usage:        7 bytes
 Hardware stack levels used:    1
 This function calls:
		Nothing
 This function is called by:
		_sw1_EXT
 This function uses a non-reentrant model


 *************** function i1_PWM6_LoadDutyValue *****************
 Defined at:
		line 74 in file "mcc_generated_files/pwm6.c"
 Parameters:    Size  Location     Type
  dutyValue       2    0[COMMON] unsigned short 
 Auto vars:     Size  Location     Type
		None
 Return value:  Size  Location     Type
                  1    wreg      void 
 Registers used:
		wreg, status,2, status,0
 Tracked objects:
		On entry : 
		On exit  : 
		Unchanged: 
 Data sizes:     COMMON   BANK0   BANK1   BANK2   BANK3   BANK4   BANK5   BANK6   BANK7   BANK8   BANK9  BANK10  BANK11  BANK12
      Params:         2       0       0       0       0       0       0       0       0       0       0       0       0       0
      Locals:         0       0       0       0       0       0       0       0       0       0       0       0       0       0
      Temps:          2       0       0       0       0       0       0       0       0       0       0       0       0       0
      Totals:         4       0       0       0       0       0       0       0       0       0       0       0       0       0
Total ram usage:        4 bytes
 Hardware stack levels used:    1
 This function calls:
		Nothing
 This function is called by:
		_sw1_EXT
		_ISR_3s
 This function uses a non-reentrant model



MODULE INFORMATION

Module		Function		Class		Link	Load	Size
mcc_generated_files/pwm6.c
		_PWM6_LoadDutyValue		CODE           	0CC5	0000	26
		_PWM6_Initialize		CODE           	0B51	0000	14

mcc_generated_files/pwm6.c estimated size: 40

mcc_generated_files/tmr2.c
		_TMR2_ISR      		CODE           	0B7B	0000	16
		_TMR2_Initialize		CODE           	0C94	0000	25
		_TMR2_SetInterruptHandler		CODE           	0AE2	0000	10
		_TMR2_DefaultInterruptHandler		CODE           	0A0A	0000	2

mcc_generated_files/tmr2.c estimated size: 53

mcc_generated_files/interrupt_manager.c
		_INTERRUPT_InterruptManager		CODE           	0004	0000	88

mcc_generated_files/interrupt_manager.c estimated size: 88

C:\Program Files (x86)\Microchip\xc8\v2.10\pic\sources\c99\common\awdiv.c
		___awdiv       		CODE           	03FE	0000	97

C:\Program Files (x86)\Microchip\xc8\v2.10\pic\sources\c99\common\awdiv.c estimated size: 97

mcc_generated_files/tmr0.c
		_TMR0_SetInterruptHandler		CODE           	0AD0	0000	10
		_TMR0_StopTimer		CODE           	0A10	0000	4
		_TMR0_DefaultInterruptHandler		CODE           	0A08	0000	2
		_TMR0_StartTimer		CODE           	0A28	0000	4
		_TMR0_ISR      		CODE           	0B6C	0000	16
		_TMR0_Initialize		CODE           	0C0E	0000	22

mcc_generated_files/tmr0.c estimated size: 58

mcc_generated_files/pin_manager.c
		_PIN_MANAGER_Initialize		CODE           	079B	0000	74

mcc_generated_files/pin_manager.c estimated size: 74

C:\Program Files (x86)\Microchip\xc8\v2.10\pic\sources\c99\common\Umul8.c
		___bmul        		CODE           	0C4F	0000	23

C:\Program Files (x86)\Microchip\xc8\v2.10\pic\sources\c99\common\Umul8.c estimated size: 23

mcc_generated_files/drivers/i2c_simple_master.c
		_wr1RegCompleteHandler		CODE           	0BDB	0000	18
		_wr2RegCompleteHandler		CODE           	0BCA	0000	18
		_rdBlkRegCompleteHandler		CODE           	0C7C	0000	25
		_rd1RegCompleteHandler		CODE           	0BEC	0000	18
		_rd2RegCompleteHandler		CODE           	0BFD	0000	18

mcc_generated_files/drivers/i2c_simple_master.c estimated size: 97

eeprom_rw.c
		_read_ring     		CODE           	0F7A	0000	64
		_reset_recv    		CODE           	07E4	0000	29
		_cksum         		CODE           	0DA8	0000	33
		_push_ring     		CODE           	0FB9	0000	72
		_cksum_w       		CODE           	0BA9	0000	17
		_recoverData   		CODE           	02DF	0000	153

eeprom_rw.c estimated size: 368

mcc_generated_files/ext_int.c
		_INT_DefaultInterruptHandler		CODE           	0A07	0000	2
		_EXT_INT_Initialize		CODE           	0B5E	0000	15
		_INT_SetInterruptHandler		CODE           	0ABE	0000	10
		_INT_CallBack  		CODE           	0B37	0000	14
		_INT_ISR       		CODE           	0A64	0000	7

mcc_generated_files/ext_int.c estimated size: 48

shared
		_num_subfields 		STRCODE        	1020	0000	6
		__initialization		CODE           	005D	0000	30
		_fsmStateTable 		STRCODE        	1000	0000	33
		i1_checkDebounceSW1		CODE           	0513	0000	91
		i1_PWM6_LoadDutyValue		CODE           	0C23	0000	23

shared estimated size: 183

leds.c
		_mod1_LED      		CODE           	0AFE	0000	12
		_LED_bin       		CODE           	0CF8	0000	27
		_mod2_LED      		CODE           	0AF4	0000	11
		_mod3_LED      		CODE           	0B09	0000	12
		_mod4_LED      		CODE           	0B14	0000	12
		_mode_select_LED		CODE           	0D68	0000	33
		_representLed  		CODE           	06B7	0000	78
		_mode_LED      		CODE           	0E37	0000	43
		_all_LED       		CODE           	045E	0000	92

leds.c estimated size: 320

mcc_generated_files/mcc.c
		_PMD_Initialize		CODE           	0AA4	0000	9
		_OSCILLATOR_Initialize		CODE           	0AC7	0000	10
		_SYSTEM_Initialize		CODE           	0D2D	0000	29

mcc_generated_files/mcc.c estimated size: 48

mcc_generated_files/drivers/i2c_master.c
		_i2c_setDataCompleteCallback		CODE           	0B44	0000	14
		_returnStop    		CODE           	0A0E	0000	3
		_i2c_setBuffer 		CODE           	0B99	0000	17
		_i2c_busCollisionISR		CODE           	0A33	0000	5
		_i2c_ISR       		CODE           	0EB7	0000	46
		_do_I2C_TX_EMPTY		CODE           	0F13	0000	52
		_setCallBack   		CODE           	0E11	0000	39
		_returnReset   		CODE           	0002	0000	3
		_do_I2C_SEND_RESTART_WRITE		CODE           	0A46	0000	6
		_do_I2C_DO_NACK_RESTART		CODE           	0A5F	0000	6
		_do_I2C_SEND_RESTART_READ		CODE           	0A41	0000	6
		_do_I2C_SEND_ADR_WRITE		CODE           	0A94	0000	9
		_do_I2C_SEND_STOP		CODE           	0A50	0000	6
		_do_I2C_SEND_ADR_READ		CODE           	0AAC	0000	10
		_do_I2C_DO_NACK_STOP		CODE           	0A5A	0000	6
		_do_I2C_SEND_RESTART		CODE           	0A4B	0000	6
		_do_I2C_RX     		CODE           	0751	0000	75
		_do_I2C_TX     		CODE           	0615	0000	85
		_do_I2C_IDLE   		CODE           	0A3C	0000	6
		_do_I2C_RCEN   		CODE           	0A76	0000	8
		_do_I2C_DO_ADDRESS_NACK		CODE           	0E8B	0000	45
		_do_I2C_RESET  		CODE           	0A8C	0000	9
		_do_I2C_DO_ACK 		CODE           	0A55	0000	6

mcc_generated_files/drivers/i2c_master.c estimated size: 468

mcc_generated_files/tmr1.c
		_TMR1_Initialize		CODE           	0D49	0000	32
		_TMR1_SetInterruptHandler		CODE           	0AD9	0000	10
		_TMR1_DefaultInterruptHandler		CODE           	0A09	0000	2
		_TMR1_WriteTimer		CODE           	0BB9	0000	18
		_TMR1_ISR      		CODE           	0C65	0000	24

mcc_generated_files/tmr1.c estimated size: 86

mcc_generated_files/drivers/i2c_types.c
		_i2c_restartWrite		CODE           	0A0C	0000	3

mcc_generated_files/drivers/i2c_types.c estimated size: 3

C:\Program Files (x86)\Microchip\xc8\v2.10\pic\sources\c99\common\Umul16.c
		___wmul        		CODE           	0D88	0000	33

C:\Program Files (x86)\Microchip\xc8\v2.10\pic\sources\c99\common\Umul16.c estimated size: 33

mcc_generated_files/memory.c
		_DATAEE_WriteByte		CODE           	0DC8	0000	37
		_DATAEE_ReadByte		CODE           	0B8A	0000	16

mcc_generated_files/memory.c estimated size: 53

mcc_generated_files/i2c1_driver.c
		_i2c1_driver_open		CODE           	0B2B	0000	13
		_i2c1_driver_isNACK		CODE           	0A84	0000	9
		_i2c1_driver_stop		CODE           	0A16	0000	4
		_i2c1_driver_getRXData		CODE           	0A1C	0000	4
		_i2c1_driver_TXData		CODE           	0A37	0000	6
		_i2c1_driver_sendACK		CODE           	0A2B	0000	5
		_mssp1_setIRQ  		CODE           	0A1F	0000	4
		_i2c1_driver_sendNACK		CODE           	0A2F	0000	5
		_i2c1_driver_restart		CODE           	0A13	0000	4
		_i2c1_driver_resetBus		CODE           	0A0B	0000	2
		_i2c1_driver_clearBusCollision		CODE           	0A25	0000	4
		_mssp1_clearIRQ		CODE           	0A22	0000	4
		_i2c1_driver_startRX		CODE           	0A19	0000	4

mcc_generated_files/i2c1_driver.c estimated size: 68

mcc_generated_files/adcc.c
		_ADCC_GetConversionResult		CODE           	0AB5	0000	10
		_ADCC_StartConversion		CODE           	0A9C	0000	9
		_ADCC_Initialize		CODE           	0C39	0000	23
		_ADCC_IsConversionDone		CODE           	0A7D	0000	8

mcc_generated_files/adcc.c estimated size: 50

C:\Program Files (x86)\Microchip\xc8\v2.10\pic\sources\c99\common\awmod.c
		___awmod       		CODE           	05C1	0000	85

C:\Program Files (x86)\Microchip\xc8\v2.10\pic\sources\c99\common\awmod.c estimated size: 85

main.c
		_getSubfieldInfo		CODE           	020A	0000	214
		_sw1_EXT       		CODE           	0DEC	0000	38
		_selectSubfield		CODE           	0669	0000	79
		_config_routine		CODE           	0377	0000	136
		_save_recovery_params		CODE           	0E61	0000	43
		_checkDebounceSW1		CODE           	04B9	0000	91
		_checkDebounceSW2		CODE           	0704	0000	78
		_main          		CODE           	007E	0000	397
		_ADC_read      		CODE           	0CDE	0000	27
		_increment_subfield_clk		CODE           	056D	0000	85
		_handler_clock_ms		CODE           	0B1F	0000	13
		_ISR_3s        		CODE           	0CAC	0000	26
		_ring_buffer   		CODE           	0EE4	0000	48
		_handler_clock_hms		CODE           	0F46	0000	53
		_limitHoursUnits		CODE           	0D12	0000	28

main.c estimated size: 1356

