Microchip MPLAB XC8 Compiler V2.10 ()

Linker command line:

-W-3 --edf=C:\Program Files (x86)\Microchip\xc8\v2.10\pic\dat\en_msgs.txt \
  -cs -h+dist/default/production\sce.X.production.sym \
  --cmf=dist/default/production\sce.X.production.cmf -z -Q16F18875 \
  -oC:\Users\andre\AppData\Local\Temp\s708.2 --defsym=__MPLAB_BUILD=1 \
  -Mdist/default/production/sce.X.production.map -E1 -ver=XC8 --acfsm=1493 \
  -ASTACK=0206Dh-023EFh -pstack=STACK -ACODE=00h-07FFhx4 \
  -ASTRCODE=00h-01FFFh -ASTRING=00h-0FFhx32 -ACONST=00h-0FFhx32 \
  -AENTRY=00h-0FFhx32 -ACOMMON=070h-07Fh -ABANK0=020h-06Fh \
  -ABANK1=0A0h-0EFh -ABANK2=0120h-016Fh -ABANK3=01A0h-01EFh \
  -ABANK4=0220h-026Fh -ABANK5=02A0h-02EFh -ABANK6=0320h-036Fh \
  -ABANK7=03A0h-03EFh -ABANK8=0420h-046Fh -ABANK9=04A0h-04EFh \
  -ABANK10=0520h-056Fh -ABANK11=05A0h-05EFh -ABANK12=0620h-064Fh \
  -ABIGRAM=02000h-023EFh \
  -ARAM=020h-06Fh,0A0h-0EFh,0120h-016Fh,01A0h-01EFh,0220h-026Fh,02A0h-02EFh,0320h-036Fh,03A0h-03EFh,0420h-046Fh,04A0h-04EFh,0520h-056Fh,05A0h-05EFh,0620h-064Fh \
  -AABS1=020h-07Fh,0A0h-0EFh,0120h-016Fh,01A0h-01EFh,0220h-026Fh,02A0h-02EFh,0320h-036Fh,03A0h-03EFh,0420h-046Fh,04A0h-04EFh,0520h-056Fh,05A0h-05EFh,0620h-064Fh \
  -ASFR0=00h-01Fh -ASFR1=080h-09Fh -ASFR2=0100h-011Fh -ASFR3=0180h-019Fh \
  -ASFR4=0200h-021Fh -ASFR5=0280h-029Fh -ASFR6=0300h-031Fh \
  -ASFR7=0380h-039Fh -ASFR8=0400h-041Fh -ASFR9=0480h-049Fh \
  -ASFR10=0500h-051Fh -ASFR11=0580h-059Fh -ASFR12=0600h-061Fh \
  -ASFR13=0680h-06EFh -ASFR14=0700h-076Fh -ASFR15=0780h-07EFh \
  -ASFR16=0800h-086Fh -ASFR17=0880h-08EFh -ASFR18=0900h-096Fh \
  -ASFR19=0980h-09EFh -ASFR20=0A00h-0A6Fh -ASFR21=0A80h-0AEFh \
  -ASFR22=0B00h-0B6Fh -ASFR23=0B80h-0BEFh -ASFR24=0C00h-0C6Fh \
  -ASFR25=0C80h-0CEFh -ASFR26=0D00h-0D6Fh -ASFR27=0D80h-0DEFh \
  -ASFR28=0E00h-0E6Fh -ASFR29=0E80h-0EEFh -ASFR30=0F00h-0F6Fh \
  -ASFR31=0F80h-0FEFh -preset_vec=00h,intentry=04h,init,end_init \
  -ppowerup=CODE -pcinit=CODE -pfunctab=ENTRY -ACONFIG=08007h-0800Bh \
  -pconfig=CONFIG -DCONFIG=2 -AIDLOC=08000h-08003h -pidloc=IDLOC -DIDLOC=2 \
  -AEEDATA=00h-0FFh/0F000h -peeprom_data=EEDATA -DEEDATA=2 -DCODE=2 \
  -DSTRCODE=2 -DSTRING=2 -DCONST=2 -DENTRY=2 -k \
  C:\Users\andre\AppData\Local\Temp\s708.o \
  dist/default/production\sce.X.production.o 

Object code version is 3.11

Machine type is 16F18875



                Name                               Link     Load   Length Selector   Space Scale
C:\Users\andre\AppData\Local\Temp\s708.o
                end_init                             4F       4F        2        8       0
                reset_vec                             0        0        2        0       0
                config                             8007     8007        5    1000E       0
dist/default/production\sce.X.production.o
                cinit                                51       51       1A        8       0
                intentry                              4        4       4B        8       0
                text95                              F8B      F8B       36     1F16       0
                text94                              B3D      B3D        1     167A       0
                text93                              C57      C57        D     18AE       0
                text92                              B93      B93        6     1726       0
                text91                              D48      D48       16     1A90       0
                text90                              606      606       5A        8       0
                text89                              B3E      B3E        1     167C       0
                text88                              C8D      C8D        F     191A       0
                text87                              CDA      CDA       11     19B4       0
                text86                              E94      E94       24     1D28       0
                text85                              D8A      D8A       17     1B14       0
                text84                              B3F      B3F        1     167E       0
                text83                              DA1      DA1       17     1B42       0
                text82                              B5A      B5A        4     16B4       0
                text81                              B45      B45        3     168A       0
                text80                              B48      B48        3     1690       0
                text79                              CBA      CBA       10     1974       0
                text78                              EDC      EDC       26     1DB8       0
                text77                              C71      C71        E     18E2       0
                text76                              CEB      CEB       12     19D6       0
                text75                              B41      B41        2     1682       0
                text74                              B43      B43        2     1686       0
                text73                                2        2        2        0       0
                text72                              CFD      CFD       12     19FA       0
                text71                              D0F      D0F       12     1A1E       0
                text70                              D21      D21       12     1A42       0
                text69                              DB8      DB8       19     1B70       0
                text68                              B4B      B4B        3     1696       0
                text67                              B40      B40        1     1680       0
                text66                              B5E      B5E        4     16BC       0
                text65                              B4E      B4E        3     169C       0
                text64                              B66      B66        5     16CC       0
                text63                              BBF      BBF        8     177E       0
                text62                              B51      B51        3     16A2       0
                text61                              F58      F58       33     1EB0       0
                text60                              BC7      BC7        8     178E       0
                text59                              B6B      B6B        5     16D6       0
                text58                              B70      B70        5     16E0       0
                text57                              B75      B75        5     16EA       0
                text56                              B7A      B7A        5     16F4       0
                text55                              B7F      B7F        5     16FE       0
                text54                              BE7      BE7        9     17CE       0
                text53                              BCF      BCF        8     179E       0
                text52                              BB1      BB1        7     1762       0
                text51                              B84      B84        5     1708       0
                text50                              B89      B89        5     1712       0
                text49                              B8E      B8E        5     171C       0
                text48                              F2C      F2C       2C     1E58       0
                text47                              660      660       54        8       0
                text46                              706      706       4A        8       0
                text45                              B54      B54        3     16A8       0
                text44                              F02      F02       2A     1E04       0
                text43                              B57      B57        3     16AE       0
                text42                              B62      B62        4     16C4       0
                text40                              BF0      BF0        9     17E0       0
                text39                              BB8      BB8        7     1770       0
                text38                              BD7      BD7        8     17AE       0
                text37                              DEA      DEA       1A     1BD4       0
                text36                              C4B      C4B        C     1896       0
                text35                              C02      C02        A     1804       0
                text34                              E04      E04       1A     1C08       0
                text33                              C0C      C0C        A     1818       0
                text32                              C16      C16        A     182C       0
                text31                              D5E      D5E       16     1ABC       0
                text30                              B99      B99        6     1732       0
                text29                              C7F      C7F        E     18FE       0
                text28                              BF9      BF9        9     17F2       0
                text27                              750      750       49        8       0
                text26                              BDF      BDF        8     17BE       0
                text25                              C64      C64        D     18C8       0
                text24                              B9F      B9F        6     173E       0
                text23                              D33      D33       15     1A66       0
                text22                              BA5      BA5        6     174A       0
                text21                              E56      E56       1F     1CAC       0
                text20                              C9C      C9C        F     1938       0
                text19                              E1E      E1E       1C     1C3C       0
                text18                              EB8      EB8       24     1D70       0
                text17                              CAB      CAB        F     1956       0
                text16                              7E0      7E0       20        8       0
                text15                              CCA      CCA       10     1994       0
                text14                              DD1      DD1       19     1BA2       0
                text13                              C2A      C2A        B     1854       0
                text12                              C20      C20        A     1840       0
                text11                              C35      C35        B     186A       0
                text10                              C40      C40        B     1880       0
                text9                               799      799       47        8       0
                text8                               D74      D74       16     1AE8       0
                text7                               FC1      FC1       3F     1F82       0
                text6                               54C      54C       60        8       0
                text5                               6B4      6B4       52        8       0
                text4                               E3A      E3A       1C     1C74       0
                text3                               E75      E75       1F     1CEA       0
                text2                               5AC      5AC       5A        8       0
                text1                               3FC      3FC      150        8       0
                maintext                             6B       6B      391        8       0
                cstackBANK0                          44       44       14       20       1
                cstackCOMMON                         70       70        7       70       1
                clrtext                             BAB      BAB        6     1756       0
                bssBANK1                             A0       A0       1D       A0       1
                bssBANK0                             20       20       24       20       1
                bssCOMMON                            78       78        5       70       1
                bitbssCOMMON                        3B8       77        5       70       1     8
                bitnvCOMMON                         3E8       7D        1       70       1     8
                stringtext1                        1000     1000       20     2000       0

TOTAL           Name                               Link     Load   Length     Space
        CLASS   STACK          

        CLASS   CODE           
                end_init                             4F       4F        2         0
                cinit                                51       51       1A         0
                intentry                              4        4       4B         0
                reset_vec                             0        0        2         0
                text95                              F8B      F8B       36         0
                text94                              B3D      B3D        1         0
                text93                              C57      C57        D         0
                text92                              B93      B93        6         0
                text91                              D48      D48       16         0
                text90                              606      606       5A         0
                text89                              B3E      B3E        1         0
                text88                              C8D      C8D        F         0
                text87                              CDA      CDA       11         0
                text86                              E94      E94       24         0
                text85                              D8A      D8A       17         0
                text84                              B3F      B3F        1         0
                text83                              DA1      DA1       17         0
                text82                              B5A      B5A        4         0
                text81                              B45      B45        3         0
                text80                              B48      B48        3         0
                text79                              CBA      CBA       10         0
                text78                              EDC      EDC       26         0
                text77                              C71      C71        E         0
                text76                              CEB      CEB       12         0
                text75                              B41      B41        2         0
                text74                              B43      B43        2         0
                text73                                2        2        2         0
                text72                              CFD      CFD       12         0
                text71                              D0F      D0F       12         0
                text70                              D21      D21       12         0
                text69                              DB8      DB8       19         0
                text68                              B4B      B4B        3         0
                text67                              B40      B40        1         0
                text66                              B5E      B5E        4         0
                text65                              B4E      B4E        3         0
                text64                              B66      B66        5         0
                text63                              BBF      BBF        8         0
                text62                              B51      B51        3         0
                text61                              F58      F58       33         0
                text60                              BC7      BC7        8         0
                text59                              B6B      B6B        5         0
                text58                              B70      B70        5         0
                text57                              B75      B75        5         0
                text56                              B7A      B7A        5         0
                text55                              B7F      B7F        5         0
                text54                              BE7      BE7        9         0
                text53                              BCF      BCF        8         0
                text52                              BB1      BB1        7         0
                text51                              B84      B84        5         0
                text50                              B89      B89        5         0
                text49                              B8E      B8E        5         0
                text48                              F2C      F2C       2C         0
                text47                              660      660       54         0
                text46                              706      706       4A         0
                text45                              B54      B54        3         0
                text44                              F02      F02       2A         0
                text43                              B57      B57        3         0
                text42                              B62      B62        4         0
                text40                              BF0      BF0        9         0
                text39                              BB8      BB8        7         0
                text38                              BD7      BD7        8         0
                text37                              DEA      DEA       1A         0
                text36                              C4B      C4B        C         0
                text35                              C02      C02        A         0
                text34                              E04      E04       1A         0
                text33                              C0C      C0C        A         0
                text32                              C16      C16        A         0
                text31                              D5E      D5E       16         0
                text30                              B99      B99        6         0
                text29                              C7F      C7F        E         0
                text28                              BF9      BF9        9         0
                text27                              750      750       49         0
                text26                              BDF      BDF        8         0
                text25                              C64      C64        D         0
                text24                              B9F      B9F        6         0
                text23                              D33      D33       15         0
                text22                              BA5      BA5        6         0
                text21                              E56      E56       1F         0
                text20                              C9C      C9C        F         0
                text19                              E1E      E1E       1C         0
                text18                              EB8      EB8       24         0
                text17                              CAB      CAB        F         0
                text16                              7E0      7E0       20         0
                text15                              CCA      CCA       10         0
                text14                              DD1      DD1       19         0
                text13                              C2A      C2A        B         0
                text12                              C20      C20        A         0
                text11                              C35      C35        B         0
                text10                              C40      C40        B         0
                text9                               799      799       47         0
                text8                               D74      D74       16         0
                text7                               FC1      FC1       3F         0
                text6                               54C      54C       60         0
                text5                               6B4      6B4       52         0
                text4                               E3A      E3A       1C         0
                text3                               E75      E75       1F         0
                text2                               5AC      5AC       5A         0
                text1                               3FC      3FC      150         0
                maintext                             6B       6B      391         0
                clrtext                             BAB      BAB        6         0

        CLASS   STRCODE        
                stringtext1                        1000     1000       20         0

        CLASS   STRING         

        CLASS   CONST          

        CLASS   ENTRY          

        CLASS   COMMON         
                cstackCOMMON                         70       70        7         1
                bssCOMMON                            78       78        5         1
                bitbssCOMMON                        3B8       77        5         1
                bitnvCOMMON                         3E8       7D        1         1

        CLASS   BANK0          
                cstackBANK0                          44       44       14         1
                bssBANK0                             20       20       24         1

        CLASS   BANK1          
                bssBANK1                             A0       A0       1D         1

        CLASS   BANK2          

        CLASS   BANK3          

        CLASS   BANK4          

        CLASS   BANK5          

        CLASS   BANK6          

        CLASS   BANK7          

        CLASS   BANK8          

        CLASS   BANK9          

        CLASS   BANK10         

        CLASS   BANK11         

        CLASS   BANK12         

        CLASS   BIGRAM         

        CLASS   RAM            

        CLASS   ABS1           
                abs_s1                               7E       7E        2         1

        CLASS   SFR0           

        CLASS   SFR1           

        CLASS   SFR2           

        CLASS   SFR3           

        CLASS   SFR4           

        CLASS   SFR5           

        CLASS   SFR6           

        CLASS   SFR7           

        CLASS   SFR8           

        CLASS   SFR9           

        CLASS   SFR10          

        CLASS   SFR11          

        CLASS   SFR12          

        CLASS   SFR13          

        CLASS   SFR14          

        CLASS   SFR15          

        CLASS   SFR16          

        CLASS   SFR17          

        CLASS   SFR18          

        CLASS   SFR19          

        CLASS   SFR20          

        CLASS   SFR21          

        CLASS   SFR22          

        CLASS   SFR23          

        CLASS   SFR24          

        CLASS   SFR25          

        CLASS   SFR26          

        CLASS   SFR27          

        CLASS   SFR28          

        CLASS   SFR29          

        CLASS   SFR30          

        CLASS   SFR31          

        CLASS   CONFIG         
                config                             8007     8007        5         0

        CLASS   IDLOC          

        CLASS   EEDATA         

        CLASS   BANK31         

        CLASS   BANK30         

        CLASS   BANK29         

        CLASS   BANK28         

        CLASS   BANK27         

        CLASS   BANK26         

        CLASS   BANK25         

        CLASS   BANK24         

        CLASS   BANK23         

        CLASS   BANK22         

        CLASS   BANK21         

        CLASS   BANK20         

        CLASS   BANK19         

        CLASS   BANK18         

        CLASS   BANK17         

        CLASS   BANK16         

        CLASS   BANK15         

        CLASS   BANK14         

        CLASS   BANK13         



SEGMENTS        Name                           Load    Length   Top    Selector   Space  Class     Delta

                reset_vec                      000000  000004  000004         0       0  CODE        2
                intentry                       000004  0007FC  000800         8       0  CODE        2
                bssBANK0                       000020  000038  000058        20       1  BANK0       1
                cstackCOMMON                   000070  00000E  00007E        70       1  COMMON      1
                bssBANK1                       0000A0  00001D  0000BD        A0       1  BANK1       1
                text94                         000B3D  000001  000B3E      167A       0  CODE        2
                text89                         000B3E  000001  000B3F      167C       0  CODE        2
                text84                         000B3F  000001  000B40      167E       0  CODE        2
                text67                         000B40  000001  000B41      1680       0  CODE        2
                text75                         000B41  000002  000B43      1682       0  CODE        2
                text74                         000B43  000002  000B45      1686       0  CODE        2
                text81                         000B45  000003  000B48      168A       0  CODE        2
                text80                         000B48  000003  000B4B      1690       0  CODE        2
                text68                         000B4B  000003  000B4E      1696       0  CODE        2
                text65                         000B4E  000003  000B51      169C       0  CODE        2
                text62                         000B51  000003  000B54      16A2       0  CODE        2
                text45                         000B54  000003  000B57      16A8       0  CODE        2
                text43                         000B57  000003  000B5A      16AE       0  CODE        2
                text82                         000B5A  000004  000B5E      16B4       0  CODE        2
                text66                         000B5E  000004  000B62      16BC       0  CODE        2
                text42                         000B62  000004  000B66      16C4       0  CODE        2
                text64                         000B66  000005  000B6B      16CC       0  CODE        2
                text59                         000B6B  000005  000B70      16D6       0  CODE        2
                text58                         000B70  000005  000B75      16E0       0  CODE        2
                text57                         000B75  000005  000B7A      16EA       0  CODE        2
                text56                         000B7A  000005  000B7F      16F4       0  CODE        2
                text55                         000B7F  000005  000B84      16FE       0  CODE        2
                text51                         000B84  000005  000B89      1708       0  CODE        2
                text50                         000B89  000005  000B8E      1712       0  CODE        2
                text49                         000B8E  000005  000B93      171C       0  CODE        2
                text92                         000B93  000006  000B99      1726       0  CODE        2
                text30                         000B99  000006  000B9F      1732       0  CODE        2
                text24                         000B9F  000006  000BA5      173E       0  CODE        2
                text22                         000BA5  000006  000BAB      174A       0  CODE        2
                clrtext                        000BAB  000006  000BB1      1756       0  CODE        2
                text52                         000BB1  000007  000BB8      1762       0  CODE        2
                text39                         000BB8  000007  000BBF      1770       0  CODE        2
                text63                         000BBF  000008  000BC7      177E       0  CODE        2
                text60                         000BC7  000008  000BCF      178E       0  CODE        2
                text53                         000BCF  000008  000BD7      179E       0  CODE        2
                text38                         000BD7  000008  000BDF      17AE       0  CODE        2
                text26                         000BDF  000008  000BE7      17BE       0  CODE        2
                text54                         000BE7  000009  000BF0      17CE       0  CODE        2
                text40                         000BF0  000009  000BF9      17E0       0  CODE        2
                text28                         000BF9  000009  000C02      17F2       0  CODE        2
                text35                         000C02  00000A  000C0C      1804       0  CODE        2
                text33                         000C0C  00000A  000C16      1818       0  CODE        2
                text32                         000C16  00000A  000C20      182C       0  CODE        2
                text12                         000C20  00000A  000C2A      1840       0  CODE        2
                text13                         000C2A  00000B  000C35      1854       0  CODE        2
                text11                         000C35  00000B  000C40      186A       0  CODE        2
                text10                         000C40  00000B  000C4B      1880       0  CODE        2
                text36                         000C4B  00000C  000C57      1896       0  CODE        2
                text93                         000C57  00000D  000C64      18AE       0  CODE        2
                text25                         000C64  00000D  000C71      18C8       0  CODE        2
                text77                         000C71  00000E  000C7F      18E2       0  CODE        2
                text29                         000C7F  00000E  000C8D      18FE       0  CODE        2
                text88                         000C8D  00000F  000C9C      191A       0  CODE        2
                text20                         000C9C  00000F  000CAB      1938       0  CODE        2
                text17                         000CAB  00000F  000CBA      1956       0  CODE        2
                text79                         000CBA  000010  000CCA      1974       0  CODE        2
                text15                         000CCA  000010  000CDA      1994       0  CODE        2
                text87                         000CDA  000011  000CEB      19B4       0  CODE        2
                text76                         000CEB  000012  000CFD      19D6       0  CODE        2
                text72                         000CFD  000012  000D0F      19FA       0  CODE        2
                text71                         000D0F  000012  000D21      1A1E       0  CODE        2
                text70                         000D21  000012  000D33      1A42       0  CODE        2
                text23                         000D33  000015  000D48      1A66       0  CODE        2
                text91                         000D48  000016  000D5E      1A90       0  CODE        2
                text31                         000D5E  000016  000D74      1ABC       0  CODE        2
                text8                          000D74  000016  000D8A      1AE8       0  CODE        2
                text85                         000D8A  000017  000DA1      1B14       0  CODE        2
                text83                         000DA1  000017  000DB8      1B42       0  CODE        2
                text69                         000DB8  000019  000DD1      1B70       0  CODE        2
                text14                         000DD1  000019  000DEA      1BA2       0  CODE        2
                text37                         000DEA  00001A  000E04      1BD4       0  CODE        2
                text34                         000E04  00001A  000E1E      1C08       0  CODE        2
                text19                         000E1E  00001C  000E3A      1C3C       0  CODE        2
                text4                          000E3A  00001C  000E56      1C74       0  CODE        2
                text21                         000E56  00001F  000E75      1CAC       0  CODE        2
                text3                          000E75  00001F  000E94      1CEA       0  CODE        2
                text86                         000E94  000024  000EB8      1D28       0  CODE        2
                text18                         000EB8  000024  000EDC      1D70       0  CODE        2
                text78                         000EDC  000026  000F02      1DB8       0  CODE        2
                text44                         000F02  00002A  000F2C      1E04       0  CODE        2
                text48                         000F2C  00002C  000F58      1E58       0  CODE        2
                text61                         000F58  000033  000F8B      1EB0       0  CODE        2
                text95                         000F8B  000036  000FC1      1F16       0  CODE        2
                text7                          000FC1  00003F  001000      1F82       0  CODE        2
                stringtext1                    001000  000020  001020      2000       0  STRCODE     2
                config                         008007  000005  00800C     1000E       0  CONFIG      2


UNUSED ADDRESS RANGES

        Name                Unused          Largest block    Delta
        BANK0            00058-0006F              18           1
        BANK1            000BD-000EF              33           1
        BANK10           00520-0056F              50           1
        BANK11           005A0-005EF              50           1
        BANK12           00620-0064F              30           1
        BANK2            00120-0016F              50           1
        BANK3            001A0-001EF              50           1
        BANK4            00220-0026F              50           1
        BANK5            002A0-002EF              50           1
        BANK6            00320-0036F              50           1
        BANK7            003A0-003EF              50           1
        BANK8            00420-0046F              50           1
        BANK9            004A0-004EF              50           1
        BIGRAM           02000-023EF             3F0           1
        CODE             00800-00B3C             33D           2
                         01020-01FFF             7E0
        CONST            00800-00B3C             100           2
                         01020-01FFF             100
        EEDATA           0F000-0F0FF             100           2
        ENTRY            00800-00B3C             100           2
                         01020-01FFF             100
        IDLOC            08000-08003               4           2
        RAM              00058-0006F              18           1
                         000BD-000EF              33
                         00120-0016F              50
                         001A0-001EF              50
                         00220-0026F              50
                         002A0-002EF              50
                         00320-0036F              50
                         003A0-003EF              50
                         00420-0046F              50
                         004A0-004EF              50
                         00520-0056F              50
                         005A0-005EF              50
                         00620-0064F              30
        SFR0             00000-0001F              20           1
        SFR1             00080-0009F              20           1
        SFR10            00500-0051F              20           1
        SFR11            00580-0059F              20           1
        SFR12            00600-0061F              20           1
        SFR13            00680-006EF              70           1
        SFR14            00700-0076F              70           1
        SFR15            00780-007EF              70           1
        SFR16            00800-0086F              70           1
        SFR17            00880-008EF              70           1
        SFR18            00900-0096F              70           1
        SFR19            00980-009EF              70           1
        SFR2             00100-0011F              20           1
        SFR20            00A00-00A6F              70           1
        SFR21            00A80-00AEF              70           1
        SFR22            00B00-00B6F              70           1
        SFR23            00B80-00BEF              70           1
        SFR24            00C00-00C6F              70           1
        SFR25            00C80-00CEF              70           1
        SFR26            00D00-00D6F              70           1
        SFR27            00D80-00DEF              70           1
        SFR28            00E00-00E6F              70           1
        SFR29            00E80-00EEF              70           1
        SFR3             00180-0019F              20           1
        SFR30            00F00-00F6F              70           1
        SFR31            00F80-00FEF              70           1
        SFR4             00200-0021F              20           1
        SFR5             00280-0029F              20           1
        SFR6             00300-0031F              20           1
        SFR7             00380-0039F              20           1
        SFR8             00400-0041F              20           1
        SFR9             00480-0049F              20           1
        STACK            0206D-023EF             383           1
        STRCODE          00800-00B3C             33D           2
                         01020-01FFF             FE0
        STRING           00800-00B3C             100           2
                         01020-01FFF             100

                                  Symbol Table

?_ADCC_GetConversionResult                cstackBANK0  00044
?_ADC_read                                cstackBANK0  00046
?___awdiv                                 cstackBANK0  00044
ADCC_StartConversion@channel              cstackBANK0  00044
DATAEE_ReadByte@bAdd                      cstackBANK0  00044
DATAEE_WriteByte@GIEBitValue              cstackBANK0  0004D
DATAEE_WriteByte@bAdd                     cstackBANK0  0004A
DATAEE_WriteByte@bData                    cstackBANK0  0004C
INT_SetInterruptHandler@InterruptHandler  cstackBANK0  00044
LED_bin@value                             cstackBANK0  00044
PWM6_LoadDutyValue@dutyValue              cstackBANK0  00044
Read_S1@val                               cstackBANK0  00044
Read_S2@val                               cstackBANK0  00044
TMR0_SetInterruptHandler@InterruptHandler cstackBANK0  00044
TMR1_SetInterruptHandler@InterruptHandler cstackBANK0  00044
TMR1_WriteTimer@timerVal                  cstackCOMMON 00070
WriteI2C@data_out                         cstackBANK0  00045
_ADACCH                                   (abs)        00091
_ADACCL                                   (abs)        00090
_ADACQ                                    (abs)        0009D
_ADACT                                    (abs)        00099
_ADCAP                                    (abs)        0009B
_ADCC_GetConversionResult                 text40       00BF0
_ADCC_Initialize                          text31       00D5E
_ADCC_IsConversionDone                    text39       00BB8
_ADCC_StartConversion                     text38       00BD7
_ADCLK                                    (abs)        00098
_ADCNT                                    (abs)        0010C
_ADCON0                                   (abs)        00093
_ADCON0bits                               (abs)        00093
_ADCON1                                   (abs)        00094
_ADCON1bits                               (abs)        00094
_ADCON2                                   (abs)        00095
_ADCON2bits                               (abs)        00095
_ADCON3                                   (abs)        00096
_ADCON3bits                               (abs)        00096
_ADC_read                                 text37       00DEA
_ADERRH                                   (abs)        00117
_ADERRL                                   (abs)        00116
_ADFLTRH                                  (abs)        00115
_ADFLTRL                                  (abs)        00114
_ADLTHH                                   (abs)        0010F
_ADLTHL                                   (abs)        0010E
_ADPCH                                    (abs)        0009E
_ADPRE                                    (abs)        0009C
_ADPREVH                                  (abs)        0008F
_ADPREVL                                  (abs)        0008E
_ADREF                                    (abs)        0009A
_ADRESH                                   (abs)        0008D
_ADRESL                                   (abs)        0008C
_ADRPT                                    (abs)        0010D
_ADSTAT                                   (abs)        00097
_ADSTATbits                               (abs)        00097
_ADSTPTH                                  (abs)        00113
_ADSTPTL                                  (abs)        00112
_ADUTHH                                   (abs)        00111
_ADUTHL                                   (abs)        00110
_ANSELA                                   (abs)        00F38
_ANSELB                                   (abs)        00F43
_ANSELC                                   (abs)        00F4E
_ANSELD                                   (abs)        00F59
_ANSELE                                   (abs)        00F64
_CCPTMRS1bits                             (abs)        0021F
_DATAEE_ReadByte                          text17       00CAB
_DATAEE_WriteByte                         text18       00EB8
_EXT_INT_Initialize                       text29       00C7F
_I2C_Initialize                           text35       00C02
_INLVLA                                   (abs)        00F3C
_INLVLB                                   (abs)        00F47
_INLVLC                                   (abs)        00F52
_INLVLD                                   (abs)        00F5D
_INLVLE                                   (abs)        00F68
_INTCONbits                               (abs)        0000B
_INTERRUPT_InterruptManager               intentry     00004
_INTPPS                                   (abs)        00E90
_INT_CallBack                             text93       00C57
_INT_DefaultInterruptHandler              text94       00B3D
_INT_ISR                                  text92       00B93
_INT_InterruptHandler                     bssBANK0     00022
_INT_SetInterruptHandler                  text30       00B99
_LATA                                     (abs)        00016
_LATAbits                                 (abs)        00016
_LATB                                     (abs)        00017
_LATC                                     (abs)        00018
_LATCbits                                 (abs)        00018
_LATD                                     (abs)        00019
_LATE                                     (abs)        0001A
_LED_bin                                  text34       00E04
_NVMADRH                                  (abs)        0081B
_NVMADRL                                  (abs)        0081A
_NVMCON1bits                              (abs)        0081E
_NVMCON2                                  (abs)        0081F
_NVMDATH                                  (abs)        0081D
_NVMDATL                                  (abs)        0081C
_ODCONA                                   (abs)        00F3A
_ODCONB                                   (abs)        00F45
_ODCONC                                   (abs)        00F50
_ODCOND                                   (abs)        00F5B
_ODCONE                                   (abs)        00F66
_OSCCON1                                  (abs)        0088D
_OSCCON3                                  (abs)        0088F
_OSCEN                                    (abs)        00891
_OSCFRQ                                   (abs)        00893
_OSCILLATOR_Initialize                    text28       00BF9
_OSCTUNE                                  (abs)        00892
_PIE0bits                                 (abs)        00716
_PIE3bits                                 (abs)        00719
_PIE4bits                                 (abs)        0071A
_PIN_MANAGER_Initialize                   text27       00750
_PIR0bits                                 (abs)        0070C
_PIR3bits                                 (abs)        0070F
_PIR4bits                                 (abs)        00710
_PMD0                                     (abs)        00796
_PMD1                                     (abs)        00797
_PMD2                                     (abs)        00798
_PMD3                                     (abs)        00799
_PMD4                                     (abs)        0079A
_PMD5                                     (abs)        0079B
_PMD_Initialize                           text26       00BDF
_PR2                                      (abs)        0028D
_PWM6CON                                  (abs)        0038E
_PWM6DCH                                  (abs)        0038D
_PWM6DCL                                  (abs)        0038C
_PWM6_Initialize                          text25       00C64
_PWM6_LoadDutyValue                       text14       00DD1
_RA6PPS                                   (abs)        00F16
_RC3PPS                                   (abs)        00F23
_RC4PPS                                   (abs)        00F24
_ReadI2C                                  text3        00E75
_Read_S1                                  text33       00C0C
_Read_S2                                  text32       00C16
_SLRCONA                                  (abs)        00F3B
_SLRCONB                                  (abs)        00F46
_SLRCONC                                  (abs)        00F51
_SLRCOND                                  (abs)        00F5C
_SLRCONE                                  (abs)        00F67
_SSP1ADD                                  (abs)        0018D
_SSP1BUF                                  (abs)        0018C
_SSP1CLKPPS                               (abs)        00EC5
_SSP1CON1                                 (abs)        00190
_SSP1CON1bits                             (abs)        00190
_SSP1CON2                                 (abs)        00191
_SSP1CON2bits                             (abs)        00191
_SSP1DATPPS                               (abs)        00EC6
_SSP1MSK                                  (abs)        0018E
_SSP1STAT                                 (abs)        0018F
_SSP1STATbits                             (abs)        0018F
_SYSTEM_Initialize                        text19       00E1E
_T0CON0                                   (abs)        0001E
_T0CON0bits                               (abs)        0001E
_T0CON1                                   (abs)        0001F
_T1CLK                                    (abs)        00211
_T1CON                                    (abs)        0020E
_T1CONbits                                (abs)        0020E
_T1GATE                                   (abs)        00210
_T1GCON                                   (abs)        0020F
_T1GCONbits                               (abs)        0020F
_T2CLKCON                                 (abs)        00290
_T2CON                                    (abs)        0028E
_T2CONbits                                (abs)        0028E
_T2HLT                                    (abs)        0028F
_T2HLTbits                                (abs)        0028F
_T2PR                                     (abs)        0028D
_T2RST                                    (abs)        00291
_T2RSTbits                                (abs)        00291
_T2TMR                                    (abs)        0028C
_TMR0H                                    (abs)        0001D
_TMR0L                                    (abs)        0001C
_TMR0_DefaultInterruptHandler             text89       00B3E
_TMR0_ISR                                 text88       00C8D
_TMR0_Initialize                          text23       00D33
_TMR0_InterruptHandler                    bssBANK0     00020
_TMR0_SetInterruptHandler                 text24       00B9F
_TMR1H                                    (abs)        0020D
_TMR1L                                    (abs)        0020C
_TMR1_DefaultInterruptHandler             text84       00B3F
_TMR1_ISR                                 text83       00DA1
_TMR1_Initialize                          text21       00E56
_TMR1_InterruptHandler                    bssBANK0     00024
_TMR1_SetInterruptHandler                 text22       00BA5
_TMR1_WriteTimer                          text87       00CDA
_TMR2                                     (abs)        0028C
_TMR2_Initialize                          text20       00C9C
_TRISA                                    (abs)        00011
_TRISB                                    (abs)        00012
_TRISC                                    (abs)        00013
_TRISCbits                                (abs)        00013
_TRISD                                    (abs)        00014
_TRISE                                    (abs)        00015
_WPUA                                     (abs)        00F39
_WPUB                                     (abs)        00F44
_WPUC                                     (abs)        00F4F
_WPUC3                                    (abs)        07A7B
_WPUC4                                    (abs)        07A7C
_WPUD                                     (abs)        00F5A
_WPUE                                     (abs)        00F65
_WriteI2C                                 text2        005AC
__CFG_BOREN$ON                            (abs)        00000
__CFG_BORV$LO                             (abs)        00000
__CFG_CLKOUTEN$OFF                        (abs)        00000
__CFG_CP$OFF                              (abs)        00000
__CFG_CPD$OFF                             (abs)        00000
__CFG_CSWEN$ON                            (abs)        00000
__CFG_DEBUG$OFF                           (abs)        00000
__CFG_FCMEN$ON                            (abs)        00000
__CFG_FEXTOSC$OFF                         (abs)        00000
__CFG_LPBOREN$OFF                         (abs)        00000
__CFG_LVP$ON                              (abs)        00000
__CFG_MCLRE$ON                            (abs)        00000
__CFG_PPS1WAY$ON                          (abs)        00000
__CFG_PWRTE$OFF                           (abs)        00000
__CFG_RSTOSC$HFINT1                       (abs)        00000
__CFG_SCANE$available                     (abs)        00000
__CFG_STVREN$ON                           (abs)        00000
__CFG_WDTCCS$HFINTOSC                     (abs)        00000
__CFG_WDTCPS$WDTCPS_14                    (abs)        00000
__CFG_WDTCWS$WDTCWS_7                     (abs)        00000
__CFG_WDTE$OFF                            (abs)        00000
__CFG_WRT$OFF                             (abs)        00000
__CFG_ZCD$OFF                             (abs)        00000
__Habs1                                   abs1         00000
__Hbank0                                  bank0        00000
__Hbank1                                  bank1        00000
__Hbank10                                 bank10       00000
__Hbank11                                 bank11       00000
__Hbank12                                 bank12       00000
__Hbank13                                 bank13       00000
__Hbank14                                 bank14       00000
__Hbank15                                 bank15       00000
__Hbank16                                 bank16       00000
__Hbank17                                 bank17       00000
__Hbank18                                 bank18       00000
__Hbank19                                 bank19       00000
__Hbank2                                  bank2        00000
__Hbank20                                 bank20       00000
__Hbank21                                 bank21       00000
__Hbank22                                 bank22       00000
__Hbank23                                 bank23       00000
__Hbank24                                 bank24       00000
__Hbank25                                 bank25       00000
__Hbank26                                 bank26       00000
__Hbank27                                 bank27       00000
__Hbank28                                 bank28       00000
__Hbank29                                 bank29       00000
__Hbank3                                  bank3        00000
__Hbank30                                 bank30       00000
__Hbank31                                 bank31       00000
__Hbank4                                  bank4        00000
__Hbank5                                  bank5        00000
__Hbank6                                  bank6        00000
__Hbank7                                  bank7        00000
__Hbank8                                  bank8        00000
__Hbank9                                  bank9        00000
__Hbigram                                 bigram       00000
__HbitbssCOMMON                           bitbssCOMMON 00000
__HbitnvCOMMON                            bitnvCOMMON  00000
__HbssBANK0                               bssBANK0     00000
__HbssBANK1                               bssBANK1     00000
__HbssCOMMON                              bssCOMMON    00000
__Hcinit                                  cinit        0006B
__Hclrtext                                clrtext      00000
__Hcode                                   code         00000
__Hcommon                                 common       00000
__Hconfig                                 config       0800C
__HcstackBANK0                            cstackBANK0  00000
__HcstackCOMMON                           cstackCOMMON 00000
__Heeprom_data                            eeprom_data  00000
__Hend_init                               end_init     00051
__Hfunctab                                functab      00000
__Hidloc                                  idloc        00000
__Hinit                                   init         0004F
__Hintentry                               intentry     0004F
__Hmaintext                               maintext     00000
__Hpowerup                                powerup      00000
__Hram                                    ram          00000
__Hreset_vec                              reset_vec    00002
__Hsfr0                                   sfr0         00000
__Hsfr1                                   sfr1         00000
__Hsfr10                                  sfr10        00000
__Hsfr11                                  sfr11        00000
__Hsfr12                                  sfr12        00000
__Hsfr13                                  sfr13        00000
__Hsfr14                                  sfr14        00000
__Hsfr15                                  sfr15        00000
__Hsfr16                                  sfr16        00000
__Hsfr17                                  sfr17        00000
__Hsfr18                                  sfr18        00000
__Hsfr19                                  sfr19        00000
__Hsfr2                                   sfr2         00000
__Hsfr20                                  sfr20        00000
__Hsfr21                                  sfr21        00000
__Hsfr22                                  sfr22        00000
__Hsfr23                                  sfr23        00000
__Hsfr24                                  sfr24        00000
__Hsfr25                                  sfr25        00000
__Hsfr26                                  sfr26        00000
__Hsfr27                                  sfr27        00000
__Hsfr28                                  sfr28        00000
__Hsfr29                                  sfr29        00000
__Hsfr3                                   sfr3         00000
__Hsfr30                                  sfr30        00000
__Hsfr31                                  sfr31        00000
__Hsfr4                                   sfr4         00000
__Hsfr5                                   sfr5         00000
__Hsfr6                                   sfr6         00000
__Hsfr7                                   sfr7         00000
__Hsfr8                                   sfr8         00000
__Hsfr9                                   sfr9         00000
__Hspace_0                                (abs)        0800C
__Hspace_1                                (abs)        003E9
__Hspace_2                                (abs)        00000
__Hspace_3                                (abs)        00000
__Hstack                                  stack        00000
__Hstrings                                strings      00000
__Hstringtext1                            stringtext1  00000
__Htext                                   text         00000
__Labs1                                   abs1         00000
__Lbank0                                  bank0        00000
__Lbank1                                  bank1        00000
__Lbank10                                 bank10       00000
__Lbank11                                 bank11       00000
__Lbank12                                 bank12       00000
__Lbank13                                 bank13       00000
__Lbank14                                 bank14       00000
__Lbank15                                 bank15       00000
__Lbank16                                 bank16       00000
__Lbank17                                 bank17       00000
__Lbank18                                 bank18       00000
__Lbank19                                 bank19       00000
__Lbank2                                  bank2        00000
__Lbank20                                 bank20       00000
__Lbank21                                 bank21       00000
__Lbank22                                 bank22       00000
__Lbank23                                 bank23       00000
__Lbank24                                 bank24       00000
__Lbank25                                 bank25       00000
__Lbank26                                 bank26       00000
__Lbank27                                 bank27       00000
__Lbank28                                 bank28       00000
__Lbank29                                 bank29       00000
__Lbank3                                  bank3        00000
__Lbank30                                 bank30       00000
__Lbank31                                 bank31       00000
__Lbank4                                  bank4        00000
__Lbank5                                  bank5        00000
__Lbank6                                  bank6        00000
__Lbank7                                  bank7        00000
__Lbank8                                  bank8        00000
__Lbank9                                  bank9        00000
__Lbigram                                 bigram       00000
__LbitbssCOMMON                           bitbssCOMMON 00000
__LbitnvCOMMON                            bitnvCOMMON  00000
__LbssBANK0                               bssBANK0     00000
__LbssBANK1                               bssBANK1     00000
__LbssCOMMON                              bssCOMMON    00000
__Lcinit                                  cinit        00051
__Lclrtext                                clrtext      00000
__Lcode                                   code         00000
__Lcommon                                 common       00000
__Lconfig                                 config       08007
__LcstackBANK0                            cstackBANK0  00000
__LcstackCOMMON                           cstackCOMMON 00000
__Leeprom_data                            eeprom_data  00000
__Lend_init                               end_init     0004F
__Lfunctab                                functab      00000
__Lidloc                                  idloc        00000
__Linit                                   init         0004F
__Lintentry                               intentry     00004
__Lmaintext                               maintext     00000
__Lpowerup                                powerup      00000
__Lram                                    ram          00000
__Lreset_vec                              reset_vec    00000
__Lsfr0                                   sfr0         00000
__Lsfr1                                   sfr1         00000
__Lsfr10                                  sfr10        00000
__Lsfr11                                  sfr11        00000
__Lsfr12                                  sfr12        00000
__Lsfr13                                  sfr13        00000
__Lsfr14                                  sfr14        00000
__Lsfr15                                  sfr15        00000
__Lsfr16                                  sfr16        00000
__Lsfr17                                  sfr17        00000
__Lsfr18                                  sfr18        00000
__Lsfr19                                  sfr19        00000
__Lsfr2                                   sfr2         00000
__Lsfr20                                  sfr20        00000
__Lsfr21                                  sfr21        00000
__Lsfr22                                  sfr22        00000
__Lsfr23                                  sfr23        00000
__Lsfr24                                  sfr24        00000
__Lsfr25                                  sfr25        00000
__Lsfr26                                  sfr26        00000
__Lsfr27                                  sfr27        00000
__Lsfr28                                  sfr28        00000
__Lsfr29                                  sfr29        00000
__Lsfr3                                   sfr3         00000
__Lsfr30                                  sfr30        00000
__Lsfr31                                  sfr31        00000
__Lsfr4                                   sfr4         00000
__Lsfr5                                   sfr5         00000
__Lsfr6                                   sfr6         00000
__Lsfr7                                   sfr7         00000
__Lsfr8                                   sfr8         00000
__Lsfr9                                   sfr9         00000
__Lspace_0                                (abs)        00000
__Lspace_1                                (abs)        00000
__Lspace_2                                (abs)        00000
__Lspace_3                                (abs)        00000
__Lstack                                  stack        00000
__Lstrings                                strings      00000
__Lstringtext1                            stringtext1  00000
__Ltext                                   text         00000
__S0                                      (abs)        0800C
__S1                                      (abs)        000BD
__S2                                      (abs)        00000
__S3                                      (abs)        00000
___awdiv                                  text6        0054C
___awdiv@counter                          cstackBANK0  00049
___awdiv@dividend                         cstackBANK0  00046
___awdiv@divisor                          cstackBANK0  00044
___awdiv@quotient                         cstackBANK0  0004B
___awdiv@sign                             cstackBANK0  0004A
___bmul                                   text8        00D74
___bmul@multiplicand                      cstackBANK0  00044
___bmul@multiplier                        cstackBANK0  00047
___bmul@product                           cstackBANK0  00046
___int_sp                                 stack        00000
___latbits                                (abs)        00002
___sp                                     stack        00000
___stackhi                                (abs)        023EF
___stacklo                                (abs)        0206D
__end_of_ADCC_GetConversionResult         text40       00BF9
__end_of_ADCC_Initialize                  text31       00D74
__end_of_ADCC_IsConversionDone            text39       00BBF
__end_of_ADCC_StartConversion             text38       00BDF
__end_of_ADC_read                         text37       00E04
__end_of_DATAEE_ReadByte                  text17       00CBA
__end_of_DATAEE_WriteByte                 text18       00EDC
__end_of_EXT_INT_Initialize               text29       00C8D
__end_of_I2C_Initialize                   text35       00C0C
__end_of_INTERRUPT_InterruptManager       intentry     0004F
__end_of_INT_CallBack                     text93       00C64
__end_of_INT_DefaultInterruptHandler      text94       00B3E
__end_of_INT_ISR                          text92       00B99
__end_of_INT_SetInterruptHandler          text30       00B9F
__end_of_LED_bin                          text34       00E1E
__end_of_OSCILLATOR_Initialize            text28       00C02
__end_of_PIN_MANAGER_Initialize           text27       00799
__end_of_PMD_Initialize                   text26       00BE7
__end_of_PWM6_Initialize                  text25       00C71
__end_of_PWM6_LoadDutyValue               text14       00DEA
__end_of_ReadI2C                          text3        00E94
__end_of_Read_S1                          text33       00C16
__end_of_Read_S2                          text32       00C20
__end_of_SYSTEM_Initialize                text19       00E3A
__end_of_TMR0_DefaultInterruptHandler     text89       00B3F
__end_of_TMR0_ISR                         text88       00C9C
__end_of_TMR0_Initialize                  text23       00D48
__end_of_TMR0_SetInterruptHandler         text24       00BA5
__end_of_TMR1_DefaultInterruptHandler     text84       00B40
__end_of_TMR1_ISR                         text83       00DB8
__end_of_TMR1_Initialize                  text21       00E75
__end_of_TMR1_SetInterruptHandler         text22       00BAB
__end_of_TMR1_WriteTimer                  text87       00CEB
__end_of_TMR2_Initialize                  text20       00CAB
__end_of_WriteI2C                         text2        00606
__end_of___awdiv                          text6        005AC
__end_of___bmul                           text8        00D8A
__end_of__initialization                  cinit        00067
__end_of_cksum                            text16       00800
__end_of_cksum_w                          text15       00CDA
__end_of_do_I2C_DO_ACK                    text51       00B89
__end_of_do_I2C_DO_ADDRESS_NACK           text48       00F58
__end_of_do_I2C_DO_NACK_RESTART           text49       00B93
__end_of_do_I2C_DO_NACK_STOP              text50       00B8E
__end_of_do_I2C_IDLE                      text59       00B70
__end_of_do_I2C_RCEN                      text52       00BB8
__end_of_do_I2C_RESET                     text60       00BCF
__end_of_do_I2C_RX                        text46       00750
__end_of_do_I2C_SEND_ADR_READ             text54       00BF0
__end_of_do_I2C_SEND_ADR_WRITE            text53       00BD7
__end_of_do_I2C_SEND_RESTART              text56       00B7F
__end_of_do_I2C_SEND_RESTART_READ         text58       00B75
__end_of_do_I2C_SEND_RESTART_WRITE        text57       00B7A
__end_of_do_I2C_SEND_STOP                 text55       00B84
__end_of_do_I2C_TX                        text47       006B4
__end_of_do_I2C_TX_EMPTY                  text61       00F8B
__end_of_fsmStateTable                    stringtext1  01020
__end_of_h_clock                          text85       00DA1
__end_of_h_precisionclock                 text90       00660
__end_of_i2c1_driver_TXData               text64       00B6B
__end_of_i2c1_driver_clearBusCollision    text43       00B5A
__end_of_i2c1_driver_getRXData            text65       00B51
__end_of_i2c1_driver_isNACK               text63       00BC7
__end_of_i2c1_driver_open                 text36       00C57
__end_of_i2c1_driver_resetBus             text67       00B41
__end_of_i2c1_driver_restart              text81       00B48
__end_of_i2c1_driver_sendACK              text82       00B5E
__end_of_i2c1_driver_sendNACK             text66       00B62
__end_of_i2c1_driver_startRX              text68       00B4E
__end_of_i2c1_driver_stop                 text80       00B4B
__end_of_i2c_ISR                          text44       00F2C
__end_of_i2c_busCollisionISR              text42       00B66
__end_of_i2c_restartWrite                 text73       00004
__end_of_i2c_setBuffer                    text79       00CCA
__end_of_i2c_setDataCompleteCallback      text77       00C7F
__end_of_main                             maintext     003FC
__end_of_mod1_LED                         text13       00C35
__end_of_mod2_LED                         text12       00C2A
__end_of_mod3_LED                         text11       00C40
__end_of_mod4_LED                         text10       00C4B
__end_of_mssp1_clearIRQ                   text45       00B57
__end_of_mssp1_setIRQ                     text62       00B54
__end_of_push_ring                        text9        007E0
__end_of_rd1RegCompleteHandler            text71       00D21
__end_of_rd2RegCompleteHandler            text70       00D33
__end_of_rdBlkRegCompleteHandler          text69       00DD1
__end_of_read_ring                        text7        01000
__end_of_represent_led                    text5        00706
__end_of_reset_recv                       text4        00E56
__end_of_returnReset                      text74       00B45
__end_of_returnStop                       text75       00B43
__end_of_setCallBack                      text78       00F02
__end_of_sw1_EXT                          text95       00FC1
__end_of_tsttc                            text1        0054C
__end_of_update_clock                     text86       00EB8
__end_of_wr1RegCompleteHandler            text72       00D0F
__end_of_wr2RegCompleteHandler            text76       00CFD
__end_ofi1_PWM6_LoadDutyValue             text91       00D5E
__initialization                          cinit        00051
__pbitbssCOMMON                           bitbssCOMMON 003B8
__pbitnvCOMMON                            bitnvCOMMON  003E8
__pbssBANK0                               bssBANK0     00020
__pbssBANK1                               bssBANK1     000A0
__pbssCOMMON                              bssCOMMON    00078
__pcstackBANK0                            cstackBANK0  00044
__pcstackCOMMON                           cstackCOMMON 00070
__pintentry                               intentry     00004
__pmaintext                               maintext     0006B
__pstringtext1                            stringtext1  01000
__ptext1                                  text1        003FC
__ptext10                                 text10       00C40
__ptext11                                 text11       00C35
__ptext12                                 text12       00C20
__ptext13                                 text13       00C2A
__ptext14                                 text14       00DD1
__ptext15                                 text15       00CCA
__ptext16                                 text16       007E0
__ptext17                                 text17       00CAB
__ptext18                                 text18       00EB8
__ptext19                                 text19       00E1E
__ptext2                                  text2        005AC
__ptext20                                 text20       00C9C
__ptext21                                 text21       00E56
__ptext22                                 text22       00BA5
__ptext23                                 text23       00D33
__ptext24                                 text24       00B9F
__ptext25                                 text25       00C64
__ptext26                                 text26       00BDF
__ptext27                                 text27       00750
__ptext28                                 text28       00BF9
__ptext29                                 text29       00C7F
__ptext3                                  text3        00E75
__ptext30                                 text30       00B99
__ptext31                                 text31       00D5E
__ptext32                                 text32       00C16
__ptext33                                 text33       00C0C
__ptext34                                 text34       00E04
__ptext35                                 text35       00C02
__ptext36                                 text36       00C4B
__ptext37                                 text37       00DEA
__ptext38                                 text38       00BD7
__ptext39                                 text39       00BB8
__ptext4                                  text4        00E3A
__ptext40                                 text40       00BF0
__ptext42                                 text42       00B62
__ptext43                                 text43       00B57
__ptext44                                 text44       00F02
__ptext45                                 text45       00B54
__ptext46                                 text46       00706
__ptext47                                 text47       00660
__ptext48                                 text48       00F2C
__ptext49                                 text49       00B8E
__ptext5                                  text5        006B4
__ptext50                                 text50       00B89
__ptext51                                 text51       00B84
__ptext52                                 text52       00BB1
__ptext53                                 text53       00BCF
__ptext54                                 text54       00BE7
__ptext55                                 text55       00B7F
__ptext56                                 text56       00B7A
__ptext57                                 text57       00B75
__ptext58                                 text58       00B70
__ptext59                                 text59       00B6B
__ptext6                                  text6        0054C
__ptext60                                 text60       00BC7
__ptext61                                 text61       00F58
__ptext62                                 text62       00B51
__ptext63                                 text63       00BBF
__ptext64                                 text64       00B66
__ptext65                                 text65       00B4E
__ptext66                                 text66       00B5E
__ptext67                                 text67       00B40
__ptext68                                 text68       00B4B
__ptext69                                 text69       00DB8
__ptext7                                  text7        00FC1
__ptext70                                 text70       00D21
__ptext71                                 text71       00D0F
__ptext72                                 text72       00CFD
__ptext73                                 text73       00002
__ptext74                                 text74       00B43
__ptext75                                 text75       00B41
__ptext76                                 text76       00CEB
__ptext77                                 text77       00C71
__ptext78                                 text78       00EDC
__ptext79                                 text79       00CBA
__ptext8                                  text8        00D74
__ptext80                                 text80       00B48
__ptext81                                 text81       00B45
__ptext82                                 text82       00B5A
__ptext83                                 text83       00DA1
__ptext84                                 text84       00B3F
__ptext85                                 text85       00D8A
__ptext86                                 text86       00E94
__ptext87                                 text87       00CDA
__ptext88                                 text88       00C8D
__ptext89                                 text89       00B3E
__ptext9                                  text9        00799
__ptext90                                 text90       00606
__ptext91                                 text91       00D48
__ptext92                                 text92       00B93
__ptext93                                 text93       00C57
__ptext94                                 text94       00B3D
__ptext95                                 text95       00F8B
__size_of_ADCC_GetConversionResult        (abs)        00000
__size_of_ADCC_Initialize                 (abs)        00000
__size_of_ADCC_IsConversionDone           (abs)        00000
__size_of_ADCC_StartConversion            (abs)        00000
__size_of_ADC_read                        (abs)        00000
__size_of_DATAEE_ReadByte                 (abs)        00000
__size_of_DATAEE_WriteByte                (abs)        00000
__size_of_EXT_INT_Initialize              (abs)        00000
__size_of_I2C_Initialize                  (abs)        00000
__size_of_INTERRUPT_InterruptManager      (abs)        00000
__size_of_INT_CallBack                    (abs)        00000
__size_of_INT_DefaultInterruptHandler     (abs)        00000
__size_of_INT_ISR                         (abs)        00000
__size_of_INT_SetInterruptHandler         (abs)        00000
__size_of_LED_bin                         (abs)        00000
__size_of_OSCILLATOR_Initialize           (abs)        00000
__size_of_PIN_MANAGER_Initialize          (abs)        00000
__size_of_PMD_Initialize                  (abs)        00000
__size_of_PWM6_Initialize                 (abs)        00000
__size_of_PWM6_LoadDutyValue              (abs)        00000
__size_of_ReadI2C                         (abs)        00000
__size_of_Read_S1                         (abs)        00000
__size_of_Read_S2                         (abs)        00000
__size_of_SYSTEM_Initialize               (abs)        00000
__size_of_TMR0_DefaultInterruptHandler    (abs)        00000
__size_of_TMR0_ISR                        (abs)        00000
__size_of_TMR0_Initialize                 (abs)        00000
__size_of_TMR0_SetInterruptHandler        (abs)        00000
__size_of_TMR1_DefaultInterruptHandler    (abs)        00000
__size_of_TMR1_ISR                        (abs)        00000
__size_of_TMR1_Initialize                 (abs)        00000
__size_of_TMR1_SetInterruptHandler        (abs)        00000
__size_of_TMR1_WriteTimer                 (abs)        00000
__size_of_TMR2_Initialize                 (abs)        00000
__size_of_WriteI2C                        (abs)        00000
__size_of___awdiv                         (abs)        00000
__size_of___bmul                          (abs)        00000
__size_of_cksum                           (abs)        00000
__size_of_cksum_w                         (abs)        00000
__size_of_do_I2C_DO_ACK                   (abs)        00000
__size_of_do_I2C_DO_ADDRESS_NACK          (abs)        00000
__size_of_do_I2C_DO_NACK_RESTART          (abs)        00000
__size_of_do_I2C_DO_NACK_STOP             (abs)        00000
__size_of_do_I2C_IDLE                     (abs)        00000
__size_of_do_I2C_RCEN                     (abs)        00000
__size_of_do_I2C_RESET                    (abs)        00000
__size_of_do_I2C_RX                       (abs)        00000
[...]
      Temps:          0       0       0       0       0       0       0       0       0       0       0       0       0       0
      Totals:         0       0       0       0       0       0       0       0       0       0       0       0       0       0
Total ram usage:        0 bytes
 Hardware stack levels used:    1
 Hardware stack levels required when called:    1
 This function calls:
		_update_clock
 This function is called by:
		_main
		_TMR1_ISR
 This function uses a non-reentrant model


 *************** function _update_clock *****************
 Defined at:
		line 419 in file "main.c"
 Parameters:    Size  Location     Type
		None
 Auto vars:     Size  Location     Type
		None
 Return value:  Size  Location     Type
                  1    wreg      void 
 Registers used:
		wreg, status,2, status,0
 Tracked objects:
		On entry : 
		On exit  : 
		Unchanged: 
 Data sizes:     COMMON   BANK0   BANK1   BANK2   BANK3   BANK4   BANK5   BANK6   BANK7   BANK8   BANK9  BANK10  BANK11  BANK12
      Params:         0       0       0       0       0       0       0       0       0       0       0       0       0       0
      Locals:         0       0       0       0       0       0       0       0       0       0       0       0       0       0
      Temps:          1       0       0       0       0       0       0       0       0       0       0       0       0       0
      Totals:         1       0       0       0       0       0       0       0       0       0       0       0       0       0
Total ram usage:        1 bytes
 Hardware stack levels used:    1
 This function calls:
		Nothing
 This function is called by:
		_h_clock
 This function uses a non-reentrant model


 *************** function _TMR1_WriteTimer *****************
 Defined at:
		line 127 in file "mcc_generated_files/tmr1.c"
 Parameters:    Size  Location     Type
  timerVal        2    0[COMMON] unsigned short 
 Auto vars:     Size  Location     Type
		None
 Return value:  Size  Location     Type
                  1    wreg      void 
 Registers used:
		wreg, status,2
 Tracked objects:
		On entry : 
		On exit  : 
		Unchanged: 
 Data sizes:     COMMON   BANK0   BANK1   BANK2   BANK3   BANK4   BANK5   BANK6   BANK7   BANK8   BANK9  BANK10  BANK11  BANK12
      Params:         2       0       0       0       0       0       0       0       0       0       0       0       0       0
      Locals:         0       0       0       0       0       0       0       0       0       0       0       0       0       0
      Temps:          0       0       0       0       0       0       0       0       0       0       0       0       0       0
      Totals:         2       0       0       0       0       0       0       0       0       0       0       0       0       0
Total ram usage:        2 bytes
 Hardware stack levels used:    1
 This function calls:
		Nothing
 This function is called by:
		_TMR1_ISR
		_TMR1_Reload
 This function uses a non-reentrant model


 *************** function _TMR0_ISR *****************
 Defined at:
		line 121 in file "mcc_generated_files/tmr0.c"
 Parameters:    Size  Location     Type
		None
 Auto vars:     Size  Location     Type
		None
 Return value:  Size  Location     Type
                  1    wreg      void 
 Registers used:
		wreg, status,2, status,0, pclath, cstack
 Tracked objects:
		On entry : 
		On exit  : 
		Unchanged: 
 Data sizes:     COMMON   BANK0   BANK1   BANK2   BANK3   BANK4   BANK5   BANK6   BANK7   BANK8   BANK9  BANK10  BANK11  BANK12
      Params:         0       0       0       0       0       0       0       0       0       0       0       0       0       0
      Locals:         0       0       0       0       0       0       0       0       0       0       0       0       0       0
      Temps:          0       0       0       0       0       0       0       0       0       0       0       0       0       0
      Totals:         0       0       0       0       0       0       0       0       0       0       0       0       0       0
Total ram usage:        0 bytes
 Hardware stack levels used:    1
 Hardware stack levels required when called:    2
 This function calls:
		Absolute function
		_TMR0_DefaultInterruptHandler
		_h_precisionclock
 This function is called by:
		_INTERRUPT_InterruptManager
 This function uses a non-reentrant model


 *************** function _TMR0_DefaultInterruptHandler *****************
 Defined at:
		line 138 in file "mcc_generated_files/tmr0.c"
 Parameters:    Size  Location     Type
		None
 Auto vars:     Size  Location     Type
		None
 Return value:  Size  Location     Type
                  1    wreg      void 
 Registers used:
		None
 Tracked objects:
		On entry : 
		On exit  : 
		Unchanged: 
 Data sizes:     COMMON   BANK0   BANK1   BANK2   BANK3   BANK4   BANK5   BANK6   BANK7   BANK8   BANK9  BANK10  BANK11  BANK12
      Params:         0       0       0       0       0       0       0       0       0       0       0       0       0       0
      Locals:         0       0       0       0       0       0       0       0       0       0       0       0       0       0
      Temps:          0       0       0       0       0       0       0       0       0       0       0       0       0       0
      Totals:         0       0       0       0       0       0       0       0       0       0       0       0       0       0
Total ram usage:        0 bytes
 Hardware stack levels used:    1
 This function calls:
		Nothing
 This function is called by:
		_TMR0_Initialize
		_TMR0_ISR
 This function uses a non-reentrant model


 *************** function _h_precisionclock *****************
 Defined at:
		line 283 in file "main.c"
 Parameters:    Size  Location     Type
		None
 Auto vars:     Size  Location     Type
		None
 Return value:  Size  Location     Type
                  1    wreg      void 
 Registers used:
		wreg, status,2, status,0, pclath, cstack
 Tracked objects:
		On entry : 
		On exit  : 
		Unchanged: 
 Data sizes:     COMMON   BANK0   BANK1   BANK2   BANK3   BANK4   BANK5   BANK6   BANK7   BANK8   BANK9  BANK10  BANK11  BANK12
      Params:         0       0       0       0       0       0       0       0       0       0       0       0       0       0
      Locals:         0       0       0       0       0       0       0       0       0       0       0       0       0       0
      Temps:          3       0       0       0       0       0       0       0       0       0       0       0       0       0
      Totals:         3       0       0       0       0       0       0       0       0       0       0       0       0       0
Total ram usage:        3 bytes
 Hardware stack levels used:    1
 Hardware stack levels required when called:    1
 This function calls:
		i1_PWM6_LoadDutyValue
 This function is called by:
		_main
		_TMR0_ISR
 This function uses a non-reentrant model


 *************** function i1_PWM6_LoadDutyValue *****************
 Defined at:
		line 74 in file "mcc_generated_files/pwm6.c"
 Parameters:    Size  Location     Type
  dutyValue       2    0[COMMON] unsigned short 
 Auto vars:     Size  Location     Type
		None
 Return value:  Size  Location     Type
                  1    wreg      void 
 Registers used:
		wreg, status,2, status,0
 Tracked objects:
		On entry : 
		On exit  : 
		Unchanged: 
 Data sizes:     COMMON   BANK0   BANK1   BANK2   BANK3   BANK4   BANK5   BANK6   BANK7   BANK8   BANK9  BANK10  BANK11  BANK12
      Params:         2       0       0       0       0       0       0       0       0       0       0       0       0       0
      Locals:         0       0       0       0       0       0       0       0       0       0       0       0       0       0
      Temps:          2       0       0       0       0       0       0       0       0       0       0       0       0       0
      Totals:         4       0       0       0       0       0       0       0       0       0       0       0       0       0
Total ram usage:        4 bytes
 Hardware stack levels used:    1
 This function calls:
		Nothing
 This function is called by:
		_h_precisionclock
 This function uses a non-reentrant model


 *************** function _INT_ISR *****************
 Defined at:
		line 32 in file "mcc_generated_files/ext_int.c"
 Parameters:    Size  Location     Type
		None
 Auto vars:     Size  Location     Type
		None
 Return value:  Size  Location     Type
                  1    wreg      void 
 Registers used:
		wreg, status,2, status,0, pclath, cstack
 Tracked objects:
		On entry : 
		On exit  : 
		Unchanged: 
 Data sizes:     COMMON   BANK0   BANK1   BANK2   BANK3   BANK4   BANK5   BANK6   BANK7   BANK8   BANK9  BANK10  BANK11  BANK12
      Params:         0       0       0       0       0       0       0       0       0       0       0       0       0       0
      Locals:         0       0       0       0       0       0       0       0       0       0       0       0       0       0
      Temps:          0       0       0       0       0       0       0       0       0       0       0       0       0       0
      Totals:         0       0       0       0       0       0       0       0       0       0       0       0       0       0
Total ram usage:        0 bytes
 Hardware stack levels used:    1
 Hardware stack levels required when called:    2
 This function calls:
		_INT_CallBack
 This function is called by:
		_INTERRUPT_InterruptManager
 This function uses a non-reentrant model


 *************** function _INT_CallBack *****************
 Defined at:
		line 41 in file "mcc_generated_files/ext_int.c"
 Parameters:    Size  Location     Type
		None
 Auto vars:     Size  Location     Type
		None
 Return value:  Size  Location     Type
                  1    wreg      void 
 Registers used:
		wreg, status,2, status,0, pclath, cstack
 Tracked objects:
		On entry : 
		On exit  : 
		Unchanged: 
 Data sizes:     COMMON   BANK0   BANK1   BANK2   BANK3   BANK4   BANK5   BANK6   BANK7   BANK8   BANK9  BANK10  BANK11  BANK12
      Params:         0       0       0       0       0       0       0       0       0       0       0       0       0       0
      Locals:         0       0       0       0       0       0       0       0       0       0       0       0       0       0
      Temps:          0       0       0       0       0       0       0       0       0       0       0       0       0       0
      Totals:         0       0       0       0       0       0       0       0       0       0       0       0       0       0
Total ram usage:        0 bytes
 Hardware stack levels used:    1
 Hardware stack levels required when called:    1
 This function calls:
		Absolute function
		_INT_DefaultInterruptHandler
		_sw1_EXT
 This function is called by:
		_INT_ISR
 This function uses a non-reentrant model


 *************** function _INT_DefaultInterruptHandler *****************
 Defined at:
		line 54 in file "mcc_generated_files/ext_int.c"
 Parameters:    Size  Location     Type
		None
 Auto vars:     Size  Location     Type
		None
 Return value:  Size  Location     Type
                  1    wreg      void 
 Registers used:
		None
 Tracked objects:
		On entry : 
		On exit  : 
		Unchanged: 
 Data sizes:     COMMON   BANK0   BANK1   BANK2   BANK3   BANK4   BANK5   BANK6   BANK7   BANK8   BANK9  BANK10  BANK11  BANK12
      Params:         0       0       0       0       0       0       0       0       0       0       0       0       0       0
      Locals:         0       0       0       0       0       0       0       0       0       0       0       0       0       0
      Temps:          0       0       0       0       0       0       0       0       0       0       0       0       0       0
      Totals:         0       0       0       0       0       0       0       0       0       0       0       0       0       0
Total ram usage:        0 bytes
 Hardware stack levels used:    1
 This function calls:
		Nothing
 This function is called by:
		_EXT_INT_Initialize
		_INT_CallBack
 This function uses a non-reentrant model


 *************** function _sw1_EXT *****************
 Defined at:
		line 310 in file "main.c"
 Parameters:    Size  Location     Type
		None
 Auto vars:     Size  Location     Type
		None
 Return value:  Size  Location     Type
                  1    wreg      void 
 Registers used:
		wreg, status,2, status,0
 Tracked objects:
		On entry : 
		On exit  : 
		Unchanged: 
 Data sizes:     COMMON   BANK0   BANK1   BANK2   BANK3   BANK4   BANK5   BANK6   BANK7   BANK8   BANK9  BANK10  BANK11  BANK12
      Params:         0       0       0       0       0       0       0       0       0       0       0       0       0       0
      Locals:         0       0       0       0       0       0       0       0       0       0       0       0       0       0
      Temps:          3       0       0       0       0       0       0       0       0       0       0       0       0       0
      Totals:         3       0       0       0       0       0       0       0       0       0       0       0       0       0
Total ram usage:        3 bytes
 Hardware stack levels used:    1
 This function calls:
		Nothing
 This function is called by:
		_main
		_INT_CallBack
 This function uses a non-reentrant model



MODULE INFORMATION

Module		Function		Class		Link	Load	Size
mcc_generated_files/pwm6.c
		_PWM6_LoadDutyValue		CODE           	0DD1	0000	26
		_PWM6_Initialize		CODE           	0C64	0000	14

mcc_generated_files/pwm6.c estimated size: 40

mcc_generated_files/tmr2.c
		_TMR2_Initialize		CODE           	0C9C	0000	16

mcc_generated_files/tmr2.c estimated size: 16

mcc_generated_files/interrupt_manager.c
		_INTERRUPT_InterruptManager		CODE           	0004	0000	76

mcc_generated_files/interrupt_manager.c estimated size: 76

C:\Program Files (x86)\Microchip\xc8\v2.10\pic\sources\c99\common\awdiv.c
		___awdiv       		CODE           	054C	0000	97

C:\Program Files (x86)\Microchip\xc8\v2.10\pic\sources\c99\common\awdiv.c estimated size: 97

mcc_generated_files/tmr0.c
		_TMR0_SetInterruptHandler		CODE           	0B9F	0000	7
		_TMR0_DefaultInterruptHandler		CODE           	0B3E	0000	2
		_TMR0_ISR      		CODE           	0C8D	0000	16
		_TMR0_Initialize		CODE           	0D33	0000	22

mcc_generated_files/tmr0.c estimated size: 47

mcc_generated_files/pin_manager.c
		_PIN_MANAGER_Initialize		CODE           	0750	0000	74

mcc_generated_files/pin_manager.c estimated size: 74

C:\Program Files (x86)\Microchip\xc8\v2.10\pic\sources\c99\common\Umul8.c
		___bmul        		CODE           	0D74	0000	23

C:\Program Files (x86)\Microchip\xc8\v2.10\pic\sources\c99\common\Umul8.c estimated size: 23

I2C/i2c.c
		_ReadI2C       		CODE           	0E75	0000	32
		_tsttc         		CODE           	03FC	0000	337
		_WriteI2C      		CODE           	05AC	0000	91
		_I2C_Initialize		CODE           	0C02	0000	11

I2C/i2c.c estimated size: 471

mcc_generated_files/drivers/i2c_simple_master.c
		_wr1RegCompleteHandler		CODE           	0CFD	0000	19
		_wr2RegCompleteHandler		CODE           	0CEB	0000	19
		_rdBlkRegCompleteHandler		CODE           	0DB8	0000	26
		_rd1RegCompleteHandler		CODE           	0D0F	0000	19
		_rd2RegCompleteHandler		CODE           	0D21	0000	19

mcc_generated_files/drivers/i2c_simple_master.c estimated size: 102

eeprom_rw.c
		_read_ring     		CODE           	0FC1	0000	64
		_reset_recv    		CODE           	0E3A	0000	29
		_cksum         		CODE           	07E0	0000	33
		_push_ring     		CODE           	0799	0000	72
		_cksum_w       		CODE           	0CCA	0000	17

eeprom_rw.c estimated size: 215

mcc_generated_files/ext_int.c
		_INT_DefaultInterruptHandler		CODE           	0B3D	0000	2
		_EXT_INT_Initialize		CODE           	0C7F	0000	15
		_INT_SetInterruptHandler		CODE           	0B99	0000	7
		_INT_CallBack  		CODE           	0C57	0000	14
		_INT_ISR       		CODE           	0B93	0000	7

mcc_generated_files/ext_int.c estimated size: 45

shared
		__initialization		CODE           	0051	0000	23
		_fsmStateTable 		STRCODE        	1000	0000	33
		i1_PWM6_LoadDutyValue		CODE           	0D48	0000	23

shared estimated size: 79

mcc_generated_files/mcc.c
		_PMD_Initialize		CODE           	0BDF	0000	9
		_OSCILLATOR_Initialize		CODE           	0BF9	0000	10
		_SYSTEM_Initialize		CODE           	0E1E	0000	29

mcc_generated_files/mcc.c estimated size: 48

mcc_generated_files/drivers/i2c_master.c
		_i2c_setDataCompleteCallback		CODE           	0C71	0000	15
		_returnStop    		CODE           	0B41	0000	3
		_i2c_setBuffer 		CODE           	0CBA	0000	17
		_i2c_busCollisionISR		CODE           	0B62	0000	5
		_i2c_ISR       		CODE           	0F02	0000	43
		_do_I2C_TX_EMPTY		CODE           	0F58	0000	52
		_setCallBack   		CODE           	0EDC	0000	39
		_returnReset   		CODE           	0B43	0000	3
		_do_I2C_SEND_RESTART_WRITE		CODE           	0B75	0000	6
		_do_I2C_DO_NACK_RESTART		CODE           	0B8E	0000	6
		_do_I2C_SEND_RESTART_READ		CODE           	0B70	0000	6
		_do_I2C_SEND_ADR_WRITE		CODE           	0BCF	0000	9
		_do_I2C_SEND_STOP		CODE           	0B7F	0000	6
		_do_I2C_SEND_ADR_READ		CODE           	0BE7	0000	10
		_do_I2C_DO_NACK_STOP		CODE           	0B89	0000	6
		_do_I2C_SEND_RESTART		CODE           	0B7A	0000	6
		_do_I2C_RX     		CODE           	0706	0000	75
		_do_I2C_TX     		CODE           	0660	0000	85
		_do_I2C_IDLE   		CODE           	0B6B	0000	6
		_do_I2C_RCEN   		CODE           	0BB1	0000	8
		_do_I2C_DO_ADDRESS_NACK		CODE           	0F2C	0000	45
		_do_I2C_RESET  		CODE           	0BC7	0000	9
		_do_I2C_DO_ACK 		CODE           	0B84	0000	6

mcc_generated_files/drivers/i2c_master.c estimated size: 466

mcc_generated_files/tmr1.c
		_TMR1_Initialize		CODE           	0E56	0000	32
		_TMR1_SetInterruptHandler		CODE           	0BA5	0000	7
		_TMR1_DefaultInterruptHandler		CODE           	0B3F	0000	2
		_TMR1_WriteTimer		CODE           	0CDA	0000	18
		_TMR1_ISR      		CODE           	0DA1	0000	24

mcc_generated_files/tmr1.c estimated size: 83

mcc_generated_files/drivers/i2c_types.c
		_i2c_restartWrite		CODE           	0002	0000	3

mcc_generated_files/drivers/i2c_types.c estimated size: 3

mcc_generated_files/memory.c
		_DATAEE_WriteByte		CODE           	0EB8	0000	37
		_DATAEE_ReadByte		CODE           	0CAB	0000	16

mcc_generated_files/memory.c estimated size: 53

mcc_generated_files/i2c1_driver.c
		_i2c1_driver_open		CODE           	0C4B	0000	13
		_i2c1_driver_isNACK		CODE           	0BBF	0000	9
		_i2c1_driver_stop		CODE           	0B48	0000	4
		_i2c1_driver_getRXData		CODE           	0B4E	0000	4
		_i2c1_driver_TXData		CODE           	0B66	0000	6
		_i2c1_driver_sendACK		CODE           	0B5A	0000	5
		_mssp1_setIRQ  		CODE           	0B51	0000	4
		_i2c1_driver_sendNACK		CODE           	0B5E	0000	5
		_i2c1_driver_restart		CODE           	0B45	0000	4
		_i2c1_driver_resetBus		CODE           	0B40	0000	2
		_i2c1_driver_clearBusCollision		CODE           	0B57	0000	4
		_mssp1_clearIRQ		CODE           	0B54	0000	4
		_i2c1_driver_startRX		CODE           	0B4B	0000	4

mcc_generated_files/i2c1_driver.c estimated size: 68

mcc_generated_files/adcc.c
		_ADCC_GetConversionResult		CODE           	0BF0	0000	10
		_ADCC_StartConversion		CODE           	0BD7	0000	9
		_ADCC_Initialize		CODE           	0D5E	0000	23
		_ADCC_IsConversionDone		CODE           	0BB8	0000	8

mcc_generated_files/adcc.c estimated size: 50

main.c
		_sw1_EXT       		CODE           	0F8B	0000	55
		_mod1_LED      		CODE           	0C2A	0000	12
		_LED_bin       		CODE           	0E04	0000	27
		_mod2_LED      		CODE           	0C20	0000	11
		_Read_S2       		CODE           	0C16	0000	11
		_mod3_LED      		CODE           	0C35	0000	12
		_main          		CODE           	006B	0000	914
		_mod4_LED      		CODE           	0C40	0000	12
		_ADC_read      		CODE           	0DEA	0000	27
		_Read_S1       		CODE           	0C0C	0000	11
		_update_clock  		CODE           	0E94	0000	37
		_h_clock       		CODE           	0D8A	0000	24
		_represent_led 		CODE           	06B4	0000	83
		_h_precisionclock		CODE           	0606	0000	91

main.c estimated size: 1327

