Microchip MPLAB XC8 Compiler V2.10 ()

Linker command line:

-W-3 --edf=/opt/microchip/xc8/v2.10/pic/dat/en_msgs.txt -cs \
  -h+dist/default/production/sce.X.production.sym \
  --cmf=dist/default/production/sce.X.production.cmf -z -Q16F18875 \
  -o/tmp/xcXOqauNr --defsym=__MPLAB_BUILD=1 \
  -Mdist/default/production/sce.X.production.map -E1 -ver=XC8 --acfsm=1493 \
  -ASTACK=0206Dh-02359h -pstack=STACK -ACODE=00h-07FFhx4 \
  -ASTRCODE=00h-01FFFh -ASTRING=00h-0FFhx32 -ACONST=00h-0FFhx32 \
  -AENTRY=00h-0FFhx32 -ACOMMON=070h-07Fh -ABANK0=020h-06Fh \
  -ABANK1=0A0h-0EFh -ABANK2=0120h-016Fh -ABANK3=01A0h-01EFh \
  -ABANK4=0220h-026Fh -ABANK5=02A0h-02EFh -ABANK6=0320h-036Fh \
  -ABANK7=03A0h-03EFh -ABANK8=0420h-046Fh -ABANK9=04A0h-04EFh \
  -ABANK10=0520h-056Fh -ABANK11=05A0h-05EFh -ABANK12=0620h-064Fh \
  -ABIGRAM=02000h-023EFh \
  -ARAM=020h-06Fh,0A0h-0EFh,0120h-016Fh,01A0h-01EFh,0220h-026Fh,02A0h-02EFh,0320h-036Fh,03A0h-03EFh,0420h-046Fh,04A0h-04EFh,0520h-056Fh,05A0h-05EFh,0620h-064Fh \
  -AABS1=020h-07Fh,0A0h-0EFh,0120h-016Fh,01A0h-01EFh,0220h-026Fh,02A0h-02EFh,0320h-036Fh,03A0h-03EFh,0420h-046Fh,04A0h-04EFh,0520h-056Fh,05A0h-05EFh,0620h-064Fh \
  -ASFR0=00h-01Fh -ASFR1=080h-09Fh -ASFR2=0100h-011Fh -ASFR3=0180h-019Fh \
  -ASFR4=0200h-021Fh -ASFR5=0280h-029Fh -ASFR6=0300h-031Fh \
  -ASFR7=0380h-039Fh -ASFR8=0400h-041Fh -ASFR9=0480h-049Fh \
  -ASFR10=0500h-051Fh -ASFR11=0580h-059Fh -ASFR12=0600h-061Fh \
  -ASFR13=0680h-06EFh -ASFR14=0700h-076Fh -ASFR15=0780h-07EFh \
  -ASFR16=0800h-086Fh -ASFR17=0880h-08EFh -ASFR18=0900h-096Fh \
  -ASFR19=0980h-09EFh -ASFR20=0A00h-0A6Fh -ASFR21=0A80h-0AEFh \
  -ASFR22=0B00h-0B6Fh -ASFR23=0B80h-0BEFh -ASFR24=0C00h-0C6Fh \
  -ASFR25=0C80h-0CEFh -ASFR26=0D00h-0D6Fh -ASFR27=0D80h-0DEFh \
  -ASFR28=0E00h-0E6Fh -ASFR29=0E80h-0EEFh -ASFR30=0F00h-0F6Fh \
  -ASFR31=0F80h-0FEFh -preset_vec=00h,intentry=04h,init,end_init \
  -ppowerup=CODE -pcinit=CODE -pfunctab=ENTRY -ACONFIG=08007h-0800Bh \
  -pconfig=CONFIG -DCONFIG=2 -AIDLOC=08000h-08003h -pidloc=IDLOC -DIDLOC=2 \
  -AEEDATA=00h-0FFh/0F000h -peeprom_data=EEDATA -DEEDATA=2 -DCODE=2 \
  -DSTRCODE=2 -DSTRING=2 -DCONST=2 -DENTRY=2 -k /tmp/xcXlBQeQU.o \
  dist/default/production/sce.X.production.o 

Object code version is 3.11

Machine type is 16F18875



                Name                               Link     Load   Length Selector   Space Scale
/tmp/xcXlBQeQU.o
                end_init                             37       37        2        8       0
                reset_vec                             0        0        2        0       0
                config                             8007     8007        5    1000E       0
dist/default/production/sce.X.production.o
                cinit                                39       39       3C        8       0
                intentry                              4        4       33        8       0
                text65                              5A9      5A9       11      9A2       0
                text64                              48D      48D       24        8       0
                text63                              51E      51E       17      9A2       0
                text62                              6BF      6BF        1      9A2       0
                text61                              54B      54B       16      9A2       0
                text60                              69F      69F        4      9A2       0
                text59                              6B5      6B5        3      9A2       0
                text58                              6B2      6B2        3      9A2       0
                text57                              5BA      5BA       10      9A2       0
                text56                              443      443       26        8       0
                text55                              5D9      5D9        E      9A2       0
                text54                              597      597       12      9A2       0
                text53                              6BC      6BC        2      9A2       0
                text52                              6BA      6BA        2      9A2       0
                text51                              6B8      6B8        2      9A2       0
                text50                              585      585       12      9A2       0
                text49                              573      573       12      9A2       0
                text48                              561      561       12      9A2       0
                text47                              4ED      4ED       19      9A2       0
                text46                              6AF      6AF        3      9A2       0
                text45                              6BE      6BE        1      9A2       0
                text44                              69B      69B        4      9A2       0
                text43                              6AC      6AC        3      9A2       0
                text42                              692      692        5      9A2       0
                text41                              64E      64E        8      9A2       0
                text40                              6A9      6A9        3      9A2       0
                text39                              389      389       34        8       0
                text38                              646      646        8      9A2       0
                text37                              68D      68D        5      9A2       0
                text36                              688      688        5      9A2       0
                text35                              683      683        5      9A2       0
                text34                              67E      67E        5      9A2       0
                text33                              679      679        5      9A2       0
                text32                              625      625        9      9A2       0
                text31                              63E      63E        8      9A2       0
                text30                              65D      65D        7      9A2       0
                text29                              674      674        5      9A2       0
                text28                              66F      66F        5      9A2       0
                text27                              66A      66A        5      9A2       0
                text26                              3EC      3EC       2D        8       0
                text25                              1E4      1E4       55        8       0
                text24                              286      286       4B        8       0
                text23                              6A6      6A6        3      9A2       0
                text22                              419      419       2A        8       0
                text21                              6A3      6A3        3      9A2       0
                text20                              697      697        4      9A2       0
                text18                              469      469       24        8       0
                text17                              316      316       3D        8       0
                text16                              18E      18E       56        8       0
                text15                              636      636        8      9A2       0
                text14                              2D1      2D1       45        8       0
                text13                              62E      62E        8      9A2       0
                text12                              664      664        6      9A2       0
                text11                              4D1      4D1       1C      9A2       0
                text10                              5F4      5F4        D      9A2       0
                text9                               239      239       4D        8       0
                text8                               5E7      5E7        D      9A2       0
                text7                               3BD      3BD       2F        8       0
                text6                               5CA      5CA        F      9A2       0
                text5                               506      506       18      9A2       0
                text4                               619      619        C      9A2       0
                text3                               60D      60D        C      9A2       0
                text2                               535      535       16      9A2       0
                text1                               353      353       36        8       0
                maintext                             75       75      119        8       0
                cstackBANK0                          40       40       18       20       1
                cstackCOMMON                         70       70        8       70       1
                clrtext                             601      601        C      9A2       0
                bssBANK1                             A0       A0       1D       A0       1
                dataBANK0                            58       58        7       20       1
                bssBANK0                             20       20       20       20       1
                bssCOMMON                            78       78        4       70       1
                bitbssCOMMON                        3E0       7C        3       70       1     8
                bssEEDATA                             0     F000        5    1E000       3
                nvBANK0                              5F       5F        4       20       1
                bitnvCOMMON                         3E8       7D        1       70       1     8
                stringtext1                         4B1      4B1       20      962       0
                idataBANK0                          656      656        7      9A2       0

TOTAL           Name                               Link     Load   Length     Space
        CLASS   STACK          

        CLASS   CODE           
                end_init                             37       37        2         0
                cinit                                39       39       3C         0
                intentry                              4        4       33         0
                reset_vec                             0        0        2         0
                text65                              5A9      5A9       11         0
                text64                              48D      48D       24         0
                text63                              51E      51E       17         0
                text62                              6BF      6BF        1         0
                text61                              54B      54B       16         0
                text60                              69F      69F        4         0
                text59                              6B5      6B5        3         0
                text58                              6B2      6B2        3         0
                text57                              5BA      5BA       10         0
                text56                              443      443       26         0
                text55                              5D9      5D9        E         0
                text54                              597      597       12         0
                text53                              6BC      6BC        2         0
                text52                              6BA      6BA        2         0
                text51                              6B8      6B8        2         0
                text50                              585      585       12         0
                text49                              573      573       12         0
                text48                              561      561       12         0
                text47                              4ED      4ED       19         0
                text46                              6AF      6AF        3         0
                text45                              6BE      6BE        1         0
                text44                              69B      69B        4         0
                text43                              6AC      6AC        3         0
                text42                              692      692        5         0
                text41                              64E      64E        8         0
                text40                              6A9      6A9        3         0
                text39                              389      389       34         0
                text38                              646      646        8         0
                text37                              68D      68D        5         0
                text36                              688      688        5         0
                text35                              683      683        5         0
                text34                              67E      67E        5         0
                text33                              679      679        5         0
                text32                              625      625        9         0
                text31                              63E      63E        8         0
                text30                              65D      65D        7         0
                text29                              674      674        5         0
                text28                              66F      66F        5         0
                text27                              66A      66A        5         0
                text26                              3EC      3EC       2D         0
                text25                              1E4      1E4       55         0
                text24                              286      286       4B         0
                text23                              6A6      6A6        3         0
                text22                              419      419       2A         0
                text21                              6A3      6A3        3         0
                text20                              697      697        4         0
                text18                              469      469       24         0
                text17                              316      316       3D         0
                text16                              18E      18E       56         0
                text15                              636      636        8         0
                text14                              2D1      2D1       45         0
                text13                              62E      62E        8         0
                text12                              664      664        6         0
                text11                              4D1      4D1       1C         0
                text10                              5F4      5F4        D         0
                text9                               239      239       4D         0
                text8                               5E7      5E7        D         0
                text7                               3BD      3BD       2F         0
                text6                               5CA      5CA        F         0
                text5                               506      506       18         0
                text4                               619      619        C         0
                text3                               60D      60D        C         0
                text2                               535      535       16         0
                text1                               353      353       36         0
                maintext                             75       75      119         0
                clrtext                             601      601        C         0
                idataBANK0                          656      656        7         0

        CLASS   STRCODE        
                stringtext1                         4B1      4B1       20         0

        CLASS   STRING         

        CLASS   CONST          

        CLASS   ENTRY          

        CLASS   COMMON         
                cstackCOMMON                         70       70        8         1
                bssCOMMON                            78       78        4         1
                bitbssCOMMON                        3E0       7C        3         1
                bitnvCOMMON                         3E8       7D        1         1

        CLASS   BANK0          
                cstackBANK0                          40       40       18         1
                dataBANK0                            58       58        7         1
                bssBANK0                             20       20       20         1
                nvBANK0                              5F       5F        4         1

        CLASS   BANK1          
                bssBANK1                             A0       A0       1D         1

        CLASS   BANK2          

        CLASS   BANK3          

        CLASS   BANK4          

        CLASS   BANK5          

        CLASS   BANK6          

        CLASS   BANK7          

        CLASS   BANK8          

        CLASS   BANK9          

        CLASS   BANK10         

        CLASS   BANK11         

        CLASS   BANK12         

        CLASS   BIGRAM         

        CLASS   RAM            

        CLASS   ABS1           
                abs_s1                               7E       7E        2         1
                abs_s1                              55A      55A       16         1
                abs_s1                              5A0      5A0       50         1
                abs_s1                              620      620       30         1
                abs_s1                             235A     235A        0         1

        CLASS   SFR0           

        CLASS   SFR1           

        CLASS   SFR2           

        CLASS   SFR3           

        CLASS   SFR4           

        CLASS   SFR5           

        CLASS   SFR6           

        CLASS   SFR7           

        CLASS   SFR8           

        CLASS   SFR9           

        CLASS   SFR10          

        CLASS   SFR11          

        CLASS   SFR12          

        CLASS   SFR13          

        CLASS   SFR14          

        CLASS   SFR15          

        CLASS   SFR16          

        CLASS   SFR17          

        CLASS   SFR18          

        CLASS   SFR19          

        CLASS   SFR20          

        CLASS   SFR21          

        CLASS   SFR22          

        CLASS   SFR23          

        CLASS   SFR24          

        CLASS   SFR25          

        CLASS   SFR26          

        CLASS   SFR27          

        CLASS   SFR28          

        CLASS   SFR29          

        CLASS   SFR30          

        CLASS   SFR31          

        CLASS   CONFIG         
                config                             8007     8007        5         0

        CLASS   IDLOC          

        CLASS   EEDATA         
                bssEEDATA                             0     F000        5         3

        CLASS   BANK31         

        CLASS   BANK30         

        CLASS   BANK29         

        CLASS   BANK28         

        CLASS   BANK27         

        CLASS   BANK26         

        CLASS   BANK25         

        CLASS   BANK24         

        CLASS   BANK23         

        CLASS   BANK22         

        CLASS   BANK21         

        CLASS   BANK20         

        CLASS   BANK19         

        CLASS   BANK18         

        CLASS   BANK17         

        CLASS   BANK16         

        CLASS   BANK15         

        CLASS   BANK14         

        CLASS   BANK13         



SEGMENTS        Name                           Load    Length   Top    Selector   Space  Class     Delta

                reset_vec                      000000  000002  000002         0       0  CODE        2
                intentry                       000004  0004AD  0004B1         8       0  CODE        2
                bssBANK0                       000020  000043  000063        20       1  BANK0       1
                cstackCOMMON                   000070  00000E  00007E        70       1  COMMON      1
                bssBANK1                       0000A0  00001D  0000BD        A0       1  BANK1       1
                stringtext1                    0004B1  000020  0004D1       962       0  STRCODE     2
                text11                         0004D1  0001EF  0006C0       9A2       0  CODE        2
                config                         008007  000005  00800C     1000E       0  CONFIG      2
                bssEEDATA                      00F000  000005  00F005     1E000       3  EEDATA      2


UNUSED ADDRESS RANGES

        Name                Unused          Largest block    Delta
        BANK0            00063-0006F               D           1
        BANK1            000BD-000EF              33           1
        BANK10           00520-00559              3A           1
        BANK2            00120-0016F              50           1
        BANK3            001A0-001EF              50           1
        BANK4            00220-0026F              50           1
        BANK5            002A0-002EF              50           1
        BANK6            00320-0036F              50           1
        BANK7            003A0-003EF              50           1
        BANK8            00420-0046F              50           1
        BANK9            004A0-004EF              50           1
        BIGRAM           02000-023EF             3F0           1
        CODE             00002-00003               2           2
                         006C0-01FFF             800
        CONST            00002-00003               2           2
                         006C0-01FFF             100
        EEDATA           0F005-0F0FF              FB           2
        ENTRY            00002-00003               2           2
                         006C0-01FFF             100
        IDLOC            08000-08003               4           2
        RAM              00063-0006F               D           1
                         000BD-000EF              33
                         00120-0016F              50
                         001A0-001EF              50
                         00220-0026F              50
                         002A0-002EF              50
                         00320-0036F              50
                         003A0-003EF              50
                         00420-0046F              50
                         004A0-004EF              50
                         00520-00559              3A
        SFR0             00000-0001F              20           1
        SFR1             00080-0009F              20           1
        SFR10            00500-0051F              20           1
        SFR11            00580-0059F              20           1
        SFR12            00600-0061F              20           1
        SFR13            00680-006EF              70           1
        SFR14            00700-0076F              70           1
        SFR15            00780-007EF              70           1
        SFR16            00800-0086F              70           1
        SFR17            00880-008EF              70           1
        SFR18            00900-0096F              70           1
        SFR19            00980-009EF              70           1
        SFR2             00100-0011F              20           1
        SFR20            00A00-00A6F              70           1
        SFR21            00A80-00AEF              70           1
        SFR22            00B00-00B6F              70           1
        SFR23            00B80-00BEF              70           1
        SFR24            00C00-00C6F              70           1
        SFR25            00C80-00CEF              70           1
        SFR26            00D00-00D6F              70           1
        SFR27            00D80-00DEF              70           1
        SFR28            00E00-00E6F              70           1
        SFR29            00E80-00EEF              70           1
        SFR3             00180-0019F              20           1
        SFR30            00F00-00F6F              70           1
        SFR31            00F80-00FEF              70           1
        SFR4             00200-0021F              20           1
        SFR5             00280-0029F              20           1
        SFR6             00300-0031F              20           1
        SFR7             00380-0039F              20           1
        SFR8             00400-0041F              20           1
        SFR9             00480-0049F              20           1
        STACK            0206D-02359             2ED           1
        STRCODE          00002-00003               2           2
                         006C0-01FFF            1940
        STRING           00002-00003               2           2
                         006C0-01FFF             100

                                  Symbol Table

DATAEE_WriteByte@GIEBitValue              cstackBANK0  00043
DATAEE_WriteByte@bAdd                     cstackBANK0  00040
DATAEE_WriteByte@bData                    cstackBANK0  00042
Push_ring_buffer@i                        cstackBANK0  00050
Push_ring_buffer@reg                      cstackBANK0  0004F
Store_EEPROM@j                            cstackBANK0  00049
Store_EEPROM@ptr_buffer_r                 cstackBANK0  00044
TMR1_SetInterruptHandler@InterruptHandler cstackBANK0  00040
TMR1_WriteTimer@timerVal                  cstackCOMMON 00070
_ANSELA                                   (abs)        00F38
_ANSELB                                   (abs)        00F43
_ANSELC                                   (abs)        00F4E
_ANSELD                                   (abs)        00F59
_ANSELE                                   (abs)        00F64
_DATAEE_WriteByte                         text18       00469
_INLVLA                                   (abs)        00F3C
_INLVLB                                   (abs)        00F47
_INLVLC                                   (abs)        00F52
_INLVLD                                   (abs)        00F5D
_INLVLE                                   (abs)        00F68
_INTCONbits                               (abs)        0000B
_INTERRUPT_InterruptManager               intentry     00004
_LATA                                     (abs)        00016
_LATAbits                                 (abs)        00016
_LATB                                     (abs)        00017
_LATC                                     (abs)        00018
_LATD                                     (abs)        00019
_LATE                                     (abs)        0001A
_NVMADRH                                  (abs)        0081B
_NVMADRL                                  (abs)        0081A
_NVMCON1bits                              (abs)        0081E
_NVMCON2                                  (abs)        0081F
_NVMDATH                                  (abs)        0081D
_NVMDATL                                  (abs)        0081C
_ODCONA                                   (abs)        00F3A
_ODCONB                                   (abs)        00F45
_ODCONC                                   (abs)        00F50
_ODCOND                                   (abs)        00F5B
_ODCONE                                   (abs)        00F66
_OSCCON1                                  (abs)        0088D
_OSCCON3                                  (abs)        0088F
_OSCEN                                    (abs)        00891
_OSCFRQ                                   (abs)        00893
_OSCILLATOR_Initialize                    text15       00636
_OSCTUNE                                  (abs)        00892
_PIE3bits                                 (abs)        00719
_PIE4bits                                 (abs)        0071A
_PIN_MANAGER_Initialize                   text14       002D1
_PIR3bits                                 (abs)        0070F
_PIR4bits                                 (abs)        00710
_PMD0                                     (abs)        00796
_PMD1                                     (abs)        00797
_PMD2                                     (abs)        00798
_PMD3                                     (abs)        00799
_PMD4                                     (abs)        0079A
_PMD5                                     (abs)        0079B
_PMD_Initialize                           text13       0062E
_Push_ring_buffer                         text16       0018E
_RC3PPS                                   (abs)        00F23
_RC4PPS                                   (abs)        00F24
_SLRCONA                                  (abs)        00F3B
_SLRCONB                                  (abs)        00F46
_SLRCONC                                  (abs)        00F51
_SLRCOND                                  (abs)        00F5C
_SLRCONE                                  (abs)        00F67
_SSP1ADD                                  (abs)        0018D
_SSP1BUF                                  (abs)        0018C
_SSP1CLKPPS                               (abs)        00EC5
_SSP1CON1                                 (abs)        00190
_SSP1CON1bits                             (abs)        00190
_SSP1CON2                                 (abs)        00191
_SSP1CON2bits                             (abs)        00191
_SSP1DATPPS                               (abs)        00EC6
_SSP1MSK                                  (abs)        0018E
_SSP1STAT                                 (abs)        0018F
_SSP1STATbits                             (abs)        0018F
_STATUSbits                               (abs)        00003
_SYSTEM_Initialize                        text10       005F4
_Store_EEPROM                             text17       00316
_T1CLK                                    (abs)        00211
_T1CON                                    (abs)        0020E
_T1CONbits                                (abs)        0020E
_T1GATE                                   (abs)        00210
_T1GCON                                   (abs)        0020F
_T1GCONbits                               (abs)        0020F
_TMR1H                                    (abs)        0020D
_TMR1L                                    (abs)        0020C
_TMR1_DefaultInterruptHandler             text62       006BF
_TMR1_ISR                                 text61       0054B
_TMR1_Initialize                          text11       004D1
_TMR1_InterruptHandler                    bssBANK0     0002D
_TMR1_SetInterruptHandler                 text12       00664
_TMR1_WriteTimer                          text65       005A9
_TRISA                                    (abs)        00011
_TRISB                                    (abs)        00012
_TRISC                                    (abs)        00013
_TRISCbits                                (abs)        00013
_TRISD                                    (abs)        00014
_TRISE                                    (abs)        00015
_WPUA                                     (abs)        00F39
_WPUB                                     (abs)        00F44
_WPUC                                     (abs)        00F4F
_WPUC3                                    (abs)        07A7B
_WPUC4                                    (abs)        07A7C
_WPUD                                     (abs)        00F5A
_WPUE                                     (abs)        00F65
__CFG_BOREN$ON                            (abs)        00000
__CFG_BORV$LO                             (abs)        00000
__CFG_CLKOUTEN$OFF                        (abs)        00000
__CFG_CP$OFF                              (abs)        00000
__CFG_CPD$OFF                             (abs)        00000
__CFG_CSWEN$ON                            (abs)        00000
__CFG_DEBUG$OFF                           (abs)        00000
__CFG_FCMEN$ON                            (abs)        00000
__CFG_FEXTOSC$OFF                         (abs)        00000
__CFG_LPBOREN$OFF                         (abs)        00000
__CFG_LVP$ON                              (abs)        00000
__CFG_MCLRE$ON                            (abs)        00000
__CFG_PPS1WAY$ON                          (abs)        00000
__CFG_PWRTE$OFF                           (abs)        00000
__CFG_RSTOSC$HFINT1                       (abs)        00000
__CFG_SCANE$available                     (abs)        00000
__CFG_STVREN$ON                           (abs)        00000
__CFG_WDTCCS$HFINTOSC                     (abs)        00000
__CFG_WDTCPS$WDTCPS_14                    (abs)        00000
__CFG_WDTCWS$WDTCWS_7                     (abs)        00000
__CFG_WDTE$OFF                            (abs)        00000
__CFG_WRT$OFF                             (abs)        00000
__CFG_ZCD$OFF                             (abs)        00000
__Habs1                                   abs1         00000
__Hbank0                                  bank0        00000
__Hbank1                                  bank1        00000
__Hbank10                                 bank10       00000
__Hbank11                                 bank11       00000
__Hbank12                                 bank12       00000
__Hbank13                                 bank13       00000
__Hbank14                                 bank14       00000
__Hbank15                                 bank15       00000
__Hbank16                                 bank16       00000
__Hbank17                                 bank17       00000
__Hbank18                                 bank18       00000
__Hbank19                                 bank19       00000
__Hbank2                                  bank2        00000
__Hbank20                                 bank20       00000
__Hbank21                                 bank21       00000
__Hbank22                                 bank22       00000
__Hbank23                                 bank23       00000
__Hbank24                                 bank24       00000
__Hbank25                                 bank25       00000
__Hbank26                                 bank26       00000
__Hbank27                                 bank27       00000
__Hbank28                                 bank28       00000
__Hbank29                                 bank29       00000
__Hbank3                                  bank3        00000
__Hbank30                                 bank30       00000
__Hbank31                                 bank31       00000
__Hbank4                                  bank4        00000
__Hbank5                                  bank5        00000
__Hbank6                                  bank6        00000
__Hbank7                                  bank7        00000
__Hbank8                                  bank8        00000
__Hbank9                                  bank9        00000
__Hbigram                                 bigram       00000
__HbitbssCOMMON                           bitbssCOMMON 00000
__HbitnvCOMMON                            bitnvCOMMON  00000
__HbssBANK0                               bssBANK0     00000
__HbssBANK1                               bssBANK1     00000
__HbssCOMMON                              bssCOMMON    00000
__HbssEEDATA                              bssEEDATA    00000
__Hcinit                                  cinit        00075
__Hclrtext                                clrtext      00000
__Hcode                                   code         00000
__Hcommon                                 common       00000
__Hconfig                                 config       0800C
__HcstackBANK0                            cstackBANK0  00000
__HcstackCOMMON                           cstackCOMMON 00000
__HdataBANK0                              dataBANK0    00000
__Heeprom_data                            eeprom_data  00000
__Hend_init                               end_init     00039
__Hfunctab                                functab      00000
__HidataBANK0                             idataBANK0   00000
__Hidloc                                  idloc        00000
__Hinit                                   init         00037
__Hintentry                               intentry     00037
__Hmaintext                               maintext     00000
__HnvBANK0                                nvBANK0      00000
__Hpowerup                                powerup      00000
__Hram                                    ram          00000
__Hreset_vec                              reset_vec    00002
__Hsfr0                                   sfr0         00000
__Hsfr1                                   sfr1         00000
__Hsfr10                                  sfr10        00000
__Hsfr11                                  sfr11        00000
__Hsfr12                                  sfr12        00000
__Hsfr13                                  sfr13        00000
__Hsfr14                                  sfr14        00000
__Hsfr15                                  sfr15        00000
__Hsfr16                                  sfr16        00000
__Hsfr17                                  sfr17        00000
__Hsfr18                                  sfr18        00000
__Hsfr19                                  sfr19        00000
__Hsfr2                                   sfr2         00000
__Hsfr20                                  sfr20        00000
__Hsfr21                                  sfr21        00000
__Hsfr22                                  sfr22        00000
__Hsfr23                                  sfr23        00000
__Hsfr24                                  sfr24        00000
__Hsfr25                                  sfr25        00000
__Hsfr26                                  sfr26        00000
__Hsfr27                                  sfr27        00000
__Hsfr28                                  sfr28        00000
__Hsfr29                                  sfr29        00000
__Hsfr3                                   sfr3         00000
__Hsfr30                                  sfr30        00000
__Hsfr31                                  sfr31        00000
__Hsfr4                                   sfr4         00000
__Hsfr5                                   sfr5         00000
__Hsfr6                                   sfr6         00000
__Hsfr7                                   sfr7         00000
__Hsfr8                                   sfr8         00000
__Hsfr9                                   sfr9         00000
__Hspace_0                                (abs)        0800C
__Hspace_1                                (abs)        003E9
__Hspace_2                                (abs)        00000
__Hspace_3                                (abs)        00005
__Hstack                                  stack        00000
__Hstrings                                strings      00000
__Hstringtext1                            stringtext1  00000
__Htext                                   text         00000
__Labs1                                   abs1         00000
__Lbank0                                  bank0        00000
__Lbank1                                  bank1        00000
__Lbank10                                 bank10       00000
__Lbank11                                 bank11       00000
__Lbank12                                 bank12       00000
__Lbank13                                 bank13       00000
__Lbank14                                 bank14       00000
__Lbank15                                 bank15       00000
__Lbank16                                 bank16       00000
__Lbank17                                 bank17       00000
__Lbank18                                 bank18       00000
__Lbank19                                 bank19       00000
__Lbank2                                  bank2        00000
__Lbank20                                 bank20       00000
__Lbank21                                 bank21       00000
__Lbank22                                 bank22       00000
__Lbank23                                 bank23       00000
__Lbank24                                 bank24       00000
__Lbank25                                 bank25       00000
__Lbank26                                 bank26       00000
__Lbank27                                 bank27       00000
__Lbank28                                 bank28       00000
__Lbank29                                 bank29       00000
__Lbank3                                  bank3        00000
__Lbank30                                 bank30       00000
__Lbank31                                 bank31       00000
__Lbank4                                  bank4        00000
__Lbank5                                  bank5        00000
__Lbank6                                  bank6        00000
__Lbank7                                  bank7        00000
__Lbank8                                  bank8        00000
__Lbank9                                  bank9        00000
__Lbigram                                 bigram       00000
__LbitbssCOMMON                           bitbssCOMMON 00000
__LbitnvCOMMON                            bitnvCOMMON  00000
__LbssBANK0                               bssBANK0     00000
__LbssBANK1                               bssBANK1     00000
__LbssCOMMON                              bssCOMMON    00000
__LbssEEDATA                              bssEEDATA    00000
__Lcinit                                  cinit        00039
__Lclrtext                                clrtext      00000
__Lcode                                   code         00000
__Lcommon                                 common       00000
__Lconfig                                 config       08007
__LcstackBANK0                            cstackBANK0  00000
__LcstackCOMMON                           cstackCOMMON 00000
__LdataBANK0                              dataBANK0    00000
__Leeprom_data                            eeprom_data  00000
__Lend_init                               end_init     00037
__Lfunctab                                functab      00000
__LidataBANK0                             idataBANK0   00000
__Lidloc                                  idloc        00000
__Linit                                   init         00037
__Lintentry                               intentry     00004
__Lmaintext                               maintext     00000
__LnvBANK0                                nvBANK0      00000
__Lpowerup                                powerup      00000
__Lram                                    ram          00000
__Lreset_vec                              reset_vec    00000
__Lsfr0                                   sfr0         00000
__Lsfr1                                   sfr1         00000
__Lsfr10                                  sfr10        00000
__Lsfr11                                  sfr11        00000
__Lsfr12                                  sfr12        00000
__Lsfr13                                  sfr13        00000
__Lsfr14                                  sfr14        00000
__Lsfr15                                  sfr15        00000
__Lsfr16                                  sfr16        00000
__Lsfr17                                  sfr17        00000
__Lsfr18                                  sfr18        00000
__Lsfr19                                  sfr19        00000
__Lsfr2                                   sfr2         00000
__Lsfr20                                  sfr20        00000
__Lsfr21                                  sfr21        00000
__Lsfr22                                  sfr22        00000
__Lsfr23                                  sfr23        00000
__Lsfr24                                  sfr24        00000
__Lsfr25                                  sfr25        00000
__Lsfr26                                  sfr26        00000
__Lsfr27                                  sfr27        00000
__Lsfr28                                  sfr28        00000
__Lsfr29                                  sfr29        00000
__Lsfr3                                   sfr3         00000
__Lsfr30                                  sfr30        00000
__Lsfr31                                  sfr31        00000
__Lsfr4                                   sfr4         00000
__Lsfr5                                   sfr5         00000
__Lsfr6                                   sfr6         00000
__Lsfr7                                   sfr7         00000
__Lsfr8                                   sfr8         00000
__Lsfr9                                   sfr9         00000
__Lspace_0                                (abs)        00000
__Lspace_1                                (abs)        00000
__Lspace_2                                (abs)        00000
__Lspace_3                                (abs)        00000
__Lstack                                  stack        00000
__Lstrings                                strings      00000
__Lstringtext1                            stringtext1  00000
__Ltext                                   text         00000
__S0                                      (abs)        0800C
__S1                                      (abs)        000BD
__S2                                      (abs)        00000
__S3                                      (abs)        0F005
___bmul                                   text2        00535
___bmul@multiplicand                      cstackBANK0  00040
___bmul@multiplier                        cstackBANK0  00043
___bmul@product                           cstackBANK0  00042
___ctoee                                  text8        005E7
___ctoee@addr                             cstackBANK0  0004D
___ctoee@data                             cstackBANK0  0004B
___eecpymem                               text7        003BD
___eecpymem@cp                            cstackBANK0  00043
___eecpymem@from                          cstackBANK0  00040
___eecpymem@size                          cstackBANK0  00041
___eecpymem@to                            cstackBANK0  00044
___eetoc                                  text6        005CA
___eetoc@addr                             cstackBANK0  00046
___eetoc@data                             cstackBANK0  00047
___int_sp                                 stack        00000
___latbits                                (abs)        00002
___memcpyee                               text9        00239
___memcpyee@from                          cstackBANK0  00040
___memcpyee@ptr                           cstackBANK0  00043
___memcpyee@size                          cstackBANK0  00041
___memcpyee@to                            cstackBANK0  00044
___sp                                     stack        00000
___stackhi                                (abs)        02359
___stacklo                                (abs)        0206D
__end_of_DATAEE_WriteByte                 text18       0048D
__end_of_INTERRUPT_InterruptManager       intentry     00037
__end_of_OSCILLATOR_Initialize            text15       0063E
__end_of_PIN_MANAGER_Initialize           text14       00316
__end_of_PMD_Initialize                   text13       00636
__end_of_Push_ring_buffer                 text16       001E4
__end_of_SYSTEM_Initialize                text10       00601
__end_of_Store_EEPROM                     text17       00353
__end_of_TMR1_DefaultInterruptHandler     text62       006C0
__end_of_TMR1_ISR                         text61       00561
__end_of_TMR1_Initialize                  text11       004ED
__end_of_TMR1_SetInterruptHandler         text12       0066A
__end_of_TMR1_WriteTimer                  text65       005BA
__end_of___bmul                           text2        0054B
__end_of___ctoee                          text8        005F4
__end_of___eecpymem                       text7        003EC
__end_of___eetoc                          text6        005D9
__end_of___memcpyee                       text9        00286
__end_of__initialization                  cinit        00071
__end_of_cksum                            text5        0051E
__end_of_cksum_w                          text4        00625
__end_of_do_I2C_DO_ACK                    text29       00679
__end_of_do_I2C_DO_ADDRESS_NACK           text26       00419
__end_of_do_I2C_DO_NACK_RESTART           text27       0066F
__end_of_do_I2C_DO_NACK_STOP              text28       00674
__end_of_do_I2C_IDLE                      text37       00692
__end_of_do_I2C_RCEN                      text30       00664
__end_of_do_I2C_RESET                     text38       0064E
__end_of_do_I2C_RX                        text24       002D1
__end_of_do_I2C_SEND_ADR_READ             text32       0062E
__end_of_do_I2C_SEND_ADR_WRITE            text31       00646
__end_of_do_I2C_SEND_RESTART              text34       00683
__end_of_do_I2C_SEND_RESTART_READ         text36       0068D
__end_of_do_I2C_SEND_RESTART_WRITE        text35       00688
__end_of_do_I2C_SEND_STOP                 text33       0067E
__end_of_do_I2C_TX                        text25       00239
__end_of_do_I2C_TX_EMPTY                  text39       003BD
__end_of_fsmStateTable                    stringtext1  004D1
__end_of_h_clock                          text63       00535
__end_of_i2c1_driver_TXData               text42       00697
__end_of_i2c1_driver_clearBusCollision    text21       006A6
__end_of_i2c1_driver_getRXData            text43       006AF
__end_of_i2c1_driver_isNACK               text41       00656
__end_of_i2c1_driver_open                 text3        00619
__end_of_i2c1_driver_resetBus             text45       006BF
__end_of_i2c1_driver_restart              text59       006B8
__end_of_i2c1_driver_sendACK              text60       006A3
__end_of_i2c1_driver_sendNACK             text44       0069F
__end_of_i2c1_driver_startRX              text46       006B2
__end_of_i2c1_driver_stop                 text58       006B5
__end_of_i2c_ISR                          text22       00443
__end_of_i2c_busCollisionISR              text20       0069B
__end_of_i2c_restartWrite                 text51       006BA
__end_of_i2c_setBuffer                    text57       005CA
__end_of_i2c_setDataCompleteCallback      text55       005E7
__end_of_main                             maintext     0018E
__end_of_mssp1_clearIRQ                   text23       006A9
__end_of_mssp1_setIRQ                     text40       006AC
__end_of_rd1RegCompleteHandler            text49       00585
__end_of_rd2RegCompleteHandler            text48       00573
__end_of_rdBlkRegCompleteHandler          text47       00506
__end_of_read_ring                        text1        00389
__end_of_returnReset                      text52       006BC
__end_of_returnStop                       text53       006BE
__end_of_setCallBack                      text56       00469
__end_of_update_clock                     text64       004B1
__end_of_wr1RegCompleteHandler            text50       00597
__end_of_wr2RegCompleteHandler            text54       005A9
__initialization                          cinit        00039
__pbitbssCOMMON                           bitbssCOMMON 003E0
__pbitnvCOMMON                            bitnvCOMMON  003E8
__pbssBANK0                               bssBANK0     00020
__pbssBANK1                               bssBANK1     000A0
__pbssBIGRAM                              (abs)        0235A
__pbssCOMMON                              bssCOMMON    00078
__pbssEEDATA                              bssEEDATA    00000
__pcstackBANK0                            cstackBANK0  00040
__pcstackCOMMON                           cstackCOMMON 00070
__pdataBANK0                              dataBANK0    00058
__pidataBANK0                             idataBANK0   00656
__pintentry                               intentry     00004
__pmaintext                               maintext     00075
__pnvBANK0                                nvBANK0      0005F
__pstringtext1                            stringtext1  004B1
__ptext1                                  text1        00353
__ptext10                                 text10       005F4
__ptext11                                 text11       004D1
__ptext12                                 text12       00664
__ptext13                                 text13       0062E
__ptext14                                 text14       002D1
__ptext15                                 text15       00636
__ptext16                                 text16       0018E
__ptext17                                 text17       00316
__ptext18                                 text18       00469
__ptext2                                  text2        00535
__ptext20                                 text20       00697
__ptext21                                 text21       006A3
__ptext22                                 text22       00419
__ptext23                                 text23       006A6
__ptext24                                 text24       00286
__ptext25                                 text25       001E4
__ptext26                                 text26       003EC
__ptext27                                 text27       0066A
__ptext28                                 text28       0066F
__ptext29                                 text29       00674
__ptext3                                  text3        0060D
__ptext30                                 text30       0065D
__ptext31                                 text31       0063E
__ptext32                                 text32       00625
__ptext33                                 text33       00679
__ptext34                                 text34       0067E
__ptext35                                 text35       00683
__ptext36                                 text36       00688
__ptext37                                 text37       0068D
__ptext38                                 text38       00646
__ptext39                                 text39       00389
__ptext4                                  text4        00619
__ptext40                                 text40       006A9
__ptext41                                 text41       0064E
__ptext42                                 text42       00692
__ptext43                                 text43       006AC
__ptext44                                 text44       0069B
__ptext45                                 text45       006BE
__ptext46                                 text46       006AF
__ptext47                                 text47       004ED
__ptext48                                 text48       00561
__ptext49                                 text49       00573
__ptext5                                  text5        00506
__ptext50                                 text50       00585
__ptext51                                 text51       006B8
__ptext52                                 text52       006BA
__ptext53                                 text53       006BC
__ptext54                                 text54       00597
__ptext55                                 text55       005D9
__ptext56                                 text56       00443
__ptext57                                 text57       005BA
__ptext58                                 text58       006B2
__ptext59                                 text59       006B5
__ptext6                                  text6        005CA
__ptext60                                 text60       0069F
__ptext61                                 text61       0054B
__ptext62                                 text62       006BF
__ptext63                                 text63       0051E
__ptext64                                 text64       0048D
__ptext65                                 text65       005A9
__ptext7                                  text7        003BD
__ptext8                                  text8        005E7
__ptext9                                  text9        00239
__size_of_DATAEE_WriteByte                (abs)        00000
__size_of_INTERRUPT_InterruptManager      (abs)        00000
__size_of_OSCILLATOR_Initialize           (abs)        00000
__size_of_PIN_MANAGER_Initialize          (abs)        00000
__size_of_PMD_Initialize                  (abs)        00000
__size_of_Push_ring_buffer                (abs)        00000
__size_of_SYSTEM_Initialize               (abs)        00000
__size_of_Store_EEPROM                    (abs)        00000
__size_of_TMR1_DefaultInterruptHandler    (abs)        00000
__size_of_TMR1_ISR                        (abs)        00000
__size_of_TMR1_Initialize                 (abs)        00000
__size_of_TMR1_SetInterruptHandler        (abs)        00000
__size_of_TMR1_WriteTimer                 (abs)        00000
__size_of___bmul                          (abs)        00000
__size_of___ctoee                         (abs)        00000
__size_of___eecpymem                      (abs)        00000
__size_of___eetoc                         (abs)        00000
__size_of___memcpyee                      (abs)        00000
__size_of_cksum                           (abs)        00000
__size_of_cksum_w                         (abs)        00000
__size_of_do_I2C_DO_ACK                   (abs)        00000
__size_of_do_I2C_DO_ADDRESS_NACK          (abs)        00000
__size_of_do_I2C_DO_NACK_RESTART          (abs)        00000
__size_of_do_I2C_DO_NACK_STOP             (abs)        00000
__size_of_do_I2C_IDLE                     (abs)        00000
__size_of_do_I2C_RCEN                     (abs)        00000
__size_of_do_I2C_RESET                    (abs)        00000
__size_of_do_I2C_RX                       (abs)        00000
__size_of_do_I2C_SEND_ADR_READ            (abs)        00000
__size_of_do_I2C_SEND_ADR_WRITE           (abs)        00000
__size_of_do_I2C_SEND_RESTART             (abs)        00000
__size_of_do_I2C_SEND_RESTART_READ        (abs)        00000
__size_of_do_I2C_SEND_RESTART_WRITE       (abs)        00000
__size_of_do_I2C_SEND_STOP                (abs)        00000
__size_of_do_I2C_TX                       (abs)        00000
__size_of_do_I2C_TX_EMPTY                 (abs)        00000
__size_of_h_clock                         (abs)        00000
__size_of_i2c1_driver_TXData              (abs)        00000
__size_of_i2c1_driver_clearBusCollision   (abs)        00000
__size_of_i2c1_driver_getRXData           (abs)        00000
__size_of_i2c1_driver_isNACK              (abs)        00000
__size_of_i2c1_driver_open                (abs)        00000
__size_of_i2c1_driver_resetBus            (abs)        00000
__size_of_i2c1_driver_restart             (abs)        00000
__size_of_i2c1_driver_sendACK             (abs)        00000
__size_of_i2c1_driver_sendNACK            (abs)        00000
__size_of_i2c1_driver_startRX             (abs)        00000
__size_of_i2c1_driver_stop                (abs)        00000
__size_of_i2c_ISR                         (abs)        00000
__size_of_i2c_busCollisionISR             (abs)        00000
__size_of_i2c_restartWrite                (abs)        00000
__size_of_i2c_setBuffer                   (abs)        00000
__size_of_i2c_setDataCompleteCallback     (abs)        00000
__size_of_main                            (abs)        00000
__size_of_mssp1_clearIRQ                  (abs)        00000
__size_of_mssp1_setIRQ                    (abs)        00000
__size_of_rd1RegCompleteHandler           (abs)        00000
__size_of_rd2RegCompleteHandler           (abs)        00000
__size_of_rdBlkRegCompleteHandler         (abs)        00000
__size_of_read_ring                       (abs)        00000
__size_of_returnReset                     (abs)        00000
__size_of_returnStop                      (abs)        00000
__size_of_setCallBack                     (abs)        00000
__size_of_update_clock                    (abs)        00000
__size_of_wr1RegCompleteHandler           (abs)        00000
__size_of_wr2RegCompleteHandler           (abs)        00000
_buffer                                   (abs)        0235A
_cksum                                    text5        00506
_cksum_w                                  text4        00619
_clkh                                     bssBANK0     0003F
_clkh_aux                                 bssBANK0     0003E
_clkm                                     bssBANK0     0003D
_clkm_aux                                 bssBANK0     0003C
_configuration_mode                       bitbssCOMMON 003E1
_convertedValue                           bssBANK0     00027
_do_I2C_DO_ACK                            text29       00674
_do_I2C_DO_ADDRESS_NACK                   text26       003EC
_do_I2C_DO_NACK_RESTART                   text27       0066A
_do_I2C_DO_NACK_STOP                      text28       0066F
_do_I2C_IDLE                              text37       0068D
_do_I2C_RCEN                              text30       0065D
_do_I2C_RESET                             text38       00646
_do_I2C_RX                                text24       00286
_do_I2C_SEND_ADR_READ                     text32       00625
_do_I2C_SEND_ADR_WRITE                    text31       0063E
_do_I2C_SEND_RESTART                      text34       0067E
_do_I2C_SEND_RESTART_READ                 text36       00688
_do_I2C_SEND_RESTART_WRITE                text35       00683
_do_I2C_SEND_STOP                         text33       00679
_do_I2C_TX                                text25       001E4
_do_I2C_TX_EMPTY                          text39       00389
_duty_cycle                               nvBANK0      0005F
_fsmStateTable                            stringtext1  004B1
_h_clock                                  text63       0051E
_half                                     bitbssCOMMON 003E2
_i2c1_driver_TXData                       text42       00692
_i2c1_driver_busCollisionISR              bssBANK0     00031
_i2c1_driver_clearBusCollision            text21       006A3
_i2c1_driver_getRXData                    text43       006AC
_i2c1_driver_i2cISR                       bssBANK0     0002F
_i2c1_driver_isNACK                       text41       0064E
_i2c1_driver_open                         text3        0060D
_i2c1_driver_resetBus                     text45       006BE
_i2c1_driver_restart                      text59       006B5
_i2c1_driver_sendACK                      text60       0069F
_i2c1_driver_sendNACK                     text44       0069B
_i2c1_driver_startRX                      text46       006AF
_i2c1_driver_stop                         text58       006B2
_i2c_ISR                                  text22       00419
_i2c_busCollisionISR                      text20       00697
_i2c_restartWrite                         text51       006B8
_i2c_setBuffer                            text57       005BA
_i2c_setDataCompleteCallback              text55       005D9
_i2c_status                               bssBANK1     000A0
_last1m                                   bssBANK0     00038
_last1m_aux                               bssBANK0     00033
_last5s                                   bssBANK0     00039
_last5s_aux                               bssBANK0     00034
_lum                                      bssBANK0     00035
_main                                     maintext     00075
_mssp1_clearIRQ                           text23       006A6
_mssp1_setIRQ                             text40       006A9
_nreg                                     nvBANK0      00062
_nreg_init                                bitbssCOMMON 003E0
_nreg_pt                                  bssBANK0     00037
_pmon                                     nvBANK0      00061
_ptr_EEPROM                               dataBANK0    0005D
_ptr_read_buff                            bssBANK0     0002B
_ptr_write_buff                           bssBANK0     00029
_rd1RegCompleteHandler                    text49       00573
_rd2RegCompleteHandler                    text48       00561
_rdBlkRegCompleteHandler                  text47       004ED
_read_ring                                text1        00353
_recovery_data                            bssEEDATA    00000
_returnReset                              text52       006BA
_returnStop                               text53       006BC
_ring_byte                                bssBANK0     00020
_running                                  bitnvCOMMON  003E8
_seg                                      bssBANK0     0003B
_seg_aux                                  bssBANK0     0003A
_setCallBack                              text56       00443
_task_schedule                            bssBANK0     00025
_temp                                     bssBANK0     00036
_timer1ReloadVal                          bssCOMMON    00078
_update_clock                             text64       0048D
_wr1RegCompleteHandler                    text50       00585
_wr2RegCompleteHandler                    text54       00597
btemp                                     (abs)        0007E
cksum@i                                   cstackBANK0  0004A
cksum@res                                 cstackBANK0  00049
clear_ram0                                clrtext      00601
end_of_initialization                     cinit        00071
i2c1_driver_TXData@d                      cstackCOMMON 00070
i2c_setBuffer@buffer                      cstackCOMMON 00073
i2c_setBuffer@bufferSize                  cstackCOMMON 00070
i2c_setDataCompleteCallback@cb            cstackCOMMON 00075
i2c_setDataCompleteCallback@p             cstackCOMMON 00077
int$flags                                 (abs)        0007E
intlevel0                                 functab      00000
intlevel1                                 functab      00000
intlevel2                                 functab      00000
intlevel3                                 functab      00000
intlevel4                                 functab      00000
intlevel5                                 functab      00000
main@F12846                               dataBANK0    00058
main@data                                 cstackBANK0  00053
rd1RegCompleteHandler@p                   cstackBANK0  00041
rd2RegCompleteHandler@p                   cstackBANK0  00041
rdBlkRegCompleteHandler@p                 cstackBANK0  00041
read_ring@absindex                        cstackBANK0  00049
read_ring@i                               cstackBANK0  00047
read_ring@index                           cstackBANK0  00048
read_ring@subindex                        cstackBANK0  00044
reset_vec                                 reset_vec    00000
setCallBack@cb                            cstackCOMMON 00070
setCallBack@idx                           cstackCOMMON 00074
setCallBack@p                             cstackCOMMON 00072
start                                     init         00037
start_initialization                      cinit        00039
wr1RegCompleteHandler@p                   cstackBANK0  00041
wr2RegCompleteHandler@p                   cstackBANK0  00041
wtemp0                                    (abs)        0007E


FUNCTION INFORMATION:

 *************** function _main *****************
 Defined at:
		line 111 in file "main.c"
 Parameters:    Size  Location     Type
		None
 Auto vars:     Size  Location     Type
  data            5   19[BANK0 ] unsigned char [5]
 Return value:  Size  Location     Type
                  1    wreg      void 
 Registers used:
		wreg, fsr0l, fsr0h, fsr1l, fsr1h, status,2, status,0, pclath, cstack
 Tracked objects:
		On entry : 
		On exit  : 
		Unchanged: 
 Data sizes:     COMMON   BANK0   BANK1   BANK2   BANK3   BANK4   BANK5   BANK6   BANK7   BANK8   BANK9  BANK10  BANK11  BANK12
      Params:         0       0       0       0       0       0       0       0       0       0       0       0       0       0
      Locals:         0       5       0       0       0       0       0       0       0       0       0       0       0       0
      Temps:          0       1       0       0       0       0       0       0       0       0       0       0       0       0
      Totals:         0       6       0       0       0       0       0       0       0       0       0       0       0       0
Total ram usage:        6 bytes
 Hardware stack levels required when called:   10
 This function calls:
		_DATAEE_WriteByte
		_Push_ring_buffer
		_SYSTEM_Initialize
		_TMR1_SetInterruptHandler
		___ctoee
		___eetoc
		_cksum
		_cksum_w
		_i2c1_driver_open
		_read_ring
 This function is called by:
		Startup code after reset
 This function uses a non-reentrant model


 *************** function _read_ring *****************
 Defined at:
		line 239 in file "main.c"
 Parameters:    Size  Location     Type
  index           1    wreg     unsigned char 
  subindex        1    4[BANK0 ] unsigned char 
 Auto vars:     Size  Location     Type
  index           1    8[BANK0 ] unsigned char 
  absindex        1    9[BANK0 ] unsigned char 
  i               1    7[BANK0 ] unsigned char 
 Return value:  Size  Location     Type
                  1    wreg      unsigned char 
 Registers used:
		wreg, fsr1l, fsr1h, status,2, status,0, pclath, cstack
 Tracked objects:
		On entry : 
		On exit  : 
		Unchanged: 
 Data sizes:     COMMON   BANK0   BANK1   BANK2   BANK3   BANK4   BANK5   BANK6   BANK7   BANK8   BANK9  BANK10  BANK11  BANK12
      Params:         0       1       0       0       0       0       0       0       0       0       0       0       0       0
      Locals:         0       3       0       0       0       0       0       0       0       0       0       0       0       0
      Temps:          0       2       0       0       0       0       0       0       0       0       0       0       0       0
      Totals:         0       6       0       0       0       0       0       0       0       0       0       0       0       0
Total ram usage:        6 bytes
 Hardware stack levels used:    1
 Hardware stack levels required when called:    7
 This function calls:
		___bmul
 This function is called by:
		_main
 This function uses a non-reentrant model


 *************** function ___bmul *****************
 Defined at:
		line 4 in file "/opt/microchip/xc8/v2.10/pic/sources/c99/common/Umul8.c"
 Parameters:    Size  Location     Type
  multiplier      1    wreg     unsigned char 
  multiplicand    1    0[BANK0 ] unsigned char 
 Auto vars:     Size  Location     Type
  multiplier      1    3[BANK0 ] unsigned char 
  product         1    2[BANK0 ] unsigned char 
 Return value:  Size  Location     Type
                  1    wreg      unsigned char 
 Registers used:
		wreg, status,2, status,0
 Tracked objects:
		On entry : 
		On exit  : 
		Unchanged: 
 Data sizes:     COMMON   BANK0   BANK1   BANK2   BANK3   BANK4   BANK5   BANK6   BANK7   BANK8   BANK9  BANK10  BANK11  BANK12
      Params:         0       1       0       0       0       0       0       0       0       0       0       0       0       0
      Locals:         0       2       0       0       0       0       0       0       0       0       0       0       0       0
      Temps:          0       1       0       0       0       0       0       0       0       0       0       0       0       0
      Totals:         0       4       0       0       0       0       0       0       0       0       0       0       0       0
Total ram usage:        4 bytes
 Hardware stack levels used:    1
 Hardware stack levels required when called:    6
 This function calls:
		Nothing
 This function is called by:
		_read_ring
 This function uses a non-reentrant model


 *************** function _i2c1_driver_open *****************
 Defined at:
		line 84 in file "mcc_generated_files/i2c1_driver.c"
 Parameters:    Size  Location     Type
		None
 Auto vars:     Size  Location     Type
		None
 Return value:  Size  Location     Type
		None               void
 Registers used:
		wreg, status,2
 Tracked objects:
		On entry : 
		On exit  : 
		Unchanged: 
 Data sizes:     COMMON   BANK0   BANK1   BANK2   BANK3   BANK4   BANK5   BANK6   BANK7   BANK8   BANK9  BANK10  BANK11  BANK12
      Params:         0       0       0       0       0       0       0       0       0       0       0       0       0       0
      Locals:         0       0       0       0       0       0       0       0       0       0       0       0       0       0
      Temps:          0       0       0       0       0       0       0       0       0       0       0       0       0       0
      Totals:         0       0       0       0       0       0       0       0       0       0       0       0       0       0
Total ram usage:        0 bytes
 Hardware stack levels used:    1
 Hardware stack levels required when called:    6
 This function calls:
		Nothing
 This function is called by:
		_main
		_i2c_open
 This function uses a non-reentrant model


 *************** function _cksum_w *****************
 Defined at:
		line 225 in file "main.c"
 Parameters:    Size  Location     Type
		None
 Auto vars:     Size  Location     Type
		None
 Return value:  Size  Location     Type
                  1    wreg      void 
 Registers used:
		wreg, fsr1l, fsr1h, status,2, status,0, pclath, cstack
 Tracked objects:
		On entry : 
		On exit  : 
		Unchanged: 
 Data sizes:     COMMON   BANK0   BANK1   BANK2   BANK3   BANK4   BANK5   BANK6   BANK7   BANK8   BANK9  BANK10  BANK11  BANK12
      Params:         0       0       0       0       0       0       0       0       0       0       0       0       0       0
      Locals:         0       0       0       0       0       0       0       0       0       0       0       0       0       0
      Temps:          0       1       0       0       0       0       0       0       0       0       0       0       0       0
      Totals:         0       1       0       0       0       0       0       0       0       0       0       0       0       0
Total ram usage:        1 bytes
 Hardware stack levels used:    1
 Hardware stack levels required when called:    9
 This function calls:
		___ctoee
		_cksum
 This function is called by:
		_main
 This function uses a non-reentrant model


 *************** function _cksum *****************
 Defined at:
		line 230 in file "main.c"
 Parameters:    Size  Location     Type
		None
 Auto vars:     Size  Location     Type
  i               1   10[BANK0 ] unsigned char 
  res             1    9[BANK0 ] unsigned char 
 Return value:  Size  Location     Type
                  1    wreg      unsigned char 
 Registers used:
		wreg, fsr1l, fsr1h, status,2, status,0, pclath, cstack
 Tracked objects:
		On entry : 
		On exit  : 
		Unchanged: 
 Data sizes:     COMMON   BANK0   BANK1   BANK2   BANK3   BANK4   BANK5   BANK6   BANK7   BANK8   BANK9  BANK10  BANK11  BANK12
      Params:         0       0       0       0       0       0       0       0       0       0       0       0       0       0
      Locals:         0       2       0       0       0       0       0       0       0       0       0       0       0       0
      Temps:          0       1       0       0       0       0       0       0       0       0       0       0       0       0
      Totals:         0       3       0       0       0       0       0       0       0       0       0       0       0       0
Total ram usage:        3 bytes
 Hardware stack levels used:    1
 Hardware stack levels required when called:    8
 This function calls:
		___eetoc
 This function is called by:
		_main
		_cksum_w
 This function uses a non-reentrant model


 *************** function ___eetoc *****************
 Defined at:
		line 104 in file "/opt/microchip/xc8/v2.10/pic/sources/c99/pic/__eeprom.c"
 Parameters:    Size  Location     Type
  addr            1    wreg     PTR eeprom void 
		 -> recovery_data(5), 
 Auto vars:     Size  Location     Type
  addr            1    6[BANK0 ] PTR eeprom void 
		 -> recovery_data(5), 
  data            1    7[BANK0 ] unsigned char 
 Return value:  Size  Location     Type
                  1    wreg      unsigned char 
 Registers used:
		wreg, fsr1l, fsr1h, status,2, status,0, pclath, cstack
 Tracked objects:
		On entry : 
		On exit  : 
		Unchanged: 
 Data sizes:     COMMON   BANK0   BANK1   BANK2   BANK3   BANK4   BANK5   BANK6   BANK7   BANK8   BANK9  BANK10  BANK11  BANK12
      Params:         0       0       0       0       0       0       0       0       0       0       0       0       0       0
      Locals:         0       2       0       0       0       0       0       0       0       0       0       0       0       0
      Temps:          0       1       0       0       0       0       0       0       0       0       0       0       0       0
      Totals:         0       3       0       0       0       0       0       0       0       0       0       0       0       0
Total ram usage:        3 bytes
 Hardware stack levels used:    1
 Hardware stack levels required when called:    7
 This function calls:
		___eecpymem
 This function is called by:
		_main
		_cksum
 This function uses a non-reentrant model


 *************** function ___eecpymem *****************
 Defined at:
		line 6 in file "/opt/microchip/xc8/v2.10/pic/sources/c99/pic/__eeprom.c"
 Parameters:    Size  Location     Type
  to              1    wreg     PTR volatile unsigned ch
		 -> __eetofl@data(4), __eetoft@data(4), __eetoo@data(8), __eetol@data(4), 
		 -> __eetom@data(3), __eetoi@data(2), __eetoc@data(1), 
  from            1    0[BANK0 ] PTR eeprom unsigned char
		 -> recovery_data(5), 
  size            1    1[BANK0 ] unsigned char 
 Auto vars:     Size  Location     Type
  to              1    4[BANK0 ] PTR volatile unsigned ch
		 -> __eetofl@data(4), __eetoft@data(4), __eetoo@data(8), __eetol@data(4), 
		 -> __eetom@data(3), __eetoi@data(2), __eetoc@data(1), 
  cp              1    3[BANK0 ] PTR volatile unsigned ch
		 -> __eetofl@data(4), __eetoft@data(4), __eetoo@data(8), __eetol@data(4), 
		 -> __eetom@data(3), __eetoi@data(2), __eetoc@data(1), 
 Return value:  Size  Location     Type
                  1    wreg      void 
 Registers used:
		wreg, fsr1l, fsr1h, status,2, status,0
 Tracked objects:
		On entry : 
		On exit  : 
		Unchanged: 
 Data sizes:     COMMON   BANK0   BANK1   BANK2   BANK3   BANK4   BANK5   BANK6   BANK7   BANK8   BANK9  BANK10  BANK11  BANK12
      Params:         0       2       0       0       0       0       0       0       0       0       0       0       0       0
      Locals:         0       2       0       0       0       0       0       0       0       0       0       0       0       0
      Temps:          0       1       0       0       0       0       0       0       0       0       0       0       0       0
      Totals:         0       5       0       0       0       0       0       0       0       0       0       0       0       0
Total ram usage:        5 bytes
 Hardware stack levels used:    1
 Hardware stack levels required when called:    6
 This function calls:
		Nothing
 This function is called by:
		___eetoc
 This function uses a non-reentrant model


 *************** function ___ctoee *****************
 Defined at:
		line 150 in file "/opt/microchip/xc8/v2.10/pic/sources/c99/pic/__eeprom.c"
 Parameters:    Size  Location     Type
  addr            1    wreg     PTR eeprom void 
		 -> recovery_data(5), 
  data            1   11[BANK0 ] unsigned char 
 Auto vars:     Size  Location     Type
  addr            1   13[BANK0 ] PTR eeprom void 
		 -> recovery_data(5), 
 Return value:  Size  Location     Type
                  1    wreg      unsigned char 
 Registers used:
		wreg, fsr1l, fsr1h, status,2, status,0, pclath, cstack
 Tracked objects:
		On entry : 
		On exit  : 
		Unchanged: 
[...]
      Params:         3       0       0       0       0       0       0       0       0       0       0       0       0       0
      Locals:         0       0       0       0       0       0       0       0       0       0       0       0       0       0
      Temps:          0       1       0       0       0       0       0       0       0       0       0       0       0       0
      Totals:         3       1       0       0       0       0       0       0       0       0       0       0       0       0
Total ram usage:        4 bytes
 Hardware stack levels used:    1
 Hardware stack levels required when called:    1
 This function calls:
		_setCallBack
 This function is called by:
		_wr1RegCompleteHandler
		_rd1RegCompleteHandler
		_rd2RegCompleteHandler
		_wr2RegCompleteHandler
		_rdBlkRegCompleteHandler
		_i2c_write1ByteRegister
		_i2c_read1ByteRegister
		_i2c_read2ByteRegister
		_i2c_write2ByteRegister
		_i2c_readDataBlock
 This function uses a non-reentrant model


 *************** function _setCallBack *****************
 Defined at:
		line 453 in file "mcc_generated_files/drivers/i2c_master.c"
 Parameters:    Size  Location     Type
  idx             1    wreg     enum E12740
  cb              2    0[COMMON] PTR FTN(PTR void ,)enum 
		 -> rdBlkRegCompleteHandler(1), wr2RegCompleteHandler(1), rd2RegCompleteHandler(1), rd1RegCompleteHandler(1), 
		 -> i2c_restartWrite(1), wr1RegCompleteHandler(1), Absolute function(1), 
  p               1    2[COMMON] PTR void 
		 -> i2c_readDataBlock@d(3), i2c_write2ByteRegister@data(2), i2c_read2ByteRegister@result(2), i2c_read1ByteRegister@d2(1), 
		 -> i2c_write1ByteRegister@data(1), NULL(0), 
 Auto vars:     Size  Location     Type
  idx             1    4[COMMON] enum E12740
 Return value:  Size  Location     Type
                  1    wreg      void 
 Registers used:
		wreg, fsr1l, fsr1h, status,2, status,0
 Tracked objects:
		On entry : 
		On exit  : 
		Unchanged: 
 Data sizes:     COMMON   BANK0   BANK1   BANK2   BANK3   BANK4   BANK5   BANK6   BANK7   BANK8   BANK9  BANK10  BANK11  BANK12
      Params:         3       0       0       0       0       0       0       0       0       0       0       0       0       0
      Locals:         1       0       0       0       0       0       0       0       0       0       0       0       0       0
      Temps:          1       0       0       0       0       0       0       0       0       0       0       0       0       0
      Totals:         5       0       0       0       0       0       0       0       0       0       0       0       0       0
Total ram usage:        5 bytes
 Hardware stack levels used:    1
 This function calls:
		Nothing
 This function is called by:
		_i2c_setDataCompleteCallback
		_i2c_setWriteCollisionCallback
		_i2c_setAddressNACKCallback
		_i2c_setDataNACKCallback
		_i2c_setTimeOutCallback
 This function uses a non-reentrant model


 *************** function _i2c_setBuffer *****************
 Defined at:
		line 184 in file "mcc_generated_files/drivers/i2c_master.c"
 Parameters:    Size  Location     Type
  buffer          1    wreg     PTR void 
		 -> i2c_readDataBlock@reg(1), i2c_readDataBlock@d(3), i2c_write2ByteRegister@reg(1), i2c_write2ByteRegister@data(2), 
		 -> i2c_read2ByteRegister@reg(1), i2c_read2ByteRegister@result(2), i2c_read1ByteRegister@reg(1), i2c_read1ByteRegister@d2(1), 
		 -> i2c_write1ByteRegister@reg(1), i2c_write1ByteRegister@data(1), NULL(0), 
  bufferSize      2    0[COMMON] unsigned int 
 Auto vars:     Size  Location     Type
  buffer          1    3[COMMON] PTR void 
		 -> i2c_readDataBlock@reg(1), i2c_readDataBlock@d(3), i2c_write2ByteRegister@reg(1), i2c_write2ByteRegister@data(2), 
		 -> i2c_read2ByteRegister@reg(1), i2c_read2ByteRegister@result(2), i2c_read1ByteRegister@reg(1), i2c_read1ByteRegister@d2(1), 
		 -> i2c_write1ByteRegister@reg(1), i2c_write1ByteRegister@data(1), NULL(0), 
 Return value:  Size  Location     Type
                  1    wreg      void 
 Registers used:
		wreg
 Tracked objects:
		On entry : 
		On exit  : 
		Unchanged: 
 Data sizes:     COMMON   BANK0   BANK1   BANK2   BANK3   BANK4   BANK5   BANK6   BANK7   BANK8   BANK9  BANK10  BANK11  BANK12
      Params:         2       0       0       0       0       0       0       0       0       0       0       0       0       0
      Locals:         1       0       0       0       0       0       0       0       0       0       0       0       0       0
      Temps:          1       0       0       0       0       0       0       0       0       0       0       0       0       0
      Totals:         4       0       0       0       0       0       0       0       0       0       0       0       0       0
Total ram usage:        4 bytes
 Hardware stack levels used:    1
 This function calls:
		Nothing
 This function is called by:
		_wr1RegCompleteHandler
		_rd1RegCompleteHandler
		_rd2RegCompleteHandler
		_wr2RegCompleteHandler
		_rdBlkRegCompleteHandler
		_i2c_write1ByteRegister
		_i2c_writeNBytes
		_i2c_read1ByteRegister
		_i2c_read2ByteRegister
		_i2c_write2ByteRegister
		_i2c_readDataBlock
		_i2c_readNBytes
 This function uses a non-reentrant model


 *************** function _i2c1_driver_stop *****************
 Defined at:
		line 157 in file "mcc_generated_files/i2c1_driver.c"
 Parameters:    Size  Location     Type
		None
 Auto vars:     Size  Location     Type
		None
 Return value:  Size  Location     Type
                  1    wreg      void 
 Registers used:
		None
 Tracked objects:
		On entry : 
		On exit  : 
		Unchanged: 
 Data sizes:     COMMON   BANK0   BANK1   BANK2   BANK3   BANK4   BANK5   BANK6   BANK7   BANK8   BANK9  BANK10  BANK11  BANK12
      Params:         0       0       0       0       0       0       0       0       0       0       0       0       0       0
      Locals:         0       0       0       0       0       0       0       0       0       0       0       0       0       0
      Temps:          0       0       0       0       0       0       0       0       0       0       0       0       0       0
      Totals:         0       0       0       0       0       0       0       0       0       0       0       0       0       0
Total ram usage:        0 bytes
 Hardware stack levels used:    1
 This function calls:
		Nothing
 This function is called by:
		_do_I2C_SEND_STOP
 This function uses a non-reentrant model


 *************** function _i2c1_driver_restart *****************
 Defined at:
		line 152 in file "mcc_generated_files/i2c1_driver.c"
 Parameters:    Size  Location     Type
		None
 Auto vars:     Size  Location     Type
		None
 Return value:  Size  Location     Type
                  1    wreg      void 
 Registers used:
		None
 Tracked objects:
		On entry : 
		On exit  : 
		Unchanged: 
 Data sizes:     COMMON   BANK0   BANK1   BANK2   BANK3   BANK4   BANK5   BANK6   BANK7   BANK8   BANK9  BANK10  BANK11  BANK12
      Params:         0       0       0       0       0       0       0       0       0       0       0       0       0       0
      Locals:         0       0       0       0       0       0       0       0       0       0       0       0       0       0
      Temps:          0       0       0       0       0       0       0       0       0       0       0       0       0       0
      Totals:         0       0       0       0       0       0       0       0       0       0       0       0       0       0
Total ram usage:        0 bytes
 Hardware stack levels used:    1
 This function calls:
		Nothing
 This function is called by:
		_do_I2C_SEND_RESTART_READ
		_do_I2C_SEND_RESTART_WRITE
		_do_I2C_SEND_RESTART
 This function uses a non-reentrant model


 *************** function _i2c1_driver_sendACK *****************
 Defined at:
		line 197 in file "mcc_generated_files/i2c1_driver.c"
 Parameters:    Size  Location     Type
		None
 Auto vars:     Size  Location     Type
		None
 Return value:  Size  Location     Type
                  1    wreg      void 
 Registers used:
		None
 Tracked objects:
		On entry : 
		On exit  : 
		Unchanged: 
 Data sizes:     COMMON   BANK0   BANK1   BANK2   BANK3   BANK4   BANK5   BANK6   BANK7   BANK8   BANK9  BANK10  BANK11  BANK12
      Params:         0       0       0       0       0       0       0       0       0       0       0       0       0       0
      Locals:         0       0       0       0       0       0       0       0       0       0       0       0       0       0
      Temps:          0       0       0       0       0       0       0       0       0       0       0       0       0       0
      Totals:         0       0       0       0       0       0       0       0       0       0       0       0       0       0
Total ram usage:        0 bytes
 Hardware stack levels used:    1
 This function calls:
		Nothing
 This function is called by:
		_do_I2C_DO_ACK
		_do_I2C_RX
 This function uses a non-reentrant model


 *************** function _TMR1_ISR *****************
 Defined at:
		line 164 in file "mcc_generated_files/tmr1.c"
 Parameters:    Size  Location     Type
		None
 Auto vars:     Size  Location     Type
		None
 Return value:  Size  Location     Type
                  1    wreg      void 
 Registers used:
		wreg, status,2, status,0, pclath, cstack
 Tracked objects:
		On entry : 
		On exit  : 
		Unchanged: 
 Data sizes:     COMMON   BANK0   BANK1   BANK2   BANK3   BANK4   BANK5   BANK6   BANK7   BANK8   BANK9  BANK10  BANK11  BANK12
      Params:         0       0       0       0       0       0       0       0       0       0       0       0       0       0
      Locals:         0       0       0       0       0       0       0       0       0       0       0       0       0       0
      Temps:          0       0       0       0       0       0       0       0       0       0       0       0       0       0
      Totals:         0       0       0       0       0       0       0       0       0       0       0       0       0       0
Total ram usage:        0 bytes
 Hardware stack levels used:    1
 Hardware stack levels required when called:    2
 This function calls:
		Absolute function
		_TMR1_DefaultInterruptHandler
		_TMR1_WriteTimer
		_h_clock
 This function is called by:
		_INTERRUPT_InterruptManager
 This function uses a non-reentrant model


 *************** function _TMR1_DefaultInterruptHandler *****************
 Defined at:
		line 182 in file "mcc_generated_files/tmr1.c"
 Parameters:    Size  Location     Type
		None
 Auto vars:     Size  Location     Type
		None
 Return value:  Size  Location     Type
                  1    wreg      void 
 Registers used:
		None
 Tracked objects:
		On entry : 
		On exit  : 
		Unchanged: 
 Data sizes:     COMMON   BANK0   BANK1   BANK2   BANK3   BANK4   BANK5   BANK6   BANK7   BANK8   BANK9  BANK10  BANK11  BANK12
      Params:         0       0       0       0       0       0       0       0       0       0       0       0       0       0
      Locals:         0       0       0       0       0       0       0       0       0       0       0       0       0       0
      Temps:          0       0       0       0       0       0       0       0       0       0       0       0       0       0
      Totals:         0       0       0       0       0       0       0       0       0       0       0       0       0       0
Total ram usage:        0 bytes
 Hardware stack levels used:    1
 This function calls:
		Nothing
 This function is called by:
		_TMR1_Initialize
		_TMR1_ISR
 This function uses a non-reentrant model


 *************** function _h_clock *****************
 Defined at:
		line 29 in file "main.c"
 Parameters:    Size  Location     Type
		None
 Auto vars:     Size  Location     Type
		None
 Return value:  Size  Location     Type
                  1    wreg      void 
 Registers used:
		wreg, status,2, status,0, pclath, cstack
 Tracked objects:
		On entry : 
		On exit  : 
		Unchanged: 
 Data sizes:     COMMON   BANK0   BANK1   BANK2   BANK3   BANK4   BANK5   BANK6   BANK7   BANK8   BANK9  BANK10  BANK11  BANK12
      Params:         0       0       0       0       0       0       0       0       0       0       0       0       0       0
      Locals:         0       0       0       0       0       0       0       0       0       0       0       0       0       0
      Temps:          0       0       0       0       0       0       0       0       0       0       0       0       0       0
      Totals:         0       0       0       0       0       0       0       0       0       0       0       0       0       0
Total ram usage:        0 bytes
 Hardware stack levels used:    1
 Hardware stack levels required when called:    1
 This function calls:
		_update_clock
 This function is called by:
		_main
		_TMR1_ISR
 This function uses a non-reentrant model


 *************** function _update_clock *****************
 Defined at:
		line 270 in file "main.c"
 Parameters:    Size  Location     Type
		None
 Auto vars:     Size  Location     Type
		None
 Return value:  Size  Location     Type
                  1    wreg      void 
 Registers used:
		wreg, status,2, status,0
 Tracked objects:
		On entry : 
		On exit  : 
		Unchanged: 
 Data sizes:     COMMON   BANK0   BANK1   BANK2   BANK3   BANK4   BANK5   BANK6   BANK7   BANK8   BANK9  BANK10  BANK11  BANK12
      Params:         0       0       0       0       0       0       0       0       0       0       0       0       0       0
      Locals:         0       0       0       0       0       0       0       0       0       0       0       0       0       0
      Temps:          1       0       0       0       0       0       0       0       0       0       0       0       0       0
      Totals:         1       0       0       0       0       0       0       0       0       0       0       0       0       0
Total ram usage:        1 bytes
 Hardware stack levels used:    1
 This function calls:
		Nothing
 This function is called by:
		_h_clock
 This function uses a non-reentrant model


 *************** function _TMR1_WriteTimer *****************
 Defined at:
		line 127 in file "mcc_generated_files/tmr1.c"
 Parameters:    Size  Location     Type
  timerVal        2    0[COMMON] unsigned short 
 Auto vars:     Size  Location     Type
		None
 Return value:  Size  Location     Type
                  1    wreg      void 
 Registers used:
		wreg, status,2
 Tracked objects:
		On entry : 
		On exit  : 
		Unchanged: 
 Data sizes:     COMMON   BANK0   BANK1   BANK2   BANK3   BANK4   BANK5   BANK6   BANK7   BANK8   BANK9  BANK10  BANK11  BANK12
      Params:         2       0       0       0       0       0       0       0       0       0       0       0       0       0
      Locals:         0       0       0       0       0       0       0       0       0       0       0       0       0       0
      Temps:          0       0       0       0       0       0       0       0       0       0       0       0       0       0
      Totals:         2       0       0       0       0       0       0       0       0       0       0       0       0       0
Total ram usage:        2 bytes
 Hardware stack levels used:    1
 This function calls:
		Nothing
 This function is called by:
		_TMR1_ISR
		_TMR1_Reload
 This function uses a non-reentrant model



MODULE INFORMATION

Module		Function		Class		Link	Load	Size
mcc_generated_files/interrupt_manager.c
		_INTERRUPT_InterruptManager		CODE           	0004	0000	52

mcc_generated_files/interrupt_manager.c estimated size: 52

/opt/microchip/xc8/v2.10/pic/sources/c99/pic/__eeprom.c
		___memcpyee    		CODE           	0239	0000	78
		___eetoc       		CODE           	05CA	0000	16
		___ctoee       		CODE           	05E7	0000	14
		___eecpymem    		CODE           	03BD	0000	48

/opt/microchip/xc8/v2.10/pic/sources/c99/pic/__eeprom.c estimated size: 156

mcc_generated_files/pin_manager.c
		_PIN_MANAGER_Initialize		CODE           	02D1	0000	70

mcc_generated_files/pin_manager.c estimated size: 70

mcc_generated_files/drivers/i2c_simple_master.c
		_wr1RegCompleteHandler		CODE           	0585	0000	19
		_wr2RegCompleteHandler		CODE           	0597	0000	19
		_rdBlkRegCompleteHandler		CODE           	04ED	0000	26
		_rd1RegCompleteHandler		CODE           	0573	0000	19
		_rd2RegCompleteHandler		CODE           	0561	0000	19

mcc_generated_files/drivers/i2c_simple_master.c estimated size: 102

/opt/microchip/xc8/v2.10/pic/sources/c99/common/Umul8.c
		___bmul        		CODE           	0535	0000	23

/opt/microchip/xc8/v2.10/pic/sources/c99/common/Umul8.c estimated size: 23

shared
		__initialization		CODE           	0039	0000	57
		_fsmStateTable 		STRCODE        	04B1	0000	33

shared estimated size: 90

mcc_generated_files/mcc.c
		_PMD_Initialize		CODE           	062E	0000	9
		_OSCILLATOR_Initialize		CODE           	0636	0000	9
		_SYSTEM_Initialize		CODE           	05F4	0000	14

mcc_generated_files/mcc.c estimated size: 32

mcc_generated_files/drivers/i2c_master.c
		_i2c_setDataCompleteCallback		CODE           	05D9	0000	15
		_returnStop    		CODE           	06BC	0000	3
		_i2c_setBuffer 		CODE           	05BA	0000	17
		_i2c_busCollisionISR		CODE           	0697	0000	5
		_i2c_ISR       		CODE           	0419	0000	43
		_do_I2C_TX_EMPTY		CODE           	0389	0000	53
		_setCallBack   		CODE           	0443	0000	39
		_returnReset   		CODE           	06BA	0000	3
		_do_I2C_SEND_RESTART_WRITE		CODE           	0683	0000	6
		_do_I2C_DO_NACK_RESTART		CODE           	066A	0000	6
		_do_I2C_SEND_RESTART_READ		CODE           	0688	0000	6
		_do_I2C_SEND_ADR_WRITE		CODE           	063E	0000	9
		_do_I2C_SEND_STOP		CODE           	0679	0000	6
		_do_I2C_SEND_ADR_READ		CODE           	0625	0000	10
		_do_I2C_DO_NACK_STOP		CODE           	066F	0000	6
		_do_I2C_SEND_RESTART		CODE           	067E	0000	6
		_do_I2C_RX     		CODE           	0286	0000	76
		_do_I2C_TX     		CODE           	01E4	0000	86
		_do_I2C_IDLE   		CODE           	068D	0000	6
		_do_I2C_RCEN   		CODE           	065D	0000	8
		_do_I2C_DO_ADDRESS_NACK		CODE           	03EC	0000	46
		_do_I2C_RESET  		CODE           	0646	0000	9
		_do_I2C_DO_ACK 		CODE           	0674	0000	6

mcc_generated_files/drivers/i2c_master.c estimated size: 470

mcc_generated_files/tmr1.c
		_TMR1_Initialize		CODE           	04D1	0000	29
		_TMR1_SetInterruptHandler		CODE           	0664	0000	7
		_TMR1_DefaultInterruptHandler		CODE           	06BF	0000	2
		_TMR1_WriteTimer		CODE           	05A9	0000	18
		_TMR1_ISR      		CODE           	054B	0000	23

mcc_generated_files/tmr1.c estimated size: 79

mcc_generated_files/drivers/i2c_types.c
		_i2c_restartWrite		CODE           	06B8	0000	3

mcc_generated_files/drivers/i2c_types.c estimated size: 3

mcc_generated_files/memory.c
		_DATAEE_WriteByte		CODE           	0469	0000	37

mcc_generated_files/memory.c estimated size: 37

mcc_generated_files/i2c1_driver.c
		_i2c1_driver_open		CODE           	060D	0000	13
		_i2c1_driver_isNACK		CODE           	064E	0000	9
		_i2c1_driver_stop		CODE           	06B2	0000	4
		_i2c1_driver_getRXData		CODE           	06AC	0000	4
		_i2c1_driver_TXData		CODE           	0692	0000	6
		_i2c1_driver_sendACK		CODE           	069F	0000	5
		_mssp1_setIRQ  		CODE           	06A9	0000	4
		_i2c1_driver_sendNACK		CODE           	069B	0000	5
		_i2c1_driver_restart		CODE           	06B5	0000	4
		_i2c1_driver_resetBus		CODE           	06BE	0000	2
		_i2c1_driver_clearBusCollision		CODE           	06A3	0000	4
		_mssp1_clearIRQ		CODE           	06A6	0000	4
		_i2c1_driver_startRX		CODE           	06AF	0000	4

mcc_generated_files/i2c1_driver.c estimated size: 68

main.c
		_read_ring     		CODE           	0353	0000	55
		_cksum         		CODE           	0506	0000	25
		_Push_ring_buffer		CODE           	018E	0000	87
		_main          		CODE           	0075	0000	282
		_update_clock  		CODE           	048D	0000	37
		_h_clock       		CODE           	051E	0000	24
		_Store_EEPROM  		CODE           	0316	0000	62
		_cksum_w       		CODE           	0619	0000	13

main.c estimated size: 585

