Microchip MPLAB XC8 Compiler V2.10 ()

Linker command line:

-W-3 --edf=C:\Program Files (x86)\Microchip\xc8\v2.10\pic\dat\en_msgs.txt \
  -cs -h+dist/default/production\sce.X.production.sym \
  --cmf=dist/default/production\sce.X.production.cmf -z -Q16F18875 \
  -oC:\Users\andre\AppData\Local\Temp\sggo.2 --defsym=__MPLAB_BUILD=1 \
  -Mdist/default/production/sce.X.production.map -E1 -ver=XC8 --acfsm=1493 \
  -ASTACK=0203Eh-023EFh -pstack=STACK -ACODE=00h-07FFhx4 \
  -ASTRCODE=00h-01FFFh -ASTRING=00h-0FFhx32 -ACONST=00h-0FFhx32 \
  -AENTRY=00h-0FFhx32 -ACOMMON=070h-07Fh -ABANK0=020h-06Fh \
  -ABANK1=0A0h-0EFh -ABANK2=0120h-016Fh -ABANK3=01A0h-01EFh \
  -ABANK4=0220h-026Fh -ABANK5=02A0h-02EFh -ABANK6=0320h-036Fh \
  -ABANK7=03A0h-03EFh -ABANK8=0420h-046Fh -ABANK9=04A0h-04EFh \
  -ABANK10=0520h-056Fh -ABANK11=05A0h-05EFh -ABANK12=0620h-064Fh \
  -ABIGRAM=02000h-023EFh \
  -ARAM=020h-06Fh,0A0h-0EFh,0120h-016Fh,01A0h-01EFh,0220h-026Fh,02A0h-02EFh,0320h-036Fh,03A0h-03EFh,0420h-046Fh,04A0h-04EFh,0520h-056Fh,05A0h-05EFh,0620h-064Fh \
  -AABS1=020h-07Fh,0A0h-0EFh,0120h-016Fh,01A0h-01EFh,0220h-026Fh,02A0h-02EFh,0320h-036Fh,03A0h-03EFh,0420h-046Fh,04A0h-04EFh,0520h-056Fh,05A0h-05EFh,0620h-064Fh \
  -ASFR0=00h-01Fh -ASFR1=080h-09Fh -ASFR2=0100h-011Fh -ASFR3=0180h-019Fh \
  -ASFR4=0200h-021Fh -ASFR5=0280h-029Fh -ASFR6=0300h-031Fh \
  -ASFR7=0380h-039Fh -ASFR8=0400h-041Fh -ASFR9=0480h-049Fh \
  -ASFR10=0500h-051Fh -ASFR11=0580h-059Fh -ASFR12=0600h-061Fh \
  -ASFR13=0680h-06EFh -ASFR14=0700h-076Fh -ASFR15=0780h-07EFh \
  -ASFR16=0800h-086Fh -ASFR17=0880h-08EFh -ASFR18=0900h-096Fh \
  -ASFR19=0980h-09EFh -ASFR20=0A00h-0A6Fh -ASFR21=0A80h-0AEFh \
  -ASFR22=0B00h-0B6Fh -ASFR23=0B80h-0BEFh -ASFR24=0C00h-0C6Fh \
  -ASFR25=0C80h-0CEFh -ASFR26=0D00h-0D6Fh -ASFR27=0D80h-0DEFh \
  -ASFR28=0E00h-0E6Fh -ASFR29=0E80h-0EEFh -ASFR30=0F00h-0F6Fh \
  -ASFR31=0F80h-0FEFh -preset_vec=00h,intentry=04h,init,end_init \
  -ppowerup=CODE -pcinit=CODE -pfunctab=ENTRY -ACONFIG=08007h-0800Bh \
  -pconfig=CONFIG -DCONFIG=2 -AIDLOC=08000h-08003h -pidloc=IDLOC -DIDLOC=2 \
  -AEEDATA=00h-0FFh/0F000h -peeprom_data=EEDATA -DEEDATA=2 -DCODE=2 \
  -DSTRCODE=2 -DSTRING=2 -DCONST=2 -DENTRY=2 -k \
  C:\Users\andre\AppData\Local\Temp\sggo.o \
  dist/default/production\sce.X.production.o 

Object code version is 3.11

Machine type is 16F18875



                Name                               Link     Load   Length Selector   Space Scale
C:\Users\andre\AppData\Local\Temp\sggo.o
                end_init                             36       36        2        8       0
                reset_vec                             0        0        2        0       0
                config                             8007     8007        5    1000E       0
dist/default/production\sce.X.production.o
                cinit                                38       38       13        8       0
                intentry                              4        4       32        8       0
                text62                              4C4      4C4       11      792       0
                text61                              385      385       24        8       0
                text60                              43A      43A       17      792       0
                text59                              5C5      5C5        1      792       0
                text58                              467      467       15      792       0
                text57                              5A5      5A5        4      792       0
                text56                              5BB      5BB        3      792       0
                text55                              5B8      5B8        3      792       0
                text54                              4E5      4E5       10      792       0
                text53                              33B      33B       26        8       0
                text52                              504      504        E      792       0
                text51                              4B2      4B2       12      792       0
                text50                              5C2      5C2        2      792       0
                text49                              5C0      5C0        2      792       0
                text48                              5BE      5BE        2      792       0
                text47                              4A0      4A0       12      792       0
                text46                              48E      48E       12      792       0
                text45                              47C      47C       12      792       0
                text44                              421      421       19      792       0
                text43                              5B5      5B5        3      792       0
                text42                              5C4      5C4        1      792       0
                text41                              5A1      5A1        4      792       0
                text40                              5B2      5B2        3      792       0
                text39                              598      598        5      792       0
                text38                              555      555        8      792       0
                text37                              5AF      5AF        3      792       0
                text36                              282      282       33        8       0
                text35                              54D      54D        8      792       0
                text34                              593      593        5      792       0
                text33                              58E      58E        5      792       0
                text32                              589      589        5      792       0
                text31                              584      584        5      792       0
                text30                              57F      57F        5      792       0
                text29                              534      534        9      792       0
                text28                              545      545        8      792       0
                text27                              55D      55D        7      792       0
                text26                              57A      57A        5      792       0
                text25                              575      575        5      792       0
                text24                              570      570        5      792       0
                text23                              2E5      2E5       2C        8       0
                text22                              161      161       54        8       0
                text21                              1B5      1B5       4A        8       0
                text20                              5AC      5AC        3      792       0
                text19                              311      311       2A        8       0
                text18                              5A9      5A9        3      792       0
                text17                              59D      59D        4      792       0
                text15                              52B      52B        9      792       0
                text14                              1FF      1FF       45        8       0
                text13                              53D      53D        8      792       0
                text12                              56A      56A        6      792       0
                text11                              405      405       1C      792       0
                text10                              512      512        D      792       0
                text9                               361      361       24        8       0
                text8                               4F5      4F5        F      792       0
                text7                               3C9      3C9       20      792       0
                text6                               4D5      4D5       10      792       0
                text5                               51F      51F        C      792       0
                text4                               2B5      2B5       30        8       0
                text3                               451      451       16      792       0
                text2                               244      244       3E        8       0
                text1                               3E9      3E9       1C      792       0
                maintext                             4B       4B      116        8       0
                cstackBANK0                          50       50        E       20       1
                cstackCOMMON                         70       70        7       70       1
                clrtext                             564      564        6      792       0
                bssBANK0                             20       20       30       20       1
                bssCOMMON                            77       77        6       70       1
                bitbssCOMMON                        3E8       7D        4       70       1     8
                stringtext1                         3A9      3A9       20      752       0

TOTAL           Name                               Link     Load   Length     Space
        CLASS   STACK          

        CLASS   CODE           
                end_init                             36       36        2         0
                cinit                                38       38       13         0
                intentry                              4        4       32         0
                reset_vec                             0        0        2         0
                text62                              4C4      4C4       11         0
                text61                              385      385       24         0
                text60                              43A      43A       17         0
                text59                              5C5      5C5        1         0
                text58                              467      467       15         0
                text57                              5A5      5A5        4         0
                text56                              5BB      5BB        3         0
                text55                              5B8      5B8        3         0
                text54                              4E5      4E5       10         0
                text53                              33B      33B       26         0
                text52                              504      504        E         0
                text51                              4B2      4B2       12         0
                text50                              5C2      5C2        2         0
                text49                              5C0      5C0        2         0
                text48                              5BE      5BE        2         0
                text47                              4A0      4A0       12         0
                text46                              48E      48E       12         0
                text45                              47C      47C       12         0
                text44                              421      421       19         0
                text43                              5B5      5B5        3         0
                text42                              5C4      5C4        1         0
                text41                              5A1      5A1        4         0
                text40                              5B2      5B2        3         0
                text39                              598      598        5         0
                text38                              555      555        8         0
                text37                              5AF      5AF        3         0
                text36                              282      282       33         0
                text35                              54D      54D        8         0
                text34                              593      593        5         0
                text33                              58E      58E        5         0
                text32                              589      589        5         0
                text31                              584      584        5         0
                text30                              57F      57F        5         0
                text29                              534      534        9         0
                text28                              545      545        8         0
                text27                              55D      55D        7         0
                text26                              57A      57A        5         0
                text25                              575      575        5         0
                text24                              570      570        5         0
                text23                              2E5      2E5       2C         0
                text22                              161      161       54         0
                text21                              1B5      1B5       4A         0
                text20                              5AC      5AC        3         0
                text19                              311      311       2A         0
                text18                              5A9      5A9        3         0
                text17                              59D      59D        4         0
                text15                              52B      52B        9         0
                text14                              1FF      1FF       45         0
                text13                              53D      53D        8         0
                text12                              56A      56A        6         0
                text11                              405      405       1C         0
                text10                              512      512        D         0
                text9                               361      361       24         0
                text8                               4F5      4F5        F         0
                text7                               3C9      3C9       20         0
                text6                               4D5      4D5       10         0
                text5                               51F      51F        C         0
                text4                               2B5      2B5       30         0
                text3                               451      451       16         0
                text2                               244      244       3E         0
                text1                               3E9      3E9       1C         0
                maintext                             4B       4B      116         0
                clrtext                             564      564        6         0

        CLASS   STRCODE        
                stringtext1                         3A9      3A9       20         0

        CLASS   STRING         

        CLASS   CONST          

        CLASS   ENTRY          

        CLASS   COMMON         
                cstackCOMMON                         70       70        7         1
                bssCOMMON                            77       77        6         1
                bitbssCOMMON                        3E8       7D        4         1

        CLASS   BANK0          
                cstackBANK0                          50       50        E         1
                bssBANK0                             20       20       30         1

        CLASS   BANK1          

        CLASS   BANK2          

        CLASS   BANK3          

        CLASS   BANK4          

        CLASS   BANK5          

        CLASS   BANK6          

        CLASS   BANK7          

        CLASS   BANK8          

        CLASS   BANK9          

        CLASS   BANK10         

        CLASS   BANK11         

        CLASS   BANK12         

        CLASS   BIGRAM         

        CLASS   RAM            

        CLASS   ABS1           
                abs_s1                               7E       7E        2         1

        CLASS   SFR0           

        CLASS   SFR1           

        CLASS   SFR2           

        CLASS   SFR3           

        CLASS   SFR4           

        CLASS   SFR5           

        CLASS   SFR6           

        CLASS   SFR7           

        CLASS   SFR8           

        CLASS   SFR9           

        CLASS   SFR10          

        CLASS   SFR11          

        CLASS   SFR12          

        CLASS   SFR13          

        CLASS   SFR14          

        CLASS   SFR15          

        CLASS   SFR16          

        CLASS   SFR17          

        CLASS   SFR18          

        CLASS   SFR19          

        CLASS   SFR20          

        CLASS   SFR21          

        CLASS   SFR22          

        CLASS   SFR23          

        CLASS   SFR24          

        CLASS   SFR25          

        CLASS   SFR26          

        CLASS   SFR27          

        CLASS   SFR28          

        CLASS   SFR29          

        CLASS   SFR30          

        CLASS   SFR31          

        CLASS   CONFIG         
                config                             8007     8007        5         0

        CLASS   IDLOC          

        CLASS   EEDATA         

        CLASS   BANK31         

        CLASS   BANK30         

        CLASS   BANK29         

        CLASS   BANK28         

        CLASS   BANK27         

        CLASS   BANK26         

        CLASS   BANK25         

        CLASS   BANK24         

        CLASS   BANK23         

        CLASS   BANK22         

        CLASS   BANK21         

        CLASS   BANK20         

        CLASS   BANK19         

        CLASS   BANK18         

        CLASS   BANK17         

        CLASS   BANK16         

        CLASS   BANK15         

        CLASS   BANK14         

        CLASS   BANK13         



SEGMENTS        Name                           Load    Length   Top    Selector   Space  Class     Delta

                reset_vec                      000000  000002  000002         0       0  CODE        2
                intentry                       000004  0003A5  0003A9         8       0  CODE        2
                bssBANK0                       000020  00003E  00005E        20       1  BANK0       1
                cstackCOMMON                   000070  00000E  00007E        70       1  COMMON      1
                stringtext1                    0003A9  000020  0003C9       752       0  STRCODE     2
                text7                          0003C9  0001FD  0005C6       792       0  CODE        2
                config                         008007  000005  00800C     1000E       0  CONFIG      2


UNUSED ADDRESS RANGES

        Name                Unused          Largest block    Delta
        BANK0            0005E-0006F              12           1
        BANK1            000A0-000EF              50           1
        BANK10           00520-0056F              50           1
        BANK11           005A0-005EF              50           1
        BANK12           00620-0064F              30           1
        BANK2            00120-0016F              50           1
        BANK3            001A0-001EF              50           1
        BANK4            00220-0026F              50           1
        BANK5            002A0-002EF              50           1
        BANK6            00320-0036F              50           1
        BANK7            003A0-003EF              50           1
        BANK8            00420-0046F              50           1
        BANK9            004A0-004EF              50           1
        BIGRAM           02000-023EF             3F0           1
        CODE             00002-00003               2           2
                         005C6-01FFF             800
        CONST            00002-00003               2           2
                         005C6-01FFF             100
        EEDATA           0F000-0F0FF             100           2
        ENTRY            00002-00003               2           2
                         005C6-01FFF             100
        IDLOC            08000-08003               4           2
        RAM              0005E-0006F              12           1
                         000A0-000EF              50
                         00120-0016F              50
                         001A0-001EF              50
                         00220-0026F              50
                         002A0-002EF              50
                         00320-0036F              50
                         003A0-003EF              50
                         00420-0046F              50
                         004A0-004EF              50
                         00520-0056F              50
                         005A0-005EF              50
                         00620-0064F              30
        SFR0             00000-0001F              20           1
        SFR1             00080-0009F              20           1
        SFR10            00500-0051F              20           1
        SFR11            00580-0059F              20           1
        SFR12            00600-0061F              20           1
        SFR13            00680-006EF              70           1
        SFR14            00700-0076F              70           1
        SFR15            00780-007EF              70           1
        SFR16            00800-0086F              70           1
        SFR17            00880-008EF              70           1
        SFR18            00900-0096F              70           1
        SFR19            00980-009EF              70           1
        SFR2             00100-0011F              20           1
        SFR20            00A00-00A6F              70           1
        SFR21            00A80-00AEF              70           1
        SFR22            00B00-00B6F              70           1
        SFR23            00B80-00BEF              70           1
        SFR24            00C00-00C6F              70           1
        SFR25            00C80-00CEF              70           1
        SFR26            00D00-00D6F              70           1
        SFR27            00D80-00DEF              70           1
        SFR28            00E00-00E6F              70           1
        SFR29            00E80-00EEF              70           1
        SFR3             00180-0019F              20           1
        SFR30            00F00-00F6F              70           1
        SFR31            00F80-00FEF              70           1
        SFR4             00200-0021F              20           1
        SFR5             00280-0029F              20           1
        SFR6             00300-0031F              20           1
        SFR7             00380-0039F              20           1
        SFR8             00400-0041F              20           1
        SFR9             00480-0049F              20           1
        STACK            0203E-023EF             3B2           1
        STRCODE          00002-00003               2           2
                         005C6-01FFF            1A3A
        STRING           00002-00003               2           2
                         005C6-01FFF             100

                                  Symbol Table

DATAEE_ReadByte@bAdd                      cstackBANK0  00050
DATAEE_WriteByte@GIEBitValue              cstackBANK0  00059
DATAEE_WriteByte@bAdd                     cstackBANK0  00056
DATAEE_WriteByte@bData                    cstackBANK0  00058
TMR1_SetInterruptHandler@InterruptHandler cstackBANK0  00050
TMR1_WriteTimer@timerVal                  cstackCOMMON 00070
_ANSELA                                   (abs)        00F38
_ANSELB                                   (abs)        00F43
_ANSELC                                   (abs)        00F4E
_ANSELD                                   (abs)        00F59
_ANSELE                                   (abs)        00F64
_DATAEE_ReadByte                          text8        004F5
_DATAEE_WriteByte                         text9        00361
_INLVLA                                   (abs)        00F3C
_INLVLB                                   (abs)        00F47
_INLVLC                                   (abs)        00F52
_INLVLD                                   (abs)        00F5D
_INLVLE                                   (abs)        00F68
_INTCONbits                               (abs)        0000B
_INTERRUPT_InterruptManager               intentry     00004
_LATA                                     (abs)        00016
_LATAbits                                 (abs)        00016
_LATB                                     (abs)        00017
_LATC                                     (abs)        00018
_LATD                                     (abs)        00019
_LATE                                     (abs)        0001A
_NVMADRH                                  (abs)        0081B
_NVMADRL                                  (abs)        0081A
_NVMCON1bits                              (abs)        0081E
_NVMCON2                                  (abs)        0081F
_NVMDATH                                  (abs)        0081D
_NVMDATL                                  (abs)        0081C
_ODCONA                                   (abs)        00F3A
_ODCONB                                   (abs)        00F45
_ODCONC                                   (abs)        00F50
_ODCOND                                   (abs)        00F5B
_ODCONE                                   (abs)        00F66
_OSCCON1                                  (abs)        0088D
_OSCCON3                                  (abs)        0088F
_OSCEN                                    (abs)        00891
_OSCFRQ                                   (abs)        00893
_OSCILLATOR_Initialize                    text15       0052B
_OSCTUNE                                  (abs)        00892
_PIE3bits                                 (abs)        00719
_PIE4bits                                 (abs)        0071A
_PIN_MANAGER_Initialize                   text14       001FF
_PIR3bits                                 (abs)        0070F
_PIR4bits                                 (abs)        00710
_PMD0                                     (abs)        00796
_PMD1                                     (abs)        00797
_PMD2                                     (abs)        00798
_PMD3                                     (abs)        00799
_PMD4                                     (abs)        0079A
_PMD5                                     (abs)        0079B
_PMD_Initialize                           text13       0053D
_RC3PPS                                   (abs)        00F23
_RC4PPS                                   (abs)        00F24
_SLRCONA                                  (abs)        00F3B
_SLRCONB                                  (abs)        00F46
_SLRCONC                                  (abs)        00F51
_SLRCOND                                  (abs)        00F5C
_SLRCONE                                  (abs)        00F67
_SSP1ADD                                  (abs)        0018D
_SSP1BUF                                  (abs)        0018C
_SSP1CLKPPS                               (abs)        00EC5
_SSP1CON1                                 (abs)        00190
_SSP1CON1bits                             (abs)        00190
_SSP1CON2                                 (abs)        00191
_SSP1CON2bits                             (abs)        00191
_SSP1DATPPS                               (abs)        00EC6
_SSP1MSK                                  (abs)        0018E
_SSP1STAT                                 (abs)        0018F
_SSP1STATbits                             (abs)        0018F
_SYSTEM_Initialize                        text10       00512
_T1CLK                                    (abs)        00211
_T1CON                                    (abs)        0020E
_T1CONbits                                (abs)        0020E
_T1GATE                                   (abs)        00210
_T1GCON                                   (abs)        0020F
_T1GCONbits                               (abs)        0020F
_TMR1H                                    (abs)        0020D
_TMR1L                                    (abs)        0020C
_TMR1_DefaultInterruptHandler             text59       005C5
_TMR1_ISR                                 text58       00467
_TMR1_Initialize                          text11       00405
_TMR1_InterruptHandler                    bssCOMMON    00077
_TMR1_SetInterruptHandler                 text12       0056A
_TMR1_WriteTimer                          text62       004C4
_TRISA                                    (abs)        00011
_TRISB                                    (abs)        00012
_TRISC                                    (abs)        00013
_TRISCbits                                (abs)        00013
_TRISD                                    (abs)        00014
_TRISE                                    (abs)        00015
_WPUA                                     (abs)        00F39
_WPUB                                     (abs)        00F44
_WPUC                                     (abs)        00F4F
_WPUC3                                    (abs)        07A7B
_WPUC4                                    (abs)        07A7C
_WPUD                                     (abs)        00F5A
_WPUE                                     (abs)        00F65
__CFG_BOREN$ON                            (abs)        00000
__CFG_BORV$LO                             (abs)        00000
__CFG_CLKOUTEN$OFF                        (abs)        00000
__CFG_CP$OFF                              (abs)        00000
__CFG_CPD$OFF                             (abs)        00000
__CFG_CSWEN$ON                            (abs)        00000
__CFG_DEBUG$OFF                           (abs)        00000
__CFG_FCMEN$ON                            (abs)        00000
__CFG_FEXTOSC$OFF                         (abs)        00000
__CFG_LPBOREN$OFF                         (abs)        00000
__CFG_LVP$ON                              (abs)        00000
__CFG_MCLRE$ON                            (abs)        00000
__CFG_PPS1WAY$ON                          (abs)        00000
__CFG_PWRTE$OFF                           (abs)        00000
__CFG_RSTOSC$HFINT1                       (abs)        00000
__CFG_SCANE$available                     (abs)        00000
__CFG_STVREN$ON                           (abs)        00000
__CFG_WDTCCS$HFINTOSC                     (abs)        00000
__CFG_WDTCPS$WDTCPS_14                    (abs)        00000
__CFG_WDTCWS$WDTCWS_7                     (abs)        00000
__CFG_WDTE$OFF                            (abs)        00000
__CFG_WRT$OFF                             (abs)        00000
__CFG_ZCD$OFF                             (abs)        00000
__Habs1                                   abs1         00000
__Hbank0                                  bank0        00000
__Hbank1                                  bank1        00000
__Hbank10                                 bank10       00000
__Hbank11                                 bank11       00000
__Hbank12                                 bank12       00000
__Hbank13                                 bank13       00000
__Hbank14                                 bank14       00000
__Hbank15                                 bank15       00000
__Hbank16                                 bank16       00000
__Hbank17                                 bank17       00000
__Hbank18                                 bank18       00000
__Hbank19                                 bank19       00000
__Hbank2                                  bank2        00000
__Hbank20                                 bank20       00000
__Hbank21                                 bank21       00000
__Hbank22                                 bank22       00000
__Hbank23                                 bank23       00000
__Hbank24                                 bank24       00000
__Hbank25                                 bank25       00000
__Hbank26                                 bank26       00000
__Hbank27                                 bank27       00000
__Hbank28                                 bank28       00000
__Hbank29                                 bank29       00000
__Hbank3                                  bank3        00000
__Hbank30                                 bank30       00000
__Hbank31                                 bank31       00000
__Hbank4                                  bank4        00000
__Hbank5                                  bank5        00000
__Hbank6                                  bank6        00000
__Hbank7                                  bank7        00000
__Hbank8                                  bank8        00000
__Hbank9                                  bank9        00000
__Hbigram                                 bigram       00000
__HbitbssCOMMON                           bitbssCOMMON 00000
__HbssBANK0                               bssBANK0     00000
__HbssCOMMON                              bssCOMMON    00000
__Hcinit                                  cinit        0004B
__Hclrtext                                clrtext      00000
__Hcode                                   code         00000
__Hcommon                                 common       00000
__Hconfig                                 config       0800C
__HcstackBANK0                            cstackBANK0  00000
__HcstackCOMMON                           cstackCOMMON 00000
__Heeprom_data                            eeprom_data  00000
__Hend_init                               end_init     00038
__Hfunctab                                functab      00000
__Hidloc                                  idloc        00000
__Hinit                                   init         00036
__Hintentry                               intentry     00036
__Hmaintext                               maintext     00000
__Hpowerup                                powerup      00000
__Hram                                    ram          00000
__Hreset_vec                              reset_vec    00002
__Hsfr0                                   sfr0         00000
__Hsfr1                                   sfr1         00000
__Hsfr10                                  sfr10        00000
__Hsfr11                                  sfr11        00000
__Hsfr12                                  sfr12        00000
__Hsfr13                                  sfr13        00000
__Hsfr14                                  sfr14        00000
__Hsfr15                                  sfr15        00000
__Hsfr16                                  sfr16        00000
__Hsfr17                                  sfr17        00000
__Hsfr18                                  sfr18        00000
__Hsfr19                                  sfr19        00000
__Hsfr2                                   sfr2         00000
__Hsfr20                                  sfr20        00000
__Hsfr21                                  sfr21        00000
__Hsfr22                                  sfr22        00000
__Hsfr23                                  sfr23        00000
__Hsfr24                                  sfr24        00000
__Hsfr25                                  sfr25        00000
__Hsfr26                                  sfr26        00000
__Hsfr27                                  sfr27        00000
__Hsfr28                                  sfr28        00000
__Hsfr29                                  sfr29        00000
__Hsfr3                                   sfr3         00000
__Hsfr30                                  sfr30        00000
__Hsfr31                                  sfr31        00000
__Hsfr4                                   sfr4         00000
__Hsfr5                                   sfr5         00000
__Hsfr6                                   sfr6         00000
__Hsfr7                                   sfr7         00000
__Hsfr8                                   sfr8         00000
__Hsfr9                                   sfr9         00000
__Hspace_0                                (abs)        0800C
__Hspace_1                                (abs)        003EC
__Hspace_2                                (abs)        00000
__Hspace_3                                (abs)        00000
__Hstack                                  stack        00000
__Hstrings                                strings      00000
__Hstringtext1                            stringtext1  00000
__Htext                                   text         00000
__Labs1                                   abs1         00000
__Lbank0                                  bank0        00000
__Lbank1                                  bank1        00000
__Lbank10                                 bank10       00000
__Lbank11                                 bank11       00000
__Lbank12                                 bank12       00000
__Lbank13                                 bank13       00000
__Lbank14                                 bank14       00000
__Lbank15                                 bank15       00000
__Lbank16                                 bank16       00000
__Lbank17                                 bank17       00000
__Lbank18                                 bank18       00000
__Lbank19                                 bank19       00000
__Lbank2                                  bank2        00000
__Lbank20                                 bank20       00000
__Lbank21                                 bank21       00000
__Lbank22                                 bank22       00000
__Lbank23                                 bank23       00000
__Lbank24                                 bank24       00000
__Lbank25                                 bank25       00000
__Lbank26                                 bank26       00000
__Lbank27                                 bank27       00000
__Lbank28                                 bank28       00000
__Lbank29                                 bank29       00000
__Lbank3                                  bank3        00000
__Lbank30                                 bank30       00000
__Lbank31                                 bank31       00000
__Lbank4                                  bank4        00000
__Lbank5                                  bank5        00000
__Lbank6                                  bank6        00000
__Lbank7                                  bank7        00000
__Lbank8                                  bank8        00000
__Lbank9                                  bank9        00000
__Lbigram                                 bigram       00000
__LbitbssCOMMON                           bitbssCOMMON 00000
__LbssBANK0                               bssBANK0     00000
__LbssCOMMON                              bssCOMMON    00000
__Lcinit                                  cinit        00038
__Lclrtext                                clrtext      00000
__Lcode                                   code         00000
__Lcommon                                 common       00000
__Lconfig                                 config       08007
__LcstackBANK0                            cstackBANK0  00000
__LcstackCOMMON                           cstackCOMMON 00000
__Leeprom_data                            eeprom_data  00000
__Lend_init                               end_init     00036
__Lfunctab                                functab      00000
__Lidloc                                  idloc        00000
__Linit                                   init         00036
__Lintentry                               intentry     00004
__Lmaintext                               maintext     00000
__Lpowerup                                powerup      00000
__Lram                                    ram          00000
__Lreset_vec                              reset_vec    00000
__Lsfr0                                   sfr0         00000
__Lsfr1                                   sfr1         00000
__Lsfr10                                  sfr10        00000
__Lsfr11                                  sfr11        00000
__Lsfr12                                  sfr12        00000
__Lsfr13                                  sfr13        00000
__Lsfr14                                  sfr14        00000
__Lsfr15                                  sfr15        00000
__Lsfr16                                  sfr16        00000
__Lsfr17                                  sfr17        00000
__Lsfr18                                  sfr18        00000
__Lsfr19                                  sfr19        00000
__Lsfr2                                   sfr2         00000
__Lsfr20                                  sfr20        00000
__Lsfr21                                  sfr21        00000
__Lsfr22                                  sfr22        00000
__Lsfr23                                  sfr23        00000
__Lsfr24                                  sfr24        00000
__Lsfr25                                  sfr25        00000
__Lsfr26                                  sfr26        00000
__Lsfr27                                  sfr27        00000
__Lsfr28                                  sfr28        00000
__Lsfr29                                  sfr29        00000
__Lsfr3                                   sfr3         00000
__Lsfr30                                  sfr30        00000
__Lsfr31                                  sfr31        00000
__Lsfr4                                   sfr4         00000
__Lsfr5                                   sfr5         00000
__Lsfr6                                   sfr6         00000
__Lsfr7                                   sfr7         00000
__Lsfr8                                   sfr8         00000
__Lsfr9                                   sfr9         00000
__Lspace_0                                (abs)        00000
__Lspace_1                                (abs)        00000
__Lspace_2                                (abs)        00000
__Lspace_3                                (abs)        00000
__Lstack                                  stack        00000
__Lstrings                                strings      00000
__Lstringtext1                            stringtext1  00000
__Ltext                                   text         00000
__S0                                      (abs)        0800C
__S1                                      (abs)        0007E
__S2                                      (abs)        00000
__S3                                      (abs)        00000
___bmul                                   text3        00451
___bmul@multiplicand                      cstackBANK0  00050
___bmul@multiplier                        cstackBANK0  00053
___bmul@product                           cstackBANK0  00052
___int_sp                                 stack        00000
___latbits                                (abs)        00002
___sp                                     stack        00000
___stackhi                                (abs)        023EF
___stacklo                                (abs)        0203E
__end_of_DATAEE_ReadByte                  text8        00504
__end_of_DATAEE_WriteByte                 text9        00385
__end_of_INTERRUPT_InterruptManager       intentry     00036
__end_of_OSCILLATOR_Initialize            text15       00534
__end_of_PIN_MANAGER_Initialize           text14       00244
__end_of_PMD_Initialize                   text13       00545
__end_of_SYSTEM_Initialize                text10       0051F
__end_of_TMR1_DefaultInterruptHandler     text59       005C6
__end_of_TMR1_ISR                         text58       0047C
__end_of_TMR1_Initialize                  text11       00421
__end_of_TMR1_SetInterruptHandler         text12       00570
__end_of_TMR1_WriteTimer                  text62       004D5
__end_of___bmul                           text3        00467
__end_of__initialization                  cinit        00047
__end_of_cksum                            text7        003E9
__end_of_cksum_w                          text6        004E5
__end_of_do_I2C_DO_ACK                    text26       0057F
__end_of_do_I2C_DO_ADDRESS_NACK           text23       00311
__end_of_do_I2C_DO_NACK_RESTART           text24       00575
__end_of_do_I2C_DO_NACK_STOP              text25       0057A
__end_of_do_I2C_IDLE                      text34       00598
__end_of_do_I2C_RCEN                      text27       00564
__end_of_do_I2C_RESET                     text35       00555
__end_of_do_I2C_RX                        text21       001FF
__end_of_do_I2C_SEND_ADR_READ             text29       0053D
__end_of_do_I2C_SEND_ADR_WRITE            text28       0054D
__end_of_do_I2C_SEND_RESTART              text31       00589
__end_of_do_I2C_SEND_RESTART_READ         text33       00593
__end_of_do_I2C_SEND_RESTART_WRITE        text32       0058E
__end_of_do_I2C_SEND_STOP                 text30       00584
__end_of_do_I2C_TX                        text22       001B5
__end_of_do_I2C_TX_EMPTY                  text36       002B5
__end_of_fsmStateTable                    stringtext1  003C9
__end_of_h_clock                          text60       00451
__end_of_i2c1_driver_TXData               text39       0059D
__end_of_i2c1_driver_clearBusCollision    text18       005AC
__end_of_i2c1_driver_getRXData            text40       005B5
__end_of_i2c1_driver_isNACK               text38       0055D
__end_of_i2c1_driver_open                 text5        0052B
__end_of_i2c1_driver_resetBus             text42       005C5
__end_of_i2c1_driver_restart              text56       005BE
__end_of_i2c1_driver_sendACK              text57       005A9
__end_of_i2c1_driver_sendNACK             text41       005A5
__end_of_i2c1_driver_startRX              text43       005B8
__end_of_i2c1_driver_stop                 text55       005BB
__end_of_i2c_ISR                          text19       0033B
__end_of_i2c_busCollisionISR              text17       005A1
__end_of_i2c_restartWrite                 text48       005C0
__end_of_i2c_setBuffer                    text54       004F5
__end_of_i2c_setDataCompleteCallback      text52       00512
__end_of_main                             maintext     00161
__end_of_mssp1_clearIRQ                   text20       005AF
__end_of_mssp1_setIRQ                     text37       005B2
__end_of_push_ring                        text4        002E5
__end_of_rd1RegCompleteHandler            text46       004A0
__end_of_rd2RegCompleteHandler            text45       0048E
__end_of_rdBlkRegCompleteHandler          text44       0043A
__end_of_read_ring                        text2        00282
__end_of_reset_recv                       text1        00405
__end_of_returnReset                      text49       005C2
__end_of_returnStop                       text50       005C4
__end_of_setCallBack                      text53       00361
__end_of_update_clock                     text61       003A9
__end_of_wr1RegCompleteHandler            text47       004B2
__end_of_wr2RegCompleteHandler            text51       004C4
__initialization                          cinit        00038
__pbitbssCOMMON                           bitbssCOMMON 003E8
__pbssBANK0                               bssBANK0     00020
__pbssCOMMON                              bssCOMMON    00077
__pcstackBANK0                            cstackBANK0  00050
__pcstackCOMMON                           cstackCOMMON 00070
__pintentry                               intentry     00004
__pmaintext                               maintext     0004B
__pstringtext1                            stringtext1  003A9
__ptext1                                  text1        003E9
__ptext10                                 text10       00512
__ptext11                                 text11       00405
__ptext12                                 text12       0056A
__ptext13                                 text13       0053D
__ptext14                                 text14       001FF
__ptext15                                 text15       0052B
__ptext17                                 text17       0059D
__ptext18                                 text18       005A9
__ptext19                                 text19       00311
__ptext2                                  text2        00244
__ptext20                                 text20       005AC
__ptext21                                 text21       001B5
__ptext22                                 text22       00161
__ptext23                                 text23       002E5
__ptext24                                 text24       00570
__ptext25                                 text25       00575
__ptext26                                 text26       0057A
__ptext27                                 text27       0055D
__ptext28                                 text28       00545
__ptext29                                 text29       00534
__ptext3                                  text3        00451
__ptext30                                 text30       0057F
__ptext31                                 text31       00584
__ptext32                                 text32       00589
__ptext33                                 text33       0058E
__ptext34                                 text34       00593
__ptext35                                 text35       0054D
__ptext36                                 text36       00282
__ptext37                                 text37       005AF
__ptext38                                 text38       00555
__ptext39                                 text39       00598
__ptext4                                  text4        002B5
__ptext40                                 text40       005B2
__ptext41                                 text41       005A1
__ptext42                                 text42       005C4
__ptext43                                 text43       005B5
__ptext44                                 text44       00421
__ptext45                                 text45       0047C
__ptext46                                 text46       0048E
__ptext47                                 text47       004A0
__ptext48                                 text48       005BE
__ptext49                                 text49       005C0
__ptext5                                  text5        0051F
__ptext50                                 text50       005C2
__ptext51                                 text51       004B2
__ptext52                                 text52       00504
__ptext53                                 text53       0033B
__ptext54                                 text54       004E5
__ptext55                                 text55       005B8
__ptext56                                 text56       005BB
__ptext57                                 text57       005A5
__ptext58                                 text58       00467
__ptext59                                 text59       005C5
__ptext6                                  text6        004D5
__ptext60                                 text60       0043A
__ptext61                                 text61       00385
__ptext62                                 text62       004C4
__ptext7                                  text7        003C9
__ptext8                                  text8        004F5
__ptext9                                  text9        00361
__size_of_DATAEE_ReadByte                 (abs)        00000
__size_of_DATAEE_WriteByte                (abs)        00000
__size_of_INTERRUPT_InterruptManager      (abs)        00000
__size_of_OSCILLATOR_Initialize           (abs)        00000
__size_of_PIN_MANAGER_Initialize          (abs)        00000
__size_of_PMD_Initialize                  (abs)        00000
__size_of_SYSTEM_Initialize               (abs)        00000
__size_of_TMR1_DefaultInterruptHandler    (abs)        00000
__size_of_TMR1_ISR                        (abs)        00000
__size_of_TMR1_Initialize                 (abs)        00000
__size_of_TMR1_SetInterruptHandler        (abs)        00000
__size_of_TMR1_WriteTimer                 (abs)        00000
__size_of___bmul                          (abs)        00000
__size_of_cksum                           (abs)        00000
__size_of_cksum_w                         (abs)        00000
__size_of_do_I2C_DO_ACK                   (abs)        00000
__size_of_do_I2C_DO_ADDRESS_NACK          (abs)        00000
__size_of_do_I2C_DO_NACK_RESTART          (abs)        00000
__size_of_do_I2C_DO_NACK_STOP             (abs)        00000
__size_of_do_I2C_IDLE                     (abs)        00000
__size_of_do_I2C_RCEN                     (abs)        00000
__size_of_do_I2C_RESET                    (abs)        00000
__size_of_do_I2C_RX                       (abs)        00000
__size_of_do_I2C_SEND_ADR_READ            (abs)        00000
__size_of_do_I2C_SEND_ADR_WRITE           (abs)        00000
__size_of_do_I2C_SEND_RESTART             (abs)        00000
__size_of_do_I2C_SEND_RESTART_READ        (abs)        00000
__size_of_do_I2C_SEND_RESTART_WRITE       (abs)        00000
__size_of_do_I2C_SEND_STOP                (abs)        00000
__size_of_do_I2C_TX                       (abs)        00000
__size_of_do_I2C_TX_EMPTY                 (abs)        00000
__size_of_h_clock                         (abs)        00000
__size_of_i2c1_driver_TXData              (abs)        00000
__size_of_i2c1_driver_clearBusCollision   (abs)        00000
__size_of_i2c1_driver_getRXData           (abs)        00000
__size_of_i2c1_driver_isNACK              (abs)        00000
__size_of_i2c1_driver_open                (abs)        00000
__size_of_i2c1_driver_resetBus            (abs)        00000
__size_of_i2c1_driver_restart             (abs)        00000
__size_of_i2c1_driver_sendACK             (abs)        00000
__size_of_i2c1_driver_sendNACK            (abs)        00000
__size_of_i2c1_driver_startRX             (abs)        00000
__size_of_i2c1_driver_stop                (abs)        00000
__size_of_i2c_ISR                         (abs)        00000
__size_of_i2c_busCollisionISR             (abs)        00000
__size_of_i2c_restartWrite                (abs)        00000
__size_of_i2c_setBuffer                   (abs)        00000
__size_of_i2c_setDataCompleteCallback     (abs)        00000
__size_of_main                            (abs)        00000
__size_of_mssp1_clearIRQ                  (abs)        00000
__size_of_mssp1_setIRQ                    (abs)        00000
__size_of_push_ring                       (abs)        00000
__size_of_rd1RegCompleteHandler           (abs)        00000
__size_of_rd2RegCompleteHandler           (abs)        00000
__size_of_rdBlkRegCompleteHandler         (abs)        00000
__size_of_read_ring                       (abs)        00000
__size_of_reset_recv                      (abs)        00000
__size_of_returnReset                     (abs)        00000
__size_of_returnStop                      (abs)        00000
__size_of_setCallBack                     (abs)        00000
__size_of_update_clock                    (abs)        00000
__size_of_wr1RegCompleteHandler           (abs)        00000
__size_of_wr2RegCompleteHandler           (abs)        00000
_aux                                      bssBANK0     00045
_aux1                                     bssBANK0     00044
_cksum                                    text7        003C9
_cksum_w                                  text6        004D5
_clkh                                     bssBANK0     0004F
_clkm                                     bssBANK0     0004E
_configuration_mode                       bitbssCOMMON 003EA
_do_I2C_DO_ACK                            text26       0057A
_do_I2C_DO_ADDRESS_NACK                   text23       002E5
_do_I2C_DO_NACK_RESTART                   text24       00570
_do_I2C_DO_NACK_STOP                      text25       00575
_do_I2C_IDLE                              text34       00593
_do_I2C_RCEN                              text27       0055D
_do_I2C_RESET                             text35       0054D
_do_I2C_RX                                text21       001B5
_do_I2C_SEND_ADR_READ                     text29       00534
_do_I2C_SEND_ADR_WRITE                    text28       00545
_do_I2C_SEND_RESTART                      text31       00584
_do_I2C_SEND_RESTART_READ                 text33       0058E
_do_I2C_SEND_RESTART_WRITE                text32       00589
_do_I2C_SEND_STOP                         text30       0057F
_do_I2C_TX                                text22       00161
_do_I2C_TX_EMPTY                          text36       00282
_fsmStateTable                            stringtext1  003A9
_h_clock                                  text60       0043A
_half                                     bitbssCOMMON 003EB
_i2c1_driver_TXData                       text39       00598
_i2c1_driver_busCollisionISR              bssCOMMON    0007B
_i2c1_driver_clearBusCollision            text18       005A9
_i2c1_driver_getRXData                    text40       005B2
_i2c1_driver_i2cISR                       bssBANK0     00042
_i2c1_driver_isNACK                       text38       00555
_i2c1_driver_open                         text5        0051F
_i2c1_driver_resetBus                     text42       005C4
_i2c1_driver_restart                      text56       005BB
_i2c1_driver_sendACK                      text57       005A5
_i2c1_driver_sendNACK                     text41       005A1
_i2c1_driver_startRX                      text43       005B5
_i2c1_driver_stop                         text55       005B8
_i2c_ISR                                  text19       00311
_i2c_busCollisionISR                      text17       0059D
_i2c_restartWrite                         text48       005BE
_i2c_setBuffer                            text54       004E5
_i2c_setDataCompleteCallback              text52       00504
_i2c_status                               bssBANK0     00020
_last1m                                   bssBANK0     0004B
_last5s                                   bssBANK0     0004C
_lum                                      bssBANK0     00046
_main                                     maintext     0004B
_mssp1_clearIRQ                           text20       005AC
_mssp1_setIRQ                             text37       005AF
_nreg                                     bssBANK0     0004A
_nreg_init                                bitbssCOMMON 003E9
_nreg_pt                                  bssBANK0     00049
_pmon                                     bssBANK0     00048
_push_ring                                text4        002B5
_rd1RegCompleteHandler                    text46       0048E
_rd2RegCompleteHandler                    text45       0047C
_rdBlkRegCompleteHandler                  text44       00421
_read_ring                                text2        00244
_reset_recv                               text1        003E9
_returnReset                              text49       005C0
_returnStop                               text50       005C2
_ring_byte                                bssBANK0     0003D
_running                                  bitbssCOMMON 003E8
_seg                                      bssBANK0     0004D
_setCallBack                              text53       0033B
_temp                                     bssBANK0     00047
_timer1ReloadVal                          bssCOMMON    00079
_update_clock                             text61       00385
_wr1RegCompleteHandler                    text47       004A0
_wr2RegCompleteHandler                    text51       004B2
btemp                                     (abs)        0007E
cksum@i                                   cstackBANK0  00054
cksum@res                                 cstackBANK0  00053
clear_ram0                                clrtext      00564
end_of_initialization                     cinit        00047
i2c1_driver_TXData@d                      cstackCOMMON 00070
i2c_setBuffer@buffer                      cstackCOMMON 00073
i2c_setBuffer@bufferSize                  cstackCOMMON 00070
i2c_setDataCompleteCallback@cb            cstackBANK0  00050
i2c_setDataCompleteCallback@p             cstackBANK0  00052
int$flags                                 (abs)        0007E
intlevel0                                 functab      00000
intlevel1                                 functab      00000
intlevel2                                 functab      00000
intlevel3                                 functab      00000
intlevel4                                 functab      00000
intlevel5                                 functab      00000
push_ring@i                               cstackBANK0  0005B
rd1RegCompleteHandler@p                   cstackCOMMON 00076
rd2RegCompleteHandler@p                   cstackCOMMON 00076
rdBlkRegCompleteHandler@p                 cstackCOMMON 00076
read_ring@absindex                        cstackBANK0  00059
read_ring@i                               cstackBANK0  00057
read_ring@index                           cstackBANK0  00058
read_ring@subindex                        cstackBANK0  00054
reset_recv@i                              cstackBANK0  0005A
reset_vec                                 reset_vec    00000
setCallBack@cb                            cstackCOMMON 00070
setCallBack@idx                           cstackCOMMON 00074
setCallBack@p                             cstackCOMMON 00072
start                                     init         00036
start_initialization                      cinit        00038
wr1RegCompleteHandler@p                   cstackCOMMON 00076
wr2RegCompleteHandler@p                   cstackCOMMON 00076
wtemp0                                    (abs)        0007E


FUNCTION INFORMATION:

 *************** function _main *****************
 Defined at:
		line 63 in file "main.c"
 Parameters:    Size  Location     Type
		None
 Auto vars:     Size  Location     Type
		None
 Return value:  Size  Location     Type
                  1    wreg      void 
 Registers used:
		wreg, fsr1l, fsr1h, status,2, status,0, pclath, cstack
 Tracked objects:
		On entry : 
		On exit  : 
		Unchanged: 
 Data sizes:     COMMON   BANK0   BANK1   BANK2   BANK3   BANK4   BANK5   BANK6   BANK7   BANK8   BANK9  BANK10  BANK11  BANK12
      Params:         0       0       0       0       0       0       0       0       0       0       0       0       0       0
      Locals:         0       2       0       0       0       0       0       0       0       0       0       0       0       0
      Temps:          0       2       0       0       0       0       0       0       0       0       0       0       0       0
      Totals:         0       4       0       0       0       0       0       0       0       0       0       0       0       0
Total ram usage:        4 bytes
 Hardware stack levels required when called:    9
 This function calls:
		_DATAEE_ReadByte
		_DATAEE_WriteByte
		_SYSTEM_Initialize
		_TMR1_SetInterruptHandler
		_cksum
		_cksum_w
		_i2c1_driver_open
		_push_ring
		_read_ring
		_reset_recv
 This function is called by:
		Startup code after reset
 This function uses a non-reentrant model


 *************** function _reset_recv *****************
 Defined at:
		line 165 in file "main.c"
 Parameters:    Size  Location     Type
		None
 Auto vars:     Size  Location     Type
  i               2   10[BANK0 ] unsigned int 
 Return value:  Size  Location     Type
                  1    wreg      void 
 Registers used:
		wreg, status,2, status,0, pclath, cstack
 Tracked objects:
		On entry : 
		On exit  : 
		Unchanged: 
 Data sizes:     COMMON   BANK0   BANK1   BANK2   BANK3   BANK4   BANK5   BANK6   BANK7   BANK8   BANK9  BANK10  BANK11  BANK12
      Params:         0       0       0       0       0       0       0       0       0       0       0       0       0       0
      Locals:         0       2       0       0       0       0       0       0       0       0       0       0       0       0
      Temps:          0       0       0       0       0       0       0       0       0       0       0       0       0       0
      Totals:         0       2       0       0       0       0       0       0       0       0       0       0       0       0
Total ram usage:        2 bytes
 Hardware stack levels used:    1
 Hardware stack levels required when called:    7
 This function calls:
		_DATAEE_WriteByte
 This function is called by:
		_main
 This function uses a non-reentrant model


 *************** function _read_ring *****************
 Defined at:
		line 184 in file "main.c"
 Parameters:    Size  Location     Type
  index           1    wreg     unsigned char 
  subindex        1    4[BANK0 ] unsigned char 
 Auto vars:     Size  Location     Type
  index           1    8[BANK0 ] unsigned char 
  absindex        1    9[BANK0 ] unsigned char 
  i               1    7[BANK0 ] unsigned char 
 Return value:  Size  Location     Type
                  1    wreg      unsigned char 
 Registers used:
		wreg, status,2, status,0, pclath, cstack
 Tracked objects:
		On entry : 
		On exit  : 
		Unchanged: 
 Data sizes:     COMMON   BANK0   BANK1   BANK2   BANK3   BANK4   BANK5   BANK6   BANK7   BANK8   BANK9  BANK10  BANK11  BANK12
      Params:         0       1       0       0       0       0       0       0       0       0       0       0       0       0
      Locals:         0       3       0       0       0       0       0       0       0       0       0       0       0       0
      Temps:          0       2       0       0       0       0       0       0       0       0       0       0       0       0
      Totals:         0       6       0       0       0       0       0       0       0       0       0       0       0       0
Total ram usage:        6 bytes
 Hardware stack levels used:    1
 Hardware stack levels required when called:    7
 This function calls:
		_DATAEE_ReadByte
		___bmul
 This function is called by:
		_main
 This function uses a non-reentrant model


 *************** function ___bmul *****************
 Defined at:
		line 4 in file "C:\Program Files (x86)\Microchip\xc8\v2.10\pic\sources\c99\common\Umul8.c"
 Parameters:    Size  Location     Type
  multiplier      1    wreg     unsigned char 
  multiplicand    1    0[BANK0 ] unsigned char 
 Auto vars:     Size  Location     Type
  multiplier      1    3[BANK0 ] unsigned char 
  product         1    2[BANK0 ] unsigned char 
 Return value:  Size  Location     Type
                  1    wreg      unsigned char 
 Registers used:
		wreg, status,2, status,0
 Tracked objects:
		On entry : 
		On exit  : 
		Unchanged: 
 Data sizes:     COMMON   BANK0   BANK1   BANK2   BANK3   BANK4   BANK5   BANK6   BANK7   BANK8   BANK9  BANK10  BANK11  BANK12
      Params:         0       1       0       0       0       0       0       0       0       0       0       0       0       0
      Locals:         0       2       0       0       0       0       0       0       0       0       0       0       0       0
      Temps:          0       1       0       0       0       0       0       0       0       0       0       0       0       0
      Totals:         0       4       0       0       0       0       0       0       0       0       0       0       0       0
Total ram usage:        4 bytes
 Hardware stack levels used:    1
 Hardware stack levels required when called:    6
 This function calls:
		Nothing
 This function is called by:
		_read_ring
 This function uses a non-reentrant model


 *************** function _push_ring *****************
 Defined at:
		line 202 in file "main.c"
 Parameters:    Size  Location     Type
		None
 Auto vars:     Size  Location     Type
  i               1   11[BANK0 ] unsigned char 
 Return value:  Size  Location     Type
                  1    wreg      void 
 Registers used:
		wreg, fsr1l, fsr1h, status,2, status,0, pclath, cstack
 Tracked objects:
		On entry : 
		On exit  : 
		Unchanged: 
 Data sizes:     COMMON   BANK0   BANK1   BANK2   BANK3   BANK4   BANK5   BANK6   BANK7   BANK8   BANK9  BANK10  BANK11  BANK12
      Params:         0       0       0       0       0       0       0       0       0       0       0       0       0       0
      Locals:         0       1       0       0       0       0       0       0       0       0       0       0       0       0
      Temps:          0       1       0       0       0       0       0       0       0       0       0       0       0       0
      Totals:         0       2       0       0       0       0       0       0       0       0       0       0       0       0
Total ram usage:        2 bytes
 Hardware stack levels used:    1
 Hardware stack levels required when called:    7
 This function calls:
		_DATAEE_WriteByte
 This function is called by:
		_main
 This function uses a non-reentrant model


 *************** function _i2c1_driver_open *****************
 Defined at:
		line 84 in file "mcc_generated_files/i2c1_driver.c"
 Parameters:    Size  Location     Type
		None
 Auto vars:     Size  Location     Type
		None
 Return value:  Size  Location     Type
		None               void
 Registers used:
		wreg, status,2
 Tracked objects:
		On entry : 
		On exit  : 
		Unchanged: 
 Data sizes:     COMMON   BANK0   BANK1   BANK2   BANK3   BANK4   BANK5   BANK6   BANK7   BANK8   BANK9  BANK10  BANK11  BANK12
      Params:         0       0       0       0       0       0       0       0       0       0       0       0       0       0
      Locals:         0       0       0       0       0       0       0       0       0       0       0       0       0       0
      Temps:          0       0       0       0       0       0       0       0       0       0       0       0       0       0
      Totals:         0       0       0       0       0       0       0       0       0       0       0       0       0       0
Total ram usage:        0 bytes
 Hardware stack levels used:    1
 Hardware stack levels required when called:    6
 This function calls:
		Nothing
 This function is called by:
		_main
		_i2c_open
 This function uses a non-reentrant model


 *************** function _cksum_w *****************
 Defined at:
		line 170 in file "main.c"
 Parameters:    Size  Location     Type
		None
 Auto vars:     Size  Location     Type
		None
 Return value:  Size  Location     Type
                  1    wreg      void 
 Registers used:
		wreg, status,2, status,0, pclath, cstack
 Tracked objects:
		On entry : 
		On exit  : 
		Unchanged: 
 Data sizes:     COMMON   BANK0   BANK1   BANK2   BANK3   BANK4   BANK5   BANK6   BANK7   BANK8   BANK9  BANK10  BANK11  BANK12
      Params:         0       0       0       0       0       0       0       0       0       0       0       0       0       0
      Locals:         0       0       0       0       0       0       0       0       0       0       0       0       0       0
      Temps:          0       1       0       0       0       0       0       0       0       0       0       0       0       0
      Totals:         0       1       0       0       0       0       0       0       0       0       0       0       0       0
Total ram usage:        1 bytes
 Hardware stack levels used:    1
 Hardware stack levels required when called:    8
 This function calls:
		_DATAEE_WriteByte
		_cksum
 This function is called by:
		_main
 This function uses a non-reentrant model


 *************** function _cksum *****************
 Defined at:
		line 175 in file "main.c"
 Parameters:    Size  Location     Type
		None
 Auto vars:     Size  Location     Type
  i               2    4[BANK0 ] unsigned int 
  res             1    3[BANK0 ] unsigned char 
 Return value:  Size  Location     Type
                  1    wreg      unsigned char 
 Registers used:
		wreg, status,2, status,0, pclath, cstack
 Tracked objects:
		On entry : 
		On exit  : 
		Unchanged: 
 Data sizes:     COMMON   BANK0   BANK1   BANK2   BANK3   BANK4   BANK5   BANK6   BANK7   BANK8   BANK9  BANK10  BANK11  BANK12
      Params:         0       0       0       0       0       0       0       0       0       0       0       0       0       0
      Locals:         0       3       0       0       0       0       0       0       0       0       0       0       0       0
      Temps:          0       1       0       0       0       0       0       0       0       0       0       0       0       0
      Totals:         0       4       0       0       0       0       0       0       0       0       0       0       0       0
Total ram usage:        4 bytes
 Hardware stack levels used:    1
 Hardware stack levels required when called:    7
 This function calls:
		_DATAEE_ReadByte
 This function is called by:
		_main
		_cksum_w
 This function uses a non-reentrant model


 *************** function _DATAEE_ReadByte *****************
 Defined at:
		line 202 in file "mcc_generated_files/memory.c"
 Parameters:    Size  Location     Type
  bAdd            2    0[BANK0 ] unsigned short 
 Auto vars:     Size  Location     Type
		None
 Return value:  Size  Location     Type
                  1    wreg      unsigned char 
 Registers used:
		wreg, status,2
 Tracked objects:
		On entry : 
		On exit  : 
		Unchanged: 
 Data sizes:     COMMON   BANK0   BANK1   BANK2   BANK3   BANK4   BANK5   BANK6   BANK7   BANK8   BANK9  BANK10  BANK11  BANK12
      Params:         0       2       0       0       0       0       0       0       0       0       0       0       0       0
      Locals:         0       0       0       0       0       0       0       0       0       0       0       0       0       0
      Temps:          0       0       0       0       0       0       0       0       0       0       0       0       0       0
      Totals:         0       2       0       0       0       0       0       0       0       0       0       0       0       0
Total ram usage:        2 bytes
 Hardware stack levels used:    1
 Hardware stack levels required when called:    6
 This function calls:
		Nothing
 This function is called by:
		_main
		_cksum
		_read_ring
 This function uses a non-reentrant model


 *************** function _DATAEE_WriteByte *****************
 Defined at:
		line 180 in file "mcc_generated_files/memory.c"
 Parameters:    Size  Location     Type
  bAdd            2    6[BANK0 ] unsigned short 
  bData           1    8[BANK0 ] unsigned char 
 Auto vars:     Size  Location     Type
  GIEBitValue     1    9[BANK0 ] unsigned char 
 Return value:  Size  Location     Type
                  1    wreg      void 
 Registers used:
		wreg, status,2, status,0
 Tracked objects:
		On entry : 
		On exit  : 
		Unchanged: 
 Data sizes:     COMMON   BANK0   BANK1   BANK2   BANK3   BANK4   BANK5   BANK6   BANK7   BANK8   BANK9  BANK10  BANK11  BANK12
      Params:         0       3       0       0       0       0       0       0       0       0       0       0       0       0
      Locals:         0       1       0       0       0       0       0       0       0       0       0       0       0       0
      Temps:          0       0       0       0       0       0       0       0       0       0       0       0       0       0
      Totals:         0       4       0       0       0       0       0       0       0       0       0       0       0       0
Total ram usage:        4 bytes
 Hardware stack levels used:    1
 Hardware stack levels required when called:    6
 This function calls:
		Nothing
 This function is called by:
		_main
		_reset_recv
		_cksum_w
		_push_ring
 This function uses a non-reentrant model


 *************** function _SYSTEM_Initialize *****************
 Defined at:
		line 50 in file "mcc_generated_files/mcc.c"
 Parameters:    Size  Location     Type
		None
 Auto vars:     Size  Location     Type
		None
 Return value:  Size  Location     Type
                  1    wreg      void 
 Registers used:
		wreg, status,2, status,0, pclath, cstack
 Tracked objects:
		On entry : 
		On exit  : 
		Unchanged: 
 Data sizes:     COMMON   BANK0   BANK1   BANK2   BANK3   BANK4   BANK5   BANK6   BANK7   BANK8   BANK9  BANK10  BANK11  BANK12
      Params:         0       0       0       0       0       0       0       0       0       0       0       0       0       0
      Locals:         0       0       0       0       0       0       0       0       0       0       0       0       0       0
      Temps:          0       0       0       0       0       0       0       0       0       0       0       0       0       0
      Totals:         0       0       0       0       0       0       0       0       0       0       0       0       0       0
Total ram usage:        0 bytes
 Hardware stack levels used:    1
 Hardware stack levels required when called:    8
 This function calls:
		_OSCILLATOR_Initialize
		_PIN_MANAGER_Initialize
		_PMD_Initialize
		_TMR1_Initialize
 This function is called by:
		_main
 This function uses a non-reentrant model


 *************** function _TMR1_Initialize *****************
 Defined at:
		line 64 in file "mcc_generated_files/tmr1.c"
 Parameters:    Size  Location     Type
		None
 Auto vars:     Size  Location     Type
		None
 Return value:  Size  Location     Type
                  1    wreg      void 
 Registers used:
		wreg, status,2, status,0, pclath, cstack
 Tracked objects:
		On entry : 
		On exit  : 
		Unchanged: 
 Data sizes:     COMMON   BANK0   BANK1   BANK2   BANK3   BANK4   BANK5   BANK6   BANK7   BANK8   BANK9  BANK10  BANK11  BANK12
      Params:         0       0       0       0       0       0       0       0       0       0       0       0       0       0
      Locals:         0       0       0       0       0       0       0       0       0       0       0       0       0       0
      Temps:          0       0       0       0       0       0       0       0       0       0       0       0       0       0
      Totals:         0       0       0       0       0       0       0       0       0       0       0       0       0       0
Total ram usage:        0 bytes
 Hardware stack levels used:    1
 Hardware stack levels required when called:    7
 This function calls:
		_TMR1_SetInterruptHandler
 This function is called by:
		_SYSTEM_Initialize
 This function uses a non-reentrant model


 *************** function _TMR1_SetInterruptHandler *****************
 Defined at:
		line 178 in file "mcc_generated_files/tmr1.c"
 Parameters:    Size  Location     Type
  InterruptHan    2    0[BANK0 ] PTR FTN()void 
		 -> h_clock(1), TMR1_DefaultInterruptHandler(1), 
 Auto vars:     Size  Location     Type
		None
 Return value:  Size  Location     Type
                  1    wreg      void 
 Registers used:
		wreg
 Tracked objects:
		On entry : 
		On exit  : 
		Unchanged: 
 Data sizes:     COMMON   BANK0   BANK1   BANK2   BANK3   BANK4   BANK5   BANK6   BANK7   BANK8   BANK9  BANK10  BANK11  BANK12
      Params:         0       2       0       0       0       0       0       0       0       0       0       0       0       0
      Locals:         0       0       0       0       0       0       0       0       0       0       0       0       0       0
      Temps:          0       0       0       0       0       0       0       0       0       0       0       0       0       0
      Totals:         0       2       0       0       0       0       0       0       0       0       0       0       0       0
Total ram usage:        2 bytes
 Hardware stack levels used:    1
 Hardware stack levels required when called:    6
 This function calls:
		Nothing
 This function is called by:
		_TMR1_Initialize
		_main
 This function uses a non-reentrant model


 *************** function _PMD_Initialize *****************
 Defined at:
		line 72 in file "mcc_generated_files/mcc.c"
[...]
 Registers used:
		wreg, fsr1l, fsr1h, status,2, status,0, pclath, cstack
 Tracked objects:
		On entry : 
		On exit  : 
		Unchanged: 
 Data sizes:     COMMON   BANK0   BANK1   BANK2   BANK3   BANK4   BANK5   BANK6   BANK7   BANK8   BANK9  BANK10  BANK11  BANK12
      Params:         0       3       0       0       0       0       0       0       0       0       0       0       0       0
      Locals:         0       0       0       0       0       0       0       0       0       0       0       0       0       0
      Temps:          1       0       0       0       0       0       0       0       0       0       0       0       0       0
      Totals:         1       3       0       0       0       0       0       0       0       0       0       0       0       0
Total ram usage:        4 bytes
 Hardware stack levels used:    1
 Hardware stack levels required when called:    1
 This function calls:
		_setCallBack
 This function is called by:
		_wr1RegCompleteHandler
		_rd1RegCompleteHandler
		_rd2RegCompleteHandler
		_wr2RegCompleteHandler
		_rdBlkRegCompleteHandler
		_i2c_write1ByteRegister
		_i2c_read1ByteRegister
		_i2c_read2ByteRegister
		_i2c_write2ByteRegister
		_i2c_readDataBlock
 This function uses a non-reentrant model


 *************** function _setCallBack *****************
 Defined at:
		line 453 in file "mcc_generated_files/drivers/i2c_master.c"
 Parameters:    Size  Location     Type
  idx             1    wreg     enum E12740
  cb              2    0[COMMON] PTR FTN(PTR void ,)enum 
		 -> rdBlkRegCompleteHandler(1), wr2RegCompleteHandler(1), rd2RegCompleteHandler(1), rd1RegCompleteHandler(1), 
		 -> i2c_restartWrite(1), wr1RegCompleteHandler(1), Absolute function(1), 
  p               1    2[COMMON] PTR void 
		 -> i2c_readDataBlock@d(3), i2c_write2ByteRegister@data(2), i2c_read2ByteRegister@result(2), i2c_read1ByteRegister@d2(1), 
		 -> i2c_write1ByteRegister@data(1), NULL(0), 
 Auto vars:     Size  Location     Type
  idx             1    4[COMMON] enum E12740
 Return value:  Size  Location     Type
                  1    wreg      void 
 Registers used:
		wreg, fsr1l, fsr1h, status,2, status,0
 Tracked objects:
		On entry : 
		On exit  : 
		Unchanged: 
 Data sizes:     COMMON   BANK0   BANK1   BANK2   BANK3   BANK4   BANK5   BANK6   BANK7   BANK8   BANK9  BANK10  BANK11  BANK12
      Params:         3       0       0       0       0       0       0       0       0       0       0       0       0       0
      Locals:         1       0       0       0       0       0       0       0       0       0       0       0       0       0
      Temps:          1       0       0       0       0       0       0       0       0       0       0       0       0       0
      Totals:         5       0       0       0       0       0       0       0       0       0       0       0       0       0
Total ram usage:        5 bytes
 Hardware stack levels used:    1
 This function calls:
		Nothing
 This function is called by:
		_i2c_setDataCompleteCallback
		_i2c_setWriteCollisionCallback
		_i2c_setAddressNACKCallback
		_i2c_setDataNACKCallback
		_i2c_setTimeOutCallback
 This function uses a non-reentrant model


 *************** function _i2c_setBuffer *****************
 Defined at:
		line 184 in file "mcc_generated_files/drivers/i2c_master.c"
 Parameters:    Size  Location     Type
  buffer          1    wreg     PTR void 
		 -> i2c_readDataBlock@reg(1), i2c_readDataBlock@d(3), i2c_write2ByteRegister@reg(1), i2c_write2ByteRegister@data(2), 
		 -> i2c_read2ByteRegister@reg(1), i2c_read2ByteRegister@result(2), i2c_read1ByteRegister@reg(1), i2c_read1ByteRegister@d2(1), 
		 -> i2c_write1ByteRegister@reg(1), i2c_write1ByteRegister@data(1), NULL(0), 
  bufferSize      2    0[COMMON] unsigned int 
 Auto vars:     Size  Location     Type
  buffer          1    3[COMMON] PTR void 
		 -> i2c_readDataBlock@reg(1), i2c_readDataBlock@d(3), i2c_write2ByteRegister@reg(1), i2c_write2ByteRegister@data(2), 
		 -> i2c_read2ByteRegister@reg(1), i2c_read2ByteRegister@result(2), i2c_read1ByteRegister@reg(1), i2c_read1ByteRegister@d2(1), 
		 -> i2c_write1ByteRegister@reg(1), i2c_write1ByteRegister@data(1), NULL(0), 
 Return value:  Size  Location     Type
                  1    wreg      void 
 Registers used:
		wreg
 Tracked objects:
		On entry : 
		On exit  : 
		Unchanged: 
 Data sizes:     COMMON   BANK0   BANK1   BANK2   BANK3   BANK4   BANK5   BANK6   BANK7   BANK8   BANK9  BANK10  BANK11  BANK12
      Params:         2       0       0       0       0       0       0       0       0       0       0       0       0       0
      Locals:         1       0       0       0       0       0       0       0       0       0       0       0       0       0
      Temps:          1       0       0       0       0       0       0       0       0       0       0       0       0       0
      Totals:         4       0       0       0       0       0       0       0       0       0       0       0       0       0
Total ram usage:        4 bytes
 Hardware stack levels used:    1
 This function calls:
		Nothing
 This function is called by:
		_wr1RegCompleteHandler
		_rd1RegCompleteHandler
		_rd2RegCompleteHandler
		_wr2RegCompleteHandler
		_rdBlkRegCompleteHandler
		_i2c_write1ByteRegister
		_i2c_writeNBytes
		_i2c_read1ByteRegister
		_i2c_read2ByteRegister
		_i2c_write2ByteRegister
		_i2c_readDataBlock
		_i2c_readNBytes
 This function uses a non-reentrant model


 *************** function _i2c1_driver_stop *****************
 Defined at:
		line 157 in file "mcc_generated_files/i2c1_driver.c"
 Parameters:    Size  Location     Type
		None
 Auto vars:     Size  Location     Type
		None
 Return value:  Size  Location     Type
                  1    wreg      void 
 Registers used:
		None
 Tracked objects:
		On entry : 
		On exit  : 
		Unchanged: 
 Data sizes:     COMMON   BANK0   BANK1   BANK2   BANK3   BANK4   BANK5   BANK6   BANK7   BANK8   BANK9  BANK10  BANK11  BANK12
      Params:         0       0       0       0       0       0       0       0       0       0       0       0       0       0
      Locals:         0       0       0       0       0       0       0       0       0       0       0       0       0       0
      Temps:          0       0       0       0       0       0       0       0       0       0       0       0       0       0
      Totals:         0       0       0       0       0       0       0       0       0       0       0       0       0       0
Total ram usage:        0 bytes
 Hardware stack levels used:    1
 This function calls:
		Nothing
 This function is called by:
		_do_I2C_SEND_STOP
 This function uses a non-reentrant model


 *************** function _i2c1_driver_restart *****************
 Defined at:
		line 152 in file "mcc_generated_files/i2c1_driver.c"
 Parameters:    Size  Location     Type
		None
 Auto vars:     Size  Location     Type
		None
 Return value:  Size  Location     Type
                  1    wreg      void 
 Registers used:
		None
 Tracked objects:
		On entry : 
		On exit  : 
		Unchanged: 
 Data sizes:     COMMON   BANK0   BANK1   BANK2   BANK3   BANK4   BANK5   BANK6   BANK7   BANK8   BANK9  BANK10  BANK11  BANK12
      Params:         0       0       0       0       0       0       0       0       0       0       0       0       0       0
      Locals:         0       0       0       0       0       0       0       0       0       0       0       0       0       0
      Temps:          0       0       0       0       0       0       0       0       0       0       0       0       0       0
      Totals:         0       0       0       0       0       0       0       0       0       0       0       0       0       0
Total ram usage:        0 bytes
 Hardware stack levels used:    1
 This function calls:
		Nothing
 This function is called by:
		_do_I2C_SEND_RESTART_READ
		_do_I2C_SEND_RESTART_WRITE
		_do_I2C_SEND_RESTART
 This function uses a non-reentrant model


 *************** function _i2c1_driver_sendACK *****************
 Defined at:
		line 197 in file "mcc_generated_files/i2c1_driver.c"
 Parameters:    Size  Location     Type
		None
 Auto vars:     Size  Location     Type
		None
 Return value:  Size  Location     Type
                  1    wreg      void 
 Registers used:
		None
 Tracked objects:
		On entry : 
		On exit  : 
		Unchanged: 
 Data sizes:     COMMON   BANK0   BANK1   BANK2   BANK3   BANK4   BANK5   BANK6   BANK7   BANK8   BANK9  BANK10  BANK11  BANK12
      Params:         0       0       0       0       0       0       0       0       0       0       0       0       0       0
      Locals:         0       0       0       0       0       0       0       0       0       0       0       0       0       0
      Temps:          0       0       0       0       0       0       0       0       0       0       0       0       0       0
      Totals:         0       0       0       0       0       0       0       0       0       0       0       0       0       0
Total ram usage:        0 bytes
 Hardware stack levels used:    1
 This function calls:
		Nothing
 This function is called by:
		_do_I2C_DO_ACK
		_do_I2C_RX
 This function uses a non-reentrant model


 *************** function _TMR1_ISR *****************
 Defined at:
		line 164 in file "mcc_generated_files/tmr1.c"
 Parameters:    Size  Location     Type
		None
 Auto vars:     Size  Location     Type
		None
 Return value:  Size  Location     Type
                  1    wreg      void 
 Registers used:
		wreg, status,2, status,0, pclath, cstack
 Tracked objects:
		On entry : 
		On exit  : 
		Unchanged: 
 Data sizes:     COMMON   BANK0   BANK1   BANK2   BANK3   BANK4   BANK5   BANK6   BANK7   BANK8   BANK9  BANK10  BANK11  BANK12
      Params:         0       0       0       0       0       0       0       0       0       0       0       0       0       0
      Locals:         0       0       0       0       0       0       0       0       0       0       0       0       0       0
      Temps:          0       0       0       0       0       0       0       0       0       0       0       0       0       0
      Totals:         0       0       0       0       0       0       0       0       0       0       0       0       0       0
Total ram usage:        0 bytes
 Hardware stack levels used:    1
 Hardware stack levels required when called:    2
 This function calls:
		Absolute function
		_TMR1_DefaultInterruptHandler
		_TMR1_WriteTimer
		_h_clock
 This function is called by:
		_INTERRUPT_InterruptManager
 This function uses a non-reentrant model


 *************** function _TMR1_DefaultInterruptHandler *****************
 Defined at:
		line 182 in file "mcc_generated_files/tmr1.c"
 Parameters:    Size  Location     Type
		None
 Auto vars:     Size  Location     Type
		None
 Return value:  Size  Location     Type
                  1    wreg      void 
 Registers used:
		None
 Tracked objects:
		On entry : 
		On exit  : 
		Unchanged: 
 Data sizes:     COMMON   BANK0   BANK1   BANK2   BANK3   BANK4   BANK5   BANK6   BANK7   BANK8   BANK9  BANK10  BANK11  BANK12
      Params:         0       0       0       0       0       0       0       0       0       0       0       0       0       0
      Locals:         0       0       0       0       0       0       0       0       0       0       0       0       0       0
      Temps:          0       0       0       0       0       0       0       0       0       0       0       0       0       0
      Totals:         0       0       0       0       0       0       0       0       0       0       0       0       0       0
Total ram usage:        0 bytes
 Hardware stack levels used:    1
 This function calls:
		Nothing
 This function is called by:
		_TMR1_Initialize
		_TMR1_ISR
 This function uses a non-reentrant model


 *************** function _h_clock *****************
 Defined at:
		line 36 in file "main.c"
 Parameters:    Size  Location     Type
		None
 Auto vars:     Size  Location     Type
		None
 Return value:  Size  Location     Type
                  1    wreg      void 
 Registers used:
		wreg, status,2, status,0, pclath, cstack
 Tracked objects:
		On entry : 
		On exit  : 
		Unchanged: 
 Data sizes:     COMMON   BANK0   BANK1   BANK2   BANK3   BANK4   BANK5   BANK6   BANK7   BANK8   BANK9  BANK10  BANK11  BANK12
      Params:         0       0       0       0       0       0       0       0       0       0       0       0       0       0
      Locals:         0       0       0       0       0       0       0       0       0       0       0       0       0       0
      Temps:          0       0       0       0       0       0       0       0       0       0       0       0       0       0
      Totals:         0       0       0       0       0       0       0       0       0       0       0       0       0       0
Total ram usage:        0 bytes
 Hardware stack levels used:    1
 Hardware stack levels required when called:    1
 This function calls:
		_update_clock
 This function is called by:
		_main
		_TMR1_ISR
 This function uses a non-reentrant model


 *************** function _update_clock *****************
 Defined at:
		line 211 in file "main.c"
 Parameters:    Size  Location     Type
		None
 Auto vars:     Size  Location     Type
		None
 Return value:  Size  Location     Type
                  1    wreg      void 
 Registers used:
		wreg, status,2, status,0
 Tracked objects:
		On entry : 
		On exit  : 
		Unchanged: 
 Data sizes:     COMMON   BANK0   BANK1   BANK2   BANK3   BANK4   BANK5   BANK6   BANK7   BANK8   BANK9  BANK10  BANK11  BANK12
      Params:         0       0       0       0       0       0       0       0       0       0       0       0       0       0
      Locals:         0       0       0       0       0       0       0       0       0       0       0       0       0       0
      Temps:          1       0       0       0       0       0       0       0       0       0       0       0       0       0
      Totals:         1       0       0       0       0       0       0       0       0       0       0       0       0       0
Total ram usage:        1 bytes
 Hardware stack levels used:    1
 This function calls:
		Nothing
 This function is called by:
		_h_clock
 This function uses a non-reentrant model


 *************** function _TMR1_WriteTimer *****************
 Defined at:
		line 127 in file "mcc_generated_files/tmr1.c"
 Parameters:    Size  Location     Type
  timerVal        2    0[COMMON] unsigned short 
 Auto vars:     Size  Location     Type
		None
 Return value:  Size  Location     Type
                  1    wreg      void 
 Registers used:
		wreg, status,2
 Tracked objects:
		On entry : 
		On exit  : 
		Unchanged: 
 Data sizes:     COMMON   BANK0   BANK1   BANK2   BANK3   BANK4   BANK5   BANK6   BANK7   BANK8   BANK9  BANK10  BANK11  BANK12
      Params:         2       0       0       0       0       0       0       0       0       0       0       0       0       0
      Locals:         0       0       0       0       0       0       0       0       0       0       0       0       0       0
      Temps:          0       0       0       0       0       0       0       0       0       0       0       0       0       0
      Totals:         2       0       0       0       0       0       0       0       0       0       0       0       0       0
Total ram usage:        2 bytes
 Hardware stack levels used:    1
 This function calls:
		Nothing
 This function is called by:
		_TMR1_ISR
		_TMR1_Reload
 This function uses a non-reentrant model



MODULE INFORMATION

Module		Function		Class		Link	Load	Size
mcc_generated_files/interrupt_manager.c
		_INTERRUPT_InterruptManager		CODE           	0004	0000	51

mcc_generated_files/interrupt_manager.c estimated size: 51

mcc_generated_files/pin_manager.c
		_PIN_MANAGER_Initialize		CODE           	01FF	0000	70

mcc_generated_files/pin_manager.c estimated size: 70

C:\Program Files (x86)\Microchip\xc8\v2.10\pic\sources\c99\common\Umul8.c
		___bmul        		CODE           	0451	0000	23

C:\Program Files (x86)\Microchip\xc8\v2.10\pic\sources\c99\common\Umul8.c estimated size: 23

mcc_generated_files/drivers/i2c_simple_master.c
		_wr1RegCompleteHandler		CODE           	04A0	0000	19
		_wr2RegCompleteHandler		CODE           	04B2	0000	19
		_rdBlkRegCompleteHandler		CODE           	0421	0000	26
		_rd1RegCompleteHandler		CODE           	048E	0000	19
		_rd2RegCompleteHandler		CODE           	047C	0000	19

mcc_generated_files/drivers/i2c_simple_master.c estimated size: 102

shared
		__initialization		CODE           	0038	0000	16
		_fsmStateTable 		STRCODE        	03A9	0000	33

shared estimated size: 49

mcc_generated_files/mcc.c
		_PMD_Initialize		CODE           	053D	0000	9
		_OSCILLATOR_Initialize		CODE           	052B	0000	10
		_SYSTEM_Initialize		CODE           	0512	0000	14

mcc_generated_files/mcc.c estimated size: 33

mcc_generated_files/drivers/i2c_master.c
		_i2c_setDataCompleteCallback		CODE           	0504	0000	15
		_returnStop    		CODE           	05C2	0000	3
		_i2c_setBuffer 		CODE           	04E5	0000	17
		_i2c_busCollisionISR		CODE           	059D	0000	5
		_i2c_ISR       		CODE           	0311	0000	43
		_do_I2C_TX_EMPTY		CODE           	0282	0000	52
		_setCallBack   		CODE           	033B	0000	39
		_returnReset   		CODE           	05C0	0000	3
		_do_I2C_SEND_RESTART_WRITE		CODE           	0589	0000	6
		_do_I2C_DO_NACK_RESTART		CODE           	0570	0000	6
		_do_I2C_SEND_RESTART_READ		CODE           	058E	0000	6
		_do_I2C_SEND_ADR_WRITE		CODE           	0545	0000	9
		_do_I2C_SEND_STOP		CODE           	057F	0000	6
		_do_I2C_SEND_ADR_READ		CODE           	0534	0000	10
		_do_I2C_DO_NACK_STOP		CODE           	0575	0000	6
		_do_I2C_SEND_RESTART		CODE           	0584	0000	6
		_do_I2C_RX     		CODE           	01B5	0000	75
		_do_I2C_TX     		CODE           	0161	0000	85
		_do_I2C_IDLE   		CODE           	0593	0000	6
		_do_I2C_RCEN   		CODE           	055D	0000	8
		_do_I2C_DO_ADDRESS_NACK		CODE           	02E5	0000	45
		_do_I2C_RESET  		CODE           	054D	0000	9
		_do_I2C_DO_ACK 		CODE           	057A	0000	6

mcc_generated_files/drivers/i2c_master.c estimated size: 466

mcc_generated_files/tmr1.c
		_TMR1_Initialize		CODE           	0405	0000	29
		_TMR1_SetInterruptHandler		CODE           	056A	0000	7
		_TMR1_DefaultInterruptHandler		CODE           	05C5	0000	2
		_TMR1_WriteTimer		CODE           	04C4	0000	18
		_TMR1_ISR      		CODE           	0467	0000	22

mcc_generated_files/tmr1.c estimated size: 78

mcc_generated_files/drivers/i2c_types.c
		_i2c_restartWrite		CODE           	05BE	0000	3

mcc_generated_files/drivers/i2c_types.c estimated size: 3

mcc_generated_files/memory.c
		_DATAEE_WriteByte		CODE           	0361	0000	37
		_DATAEE_ReadByte		CODE           	04F5	0000	16

mcc_generated_files/memory.c estimated size: 53

mcc_generated_files/i2c1_driver.c
		_i2c1_driver_open		CODE           	051F	0000	13
		_i2c1_driver_isNACK		CODE           	0555	0000	9
		_i2c1_driver_stop		CODE           	05B8	0000	4
		_i2c1_driver_getRXData		CODE           	05B2	0000	4
		_i2c1_driver_TXData		CODE           	0598	0000	6
		_i2c1_driver_sendACK		CODE           	05A5	0000	5
		_mssp1_setIRQ  		CODE           	05AF	0000	4
		_i2c1_driver_sendNACK		CODE           	05A1	0000	5
		_i2c1_driver_restart		CODE           	05BB	0000	4
		_i2c1_driver_resetBus		CODE           	05C4	0000	2
		_i2c1_driver_clearBusCollision		CODE           	05A9	0000	4
		_mssp1_clearIRQ		CODE           	05AC	0000	4
		_i2c1_driver_startRX		CODE           	05B5	0000	4

mcc_generated_files/i2c1_driver.c estimated size: 68

main.c
		_read_ring     		CODE           	0244	0000	63
		_reset_recv    		CODE           	03E9	0000	29
		_cksum         		CODE           	03C9	0000	33
		_main          		CODE           	004B	0000	279
		_push_ring     		CODE           	02B5	0000	49
		_update_clock  		CODE           	0385	0000	37
		_h_clock       		CODE           	043A	0000	24
		_cksum_w       		CODE           	04D5	0000	17

main.c estimated size: 531

