Microchip MPLAB XC8 Compiler V2.10 ()

Linker command line:

-W-3 --edf=/opt/microchip/xc8/v2.10/pic/dat/en_msgs.txt -cs \
  -h+dist/default/production/uart_pic16f.X.production.sym \
  --cmf=dist/default/production/uart_pic16f.X.production.cmf -z -Q16F18875 \
  -o/tmp/xcX3uYsO1 --defsym=__MPLAB_BUILD=1 \
  -Mdist/default/production/uart_pic16f.X.production.map -E1 -ver=XC8 \
  --acfsm=1493 -ASTACK=020A0h-023EFh -pstack=STACK -ACODE=00h-07FFhx4 \
  -ASTRCODE=00h-01FFFh -ASTRING=00h-0FFhx32 -ACONST=00h-0FFhx32 \
  -AENTRY=00h-0FFhx32 -ACOMMON=070h-07Fh -ABANK0=020h-06Fh \
  -ABANK1=0A0h-0EFh -ABANK2=0120h-016Fh -ABANK3=01A0h-01EFh \
  -ABANK4=0220h-026Fh -ABANK5=02A0h-02EFh -ABANK6=0320h-036Fh \
  -ABANK7=03A0h-03EFh -ABANK8=0420h-046Fh -ABANK9=04A0h-04EFh \
  -ABANK10=0520h-056Fh -ABANK11=05A0h-05EFh -ABANK12=0620h-064Fh \
  -ABIGRAM=02000h-023EFh \
  -ARAM=020h-06Fh,0A0h-0EFh,0120h-016Fh,01A0h-01EFh,0220h-026Fh,02A0h-02EFh,0320h-036Fh,03A0h-03EFh,0420h-046Fh,04A0h-04EFh,0520h-056Fh,05A0h-05EFh,0620h-064Fh \
  -AABS1=020h-07Fh,0A0h-0EFh,0120h-016Fh,01A0h-01EFh,0220h-026Fh,02A0h-02EFh,0320h-036Fh,03A0h-03EFh,0420h-046Fh,04A0h-04EFh,0520h-056Fh,05A0h-05EFh,0620h-064Fh \
  -ASFR0=00h-01Fh -ASFR1=080h-09Fh -ASFR2=0100h-011Fh -ASFR3=0180h-019Fh \
  -ASFR4=0200h-021Fh -ASFR5=0280h-029Fh -ASFR6=0300h-031Fh \
  -ASFR7=0380h-039Fh -ASFR8=0400h-041Fh -ASFR9=0480h-049Fh \
  -ASFR10=0500h-051Fh -ASFR11=0580h-059Fh -ASFR12=0600h-061Fh \
  -ASFR13=0680h-06EFh -ASFR14=0700h-076Fh -ASFR15=0780h-07EFh \
  -ASFR16=0800h-086Fh -ASFR17=0880h-08EFh -ASFR18=0900h-096Fh \
  -ASFR19=0980h-09EFh -ASFR20=0A00h-0A6Fh -ASFR21=0A80h-0AEFh \
  -ASFR22=0B00h-0B6Fh -ASFR23=0B80h-0BEFh -ASFR24=0C00h-0C6Fh \
  -ASFR25=0C80h-0CEFh -ASFR26=0D00h-0D6Fh -ASFR27=0D80h-0DEFh \
  -ASFR28=0E00h-0E6Fh -ASFR29=0E80h-0EEFh -ASFR30=0F00h-0F6Fh \
  -ASFR31=0F80h-0FEFh -preset_vec=00h,intentry=04h,init,end_init \
  -ppowerup=CODE -pcinit=CODE -pfunctab=ENTRY -ACONFIG=08007h-0800Bh \
  -pconfig=CONFIG -DCONFIG=2 -AIDLOC=08000h-08003h -pidloc=IDLOC -DIDLOC=2 \
  -AEEDATA=00h-0FFh/0F000h -peeprom_data=EEDATA -DEEDATA=2 -DCODE=2 \
  -DSTRCODE=2 -DSTRING=2 -DCONST=2 -DENTRY=2 -k /tmp/xcXwYbIFd.o \
  dist/default/production/uart_pic16f.X.production.o 

Object code version is 3.11

Machine type is 16F18875



                Name                               Link     Load   Length Selector   Space Scale
/tmp/xcXwYbIFd.o
                end_init                             2B       2B        2        8       0
                reset_vec                             0        0        2        0       0
                config                             8007     8007        5    1000E       0
dist/default/production/uart_pic16f.X.production.o
                cinit                                2D       2D       22        8       0
                intentry                              4        4       27        8       0
                text28                              2F4      2F4       1A        8       0
                text27                              3D1      3D1        4      69C       0
                text26                              3D5      3D5        1      69C       0
                text25                              3CD      3CD        4      69C       0
                text24                              222      222       39        8       0
                text23                              2D2      2D2       22        8       0
                text21                              3C3      3C3        6      69C       0
                text20                              3BD      3BD        6      69C       0
                text19                              3B7      3B7        6      69C       0
                text18                              3B1      3B1        6      69C       0
                text17                              3AB      3AB        6      69C       0
                text16                              1E3      1E3       3F        8       0
                text15                              38E      38E        9      69C       0
                text14                              1A3      1A3       40        8       0
                text13                              397      397        8      69C       0
                text12                              36F      36F        D      69C       0
                text11                              285      285       2A        8       0
                text10                              385      385        9      69C       0
                text9                               30E      30E       18        8       0
                text8                                4F       4F       A4        8       0
                text7                               34E      34E       11      69C       0
                text6                               25B      25B       2A        8       0
                text5                               3C9      3C9        4      69C       0
                text4                               37C      37C        9      69C       0
                text3                               326      326       16        8       0
                text2                               2AF      2AF       23        8       0
                text1                                F3       F3       60        8       0
                maintext                            153      153       50        8       0
                cstackBANK0                          3C       3C        8       20       1
                cstackCOMMON                         70       70        B       70       1
                cstackBANK1                          A0       A0       26       A0       1
                clrtext                             3A5      3A5        6      69C       0
                inittext                            39F      39F        6      69C       0
                dataBANK1                            DC       DC       10       A0       1
                bssBANK1                             C6       C6       16       A0       1
                bssBANK0                             20       20       1C       20       1
                bssCOMMON                            7B       7B        2       70       1
                stringtext1                         33C      33C       12      678       0
                nvBANK1                              EC       EC        4       A0       1
                nvBANK0                              44       44        7       20       1
                idataBANK1                          35F      35F       10      69C       0

TOTAL           Name                               Link     Load   Length     Space
        CLASS   STACK          

        CLASS   CODE           
                end_init                             2B       2B        2         0
                cinit                                2D       2D       22         0
                intentry                              4        4       27         0
                reset_vec                             0        0        2         0
                text28                              2F4      2F4       1A         0
                text27                              3D1      3D1        4         0
                text26                              3D5      3D5        1         0
                text25                              3CD      3CD        4         0
                text24                              222      222       39         0
                text23                              2D2      2D2       22         0
                text21                              3C3      3C3        6         0
                text20                              3BD      3BD        6         0
                text19                              3B7      3B7        6         0
                text18                              3B1      3B1        6         0
                text17                              3AB      3AB        6         0
                text16                              1E3      1E3       3F         0
                text15                              38E      38E        9         0
                text14                              1A3      1A3       40         0
                text13                              397      397        8         0
                text12                              36F      36F        D         0
                text11                              285      285       2A         0
                text10                              385      385        9         0
                text9                               30E      30E       18         0
                text8                                4F       4F       A4         0
                text7                               34E      34E       11         0
                text6                               25B      25B       2A         0
                text5                               3C9      3C9        4         0
                text4                               37C      37C        9         0
                text3                               326      326       16         0
                text2                               2AF      2AF       23         0
                text1                                F3       F3       60         0
                maintext                            153      153       50         0
                clrtext                             3A5      3A5        6         0
                inittext                            39F      39F        6         0
                idataBANK1                          35F      35F       10         0

        CLASS   STRCODE        
                stringtext1                         33C      33C       12         0

        CLASS   STRING         

        CLASS   CONST          

        CLASS   ENTRY          

        CLASS   COMMON         
                cstackCOMMON                         70       70        B         1
                bssCOMMON                            7B       7B        2         1

        CLASS   BANK0          
                cstackBANK0                          3C       3C        8         1
                bssBANK0                             20       20       1C         1
                nvBANK0                              44       44        7         1

        CLASS   BANK1          
                cstackBANK1                          A0       A0       26         1
                dataBANK1                            DC       DC       10         1
                bssBANK1                             C6       C6       16         1
                nvBANK1                              EC       EC        4         1

        CLASS   BANK2          

        CLASS   BANK3          

        CLASS   BANK4          

        CLASS   BANK5          

        CLASS   BANK6          

        CLASS   BANK7          

        CLASS   BANK8          

        CLASS   BANK9          

        CLASS   BANK10         

        CLASS   BANK11         

        CLASS   BANK12         

        CLASS   BIGRAM         

        CLASS   RAM            

        CLASS   ABS1           
                abs_s1                               7E       7E        2         1

        CLASS   SFR0           

        CLASS   SFR1           

        CLASS   SFR2           

        CLASS   SFR3           

        CLASS   SFR4           

        CLASS   SFR5           

        CLASS   SFR6           

        CLASS   SFR7           

        CLASS   SFR8           

        CLASS   SFR9           

        CLASS   SFR10          

        CLASS   SFR11          

        CLASS   SFR12          

        CLASS   SFR13          

        CLASS   SFR14          

        CLASS   SFR15          

        CLASS   SFR16          

        CLASS   SFR17          

        CLASS   SFR18          

        CLASS   SFR19          

        CLASS   SFR20          

        CLASS   SFR21          

        CLASS   SFR22          

        CLASS   SFR23          

        CLASS   SFR24          

        CLASS   SFR25          

        CLASS   SFR26          

        CLASS   SFR27          

        CLASS   SFR28          

        CLASS   SFR29          

        CLASS   SFR30          

        CLASS   SFR31          

        CLASS   CONFIG         
                config                             8007     8007        5         0

        CLASS   IDLOC          

        CLASS   EEDATA         

        CLASS   BANK31         

        CLASS   BANK30         

        CLASS   BANK29         

        CLASS   BANK28         

        CLASS   BANK27         

        CLASS   BANK26         

        CLASS   BANK25         

        CLASS   BANK24         

        CLASS   BANK23         

        CLASS   BANK22         

        CLASS   BANK21         

        CLASS   BANK20         

        CLASS   BANK19         

        CLASS   BANK18         

        CLASS   BANK17         

        CLASS   BANK16         

        CLASS   BANK15         

        CLASS   BANK14         

        CLASS   BANK13         



SEGMENTS        Name                           Load    Length   Top    Selector   Space  Class     Delta

                reset_vec                      000000  000002  000002         0       0  CODE        2
                intentry                       000004  000338  00033C         8       0  CODE        2
                bssBANK0                       000020  00002B  00004B        20       1  BANK0       1
                cstackCOMMON                   000070  00000D  00007D        70       1  COMMON      1
                cstackBANK1                    0000A0  000050  0000F0        A0       1  BANK1       1
                stringtext1                    00033C  000012  00034E       678       0  STRCODE     2
                text7                          00034E  000088  0003D6       69C       0  CODE        2
                config                         008007  000005  00800C     1000E       0  CONFIG      2


UNUSED ADDRESS RANGES

        Name                Unused          Largest block    Delta
        BANK0            0004B-0006F              25           1
        BANK10           00520-0056F              50           1
        BANK11           005A0-005EF              50           1
        BANK12           00620-0064F              30           1
        BANK2            00120-0016F              50           1
        BANK3            001A0-001EF              50           1
        BANK4            00220-0026F              50           1
        BANK5            002A0-002EF              50           1
        BANK6            00320-0036F              50           1
        BANK7            003A0-003EF              50           1
        BANK8            00420-0046F              50           1
        BANK9            004A0-004EF              50           1
        BIGRAM           02000-023EF             3F0           1
        CODE             00002-00003               2           2
                         003D6-01FFF             800
        COMMON           0007D-0007D               1           1
        CONST            00002-00003               2           2
                         003D6-01FFF             100
        EEDATA           0F000-0F0FF             100           2
        ENTRY            00002-00003               2           2
                         003D6-01FFF             100
        IDLOC            08000-08003               4           2
        RAM              0004B-0006F              25           1
                         00120-0016F              50
                         001A0-001EF              50
                         00220-0026F              50
                         002A0-002EF              50
                         00320-0036F              50
                         003A0-003EF              50
                         00420-0046F              50
                         004A0-004EF              50
                         00520-0056F              50
                         005A0-005EF              50
                         00620-0064F              30
        SFR0             00000-0001F              20           1
        SFR1             00080-0009F              20           1
        SFR10            00500-0051F              20           1
        SFR11            00580-0059F              20           1
        SFR12            00600-0061F              20           1
        SFR13            00680-006EF              70           1
        SFR14            00700-0076F              70           1
        SFR15            00780-007EF              70           1
        SFR16            00800-0086F              70           1
        SFR17            00880-008EF              70           1
        SFR18            00900-0096F              70           1
        SFR19            00980-009EF              70           1
        SFR2             00100-0011F              20           1
        SFR20            00A00-00A6F              70           1
        SFR21            00A80-00AEF              70           1
        SFR22            00B00-00B6F              70           1
        SFR23            00B80-00BEF              70           1
        SFR24            00C00-00C6F              70           1
        SFR25            00C80-00CEF              70           1
        SFR26            00D00-00D6F              70           1
        SFR27            00D80-00DEF              70           1
        SFR28            00E00-00E6F              70           1
        SFR29            00E80-00EEF              70           1
        SFR3             00180-0019F              20           1
        SFR30            00F00-00F6F              70           1
        SFR31            00F80-00FEF              70           1
        SFR4             00200-0021F              20           1
        SFR5             00280-0029F              20           1
        SFR6             00300-0031F              20           1
        SFR7             00380-0039F              20           1
        SFR8             00400-0041F              20           1
        SFR9             00480-0049F              20           1
        STACK            020A0-023EF             350           1
        STRCODE          00002-00003               2           2
                         003D6-01FFF            1C2A
        STRING           00002-00003               2           2
                         003D6-01FFF             100

                                  Symbol Table

EUSART_Read@readValue                          cstackCOMMON 00072
EUSART_SetErrorHandler@interruptHandler        cstackCOMMON 00071
EUSART_SetFramingErrorHandler@interruptHandler cstackCOMMON 00071
EUSART_SetOverrunErrorHandler@interruptHandler cstackCOMMON 00071
EUSART_SetRxInterruptHandler@interruptHandler  cstackCOMMON 00071
EUSART_SetTxInterruptHandler@interruptHandler  cstackCOMMON 00071
EUSART_Write@txData                            cstackCOMMON 00072
_ANSELA                                        (abs)        00F38
_ANSELB                                        (abs)        00F43
_ANSELC                                        (abs)        00F4E
_ANSELD                                        (abs)        00F59
_ANSELE                                        (abs)        00F64
_BAUD1CON                                      (abs)        0011F
_EUSART_DefaultErrorHandler                    text27       003D1
_EUSART_DefaultFramingErrorHandler             text26       003D5
_EUSART_DefaultOverrunErrorHandler             text25       003CD
_EUSART_ErrorHandler                           nvBANK1      000EC
_EUSART_FramingErrorHandler                    nvBANK0      00044
_EUSART_Initialize                             text16       001E3
_EUSART_OverrunErrorHandler                    nvBANK1      000EE
_EUSART_Read                                   text11       00285
_EUSART_Receive_ISR                            text24       00222
_EUSART_RxDataHandler                          text28       002F4
_EUSART_RxDefaultInterruptHandler              nvBANK0      00046
_EUSART_SetErrorHandler                        text21       003C3
_EUSART_SetFramingErrorHandler                 text20       003BD
_EUSART_SetOverrunErrorHandler                 text19       003B7
_EUSART_SetRxInterruptHandler                  text18       003B1
_EUSART_SetTxInterruptHandler                  text17       003AB
_EUSART_Transmit_ISR                           text23       002D2
_EUSART_TxDefaultInterruptHandler              nvBANK0      00048
_EUSART_Write                                  text6        0025B
_EUSART_is_rx_ready                            text10       00385
_EUSART_is_tx_done                             text5        003C9
_EUSART_is_tx_ready                            text4        0037C
_INLVLA                                        (abs)        00F3C
_INLVLB                                        (abs)        00F47
_INLVLC                                        (abs)        00F52
_INLVLD                                        (abs)        00F5D
_INLVLE                                        (abs)        00F68
_INTCONbits                                    (abs)        0000B
_INTERRUPT_InterruptManager                    intentry     00004
_LATA                                          (abs)        00016
_LATAbits                                      (abs)        00016
_LATB                                          (abs)        00017
_LATC                                          (abs)        00018
_LATD                                          (abs)        00019
_LATE                                          (abs)        0001A
_ODCONA                                        (abs)        00F3A
_ODCONB                                        (abs)        00F45
_ODCONC                                        (abs)        00F50
_ODCOND                                        (abs)        00F5B
_ODCONE                                        (abs)        00F66
_OSCCON1                                       (abs)        0088D
_OSCCON3                                       (abs)        0088F
_OSCEN                                         (abs)        00891
_OSCFRQ                                        (abs)        00893
_OSCILLATOR_Initialize                         text15       0038E
_OSCTUNE                                       (abs)        00892
_PIE3bits                                      (abs)        00719
_PIN_MANAGER_Initialize                        text14       001A3
_PIR3bits                                      (abs)        0070F
_PMD0                                          (abs)        00796
_PMD1                                          (abs)        00797
_PMD2                                          (abs)        00798
_PMD3                                          (abs)        00799
_PMD4                                          (abs)        0079A
_PMD5                                          (abs)        0079B
_PMD_Initialize                                text13       00397
_RC1REG                                        (abs)        00119
_RC1STA                                        (abs)        0011D
_RC1STAbits                                    (abs)        0011D
_RC6PPS                                        (abs)        00F26
_RXPPS                                         (abs)        00ECB
_SLRCONA                                       (abs)        00F3B
_SLRCONB                                       (abs)        00F46
_SLRCONC                                       (abs)        00F51
_SLRCOND                                       (abs)        00F5C
_SLRCONE                                       (abs)        00F67
_SP1BRGH                                       (abs)        0011C
_SP1BRGL                                       (abs)        0011B
_SYSTEM_Initialize                             text12       0036F
_TRISA                                         (abs)        00011
_TRISB                                         (abs)        00012
_TRISC                                         (abs)        00013
_TRISD                                         (abs)        00014
_TRISE                                         (abs)        00015
_TX1REG                                        (abs)        0011A
_TX1STA                                        (abs)        0011E
_TX1STAbits                                    (abs)        0011E
_WPUA                                          (abs)        00F39
_WPUB                                          (abs)        00F44
_WPUC                                          (abs)        00F4F
_WPUD                                          (abs)        00F5A
_WPUE                                          (abs)        00F65
__CFG_BOREN$ON                                 (abs)        00000
__CFG_BORV$LO                                  (abs)        00000
__CFG_CLKOUTEN$OFF                             (abs)        00000
__CFG_CP$OFF                                   (abs)        00000
__CFG_CPD$OFF                                  (abs)        00000
__CFG_CSWEN$ON                                 (abs)        00000
__CFG_DEBUG$OFF                                (abs)        00000
__CFG_FCMEN$ON                                 (abs)        00000
__CFG_FEXTOSC$OFF                              (abs)        00000
__CFG_LPBOREN$OFF                              (abs)        00000
__CFG_LVP$ON                                   (abs)        00000
__CFG_MCLRE$ON                                 (abs)        00000
__CFG_PPS1WAY$ON                               (abs)        00000
__CFG_PWRTE$OFF                                (abs)        00000
__CFG_RSTOSC$HFINT1                            (abs)        00000
__CFG_SCANE$available                          (abs)        00000
__CFG_STVREN$ON                                (abs)        00000
__CFG_WDTCCS$SC                                (abs)        00000
__CFG_WDTCPS$WDTCPS_31                         (abs)        00000
__CFG_WDTCWS$WDTCWS_7                          (abs)        00000
__CFG_WDTE$OFF                                 (abs)        00000
__CFG_WRT$OFF                                  (abs)        00000
__CFG_ZCD$OFF                                  (abs)        00000
__Habs1                                        abs1         00000
__Hbank0                                       bank0        00000
__Hbank1                                       bank1        00000
__Hbank10                                      bank10       00000
__Hbank11                                      bank11       00000
__Hbank12                                      bank12       00000
__Hbank13                                      bank13       00000
__Hbank14                                      bank14       00000
__Hbank15                                      bank15       00000
__Hbank16                                      bank16       00000
__Hbank17                                      bank17       00000
__Hbank18                                      bank18       00000
__Hbank19                                      bank19       00000
__Hbank2                                       bank2        00000
__Hbank20                                      bank20       00000
__Hbank21                                      bank21       00000
__Hbank22                                      bank22       00000
__Hbank23                                      bank23       00000
__Hbank24                                      bank24       00000
__Hbank25                                      bank25       00000
__Hbank26                                      bank26       00000
__Hbank27                                      bank27       00000
__Hbank28                                      bank28       00000
__Hbank29                                      bank29       00000
__Hbank3                                       bank3        00000
__Hbank30                                      bank30       00000
__Hbank31                                      bank31       00000
__Hbank4                                       bank4        00000
__Hbank5                                       bank5        00000
__Hbank6                                       bank6        00000
__Hbank7                                       bank7        00000
__Hbank8                                       bank8        00000
__Hbank9                                       bank9        00000
__Hbigram                                      bigram       00000
__HbssBANK0                                    bssBANK0     00000
__HbssBANK1                                    bssBANK1     00000
__HbssCOMMON                                   bssCOMMON    00000
__Hcinit                                       cinit        0004F
__Hclrtext                                     clrtext      00000
__Hcode                                        code         00000
__Hcommon                                      common       00000
__Hconfig                                      config       0800C
__HcstackBANK0                                 cstackBANK0  00000
__HcstackBANK1                                 cstackBANK1  00000
__HcstackCOMMON                                cstackCOMMON 00000
__HdataBANK1                                   dataBANK1    00000
__Heeprom_data                                 eeprom_data  00000
__Hend_init                                    end_init     0002D
__Hfunctab                                     functab      00000
__HidataBANK1                                  idataBANK1   00000
__Hidloc                                       idloc        00000
__Hinit                                        init         0002B
__Hinittext                                    inittext     00000
__Hintentry                                    intentry     0002B
__Hmaintext                                    maintext     00000
__HnvBANK0                                     nvBANK0      00000
__HnvBANK1                                     nvBANK1      00000
__Hpowerup                                     powerup      00000
__Hram                                         ram          00000
__Hreset_vec                                   reset_vec    00002
__Hsfr0                                        sfr0         00000
__Hsfr1                                        sfr1         00000
__Hsfr10                                       sfr10        00000
__Hsfr11                                       sfr11        00000
__Hsfr12                                       sfr12        00000
__Hsfr13                                       sfr13        00000
__Hsfr14                                       sfr14        00000
__Hsfr15                                       sfr15        00000
__Hsfr16                                       sfr16        00000
__Hsfr17                                       sfr17        00000
__Hsfr18                                       sfr18        00000
__Hsfr19                                       sfr19        00000
__Hsfr2                                        sfr2         00000
__Hsfr20                                       sfr20        00000
__Hsfr21                                       sfr21        00000
__Hsfr22                                       sfr22        00000
__Hsfr23                                       sfr23        00000
__Hsfr24                                       sfr24        00000
__Hsfr25                                       sfr25        00000
__Hsfr26                                       sfr26        00000
__Hsfr27                                       sfr27        00000
__Hsfr28                                       sfr28        00000
__Hsfr29                                       sfr29        00000
__Hsfr3                                        sfr3         00000
__Hsfr30                                       sfr30        00000
__Hsfr31                                       sfr31        00000
__Hsfr4                                        sfr4         00000
__Hsfr5                                        sfr5         00000
__Hsfr6                                        sfr6         00000
__Hsfr7                                        sfr7         00000
__Hsfr8                                        sfr8         00000
__Hsfr9                                        sfr9         00000
__Hspace_0                                     (abs)        0800C
__Hspace_1                                     (abs)        000F0
__Hspace_2                                     (abs)        00000
__Hspace_3                                     (abs)        00000
__Hstack                                       stack        00000
__Hstrings                                     strings      00000
__Hstringtext1                                 stringtext1  00000
__Hstringtext2                                 stringtext2  00000
__Htext                                        text         00000
__Labs1                                        abs1         00000
__Lbank0                                       bank0        00000
__Lbank1                                       bank1        00000
__Lbank10                                      bank10       00000
__Lbank11                                      bank11       00000
__Lbank12                                      bank12       00000
__Lbank13                                      bank13       00000
__Lbank14                                      bank14       00000
__Lbank15                                      bank15       00000
__Lbank16                                      bank16       00000
__Lbank17                                      bank17       00000
__Lbank18                                      bank18       00000
__Lbank19                                      bank19       00000
__Lbank2                                       bank2        00000
__Lbank20                                      bank20       00000
__Lbank21                                      bank21       00000
__Lbank22                                      bank22       00000
__Lbank23                                      bank23       00000
__Lbank24                                      bank24       00000
__Lbank25                                      bank25       00000
__Lbank26                                      bank26       00000
__Lbank27                                      bank27       00000
__Lbank28                                      bank28       00000
__Lbank29                                      bank29       00000
__Lbank3                                       bank3        00000
__Lbank30                                      bank30       00000
__Lbank31                                      bank31       00000
__Lbank4                                       bank4        00000
__Lbank5                                       bank5        00000
__Lbank6                                       bank6        00000
__Lbank7                                       bank7        00000
__Lbank8                                       bank8        00000
__Lbank9                                       bank9        00000
__Lbigram                                      bigram       00000
__LbssBANK0                                    bssBANK0     00000
__LbssBANK1                                    bssBANK1     00000
__LbssCOMMON                                   bssCOMMON    00000
__Lcinit                                       cinit        0002D
__Lclrtext                                     clrtext      00000
__Lcode                                        code         00000
__Lcommon                                      common       00000
__Lconfig                                      config       08007
__LcstackBANK0                                 cstackBANK0  00000
__LcstackBANK1                                 cstackBANK1  00000
__LcstackCOMMON                                cstackCOMMON 00000
__LdataBANK1                                   dataBANK1    00000
__Leeprom_data                                 eeprom_data  00000
__Lend_init                                    end_init     0002B
__Lfunctab                                     functab      00000
__LidataBANK1                                  idataBANK1   00000
__Lidloc                                       idloc        00000
__Linit                                        init         0002B
__Linittext                                    inittext     00000
__Lintentry                                    intentry     00004
__Lmaintext                                    maintext     00000
__LnvBANK0                                     nvBANK0      00000
__LnvBANK1                                     nvBANK1      00000
__Lpowerup                                     powerup      00000
__Lram                                         ram          00000
__Lreset_vec                                   reset_vec    00000
__Lsfr0                                        sfr0         00000
__Lsfr1                                        sfr1         00000
__Lsfr10                                       sfr10        00000
__Lsfr11                                       sfr11        00000
__Lsfr12                                       sfr12        00000
__Lsfr13                                       sfr13        00000
__Lsfr14                                       sfr14        00000
__Lsfr15                                       sfr15        00000
__Lsfr16                                       sfr16        00000
__Lsfr17                                       sfr17        00000
__Lsfr18                                       sfr18        00000
__Lsfr19                                       sfr19        00000
__Lsfr2                                        sfr2         00000
__Lsfr20                                       sfr20        00000
__Lsfr21                                       sfr21        00000
__Lsfr22                                       sfr22        00000
__Lsfr23                                       sfr23        00000
__Lsfr24                                       sfr24        00000
__Lsfr25                                       sfr25        00000
__Lsfr26                                       sfr26        00000
__Lsfr27                                       sfr27        00000
__Lsfr28                                       sfr28        00000
__Lsfr29                                       sfr29        00000
__Lsfr3                                        sfr3         00000
__Lsfr30                                       sfr30        00000
__Lsfr31                                       sfr31        00000
__Lsfr4                                        sfr4         00000
__Lsfr5                                        sfr5         00000
__Lsfr6                                        sfr6         00000
__Lsfr7                                        sfr7         00000
__Lsfr8                                        sfr8         00000
__Lsfr9                                        sfr9         00000
__Lspace_0                                     (abs)        00000
__Lspace_1                                     (abs)        00000
__Lspace_2                                     (abs)        00000
__Lspace_3                                     (abs)        00000
__Lstack                                       stack        00000
__Lstrings                                     strings      00000
__Lstringtext1                                 stringtext1  00000
__Lstringtext2                                 stringtext2  00000
__Ltext                                        text         00000
__S0                                           (abs)        0800C
__S1                                           (abs)        000F0
__S2                                           (abs)        00000
__S3                                           (abs)        00000
___int_sp                                      stack        00000
___latbits                                     (abs)        00002
___sp                                          stack        00000
___stackhi                                     (abs)        023EF
___stacklo                                     (abs)        020A0
__end_of_EUSART_DefaultErrorHandler            text27       003D5
__end_of_EUSART_DefaultFramingErrorHandler     text26       003D6
__end_of_EUSART_DefaultOverrunErrorHandler     text25       003D1
__end_of_EUSART_Initialize                     text16       00222
__end_of_EUSART_Read                           text11       002AF
__end_of_EUSART_Receive_ISR                    text24       0025B
__end_of_EUSART_RxDataHandler                  text28       0030E
__end_of_EUSART_SetErrorHandler                text21       003C9
__end_of_EUSART_SetFramingErrorHandler         text20       003C3
__end_of_EUSART_SetOverrunErrorHandler         text19       003BD
__end_of_EUSART_SetRxInterruptHandler          text18       003B7
__end_of_EUSART_SetTxInterruptHandler          text17       003B1
__end_of_EUSART_Transmit_ISR                   text23       002F4
__end_of_EUSART_Write                          text6        00285
__end_of_EUSART_is_rx_ready                    text10       0038E
__end_of_EUSART_is_tx_done                     text5        003CD
__end_of_EUSART_is_tx_ready                    text4        00385
__end_of_INTERRUPT_InterruptManager            intentry     0002B
__end_of_OSCILLATOR_Initialize                 text15       00397
__end_of_PIN_MANAGER_Initialize                text14       001E3
__end_of_PMD_Initialize                        text13       0039F
__end_of_SYSTEM_Initialize                     text12       0037C
__end_of__initialization                       cinit        0004B
__end_of_dump_UART_FIFO                        text9        00326
__end_of_main                                  maintext     001A3
__end_of_memset                                text8        000F3
__end_of_read_UART                             text7        0035F
__end_of_read_str_UART                         text1        00153
__end_of_write_UART                            text3        0033C
__end_of_write_str_UART                        text2        002D2
__initialization                               cinit        0002D
__pbssBANK0                                    bssBANK0     00020
__pbssBANK1                                    bssBANK1     000C6
__pbssCOMMON                                   bssCOMMON    0007B
__pcstackBANK0                                 cstackBANK0  0003C
__pcstackBANK1                                 cstackBANK1  000A0
__pcstackCOMMON                                cstackCOMMON 00070
__pdataBANK1                                   dataBANK1    000DC
__pidataBANK1                                  idataBANK1   0035F
__pintentry                                    intentry     00004
__pmaintext                                    maintext     00153
__pnvBANK0                                     nvBANK0      00044
__pnvBANK1                                     nvBANK1      000EC
__pstringtext1                                 stringtext1  0033C
__pstringtext2                                 stringtext2  00000
__ptext1                                       text1        000F3
__ptext10                                      text10       00385
__ptext11                                      text11       00285
__ptext12                                      text12       0036F
__ptext13                                      text13       00397
__ptext14                                      text14       001A3
__ptext15                                      text15       0038E
__ptext16                                      text16       001E3
__ptext17                                      text17       003AB
__ptext18                                      text18       003B1
__ptext19                                      text19       003B7
__ptext2                                       text2        002AF
__ptext20                                      text20       003BD
__ptext21                                      text21       003C3
__ptext23                                      text23       002D2
__ptext24                                      text24       00222
__ptext25                                      text25       003CD
__ptext26                                      text26       003D5
__ptext27                                      text27       003D1
__ptext28                                      text28       002F4
__ptext3                                       text3        00326
__ptext4                                       text4        0037C
__ptext5                                       text5        003C9
__ptext6                                       text6        0025B
__ptext7                                       text7        0034E
__ptext8                                       text8        0004F
__ptext9                                       text9        0030E
__size_of_EUSART_DefaultErrorHandler           (abs)        00000
__size_of_EUSART_DefaultFramingErrorHandler    (abs)        00000
__size_of_EUSART_DefaultOverrunErrorHandler    (abs)        00000
__size_of_EUSART_Initialize                    (abs)        00000
__size_of_EUSART_Read                          (abs)        00000
__size_of_EUSART_Receive_ISR                   (abs)        00000
__size_of_EUSART_RxDataHandler                 (abs)        00000
__size_of_EUSART_SetErrorHandler               (abs)        00000
__size_of_EUSART_SetFramingErrorHandler        (abs)        00000
__size_of_EUSART_SetOverrunErrorHandler        (abs)        00000
__size_of_EUSART_SetRxInterruptHandler         (abs)        00000
__size_of_EUSART_SetTxInterruptHandler         (abs)        00000
__size_of_EUSART_Transmit_ISR                  (abs)        00000
__size_of_EUSART_Write                         (abs)        00000
__size_of_EUSART_is_rx_ready                   (abs)        00000
__size_of_EUSART_is_tx_done                    (abs)        00000
__size_of_EUSART_is_tx_ready                   (abs)        00000
__size_of_INTERRUPT_InterruptManager           (abs)        00000
__size_of_OSCILLATOR_Initialize                (abs)        00000
__size_of_PIN_MANAGER_Initialize               (abs)        00000
__size_of_PMD_Initialize                       (abs)        00000
__size_of_SYSTEM_Initialize                    (abs)        00000
__size_of_dump_UART_FIFO                       (abs)        00000
__size_of_main                                 (abs)        00000
__size_of_memset                               (abs)        00000
__size_of_read_UART                            (abs)        00000
__size_of_read_str_UART                        (abs)        00000
__size_of_write_UART                           (abs)        00000
__size_of_write_str_UART                       (abs)        00000
_dump_UART_FIFO                                text9        0030E
_eusartRxBuffer                                bssBANK0     00028
_eusartRxCount                                 bssBANK0     00039
_eusartRxHead                                  bssCOMMON    0007C
_eusartRxLastError                             bssBANK0     00038
_eusartRxStatusBuffer                          bssBANK0     00020
_eusartRxTail                                  bssCOMMON    0007B
_eusartTxBuffer                                bssBANK0     00030
_eusartTxBufferRemaining                       nvBANK0      0004A
_eusartTxHead                                  bssBANK0     0003B
_eusartTxTail                                  bssBANK0     0003A
_main                                          maintext     00153
_memset                                        text8        0004F
_read_UART                                     text7        0034E
_read_str_UART                                 text1        000F3
_write_UART                                    text3        00326
_write_str_UART                                text2        002AF
btemp                                          (abs)        0007E
clear_ram0                                     clrtext      003A5
dump_UART_FIFO@dump                            cstackCOMMON 00073
end_of_initialization                          cinit        0004B
init_ram                                       inittext     0039F
int$flags                                      (abs)        0007E
intlevel0                                      functab      00000
intlevel1                                      functab      00000
intlevel2                                      functab      00000
intlevel3                                      functab      00000
intlevel4                                      functab      00000
intlevel5                                      functab      00000
main@F12637                                    dataBANK1    000DC
main@cmd_hex                                   cstackBANK1  000B0
main@str_rc                                    cstackBANK1  000B6
main@str_send                                  cstackBANK1  000A0
memset@c                                       cstackCOMMON 00071
memset@dest                                    cstackCOMMON 00077
memset@k                                       cstackCOMMON 00078
memset@n                                       cstackCOMMON 00073
memset@s                                       cstackCOMMON 0007A
read_str_UART@buff                             cstackBANK0  00040
read_str_UART@i                                cstackBANK0  0003F
read_str_UART@max_len                          cstackBANK0  0003C
read_str_UART@rxData                           cstackBANK0  00041
reset_vec                                      reset_vec    00000
start                                          init         0002B
start_initialization                           cinit        0002D
write_UART@rxData                              cstackCOMMON 00073
write_str_UART@id                              cstackCOMMON 00077
write_str_UART@size                            cstackCOMMON 00074
write_str_UART@string                          cstackCOMMON 00076
wtemp0                                         (abs)        0007E


FUNCTION INFORMATION:

 *************** function _main *****************
 Defined at:
		line 62 in file "main.c"
 Parameters:    Size  Location     Type
		None
 Auto vars:     Size  Location     Type
  str_rc         16   22[BANK1 ] unsigned char [16]
  str_send       16    0[BANK1 ] unsigned char [16]
  cmd_hex         6   16[BANK1 ] unsigned char [6]
  val             1    0        unsigned char 
 Return value:  Size  Location     Type
                  1    wreg      void 
 Registers used:
		wreg, fsr0l, fsr0h, fsr1l, fsr1h, status,2, status,0, pclath, cstack
 Tracked objects:
		On entry : 
		On exit  : 
		Unchanged: 
 Data sizes:     COMMON   BANK0   BANK1   BANK2   BANK3   BANK4   BANK5   BANK6   BANK7   BANK8   BANK9  BANK10  BANK11  BANK12
      Params:         0       0       0       0       0       0       0       0       0       0       0       0       0       0
      Locals:         0       0      38       0       0       0       0       0       0       0       0       0       0       0
      Temps:          0       2       0       0       0       0       0       0       0       0       0       0       0       0
      Totals:         0       2      38       0       0       0       0       0       0       0       0       0       0       0
Total ram usage:       40 bytes
 Hardware stack levels required when called:    8
 This function calls:
		_EUSART_is_rx_ready
		_SYSTEM_Initialize
		_read_str_UART
 This function is called by:
		Startup code after reset
 This function uses a non-reentrant model


 *************** function _read_str_UART *****************
 Defined at:
		line 34 in file "uartusr.c"
 Parameters:    Size  Location     Type
  buff            1    wreg     PTR unsigned char 
		 -> main@str_rc(16), 
  max_len         1    0[BANK0 ] unsigned char 
 Auto vars:     Size  Location     Type
  buff            1    4[BANK0 ] PTR unsigned char 
		 -> main@str_rc(16), 
  rxData          1    5[BANK0 ] volatile unsigned char 
  i               1    3[BANK0 ] unsigned char 
 Return value:  Size  Location     Type
                  1    wreg      unsigned char 
 Registers used:
		wreg, fsr1l, fsr1h, status,2, status,0, pclath, cstack
 Tracked objects:
		On entry : 
		On exit  : 
		Unchanged: 
 Data sizes:     COMMON   BANK0   BANK1   BANK2   BANK3   BANK4   BANK5   BANK6   BANK7   BANK8   BANK9  BANK10  BANK11  BANK12
      Params:         0       1       0       0       0       0       0       0       0       0       0       0       0       0
      Locals:         0       3       0       0       0       0       0       0       0       0       0       0       0       0
      Temps:          0       2       0       0       0       0       0       0       0       0       0       0       0       0
      Totals:         0       6       0       0       0       0       0       0       0       0       0       0       0       0
Total ram usage:        6 bytes
 Hardware stack levels used:    1
 Hardware stack levels required when called:    7
 This function calls:
		_dump_UART_FIFO
		_memset
		_read_UART
		_write_str_UART
 This function is called by:
		_main
 This function uses a non-reentrant model


 *************** function _write_str_UART *****************
 Defined at:
		line 118 in file "uartusr.c"
 Parameters:    Size  Location     Type
  string          1    wreg     PTR unsigned char 
		 -> main@str_rc(16), 
  size            1    4[COMMON] unsigned char 
 Auto vars:     Size  Location     Type
  string          1    6[COMMON] PTR unsigned char 
		 -> main@str_rc(16), 
  id              1    7[COMMON] unsigned char 
 Return value:  Size  Location     Type
                  1    wreg      void 
 Registers used:
		wreg, fsr1l, fsr1h, status,2, status,0, pclath, cstack
 Tracked objects:
		On entry : 
		On exit  : 
		Unchanged: 
 Data sizes:     COMMON   BANK0   BANK1   BANK2   BANK3   BANK4   BANK5   BANK6   BANK7   BANK8   BANK9  BANK10  BANK11  BANK12
      Params:         1       0       0       0       0       0       0       0       0       0       0       0       0       0
      Locals:         2       0       0       0       0       0       0       0       0       0       0       0       0       0
      Temps:          1       0       0       0       0       0       0       0       0       0       0       0       0       0
      Totals:         4       0       0       0       0       0       0       0       0       0       0       0       0       0
Total ram usage:        4 bytes
 Hardware stack levels used:    1
 Hardware stack levels required when called:    6
 This function calls:
		_write_UART
 This function is called by:
		_read_str_UART
		_echo
 This function uses a non-reentrant model


 *************** function _write_UART *****************
 Defined at:
		line 130 in file "uartusr.c"
 Parameters:    Size  Location     Type
  rxData          1    wreg     unsigned char 
 Auto vars:     Size  Location     Type
  rxData          1    3[COMMON] unsigned char 
 Return value:  Size  Location     Type
                  1    wreg      void 
 Registers used:
		wreg, fsr1l, fsr1h, status,2, status,0, pclath, cstack
 Tracked objects:
		On entry : 
		On exit  : 
		Unchanged: 
 Data sizes:     COMMON   BANK0   BANK1   BANK2   BANK3   BANK4   BANK5   BANK6   BANK7   BANK8   BANK9  BANK10  BANK11  BANK12
      Params:         0       0       0       0       0       0       0       0       0       0       0       0       0       0
      Locals:         1       0       0       0       0       0       0       0       0       0       0       0       0       0
      Temps:          0       0       0       0       0       0       0       0       0       0       0       0       0       0
      Totals:         1       0       0       0       0       0       0       0       0       0       0       0       0       0
Total ram usage:        1 bytes
 Hardware stack levels used:    1
 Hardware stack levels required when called:    5
 This function calls:
		_EUSART_Write
		_EUSART_is_tx_done
		_EUSART_is_tx_ready
 This function is called by:
		_write_str_UART
 This function uses a non-reentrant model


 *************** function _EUSART_is_tx_ready *****************
 Defined at:
		line 132 in file "mcc_generated_files/eusart.c"
 Parameters:    Size  Location     Type
		None
 Auto vars:     Size  Location     Type
		None
 Return value:  Size  Location     Type
                  1    wreg      _Bool 
 Registers used:
		wreg, status,2, status,0
 Tracked objects:
		On entry : 
		On exit  : 
		Unchanged: 
 Data sizes:     COMMON   BANK0   BANK1   BANK2   BANK3   BANK4   BANK5   BANK6   BANK7   BANK8   BANK9  BANK10  BANK11  BANK12
      Params:         0       0       0       0       0       0       0       0       0       0       0       0       0       0
      Locals:         0       0       0       0       0       0       0       0       0       0       0       0       0       0
      Temps:          0       0       0       0       0       0       0       0       0       0       0       0       0       0
      Totals:         0       0       0       0       0       0       0       0       0       0       0       0       0       0
Total ram usage:        0 bytes
 Hardware stack levels used:    1
 Hardware stack levels required when called:    4
 This function calls:
		Nothing
 This function is called by:
		_write_UART
		_echo
 This function uses a non-reentrant model


 *************** function _EUSART_is_tx_done *****************
 Defined at:
		line 142 in file "mcc_generated_files/eusart.c"
 Parameters:    Size  Location     Type
		None
 Auto vars:     Size  Location     Type
		None
 Return value:  Size  Location     Type
                  1    wreg      _Bool 
 Registers used:
		wreg, status,2, status,0
 Tracked objects:
		On entry : 
		On exit  : 
		Unchanged: 
 Data sizes:     COMMON   BANK0   BANK1   BANK2   BANK3   BANK4   BANK5   BANK6   BANK7   BANK8   BANK9  BANK10  BANK11  BANK12
      Params:         0       0       0       0       0       0       0       0       0       0       0       0       0       0
      Locals:         0       0       0       0       0       0       0       0       0       0       0       0       0       0
      Temps:          0       0       0       0       0       0       0       0       0       0       0       0       0       0
      Totals:         0       0       0       0       0       0       0       0       0       0       0       0       0       0
Total ram usage:        0 bytes
 Hardware stack levels used:    1
 Hardware stack levels required when called:    4
 This function calls:
		Nothing
 This function is called by:
		_write_UART
 This function uses a non-reentrant model


 *************** function _EUSART_Write *****************
 Defined at:
		line 173 in file "mcc_generated_files/eusart.c"
 Parameters:    Size  Location     Type
  txData          1    wreg     unsigned char 
 Auto vars:     Size  Location     Type
  txData          1    2[COMMON] unsigned char 
 Return value:  Size  Location     Type
                  1    wreg      void 
 Registers used:
		wreg, fsr1l, fsr1h, status,2, status,0
 Tracked objects:
		On entry : 
		On exit  : 
		Unchanged: 
 Data sizes:     COMMON   BANK0   BANK1   BANK2   BANK3   BANK4   BANK5   BANK6   BANK7   BANK8   BANK9  BANK10  BANK11  BANK12
      Params:         0       0       0       0       0       0       0       0       0       0       0       0       0       0
      Locals:         1       0       0       0       0       0       0       0       0       0       0       0       0       0
      Temps:          1       0       0       0       0       0       0       0       0       0       0       0       0       0
      Totals:         2       0       0       0       0       0       0       0       0       0       0       0       0       0
Total ram usage:        2 bytes
 Hardware stack levels used:    1
 Hardware stack levels required when called:    4
 This function calls:
		Nothing
 This function is called by:
		_write_UART
		_putch
		_echo
 This function uses a non-reentrant model


 *************** function _read_UART *****************
 Defined at:
		line 99 in file "uartusr.c"
 Parameters:    Size  Location     Type
		None
 Auto vars:     Size  Location     Type
		None
 Return value:  Size  Location     Type
                  1    wreg      unsigned char 
 Registers used:
		wreg, fsr1l, fsr1h, status,2, status,0, pclath, cstack
 Tracked objects:
		On entry : 
		On exit  : 
		Unchanged: 
 Data sizes:     COMMON   BANK0   BANK1   BANK2   BANK3   BANK4   BANK5   BANK6   BANK7   BANK8   BANK9  BANK10  BANK11  BANK12
      Params:         0       0       0       0       0       0       0       0       0       0       0       0       0       0
      Locals:         0       0       0       0       0       0       0       0       0       0       0       0       0       0
      Temps:          0       0       0       0       0       0       0       0       0       0       0       0       0       0
      Totals:         0       0       0       0       0       0       0       0       0       0       0       0       0       0
Total ram usage:        0 bytes
 Hardware stack levels used:    1
 Hardware stack levels required when called:    5
 This function calls:
		_EUSART_Read
		_EUSART_is_rx_ready
 This function is called by:
		_read_str_UART
 This function uses a non-reentrant model


 *************** function _memset *****************
 Defined at:
		line 4 in file "/opt/microchip/xc8/v2.10/pic/sources/c99/common/memset.c"
 Parameters:    Size  Location     Type
  dest            1    wreg     PTR void 
		 -> main@str_rc(16), 
  c               2    1[COMMON] int 
  n               2    3[COMMON] unsigned int 
 Auto vars:     Size  Location     Type
  dest            1    7[COMMON] PTR void 
		 -> main@str_rc(16), 
  k               2    8[COMMON] unsigned int 
  s               1   10[COMMON] PTR unsigned char 
		 -> main@str_rc(16), 
 Return value:  Size  Location     Type
                  1    wreg      PTR void 
 Registers used:
		wreg, fsr1l, fsr1h, status,2, status,0
 Tracked objects:
		On entry : 
		On exit  : 
		Unchanged: 
 Data sizes:     COMMON   BANK0   BANK1   BANK2   BANK3   BANK4   BANK5   BANK6   BANK7   BANK8   BANK9  BANK10  BANK11  BANK12
      Params:         4       0       0       0       0       0       0       0       0       0       0       0       0       0
      Locals:         4       0       0       0       0       0       0       0       0       0       0       0       0       0
      Temps:          2       0       0       0       0       0       0       0       0       0       0       0       0       0
      Totals:        10       0       0       0       0       0       0       0       0       0       0       0       0       0
Total ram usage:       10 bytes
 Hardware stack levels used:    1
 Hardware stack levels required when called:    4
 This function calls:
		Nothing
 This function is called by:
		_read_str_UART
 This function uses a non-reentrant model


 *************** function _dump_UART_FIFO *****************
 Defined at:
		line 111 in file "uartusr.c"
 Parameters:    Size  Location     Type
		None
 Auto vars:     Size  Location     Type
  dump            1    3[COMMON] unsigned char 
 Return value:  Size  Location     Type
                  1    wreg      void 
 Registers used:
		wreg, fsr1l, fsr1h, status,2, status,0, pclath, cstack
 Tracked objects:
		On entry : 
		On exit  : 
		Unchanged: 
 Data sizes:     COMMON   BANK0   BANK1   BANK2   BANK3   BANK4   BANK5   BANK6   BANK7   BANK8   BANK9  BANK10  BANK11  BANK12
      Params:         0       0       0       0       0       0       0       0       0       0       0       0       0       0
      Locals:         1       0       0       0       0       0       0       0       0       0       0       0       0       0
      Temps:          0       0       0       0       0       0       0       0       0       0       0       0       0       0
      Totals:         1       0       0       0       0       0       0       0       0       0       0       0       0       0
Total ram usage:        1 bytes
 Hardware stack levels used:    1
 Hardware stack levels required when called:    5
 This function calls:
		_EUSART_Read
		_EUSART_is_rx_ready
 This function is called by:
		_read_str_UART
 This function uses a non-reentrant model


 *************** function _EUSART_is_rx_ready *****************
 Defined at:
		line 137 in file "mcc_generated_files/eusart.c"
 Parameters:    Size  Location     Type
		None
 Auto vars:     Size  Location     Type
		None
 Return value:  Size  Location     Type
                  1    wreg      _Bool 
 Registers used:
		wreg, status,2, status,0
 Tracked objects:
		On entry : 
		On exit  : 
		Unchanged: 
 Data sizes:     COMMON   BANK0   BANK1   BANK2   BANK3   BANK4   BANK5   BANK6   BANK7   BANK8   BANK9  BANK10  BANK11  BANK12
      Params:         0       0       0       0       0       0       0       0       0       0       0       0       0       0
      Locals:         0       0       0       0       0       0       0       0       0       0       0       0       0       0
      Temps:          0       0       0       0       0       0       0       0       0       0       0       0       0       0
      Totals:         0       0       0       0       0       0       0       0       0       0       0       0       0       0
Total ram usage:        0 bytes
 Hardware stack levels used:    1
 Hardware stack levels required when called:    4
 This function calls:
		Nothing
 This function is called by:
		_main
		_read_UART
		_dump_UART_FIFO
		_echo
 This function uses a non-reentrant model


 *************** function _EUSART_Read *****************
 Defined at:
		line 151 in file "mcc_generated_files/eusart.c"
 Parameters:    Size  Location     Type
		None
 Auto vars:     Size  Location     Type
  readValue       1    2[COMMON] unsigned char 
 Return value:  Size  Location     Type
                  1    wreg      unsigned char 
 Registers used:
		wreg, fsr1l, fsr1h, status,2, status,0
 Tracked objects:
		On entry : 
		On exit  : 
		Unchanged: 
 Data sizes:     COMMON   BANK0   BANK1   BANK2   BANK3   BANK4   BANK5   BANK6   BANK7   BANK8   BANK9  BANK10  BANK11  BANK12
      Params:         0       0       0       0       0       0       0       0       0       0       0       0       0       0
      Locals:         1       0       0       0       0       0       0       0       0       0       0       0       0       0
      Temps:          1       0       0       0       0       0       0       0       0       0       0       0       0       0
      Totals:         2       0       0       0       0       0       0       0       0       0       0       0       0       0
Total ram usage:        2 bytes
 Hardware stack levels used:    1
 Hardware stack levels required when called:    4
 This function calls:
		Nothing
 This function is called by:
		_read_UART
		_dump_UART_FIFO
		_getch
		_echo
 This function uses a non-reentrant model


 *************** function _SYSTEM_Initialize *****************
 Defined at:
		line 50 in file "mcc_generated_files/mcc.c"
 Parameters:    Size  Location     Type
		None
 Auto vars:     Size  Location     Type
		None
 Return value:  Size  Location     Type
                  1    wreg      void 
 Registers used:
		wreg, status,2, status,0, pclath, cstack
 Tracked objects:
		On entry : 
		On exit  : 
		Unchanged: 
 Data sizes:     COMMON   BANK0   BANK1   BANK2   BANK3   BANK4   BANK5   BANK6   BANK7   BANK8   BANK9  BANK10  BANK11  BANK12
      Params:         0       0       0       0       0       0       0       0       0       0       0       0       0       0
      Locals:         0       0       0       0       0       0       0       0       0       0       0       0       0       0
      Temps:          0       0       0       0       0       0       0       0       0       0       0       0       0       0
      Totals:         0       0       0       0       0       0       0       0       0       0       0       0       0       0
Total ram usage:        0 bytes
 Hardware stack levels used:    1
 Hardware stack levels required when called:    6
 This function calls:
		_EUSART_Initialize
		_OSCILLATOR_Initialize
		_PIN_MANAGER_Initialize
		_PMD_Initialize
 This function is called by:
		_main
 This function uses a non-reentrant model


 *************** function _PMD_Initialize *****************
 Defined at:
		line 72 in file "mcc_generated_files/mcc.c"
 Parameters:    Size  Location     Type
		None
 Auto vars:     Size  Location     Type
		None
 Return value:  Size  Location     Type
                  1    wreg      void 
 Registers used:
		status,2
 Tracked objects:
		On entry : 
		On exit  : 
		Unchanged: 
 Data sizes:     COMMON   BANK0   BANK1   BANK2   BANK3   BANK4   BANK5   BANK6   BANK7   BANK8   BANK9  BANK10  BANK11  BANK12
      Params:         0       0       0       0       0       0       0       0       0       0       0       0       0       0
      Locals:         0       0       0       0       0       0       0       0       0       0       0       0       0       0
      Temps:          0       0       0       0       0       0       0       0       0       0       0       0       0       0
      Totals:         0       0       0       0       0       0       0       0       0       0       0       0       0       0
Total ram usage:        0 bytes
 Hardware stack levels used:    1
 Hardware stack levels required when called:    4
 This function calls:
		Nothing
 This function is called by:
		_SYSTEM_Initialize
 This function uses a non-reentrant model


 *************** function _PIN_MANAGER_Initialize *****************
 Defined at:
		line 55 in file "mcc_generated_files/pin_manager.c"
 Parameters:    Size  Location     Type
		None
 Auto vars:     Size  Location     Type
		None
 Return value:  Size  Location     Type
                  1    wreg      void 
 Registers used:
		wreg, status,2
 Tracked objects:
		On entry : 
		On exit  : 
		Unchanged: 
 Data sizes:     COMMON   BANK0   BANK1   BANK2   BANK3   BANK4   BANK5   BANK6   BANK7   BANK8   BANK9  BANK10  BANK11  BANK12
      Params:         0       0       0       0       0       0       0       0       0       0       0       0       0       0
      Locals:         0       0       0       0       0       0       0       0       0       0       0       0       0       0
      Temps:          0       0       0       0       0       0       0       0       0       0       0       0       0       0
      Totals:         0       0       0       0       0       0       0       0       0       0       0       0       0       0
Total ram usage:        0 bytes
 Hardware stack levels used:    1
 Hardware stack levels required when called:    4
 This function calls:
		Nothing
 This function is called by:
		_SYSTEM_Initialize
 This function uses a non-reentrant model


 *************** function _OSCILLATOR_Initialize *****************
 Defined at:
		line 58 in file "mcc_generated_files/mcc.c"
 Parameters:    Size  Location     Type
		None
 Auto vars:     Size  Location     Type
		None
 Return value:  Size  Location     Type
                  1    wreg      void 
 Registers used:
		wreg, status,2
 Tracked objects:
		On entry : 
		On exit  : 
		Unchanged: 
 Data sizes:     COMMON   BANK0   BANK1   BANK2   BANK3   BANK4   BANK5   BANK6   BANK7   BANK8   BANK9  BANK10  BANK11  BANK12
      Params:         0       0       0       0       0       0       0       0       0       0       0       0       0       0
      Locals:         0       0       0       0       0       0       0       0       0       0       0       0       0       0
      Temps:          0       0       0       0       0       0       0       0       0       0       0       0       0       0
      Totals:         0       0       0       0       0       0       0       0       0       0       0       0       0       0
Total ram usage:        0 bytes
 Hardware stack levels used:    1
 Hardware stack levels required when called:    4
 This function calls:
		Nothing
 This function is called by:
		_SYSTEM_Initialize
 This function uses a non-reentrant model


 *************** function _EUSART_Initialize *****************
 Defined at:
		line 88 in file "mcc_generated_files/eusart.c"
 Parameters:    Size  Location     Type
		None
 Auto vars:     Size  Location     Type
		None
 Return value:  Size  Location     Type
                  1    wreg      void 
 Registers used:
		wreg, status,2, status,0, pclath, cstack
 Tracked objects:
		On entry : 
		On exit  : 
		Unchanged: 
 Data sizes:     COMMON   BANK0   BANK1   BANK2   BANK3   BANK4   BANK5   BANK6   BANK7   BANK8   BANK9  BANK10  BANK11  BANK12
      Params:         0       0       0       0       0       0       0       0       0       0       0       0       0       0
      Locals:         0       0       0       0       0       0       0       0       0       0       0       0       0       0
      Temps:          1       0       0       0       0       0       0       0       0       0       0       0       0       0
      Totals:         1       0       0       0       0       0       0       0       0       0       0       0       0       0
Total ram usage:        1 bytes
 Hardware stack levels used:    1
 Hardware stack levels required when called:    5
 This function calls:
		_EUSART_SetErrorHandler
		_EUSART_SetFramingErrorHandler
		_EUSART_SetOverrunErrorHandler
		_EUSART_SetRxInterruptHandler
		_EUSART_SetTxInterruptHandler
 This function is called by:
		_SYSTEM_Initialize
 This function uses a non-reentrant model


 *************** function _EUSART_SetTxInterruptHandler *****************
 Defined at:
		line 285 in file "mcc_generated_files/eusart.c"
 Parameters:    Size  Location     Type
  interruptHan    2    1[COMMON] PTR FTN()void 
		 -> EUSART_Transmit_ISR(1), 
 Auto vars:     Size  Location     Type
		None
 Return value:  Size  Location     Type
                  1    wreg      void 
 Registers used:
		wreg
 Tracked objects:
		On entry : 
		On exit  : 
		Unchanged: 
 Data sizes:     COMMON   BANK0   BANK1   BANK2   BANK3   BANK4   BANK5   BANK6   BANK7   BANK8   BANK9  BANK10  BANK11  BANK12
      Params:         2       0       0       0       0       0       0       0       0       0       0       0       0       0
      Locals:         0       0       0       0       0       0       0       0       0       0       0       0       0       0
      Temps:          0       0       0       0       0       0       0       0       0       0       0       0       0       0
      Totals:         2       0       0       0       0       0       0       0       0       0       0       0       0       0
Total ram usage:        2 bytes
 Hardware stack levels used:    1
 Hardware stack levels required when called:    4
 This function calls:
		Nothing
 This function is called by:
		_EUSART_Initialize
 This function uses a non-reentrant model


 *************** function _EUSART_SetRxInterruptHandler *****************
 Defined at:
		line 289 in file "mcc_generated_files/eusart.c"
 Parameters:    Size  Location     Type
  interruptHan    2    1[COMMON] PTR FTN()void 
		 -> EUSART_Receive_ISR(1), 
 Auto vars:     Size  Location     Type
		None
 Return value:  Size  Location     Type
                  1    wreg      void 
 Registers used:
		wreg
 Tracked objects:
		On entry : 
		On exit  : 
		Unchanged: 
 Data sizes:     COMMON   BANK0   BANK1   BANK2   BANK3   BANK4   BANK5   BANK6   BANK7   BANK8   BANK9  BANK10  BANK11  BANK12
      Params:         2       0       0       0       0       0       0       0       0       0       0       0       0       0
      Locals:         0       0       0       0       0       0       0       0       0       0       0       0       0       0
      Temps:          0       0       0       0       0       0       0       0       0       0       0       0       0       0
      Totals:         2       0       0       0       0       0       0       0       0       0       0       0       0       0
Total ram usage:        2 bytes
 Hardware stack levels used:    1
 Hardware stack levels required when called:    4
 This function calls:
		Nothing
 This function is called by:
		_EUSART_Initialize
 This function uses a non-reentrant model


 *************** function _EUSART_SetOverrunErrorHandler *****************
 Defined at:
		line 277 in file "mcc_generated_files/eusart.c"
 Parameters:    Size  Location     Type
  interruptHan    2    1[COMMON] PTR FTN()void 
		 -> EUSART_DefaultOverrunErrorHandler(1), 
 Auto vars:     Size  Location     Type
		None
 Return value:  Size  Location     Type
                  1    wreg      void 
 Registers used:
		wreg
 Tracked objects:
		On entry : 
		On exit  : 
		Unchanged: 
 Data sizes:     COMMON   BANK0   BANK1   BANK2   BANK3   BANK4   BANK5   BANK6   BANK7   BANK8   BANK9  BANK10  BANK11  BANK12
      Params:         2       0       0       0       0       0       0       0       0       0       0       0       0       0
      Locals:         0       0       0       0       0       0       0       0       0       0       0       0       0       0
      Temps:          0       0       0       0       0       0       0       0       0       0       0       0       0       0
      Totals:         2       0       0       0       0       0       0       0       0       0       0       0       0       0
Total ram usage:        2 bytes
 Hardware stack levels used:    1
 Hardware stack levels required when called:    4
 This function calls:
		Nothing
 This function is called by:
		_EUSART_Initialize
 This function uses a non-reentrant model


 *************** function _EUSART_SetFramingErrorHandler *****************
 Defined at:
		line 273 in file "mcc_generated_files/eusart.c"
 Parameters:    Size  Location     Type
  interruptHan    2    1[COMMON] PTR FTN()void 
		 -> EUSART_DefaultFramingErrorHandler(1), 
 Auto vars:     Size  Location     Type
		None
 Return value:  Size  Location     Type
                  1    wreg      void 
 Registers used:
		wreg
 Tracked objects:
		On entry : 
		On exit  : 
		Unchanged: 
 Data sizes:     COMMON   BANK0   BANK1   BANK2   BANK3   BANK4   BANK5   BANK6   BANK7   BANK8   BANK9  BANK10  BANK11  BANK12
      Params:         2       0       0       0       0       0       0       0       0       0       0       0       0       0
      Locals:         0       0       0       0       0       0       0       0       0       0       0       0       0       0
      Temps:          0       0       0       0       0       0       0       0       0       0       0       0       0       0
      Totals:         2       0       0       0       0       0       0       0       0       0       0       0       0       0
Total ram usage:        2 bytes
 Hardware stack levels used:    1
 Hardware stack levels required when called:    4
 This function calls:
		Nothing
 This function is called by:
		_EUSART_Initialize
 This function uses a non-reentrant model


 *************** function _EUSART_SetErrorHandler *****************
 Defined at:
		line 281 in file "mcc_generated_files/eusart.c"
 Parameters:    Size  Location     Type
  interruptHan    2    1[COMMON] PTR FTN()void 
		 -> EUSART_DefaultErrorHandler(1), 
 Auto vars:     Size  Location     Type
		None
 Return value:  Size  Location     Type
                  1    wreg      void 
 Registers used:
		wreg
 Tracked objects:
		On entry : 
		On exit  : 
		Unchanged: 
 Data sizes:     COMMON   BANK0   BANK1   BANK2   BANK3   BANK4   BANK5   BANK6   BANK7   BANK8   BANK9  BANK10  BANK11  BANK12
      Params:         2       0       0       0       0       0       0       0       0       0       0       0       0       0
      Locals:         0       0       0       0       0       0       0       0       0       0       0       0       0       0
      Temps:          0       0       0       0       0       0       0       0       0       0       0       0       0       0
      Totals:         2       0       0       0       0       0       0       0       0       0       0       0       0       0
Total ram usage:        2 bytes
 Hardware stack levels used:    1
 Hardware stack levels required when called:    4
 This function calls:
		Nothing
 This function is called by:
		_EUSART_Initialize
 This function uses a non-reentrant model


 *************** function _INTERRUPT_InterruptManager *****************
 Defined at:
		line 52 in file "mcc_generated_files/interrupt_manager.c"
 Parameters:    Size  Location     Type
		None
 Auto vars:     Size  Location     Type
		None
 Return value:  Size  Location     Type
                  1    wreg      void 
 Registers used:
		wreg, fsr1l, fsr1h, status,2, status,0, pclath, cstack
 Tracked objects:
		On entry : 
		On exit  : 
		Unchanged: 
 Data sizes:     COMMON   BANK0   BANK1   BANK2   BANK3   BANK4   BANK5   BANK6   BANK7   BANK8   BANK9  BANK10  BANK11  BANK12
      Params:         0       0       0       0       0       0       0       0       0       0       0       0       0       0
      Locals:         0       0       0       0       0       0       0       0       0       0       0       0       0       0
      Temps:          0       0       0       0       0       0       0       0       0       0       0       0       0       0
      Totals:         0       0       0       0       0       0       0       0       0       0       0       0       0       0
Total ram usage:        0 bytes
 Hardware stack levels used:    1
 Hardware stack levels required when called:    3
 This function calls:
		Absolute function
		_EUSART_Receive_ISR
		_EUSART_Transmit_ISR
 This function is called by:
		Interrupt level 1
 This function uses a non-reentrant model


 *************** function _EUSART_Transmit_ISR *****************
 Defined at:
		line 206 in file "mcc_generated_files/eusart.c"
 Parameters:    Size  Location     Type
		None
 Auto vars:     Size  Location     Type
		None
 Return value:  Size  Location     Type
                  1    wreg      void 
 Registers used:
		wreg, fsr1l, fsr1h, status,2, status,0
 Tracked objects:
		On entry : 
		On exit  : 
		Unchanged: 
 Data sizes:     COMMON   BANK0   BANK1   BANK2   BANK3   BANK4   BANK5   BANK6   BANK7   BANK8   BANK9  BANK10  BANK11  BANK12
      Params:         0       0       0       0       0       0       0       0       0       0       0       0       0       0
      Locals:         0       0       0       0       0       0       0       0       0       0       0       0       0       0
      Temps:          1       0       0       0       0       0       0       0       0       0       0       0       0       0
      Totals:         1       0       0       0       0       0       0       0       0       0       0       0       0       0
Total ram usage:        1 bytes
 Hardware stack levels used:    1
 This function calls:
		Nothing
 This function is called by:
		_EUSART_Initialize
		_INTERRUPT_InterruptManager
 This function uses a non-reentrant model


 *************** function _EUSART_Receive_ISR *****************
 Defined at:
		line 225 in file "mcc_generated_files/eusart.c"
 Parameters:    Size  Location     Type
		None
 Auto vars:     Size  Location     Type
		None
 Return value:  Size  Location     Type
                  1    wreg      void 
 Registers used:
		wreg, fsr1l, fsr1h, status,2, status,0, pclath, cstack
 Tracked objects:
		On entry : 
		On exit  : 
		Unchanged: 
 Data sizes:     COMMON   BANK0   BANK1   BANK2   BANK3   BANK4   BANK5   BANK6   BANK7   BANK8   BANK9  BANK10  BANK11  BANK12
      Params:         0       0       0       0       0       0       0       0       0       0       0       0       0       0
      Locals:         0       0       0       0       0       0       0       0       0       0       0       0       0       0
      Temps:          0       0       0       0       0       0       0       0       0       0       0       0       0       0
      Totals:         0       0       0       0       0       0       0       0       0       0       0       0       0       0
Total ram usage:        0 bytes
 Hardware stack levels used:    1
 Hardware stack levels required when called:    2
 This function calls:
		Absolute function
		_EUSART_DefaultErrorHandler
		_EUSART_DefaultFramingErrorHandler
		_EUSART_DefaultOverrunErrorHandler
		_EUSART_RxDataHandler
 This function is called by:
		_EUSART_Initialize
		_INTERRUPT_InterruptManager
 This function uses a non-reentrant model


 *************** function _EUSART_DefaultOverrunErrorHandler *****************
 Defined at:
		line 261 in file "mcc_generated_files/eusart.c"
 Parameters:    Size  Location     Type
		None
 Auto vars:     Size  Location     Type
		None
 Return value:  Size  Location     Type
                  1    wreg      void 
 Registers used:
		None
 Tracked objects:
		On entry : 
		On exit  : 
		Unchanged: 
 Data sizes:     COMMON   BANK0   BANK1   BANK2   BANK3   BANK4   BANK5   BANK6   BANK7   BANK8   BANK9  BANK10  BANK11  BANK12
      Params:         0       0       0       0       0       0       0       0       0       0       0       0       0       0
      Locals:         0       0       0       0       0       0       0       0       0       0       0       0       0       0
      Temps:          0       0       0       0       0       0       0       0       0       0       0       0       0       0
      Totals:         0       0       0       0       0       0       0       0       0       0       0       0       0       0
Total ram usage:        0 bytes
 Hardware stack levels used:    1
 This function calls:
		Nothing
 This function is called by:
		_EUSART_Initialize
		_EUSART_Receive_ISR
 This function uses a non-reentrant model


 *************** function _EUSART_DefaultFramingErrorHandler *****************
 Defined at:
		line 259 in file "mcc_generated_files/eusart.c"
 Parameters:    Size  Location     Type
		None
 Auto vars:     Size  Location     Type
		None
 Return value:  Size  Location     Type
                  1    wreg      void 
 Registers used:
		None
 Tracked objects:
		On entry : 
		On exit  : 
		Unchanged: 
 Data sizes:     COMMON   BANK0   BANK1   BANK2   BANK3   BANK4   BANK5   BANK6   BANK7   BANK8   BANK9  BANK10  BANK11  BANK12
      Params:         0       0       0       0       0       0       0       0       0       0       0       0       0       0
      Locals:         0       0       0       0       0       0       0       0       0       0       0       0       0       0
      Temps:          0       0       0       0       0       0       0       0       0       0       0       0       0       0
      Totals:         0       0       0       0       0       0       0       0       0       0       0       0       0       0
Total ram usage:        0 bytes
 Hardware stack levels used:    1
 This function calls:
		Nothing
 This function is called by:
		_EUSART_Initialize
		_EUSART_Receive_ISR
 This function uses a non-reentrant model


 *************** function _EUSART_DefaultErrorHandler *****************
 Defined at:
		line 269 in file "mcc_generated_files/eusart.c"
 Parameters:    Size  Location     Type
		None
 Auto vars:     Size  Location     Type
		None
 Return value:  Size  Location     Type
                  1    wreg      void 
 Registers used:
		wreg, fsr1l, fsr1h, status,2, status,0, pclath, cstack
 Tracked objects:
		On entry : 
		On exit  : 
		Unchanged: 
 Data sizes:     COMMON   BANK0   BANK1   BANK2   BANK3   BANK4   BANK5   BANK6   BANK7   BANK8   BANK9  BANK10  BANK11  BANK12
      Params:         0       0       0       0       0       0       0       0       0       0       0       0       0       0
      Locals:         0       0       0       0       0       0       0       0       0       0       0       0       0       0
      Temps:          0       0       0       0       0       0       0       0       0       0       0       0       0       0
      Totals:         0       0       0       0       0       0       0       0       0       0       0       0       0       0
Total ram usage:        0 bytes
 Hardware stack levels used:    1
 Hardware stack levels required when called:    1
 This function calls:
		_EUSART_RxDataHandler
 This function is called by:
		_EUSART_Initialize
		_EUSART_Receive_ISR
 This function uses a non-reentrant model


 *************** function _EUSART_RxDataHandler *****************
 Defined at:
		line 249 in file "mcc_generated_files/eusart.c"
 Parameters:    Size  Location     Type
		None
 Auto vars:     Size  Location     Type
		None
 Return value:  Size  Location     Type
                  1    wreg      void 
 Registers used:
		wreg, fsr1l, fsr1h, status,2, status,0
 Tracked objects:
		On entry : 
		On exit  : 
		Unchanged: 
 Data sizes:     COMMON   BANK0   BANK1   BANK2   BANK3   BANK4   BANK5   BANK6   BANK7   BANK8   BANK9  BANK10  BANK11  BANK12
      Params:         0       0       0       0       0       0       0       0       0       0       0       0       0       0
      Locals:         0       0       0       0       0       0       0       0       0       0       0       0       0       0
      Temps:          1       0       0       0       0       0       0       0       0       0       0       0       0       0
      Totals:         1       0       0       0       0       0       0       0       0       0       0       0       0       0
Total ram usage:        1 bytes
 Hardware stack levels used:    1
 This function calls:
		Nothing
 This function is called by:
		_EUSART_Receive_ISR
		_EUSART_DefaultErrorHandler
 This function uses a non-reentrant model



MODULE INFORMATION

Module		Function		Class		Link	Load	Size
mcc_generated_files/interrupt_manager.c
		_INTERRUPT_InterruptManager		CODE           	0004	0000	40

mcc_generated_files/interrupt_manager.c estimated size: 40

mcc_generated_files/pin_manager.c
		_PIN_MANAGER_Initialize		CODE           	01A3	0000	65

mcc_generated_files/pin_manager.c estimated size: 65

/opt/microchip/xc8/v2.10/pic/sources/c99/common/memset.c
		_memset        		CODE           	004F	0000	165

/opt/microchip/xc8/v2.10/pic/sources/c99/common/memset.c estimated size: 165

shared
		__initialization		CODE           	002D	0000	31

shared estimated size: 31

mcc_generated_files/mcc.c
		_PMD_Initialize		CODE           	0397	0000	9
		_OSCILLATOR_Initialize		CODE           	038E	0000	10
		_SYSTEM_Initialize		CODE           	036F	0000	14

mcc_generated_files/mcc.c estimated size: 33

uartusr.c
		_read_str_UART 		CODE           	00F3	0000	97
		_dump_UART_FIFO		CODE           	030E	0000	25
		_read_UART     		CODE           	034E	0000	18
		_write_str_UART		CODE           	02AF	0000	36
		_write_UART    		CODE           	0326	0000	23

uartusr.c estimated size: 199

mcc_generated_files/eusart.c
		_EUSART_SetRxInterruptHandler		CODE           	03B1	0000	7
		_EUSART_SetTxInterruptHandler		CODE           	03AB	0000	7
		_EUSART_Read   		CODE           	0285	0000	43
		_EUSART_DefaultOverrunErrorHandler		CODE           	03CD	0000	5
		_EUSART_Write  		CODE           	025B	0000	43
		_EUSART_DefaultErrorHandler		CODE           	03D1	0000	5
		_EUSART_Transmit_ISR		CODE           	02D2	0000	35
		_EUSART_is_tx_done		CODE           	03C9	0000	5
		_EUSART_Initialize		CODE           	01E3	0000	64
		_EUSART_SetFramingErrorHandler		CODE           	03BD	0000	7
		_EUSART_SetErrorHandler		CODE           	03C3	0000	7
		_EUSART_SetOverrunErrorHandler		CODE           	03B7	0000	7
		_EUSART_Receive_ISR		CODE           	0222	0000	58
		_EUSART_RxDataHandler		CODE           	02F4	0000	27
		_EUSART_DefaultFramingErrorHandler		CODE           	03D5	0000	2
		_EUSART_is_rx_ready		CODE           	0385	0000	10
		_EUSART_is_tx_ready		CODE           	037C	0000	10

mcc_generated_files/eusart.c estimated size: 342

main.c
		_main          		CODE           	0153	0000	81

main.c estimated size: 81

