Microchip MPLAB XC8 Compiler V2.10 ()

Linker command line:

-W-3 --edf=C:\Program Files (x86)\Microchip\xc8\v2.10\pic\dat\en_msgs.txt \
  -cs -h+dist/default/production\test.X.production.sym \
  --cmf=dist/default/production\test.X.production.cmf -z -Q16F18875 \
  -oC:\Users\FRANCI~1\AppData\Local\Temp\s7ug.2 --defsym=__MPLAB_BUILD=1 \
  -Mdist/default/production/test.X.production.map -E1 -ver=XC8 --acfsm=1493 \
  -ASTACK=0206Dh-023EFh -pstack=STACK -ACODE=00h-07FFhx4 \
  -ASTRCODE=00h-01FFFh -ASTRING=00h-0FFhx32 -ACONST=00h-0FFhx32 \
  -AENTRY=00h-0FFhx32 -ACOMMON=070h-07Fh -ABANK0=020h-06Fh \
  -ABANK1=0A0h-0EFh -ABANK2=0120h-016Fh -ABANK3=01A0h-01EFh \
  -ABANK4=0220h-026Fh -ABANK5=02A0h-02EFh -ABANK6=0320h-036Fh \
  -ABANK7=03A0h-03EFh -ABANK8=0420h-046Fh -ABANK9=04A0h-04EFh \
  -ABANK10=0520h-056Fh -ABANK11=05A0h-05EFh -ABANK12=0620h-064Fh \
  -ABIGRAM=02000h-023EFh \
  -ARAM=020h-06Fh,0A0h-0EFh,0120h-016Fh,01A0h-01EFh,0220h-026Fh,02A0h-02EFh,0320h-036Fh,03A0h-03EFh,0420h-046Fh,04A0h-04EFh,0520h-056Fh,05A0h-05EFh,0620h-064Fh \
  -AABS1=020h-07Fh,0A0h-0EFh,0120h-016Fh,01A0h-01EFh,0220h-026Fh,02A0h-02EFh,0320h-036Fh,03A0h-03EFh,0420h-046Fh,04A0h-04EFh,0520h-056Fh,05A0h-05EFh,0620h-064Fh \
  -ASFR0=00h-01Fh -ASFR1=080h-09Fh -ASFR2=0100h-011Fh -ASFR3=0180h-019Fh \
  -ASFR4=0200h-021Fh -ASFR5=0280h-029Fh -ASFR6=0300h-031Fh \
  -ASFR7=0380h-039Fh -ASFR8=0400h-041Fh -ASFR9=0480h-049Fh \
  -ASFR10=0500h-051Fh -ASFR11=0580h-059Fh -ASFR12=0600h-061Fh \
  -ASFR13=0680h-06EFh -ASFR14=0700h-076Fh -ASFR15=0780h-07EFh \
  -ASFR16=0800h-086Fh -ASFR17=0880h-08EFh -ASFR18=0900h-096Fh \
  -ASFR19=0980h-09EFh -ASFR20=0A00h-0A6Fh -ASFR21=0A80h-0AEFh \
  -ASFR22=0B00h-0B6Fh -ASFR23=0B80h-0BEFh -ASFR24=0C00h-0C6Fh \
  -ASFR25=0C80h-0CEFh -ASFR26=0D00h-0D6Fh -ASFR27=0D80h-0DEFh \
  -ASFR28=0E00h-0E6Fh -ASFR29=0E80h-0EEFh -ASFR30=0F00h-0F6Fh \
  -ASFR31=0F80h-0FEFh -preset_vec=00h,intentry=04h,init,end_init \
  -ppowerup=CODE -pcinit=CODE -pfunctab=ENTRY -ACONFIG=08007h-0800Bh \
  -pconfig=CONFIG -DCONFIG=2 -AIDLOC=08000h-08003h -pidloc=IDLOC -DIDLOC=2 \
  -AEEDATA=00h-0FFh/0F000h -peeprom_data=EEDATA -DEEDATA=2 -DCODE=2 \
  -DSTRCODE=2 -DSTRING=2 -DCONST=2 -DENTRY=2 -k \
  C:\Users\FRANCI~1\AppData\Local\Temp\s7ug.o \
  dist/default/production\test.X.production.o 

Object code version is 3.11

Machine type is 16F18875



                Name                               Link     Load   Length Selector   Space Scale
C:\Users\FRANCI~1\AppData\Local\Temp\s7ug.o
                end_init                             4F       4F        2        8       0
                reset_vec                             0        0        2        0       0
                config                             8007     8007        5    1000E       0
dist/default/production\test.X.production.o
                cinit                                51       51       17        8       0
                intentry                              4        4       4B        8       0
                text87                              5CA      5CA       33        8       0
                text86                              DEA      DEA        1     1BD4       0
                text85                              EBB      EBB        D     1D76       0
                text84                              E40      E40        6     1C80       0
                text83                              FA7      FA7       16     1F4E       0
                text82                              3D5      3D5       55        8       0
                text81                              DEB      DEB        1     1BD6       0
                text80                              EF0      EF0        F     1DE0       0
                text79                              F3D      F3D       11     1E7A       0
                text78                              6A0      6A0       24        8       0
                text77                              FE9      FE9       17     1FD2       0
                text76                              DEC      DEC        1     1BD8       0
                text75                              7DF      7DF       17      DC8       0
                text74                              E07      E07        4     1C0E       0
                text73                              DF2      DF2        3     1BE4       0
                text72                              DF5      DF5        3     1BEA       0
                text71                              F1D      F1D       10     1E3A       0
                text70                              656      656       26        8       0
                text69                              EC8      EC8        D     1D90       0
                text68                              F4E      F4E       11     1E9C       0
                text67                              DEE      DEE        2     1BDC       0
                text66                              DF0      DF0        2     1BE0       0
                text65                                2        2        2        0       0
                text64                              F5F      F5F       11     1EBE       0
                text63                              F70      F70       11     1EE0       0
                text62                              F81      F81       11     1F02       0
                text61                              7C7      7C7       18      DC8       0
                text60                              DF8      DF8        3     1BF0       0
                text59                              DED      DED        1     1BDA       0
                text58                              E0B      E0B        4     1C16       0
                text57                              DFB      DFB        3     1BF6       0
                text56                              E13      E13        5     1C26       0
                text55                              E6C      E6C        8     1CD8       0
                text54                              DFE      DFE        3     1BFC       0
                text53                              597      597       33        8       0
                text52                              E74      E74        8     1CE8       0
                text51                              E18      E18        5     1C30       0
                text50                              E1D      E1D        5     1C3A       0
                text49                              E22      E22        5     1C44       0
                text48                              E27      E27        5     1C4E       0
                text47                              E2C      E2C        5     1C58       0
                text46                              E94      E94        9     1D28       0
                text45                              E7C      E7C        8     1CF8       0
                text44                              E5E      E5E        7     1CBC       0
                text43                              E31      E31        5     1C62       0
                text42                              E36      E36        5     1C6C       0
                text41                              E3B      E3B        5     1C76       0
                text40                              62A      62A       2C        8       0
                text39                              42A      42A       54        8       0
                text38                              47E      47E       4A        8       0
                text37                              E01      E01        3     1C02       0
                text36                              5FD      5FD       2D        8       0
                text35                              E04      E04        3     1C08       0
                text34                              E0F      E0F        4     1C1E       0
                text32                              E9D      E9D        9     1D3A       0
                text31                              E65      E65        7     1CCA       0
                text30                              E84      E84        8     1D08       0
                text29                              794      794       1A      DC8       0
                text28                              EAF      EAF        C     1D5E       0
                text27                              7F6      7F6        A      DC8       0
                text26                              77A      77A       1A      DC8       0
                text25                              7AE      7AE       19      DC8       0
                text24                              FBD      FBD       16     1F7A       0
                text23                              E46      E46        6     1C8C       0
                text22                              EE2      EE2        E     1DC4       0
                text21                              EA6      EA6        9     1D4C       0
                text20                              4C8      4C8       49        8       0
                text19                              E8C      E8C        8     1D18       0
                text18                              ED5      ED5        D     1DAA       0
                text17                              E4C      E4C        6     1C98       0
                text16                              F92      F92       15     1F24       0
                text15                              E52      E52        6     1CA4       0
                text14                              723      723       1F      DC8       0
                text13                              EFF      EFF        F     1DFE       0
                text12                              75E      75E       1C      DC8       0
                text11                              67C      67C       24        8       0
                text10                              F0E      F0E        F     1E1C       0
                text9                               6E4      6E4       20      DC8       0
                text8                               F2D      F2D       10     1E5A       0
                text7                               511      511       47        8       0
                text6                               FD3      FD3       16     1FA6       0
                text5                               558      558       3F        8       0
                text4                               742      742       1C      DC8       0
                text3                               704      704       1F      DC8       0
                text2                               37B      37B       5A        8       0
                text1                               22B      22B      150        8       0
                maintext                             68       68      1C3        8       0
                cstackBANK0                          49       49       17       20       1
                cstackCOMMON                         70       70        D       70       1
                clrtext                             E58      E58        6     1CB0       0
                bssBANK1                             A0       A0       1D       A0       1
                bssBANK0                             20       20       29       20       1
                bitbssBANK0                         308       61        1       20       1     8
                bitbssCOMMON                        3E8       7D        4       70       1     8
                bitnvBANK0                          300       60        1       20       1     8
                stringtext1                         6C4      6C4       20      D88       0

TOTAL           Name                               Link     Load   Length     Space
        CLASS   STACK          

        CLASS   CODE           
                end_init                             4F       4F        2         0
                cinit                                51       51       17         0
                intentry                              4        4       4B         0
                reset_vec                             0        0        2         0
                text87                              5CA      5CA       33         0
                text86                              DEA      DEA        1         0
                text85                              EBB      EBB        D         0
                text84                              E40      E40        6         0
                text83                              FA7      FA7       16         0
                text82                              3D5      3D5       55         0
                text81                              DEB      DEB        1         0
                text80                              EF0      EF0        F         0
                text79                              F3D      F3D       11         0
                text78                              6A0      6A0       24         0
                text77                              FE9      FE9       17         0
                text76                              DEC      DEC        1         0
                text75                              7DF      7DF       17         0
                text74                              E07      E07        4         0
                text73                              DF2      DF2        3         0
                text72                              DF5      DF5        3         0
                text71                              F1D      F1D       10         0
                text70                              656      656       26         0
                text69                              EC8      EC8        D         0
                text68                              F4E      F4E       11         0
                text67                              DEE      DEE        2         0
                text66                              DF0      DF0        2         0
                text65                                2        2        2         0
                text64                              F5F      F5F       11         0
                text63                              F70      F70       11         0
                text62                              F81      F81       11         0
                text61                              7C7      7C7       18         0
                text60                              DF8      DF8        3         0
                text59                              DED      DED        1         0
                text58                              E0B      E0B        4         0
                text57                              DFB      DFB        3         0
                text56                              E13      E13        5         0
                text55                              E6C      E6C        8         0
                text54                              DFE      DFE        3         0
                text53                              597      597       33         0
                text52                              E74      E74        8         0
                text51                              E18      E18        5         0
                text50                              E1D      E1D        5         0
                text49                              E22      E22        5         0
                text48                              E27      E27        5         0
                text47                              E2C      E2C        5         0
                text46                              E94      E94        9         0
                text45                              E7C      E7C        8         0
                text44                              E5E      E5E        7         0
                text43                              E31      E31        5         0
                text42                              E36      E36        5         0
                text41                              E3B      E3B        5         0
                text40                              62A      62A       2C         0
                text39                              42A      42A       54         0
                text38                              47E      47E       4A         0
                text37                              E01      E01        3         0
                text36                              5FD      5FD       2D         0
                text35                              E04      E04        3         0
                text34                              E0F      E0F        4         0
                text32                              E9D      E9D        9         0
                text31                              E65      E65        7         0
                text30                              E84      E84        8         0
                text29                              794      794       1A         0
                text28                              EAF      EAF        C         0
                text27                              7F6      7F6        A         0
                text26                              77A      77A       1A         0
                text25                              7AE      7AE       19         0
                text24                              FBD      FBD       16         0
                text23                              E46      E46        6         0
                text22                              EE2      EE2        E         0
                text21                              EA6      EA6        9         0
                text20                              4C8      4C8       49         0
                text19                              E8C      E8C        8         0
                text18                              ED5      ED5        D         0
                text17                              E4C      E4C        6         0
                text16                              F92      F92       15         0
                text15                              E52      E52        6         0
                text14                              723      723       1F         0
                text13                              EFF      EFF        F         0
                text12                              75E      75E       1C         0
                text11                              67C      67C       24         0
                text10                              F0E      F0E        F         0
                text9                               6E4      6E4       20         0
                text8                               F2D      F2D       10         0
                text7                               511      511       47         0
                text6                               FD3      FD3       16         0
                text5                               558      558       3F         0
                text4                               742      742       1C         0
                text3                               704      704       1F         0
                text2                               37B      37B       5A         0
                text1                               22B      22B      150         0
                maintext                             68       68      1C3         0
                clrtext                             E58      E58        6         0

        CLASS   STRCODE        
                stringtext1                         6C4      6C4       20         0

        CLASS   STRING         

        CLASS   CONST          

        CLASS   ENTRY          

        CLASS   COMMON         
                cstackCOMMON                         70       70        D         1
                bitbssCOMMON                        3E8       7D        4         1

        CLASS   BANK0          
                cstackBANK0                          49       49       17         1
                bssBANK0                             20       20       29         1
                bitbssBANK0                         308       61        1         1
                bitnvBANK0                          300       60        1         1

        CLASS   BANK1          
                bssBANK1                             A0       A0       1D         1

        CLASS   BANK2          

        CLASS   BANK3          

        CLASS   BANK4          

        CLASS   BANK5          

        CLASS   BANK6          

        CLASS   BANK7          

        CLASS   BANK8          

        CLASS   BANK9          

        CLASS   BANK10         

        CLASS   BANK11         

        CLASS   BANK12         

        CLASS   BIGRAM         

        CLASS   RAM            

        CLASS   ABS1           
                abs_s1                               7E       7E        2         1

        CLASS   SFR0           

        CLASS   SFR1           

        CLASS   SFR2           

        CLASS   SFR3           

        CLASS   SFR4           

        CLASS   SFR5           

        CLASS   SFR6           

        CLASS   SFR7           

        CLASS   SFR8           

        CLASS   SFR9           

        CLASS   SFR10          

        CLASS   SFR11          

        CLASS   SFR12          

        CLASS   SFR13          

        CLASS   SFR14          

        CLASS   SFR15          

        CLASS   SFR16          

        CLASS   SFR17          

        CLASS   SFR18          

        CLASS   SFR19          

        CLASS   SFR20          

        CLASS   SFR21          

        CLASS   SFR22          

        CLASS   SFR23          

        CLASS   SFR24          

        CLASS   SFR25          

        CLASS   SFR26          

        CLASS   SFR27          

        CLASS   SFR28          

        CLASS   SFR29          

        CLASS   SFR30          

        CLASS   SFR31          

        CLASS   CONFIG         
                config                             8007     8007        5         0

        CLASS   IDLOC          

        CLASS   EEDATA         

        CLASS   BANK31         

        CLASS   BANK30         

        CLASS   BANK29         

        CLASS   BANK28         

        CLASS   BANK27         

        CLASS   BANK26         

        CLASS   BANK25         

        CLASS   BANK24         

        CLASS   BANK23         

        CLASS   BANK22         

        CLASS   BANK21         

        CLASS   BANK20         

        CLASS   BANK19         

        CLASS   BANK18         

        CLASS   BANK17         

        CLASS   BANK16         

        CLASS   BANK15         

        CLASS   BANK14         

        CLASS   BANK13         



SEGMENTS        Name                           Load    Length   Top    Selector   Space  Class     Delta

                reset_vec                      000000  000004  000004         0       0  CODE        2
                intentry                       000004  0006C0  0006C4         8       0  CODE        2
                bssBANK0                       000020  000042  000062        20       1  BANK0       1
                cstackCOMMON                   000070  00000E  00007E        70       1  COMMON      1
                bssBANK1                       0000A0  00001D  0000BD        A0       1  BANK1       1
                stringtext1                    0006C4  000020  0006E4       D88       0  STRCODE     2
                text9                          0006E4  00011C  000800       DC8       0  CODE        2
                text86                         000DEA  000001  000DEB      1BD4       0  CODE        2
                text81                         000DEB  000001  000DEC      1BD6       0  CODE        2
                text76                         000DEC  000001  000DED      1BD8       0  CODE        2
                text59                         000DED  000001  000DEE      1BDA       0  CODE        2
                text67                         000DEE  000002  000DF0      1BDC       0  CODE        2
                text66                         000DF0  000002  000DF2      1BE0       0  CODE        2
                text73                         000DF2  000003  000DF5      1BE4       0  CODE        2
                text72                         000DF5  000003  000DF8      1BEA       0  CODE        2
                text60                         000DF8  000003  000DFB      1BF0       0  CODE        2
                text57                         000DFB  000003  000DFE      1BF6       0  CODE        2
                text54                         000DFE  000003  000E01      1BFC       0  CODE        2
                text37                         000E01  000003  000E04      1C02       0  CODE        2
                text35                         000E04  000003  000E07      1C08       0  CODE        2
                text74                         000E07  000004  000E0B      1C0E       0  CODE        2
                text58                         000E0B  000004  000E0F      1C16       0  CODE        2
                text34                         000E0F  000004  000E13      1C1E       0  CODE        2
                text56                         000E13  000005  000E18      1C26       0  CODE        2
                text51                         000E18  000005  000E1D      1C30       0  CODE        2
                text50                         000E1D  000005  000E22      1C3A       0  CODE        2
                text49                         000E22  000005  000E27      1C44       0  CODE        2
                text48                         000E27  000005  000E2C      1C4E       0  CODE        2
                text47                         000E2C  000005  000E31      1C58       0  CODE        2
                text43                         000E31  000005  000E36      1C62       0  CODE        2
                text42                         000E36  000005  000E3B      1C6C       0  CODE        2
                text41                         000E3B  000005  000E40      1C76       0  CODE        2
                text84                         000E40  000006  000E46      1C80       0  CODE        2
                text23                         000E46  000006  000E4C      1C8C       0  CODE        2
                text17                         000E4C  000006  000E52      1C98       0  CODE        2
                text15                         000E52  000006  000E58      1CA4       0  CODE        2
                clrtext                        000E58  000006  000E5E      1CB0       0  CODE        2
                text44                         000E5E  000007  000E65      1CBC       0  CODE        2
                text31                         000E65  000007  000E6C      1CCA       0  CODE        2
                text55                         000E6C  000008  000E74      1CD8       0  CODE        2
                text52                         000E74  000008  000E7C      1CE8       0  CODE        2
                text45                         000E7C  000008  000E84      1CF8       0  CODE        2
                text30                         000E84  000008  000E8C      1D08       0  CODE        2
                text19                         000E8C  000008  000E94      1D18       0  CODE        2
                text46                         000E94  000009  000E9D      1D28       0  CODE        2
                text32                         000E9D  000009  000EA6      1D3A       0  CODE        2
                text21                         000EA6  000009  000EAF      1D4C       0  CODE        2
                text28                         000EAF  00000C  000EBB      1D5E       0  CODE        2
                text85                         000EBB  00000D  000EC8      1D76       0  CODE        2
                text69                         000EC8  00000D  000ED5      1D90       0  CODE        2
                text18                         000ED5  00000D  000EE2      1DAA       0  CODE        2
                text22                         000EE2  00000E  000EF0      1DC4       0  CODE        2
                text80                         000EF0  00000F  000EFF      1DE0       0  CODE        2
                text13                         000EFF  00000F  000F0E      1DFE       0  CODE        2
                text10                         000F0E  00000F  000F1D      1E1C       0  CODE        2
                text71                         000F1D  000010  000F2D      1E3A       0  CODE        2
                text8                          000F2D  000010  000F3D      1E5A       0  CODE        2
                text79                         000F3D  000011  000F4E      1E7A       0  CODE        2
                text68                         000F4E  000011  000F5F      1E9C       0  CODE        2
                text64                         000F5F  000011  000F70      1EBE       0  CODE        2
                text63                         000F70  000011  000F81      1EE0       0  CODE        2
                text62                         000F81  000011  000F92      1F02       0  CODE        2
                text16                         000F92  000015  000FA7      1F24       0  CODE        2
                text83                         000FA7  000016  000FBD      1F4E       0  CODE        2
                text24                         000FBD  000016  000FD3      1F7A       0  CODE        2
                text6                          000FD3  000016  000FE9      1FA6       0  CODE        2
                text77                         000FE9  000017  001000      1FD2       0  CODE        2
                config                         008007  000005  00800C     1000E       0  CONFIG      2


UNUSED ADDRESS RANGES

        Name                Unused          Largest block    Delta
        BANK0            00062-0006F               E           1
        BANK1            000BD-000EF              33           1
        BANK10           00520-0056F              50           1
        BANK11           005A0-005EF              50           1
        BANK12           00620-0064F              30           1
        BANK2            00120-0016F              50           1
        BANK3            001A0-001EF              50           1
        BANK4            00220-0026F              50           1
        BANK5            002A0-002EF              50           1
        BANK6            00320-0036F              50           1
        BANK7            003A0-003EF              50           1
        BANK8            00420-0046F              50           1
        BANK9            004A0-004EF              50           1
        BIGRAM           02000-023EF             3F0           1
        CODE             00800-00DE9             5EA           2
                         01000-01FFF             800
        CONST            00800-00DE9             100           2
                         01000-01FFF             100
        EEDATA           0F000-0F0FF             100           2
        ENTRY            00800-00DE9             100           2
                         01000-01FFF             100
        IDLOC            08000-08003               4           2
        RAM              00062-0006F               E           1
                         000BD-000EF              33
                         00120-0016F              50
                         001A0-001EF              50
                         00220-0026F              50
                         002A0-002EF              50
                         00320-0036F              50
                         003A0-003EF              50
                         00420-0046F              50
                         004A0-004EF              50
                         00520-0056F              50
                         005A0-005EF              50
                         00620-0064F              30
        SFR0             00000-0001F              20           1
        SFR1             00080-0009F              20           1
        SFR10            00500-0051F              20           1
        SFR11            00580-0059F              20           1
        SFR12            00600-0061F              20           1
        SFR13            00680-006EF              70           1
        SFR14            00700-0076F              70           1
        SFR15            00780-007EF              70           1
        SFR16            00800-0086F              70           1
        SFR17            00880-008EF              70           1
        SFR18            00900-0096F              70           1
        SFR19            00980-009EF              70           1
        SFR2             00100-0011F              20           1
        SFR20            00A00-00A6F              70           1
        SFR21            00A80-00AEF              70           1
        SFR22            00B00-00B6F              70           1
        SFR23            00B80-00BEF              70           1
        SFR24            00C00-00C6F              70           1
        SFR25            00C80-00CEF              70           1
        SFR26            00D00-00D6F              70           1
        SFR27            00D80-00DEF              70           1
        SFR28            00E00-00E6F              70           1
        SFR29            00E80-00EEF              70           1
        SFR3             00180-0019F              20           1
        SFR30            00F00-00F6F              70           1
        SFR31            00F80-00FEF              70           1
        SFR4             00200-0021F              20           1
        SFR5             00280-0029F              20           1
        SFR6             00300-0031F              20           1
        SFR7             00380-0039F              20           1
        SFR8             00400-0041F              20           1
        SFR9             00480-0049F              20           1
        STACK            0206D-023EF             383           1
        STRCODE          00800-00DE9             5EA           2
                         01000-01FFF            1000
        STRING           00800-00DE9             100           2
                         01000-01FFF             100

                                  Symbol Table

?_ADCC_GetConversionResult                cstackBANK0  0004C
?_ADC_read                                cstackBANK0  0004E
ADCC_StartConversion@channel              cstackBANK0  0004C
DATAEE_ReadByte@bAdd                      cstackBANK0  0004C
DATAEE_WriteByte@GIEBitValue              cstackBANK0  00055
DATAEE_WriteByte@bAdd                     cstackBANK0  00052
DATAEE_WriteByte@bData                    cstackBANK0  00054
INT_SetInterruptHandler@InterruptHandler  cstackBANK0  0004C
LED_bin@value                             cstackBANK0  0004C
PWM6_LoadDutyValue@dutyValue              cstackBANK0  0004C
TMR0_SetInterruptHandler@InterruptHandler cstackBANK0  0004C
TMR1_SetInterruptHandler@InterruptHandler cstackBANK0  0004C
TMR1_WriteTimer@timerVal                  cstackCOMMON 00070
WriteI2C@data_out                         cstackBANK0  0004D
_ADACCH                                   (abs)        00091
_ADACCL                                   (abs)        00090
_ADACQ                                    (abs)        0009D
_ADACT                                    (abs)        00099
_ADCAP                                    (abs)        0009B
_ADCC_GetConversionResult                 text32       00E9D
_ADCC_Initialize                          text24       00FBD
_ADCC_IsConversionDone                    text31       00E65
_ADCC_StartConversion                     text30       00E84
_ADCLK                                    (abs)        00098
_ADCNT                                    (abs)        0010C
_ADCON0                                   (abs)        00093
_ADCON0bits                               (abs)        00093
_ADCON1                                   (abs)        00094
_ADCON1bits                               (abs)        00094
_ADCON2                                   (abs)        00095
_ADCON2bits                               (abs)        00095
_ADCON3                                   (abs)        00096
_ADCON3bits                               (abs)        00096
_ADC_read                                 text29       00794
_ADERRH                                   (abs)        00117
_ADERRL                                   (abs)        00116
_ADFLTRH                                  (abs)        00115
_ADFLTRL                                  (abs)        00114
_ADLTHH                                   (abs)        0010F
_ADLTHL                                   (abs)        0010E
_ADPCH                                    (abs)        0009E
_ADPRE                                    (abs)        0009C
_ADPREVH                                  (abs)        0008F
_ADPREVL                                  (abs)        0008E
_ADREF                                    (abs)        0009A
_ADRESH                                   (abs)        0008D
_ADRESL                                   (abs)        0008C
_ADRPT                                    (abs)        0010D
_ADSTAT                                   (abs)        00097
_ADSTATbits                               (abs)        00097
_ADSTPTH                                  (abs)        00113
_ADSTPTL                                  (abs)        00112
_ADUTHH                                   (abs)        00111
_ADUTHL                                   (abs)        00110
_ANSELA                                   (abs)        00F38
_ANSELB                                   (abs)        00F43
_ANSELC                                   (abs)        00F4E
_ANSELD                                   (abs)        00F59
_ANSELE                                   (abs)        00F64
_CCPTMRS1bits                             (abs)        0021F
_DATAEE_ReadByte                          text10       00F0E
_DATAEE_WriteByte                         text11       0067C
_EXT_INT_Initialize                       text22       00EE2
_I2C_Initialize                           text27       007F6
_INLVLA                                   (abs)        00F3C
_INLVLB                                   (abs)        00F47
_INLVLC                                   (abs)        00F52
_INLVLD                                   (abs)        00F5D
_INLVLE                                   (abs)        00F68
_INTCONbits                               (abs)        0000B
_INTERRUPT_InterruptManager               intentry     00004
_INTPPS                                   (abs)        00E90
_INT_CallBack                             text85       00EBB
_INT_DefaultInterruptHandler              text86       00DEA
_INT_ISR                                  text84       00E40
_INT_InterruptHandler                     bssBANK0     0002C
_INT_SetInterruptHandler                  text23       00E46
_LATA                                     (abs)        00016
_LATAbits                                 (abs)        00016
_LATB                                     (abs)        00017
_LATC                                     (abs)        00018
_LATCbits                                 (abs)        00018
_LATD                                     (abs)        00019
_LATE                                     (abs)        0001A
_LED_bin                                  text26       0077A
_NVMADRH                                  (abs)        0081B
_NVMADRL                                  (abs)        0081A
_NVMCON1bits                              (abs)        0081E
_NVMCON2                                  (abs)        0081F
_NVMDATH                                  (abs)        0081D
_NVMDATL                                  (abs)        0081C
_ODCONA                                   (abs)        00F3A
_ODCONB                                   (abs)        00F45
_ODCONC                                   (abs)        00F50
_ODCOND                                   (abs)        00F5B
_ODCONE                                   (abs)        00F66
_OSCCON1                                  (abs)        0088D
_OSCCON3                                  (abs)        0088F
_OSCEN                                    (abs)        00891
_OSCFRQ                                   (abs)        00893
_OSCILLATOR_Initialize                    text21       00EA6
_OSCTUNE                                  (abs)        00892
_PIE0bits                                 (abs)        00716
_PIE3bits                                 (abs)        00719
_PIE4bits                                 (abs)        0071A
_PIN_MANAGER_Initialize                   text20       004C8
_PIR0bits                                 (abs)        0070C
_PIR3bits                                 (abs)        0070F
_PIR4bits                                 (abs)        00710
_PMD0                                     (abs)        00796
_PMD1                                     (abs)        00797
_PMD2                                     (abs)        00798
_PMD3                                     (abs)        00799
_PMD4                                     (abs)        0079A
_PMD5                                     (abs)        0079B
_PMD_Initialize                           text19       00E8C
_PR2                                      (abs)        0028D
_PWM6CON                                  (abs)        0038E
_PWM6DCH                                  (abs)        0038D
_PWM6DCL                                  (abs)        0038C
_PWM6_Initialize                          text18       00ED5
_PWM6_LoadDutyValue                       text25       007AE
_RA6PPS                                   (abs)        00F16
_RC3PPS                                   (abs)        00F23
_RC4PPS                                   (abs)        00F24
_ReadI2C                                  text3        00704
_SLRCONA                                  (abs)        00F3B
_SLRCONB                                  (abs)        00F46
_SLRCONC                                  (abs)        00F51
_SLRCOND                                  (abs)        00F5C
_SLRCONE                                  (abs)        00F67
_SSP1ADD                                  (abs)        0018D
_SSP1BUF                                  (abs)        0018C
_SSP1CLKPPS                               (abs)        00EC5
_SSP1CON1                                 (abs)        00190
_SSP1CON1bits                             (abs)        00190
_SSP1CON2                                 (abs)        00191
_SSP1CON2bits                             (abs)        00191
_SSP1DATPPS                               (abs)        00EC6
_SSP1MSK                                  (abs)        0018E
_SSP1STAT                                 (abs)        0018F
_SSP1STATbits                             (abs)        0018F
_SYSTEM_Initialize                        text12       0075E
_T0CON0                                   (abs)        0001E
_T0CON0bits                               (abs)        0001E
_T0CON1                                   (abs)        0001F
_T1CLK                                    (abs)        00211
_T1CON                                    (abs)        0020E
_T1CONbits                                (abs)        0020E
_T1GATE                                   (abs)        00210
_T1GCON                                   (abs)        0020F
_T1GCONbits                               (abs)        0020F
_T2CLKCON                                 (abs)        00290
_T2CON                                    (abs)        0028E
_T2CONbits                                (abs)        0028E
_T2HLT                                    (abs)        0028F
_T2HLTbits                                (abs)        0028F
_T2PR                                     (abs)        0028D
_T2RST                                    (abs)        00291
_T2RSTbits                                (abs)        00291
_T2TMR                                    (abs)        0028C
_TMR0H                                    (abs)        0001D
_TMR0L                                    (abs)        0001C
_TMR0_DefaultInterruptHandler             text81       00DEB
_TMR0_ISR                                 text80       00EF0
_TMR0_Initialize                          text16       00F92
_TMR0_InterruptHandler                    bssBANK0     00026
_TMR0_SetInterruptHandler                 text17       00E4C
_TMR1H                                    (abs)        0020D
_TMR1L                                    (abs)        0020C
_TMR1_DefaultInterruptHandler             text76       00DEC
_TMR1_ISR                                 text75       007DF
_TMR1_Initialize                          text14       00723
_TMR1_InterruptHandler                    bssBANK0     00022
_TMR1_SetInterruptHandler                 text15       00E52
_TMR1_WriteTimer                          text79       00F3D
_TMR2                                     (abs)        0028C
_TMR2_Initialize                          text13       00EFF
_TRISA                                    (abs)        00011
_TRISB                                    (abs)        00012
_TRISC                                    (abs)        00013
_TRISCbits                                (abs)        00013
_TRISD                                    (abs)        00014
_TRISE                                    (abs)        00015
_WPUA                                     (abs)        00F39
_WPUB                                     (abs)        00F44
_WPUC                                     (abs)        00F4F
_WPUC3                                    (abs)        07A7B
_WPUC4                                    (abs)        07A7C
_WPUD                                     (abs)        00F5A
_WPUE                                     (abs)        00F65
_WriteI2C                                 text2        0037B
__CFG_BOREN$ON                            (abs)        00000
__CFG_BORV$LO                             (abs)        00000
__CFG_CLKOUTEN$OFF                        (abs)        00000
__CFG_CP$OFF                              (abs)        00000
__CFG_CPD$OFF                             (abs)        00000
__CFG_CSWEN$ON                            (abs)        00000
__CFG_DEBUG$OFF                           (abs)        00000
__CFG_FCMEN$ON                            (abs)        00000
__CFG_FEXTOSC$OFF                         (abs)        00000
__CFG_LPBOREN$OFF                         (abs)        00000
__CFG_LVP$ON                              (abs)        00000
__CFG_MCLRE$ON                            (abs)        00000
__CFG_PPS1WAY$ON                          (abs)        00000
__CFG_PWRTE$OFF                           (abs)        00000
__CFG_RSTOSC$HFINT1                       (abs)        00000
__CFG_SCANE$available                     (abs)        00000
__CFG_STVREN$ON                           (abs)        00000
__CFG_WDTCCS$HFINTOSC                     (abs)        00000
__CFG_WDTCPS$WDTCPS_14                    (abs)        00000
__CFG_WDTCWS$WDTCWS_7                     (abs)        00000
__CFG_WDTE$OFF                            (abs)        00000
__CFG_WRT$OFF                             (abs)        00000
__CFG_ZCD$OFF                             (abs)        00000
__Habs1                                   abs1         00000
__Hbank0                                  bank0        00000
__Hbank1                                  bank1        00000
__Hbank10                                 bank10       00000
__Hbank11                                 bank11       00000
__Hbank12                                 bank12       00000
__Hbank13                                 bank13       00000
__Hbank14                                 bank14       00000
__Hbank15                                 bank15       00000
__Hbank16                                 bank16       00000
__Hbank17                                 bank17       00000
__Hbank18                                 bank18       00000
__Hbank19                                 bank19       00000
__Hbank2                                  bank2        00000
__Hbank20                                 bank20       00000
__Hbank21                                 bank21       00000
__Hbank22                                 bank22       00000
__Hbank23                                 bank23       00000
__Hbank24                                 bank24       00000
__Hbank25                                 bank25       00000
__Hbank26                                 bank26       00000
__Hbank27                                 bank27       00000
__Hbank28                                 bank28       00000
__Hbank29                                 bank29       00000
__Hbank3                                  bank3        00000
__Hbank30                                 bank30       00000
__Hbank31                                 bank31       00000
__Hbank4                                  bank4        00000
__Hbank5                                  bank5        00000
__Hbank6                                  bank6        00000
__Hbank7                                  bank7        00000
__Hbank8                                  bank8        00000
__Hbank9                                  bank9        00000
__Hbigram                                 bigram       00000
__HbitbssBANK0                            bitbssBANK0  00000
__HbitbssCOMMON                           bitbssCOMMON 00000
__HbitnvBANK0                             bitnvBANK0   00000
__HbssBANK0                               bssBANK0     00000
__HbssBANK1                               bssBANK1     00000
__Hcinit                                  cinit        00068
__Hclrtext                                clrtext      00000
__Hcode                                   code         00000
__Hcommon                                 common       00000
__Hconfig                                 config       0800C
__HcstackBANK0                            cstackBANK0  00000
__HcstackCOMMON                           cstackCOMMON 00000
__Heeprom_data                            eeprom_data  00000
__Hend_init                               end_init     00051
__Hfunctab                                functab      00000
__Hidloc                                  idloc        00000
__Hinit                                   init         0004F
__Hintentry                               intentry     0004F
__Hmaintext                               maintext     00000
__Hpowerup                                powerup      00000
__Hram                                    ram          00000
__Hreset_vec                              reset_vec    00002
__Hsfr0                                   sfr0         00000
__Hsfr1                                   sfr1         00000
__Hsfr10                                  sfr10        00000
__Hsfr11                                  sfr11        00000
__Hsfr12                                  sfr12        00000
__Hsfr13                                  sfr13        00000
__Hsfr14                                  sfr14        00000
__Hsfr15                                  sfr15        00000
__Hsfr16                                  sfr16        00000
__Hsfr17                                  sfr17        00000
__Hsfr18                                  sfr18        00000
__Hsfr19                                  sfr19        00000
__Hsfr2                                   sfr2         00000
__Hsfr20                                  sfr20        00000
__Hsfr21                                  sfr21        00000
__Hsfr22                                  sfr22        00000
__Hsfr23                                  sfr23        00000
__Hsfr24                                  sfr24        00000
__Hsfr25                                  sfr25        00000
__Hsfr26                                  sfr26        00000
__Hsfr27                                  sfr27        00000
__Hsfr28                                  sfr28        00000
__Hsfr29                                  sfr29        00000
__Hsfr3                                   sfr3         00000
__Hsfr30                                  sfr30        00000
__Hsfr31                                  sfr31        00000
__Hsfr4                                   sfr4         00000
__Hsfr5                                   sfr5         00000
__Hsfr6                                   sfr6         00000
__Hsfr7                                   sfr7         00000
__Hsfr8                                   sfr8         00000
__Hsfr9                                   sfr9         00000
__Hspace_0                                (abs)        0800C
__Hspace_1                                (abs)        003EC
__Hspace_2                                (abs)        00000
__Hspace_3                                (abs)        00000
__Hstack                                  stack        00000
__Hstrings                                strings      00000
__Hstringtext1                            stringtext1  00000
__Htext                                   text         00000
__Labs1                                   abs1         00000
__Lbank0                                  bank0        00000
__Lbank1                                  bank1        00000
__Lbank10                                 bank10       00000
__Lbank11                                 bank11       00000
__Lbank12                                 bank12       00000
__Lbank13                                 bank13       00000
__Lbank14                                 bank14       00000
__Lbank15                                 bank15       00000
__Lbank16                                 bank16       00000
__Lbank17                                 bank17       00000
__Lbank18                                 bank18       00000
__Lbank19                                 bank19       00000
__Lbank2                                  bank2        00000
__Lbank20                                 bank20       00000
__Lbank21                                 bank21       00000
__Lbank22                                 bank22       00000
__Lbank23                                 bank23       00000
__Lbank24                                 bank24       00000
__Lbank25                                 bank25       00000
__Lbank26                                 bank26       00000
__Lbank27                                 bank27       00000
__Lbank28                                 bank28       00000
__Lbank29                                 bank29       00000
__Lbank3                                  bank3        00000
__Lbank30                                 bank30       00000
__Lbank31                                 bank31       00000
__Lbank4                                  bank4        00000
__Lbank5                                  bank5        00000
__Lbank6                                  bank6        00000
__Lbank7                                  bank7        00000
__Lbank8                                  bank8        00000
__Lbank9                                  bank9        00000
__Lbigram                                 bigram       00000
__LbitbssBANK0                            bitbssBANK0  00000
__LbitbssCOMMON                           bitbssCOMMON 00000
__LbitnvBANK0                             bitnvBANK0   00000
__LbssBANK0                               bssBANK0     00000
__LbssBANK1                               bssBANK1     00000
__Lcinit                                  cinit        00051
__Lclrtext                                clrtext      00000
__Lcode                                   code         00000
__Lcommon                                 common       00000
__Lconfig                                 config       08007
__LcstackBANK0                            cstackBANK0  00000
__LcstackCOMMON                           cstackCOMMON 00000
__Leeprom_data                            eeprom_data  00000
__Lend_init                               end_init     0004F
__Lfunctab                                functab      00000
__Lidloc                                  idloc        00000
__Linit                                   init         0004F
__Lintentry                               intentry     00004
__Lmaintext                               maintext     00000
__Lpowerup                                powerup      00000
__Lram                                    ram          00000
__Lreset_vec                              reset_vec    00000
__Lsfr0                                   sfr0         00000
__Lsfr1                                   sfr1         00000
__Lsfr10                                  sfr10        00000
__Lsfr11                                  sfr11        00000
__Lsfr12                                  sfr12        00000
__Lsfr13                                  sfr13        00000
__Lsfr14                                  sfr14        00000
__Lsfr15                                  sfr15        00000
__Lsfr16                                  sfr16        00000
__Lsfr17                                  sfr17        00000
__Lsfr18                                  sfr18        00000
__Lsfr19                                  sfr19        00000
__Lsfr2                                   sfr2         00000
__Lsfr20                                  sfr20        00000
__Lsfr21                                  sfr21        00000
__Lsfr22                                  sfr22        00000
__Lsfr23                                  sfr23        00000
__Lsfr24                                  sfr24        00000
__Lsfr25                                  sfr25        00000
__Lsfr26                                  sfr26        00000
__Lsfr27                                  sfr27        00000
__Lsfr28                                  sfr28        00000
__Lsfr29                                  sfr29        00000
__Lsfr3                                   sfr3         00000
__Lsfr30                                  sfr30        00000
__Lsfr31                                  sfr31        00000
__Lsfr4                                   sfr4         00000
__Lsfr5                                   sfr5         00000
__Lsfr6                                   sfr6         00000
__Lsfr7                                   sfr7         00000
__Lsfr8                                   sfr8         00000
__Lsfr9                                   sfr9         00000
__Lspace_0                                (abs)        00000
__Lspace_1                                (abs)        00000
__Lspace_2                                (abs)        00000
__Lspace_3                                (abs)        00000
__Lstack                                  stack        00000
__Lstrings                                strings      00000
__Lstringtext1                            stringtext1  00000
__Ltext                                   text         00000
__S0                                      (abs)        0800C
__S1                                      (abs)        000BD
__S2                                      (abs)        00000
__S3                                      (abs)        00000
___bmul                                   text6        00FD3
___bmul@multiplicand                      cstackBANK0  0004C
___bmul@multiplier                        cstackBANK0  0004F
___bmul@product                           cstackBANK0  0004E
___int_sp                                 stack        00000
___latbits                                (abs)        00002
___sp                                     stack        00000
___stackhi                                (abs)        023EF
___stacklo                                (abs)        0206D
__end_of_ADCC_GetConversionResult         text32       00EA6
__end_of_ADCC_Initialize                  text24       00FD3
__end_of_ADCC_IsConversionDone            text31       00E6C
__end_of_ADCC_StartConversion             text30       00E8C
__end_of_ADC_read                         text29       007AE
__end_of_DATAEE_ReadByte                  text10       00F1D
__end_of_DATAEE_WriteByte                 text11       006A0
__end_of_EXT_INT_Initialize               text22       00EF0
__end_of_I2C_Initialize                   text27       00800
__end_of_INTERRUPT_InterruptManager       intentry     0004F
__end_of_INT_CallBack                     text85       00EC8
__end_of_INT_DefaultInterruptHandler      text86       00DEB
__end_of_INT_ISR                          text84       00E46
__end_of_INT_SetInterruptHandler          text23       00E4C
__end_of_LED_bin                          text26       00794
__end_of_OSCILLATOR_Initialize            text21       00EAF
__end_of_PIN_MANAGER_Initialize           text20       00511
__end_of_PMD_Initialize                   text19       00E94
__end_of_PWM6_Initialize                  text18       00EE2
__end_of_PWM6_LoadDutyValue               text25       007C7
__end_of_ReadI2C                          text3        00723
__end_of_SYSTEM_Initialize                text12       0077A
__end_of_TMR0_DefaultInterruptHandler     text81       00DEC
__end_of_TMR0_ISR                         text80       00EFF
__end_of_TMR0_Initialize                  text16       00FA7
__end_of_TMR0_SetInterruptHandler         text17       00E52
__end_of_TMR1_DefaultInterruptHandler     text76       00DED
__end_of_TMR1_ISR                         text75       007F6
__end_of_TMR1_Initialize                  text14       00742
__end_of_TMR1_SetInterruptHandler         text15       00E58
__end_of_TMR1_WriteTimer                  text79       00F4E
__end_of_TMR2_Initialize                  text13       00F0E
__end_of_WriteI2C                         text2        003D5
__end_of___bmul                           text6        00FE9
__end_of__initialization                  cinit        00064
__end_of_cksum                            text9        00704
__end_of_cksum_w                          text8        00F3D
__end_of_do_I2C_DO_ACK                    text43       00E36
__end_of_do_I2C_DO_ADDRESS_NACK           text40       00656
__end_of_do_I2C_DO_NACK_RESTART           text41       00E40
__end_of_do_I2C_DO_NACK_STOP              text42       00E3B
__end_of_do_I2C_IDLE                      text51       00E1D
__end_of_do_I2C_RCEN                      text44       00E65
__end_of_do_I2C_RESET                     text52       00E7C
__end_of_do_I2C_RX                        text38       004C8
__end_of_do_I2C_SEND_ADR_READ             text46       00E9D
__end_of_do_I2C_SEND_ADR_WRITE            text45       00E84
__end_of_do_I2C_SEND_RESTART              text48       00E2C
__end_of_do_I2C_SEND_RESTART_READ         text50       00E22
__end_of_do_I2C_SEND_RESTART_WRITE        text49       00E27
__end_of_do_I2C_SEND_STOP                 text47       00E31
__end_of_do_I2C_TX                        text39       0047E
__end_of_do_I2C_TX_EMPTY                  text53       005CA
__end_of_fsmStateTable                    stringtext1  006E4
__end_of_h_clock                          text77       01000
__end_of_h_precisionclock                 text82       0042A
__end_of_i2c1_driver_TXData               text56       00E18
__end_of_i2c1_driver_clearBusCollision    text35       00E07
__end_of_i2c1_driver_getRXData            text57       00DFE
__end_of_i2c1_driver_isNACK               text55       00E74
__end_of_i2c1_driver_open                 text28       00EBB
__end_of_i2c1_driver_resetBus             text59       00DEE
__end_of_i2c1_driver_restart              text73       00DF5
__end_of_i2c1_driver_sendACK              text74       00E0B
__end_of_i2c1_driver_sendNACK             text58       00E0F
__end_of_i2c1_driver_startRX              text60       00DFB
__end_of_i2c1_driver_stop                 text72       00DF8
__end_of_i2c_ISR                          text36       0062A
__end_of_i2c_busCollisionISR              text34       00E13
__end_of_i2c_restartWrite                 text67       00DF0
__end_of_i2c_setBuffer                    text71       00F2D
__end_of_i2c_setDataCompleteCallback      text69       00ED5
__end_of_main                             maintext     0022B
__end_of_mssp1_clearIRQ                   text37       00E04
__end_of_mssp1_setIRQ                     text54       00E01
__end_of_push_ring                        text7        00558
__end_of_rd1RegCompleteHandler            text63       00F81
__end_of_rd2RegCompleteHandler            text62       00F92
__end_of_rdBlkRegCompleteHandler          text61       007DF
__end_of_read_ring                        text5        00597
__end_of_reset_recv                       text4        0075E
__end_of_returnReset                      text65       00004
__end_of_returnStop                       text66       00DF2
__end_of_setCallBack                      text70       0067C
__end_of_sw1_EXT                          text87       005FD
__end_of_tsttc                            text1        0037B
__end_of_update_clock                     text78       006C4
__end_of_wr1RegCompleteHandler            text64       00F70
__end_of_wr2RegCompleteHandler            text68       00F5F
__end_ofi1_PWM6_LoadDutyValue             text83       00FBD
__initialization                          cinit        00051
__pbitbssBANK0                            bitbssBANK0  00308
__pbitbssCOMMON                           bitbssCOMMON 003E8
__pbitnvBANK0                             bitnvBANK0   00300
__pbssBANK0                               bssBANK0     00020
__pbssBANK1                               bssBANK1     000A0
__pcstackBANK0                            cstackBANK0  00049
__pcstackCOMMON                           cstackCOMMON 00070
__pintentry                               intentry     00004
__pmaintext                               maintext     00068
__pstringtext1                            stringtext1  006C4
__ptext1                                  text1        0022B
__ptext10                                 text10       00F0E
__ptext11                                 text11       0067C
__ptext12                                 text12       0075E
__ptext13                                 text13       00EFF
__ptext14                                 text14       00723
__ptext15                                 text15       00E52
__ptext16                                 text16       00F92
__ptext17                                 text17       00E4C
__ptext18                                 text18       00ED5
__ptext19                                 text19       00E8C
__ptext2                                  text2        0037B
__ptext20                                 text20       004C8
__ptext21                                 text21       00EA6
__ptext22                                 text22       00EE2
__ptext23                                 text23       00E46
__ptext24                                 text24       00FBD
__ptext25                                 text25       007AE
__ptext26                                 text26       0077A
__ptext27                                 text27       007F6
__ptext28                                 text28       00EAF
__ptext29                                 text29       00794
__ptext3                                  text3        00704
__ptext30                                 text30       00E84
__ptext31                                 text31       00E65
__ptext32                                 text32       00E9D
__ptext34                                 text34       00E0F
__ptext35                                 text35       00E04
__ptext36                                 text36       005FD
__ptext37                                 text37       00E01
__ptext38                                 text38       0047E
__ptext39                                 text39       0042A
__ptext4                                  text4        00742
__ptext40                                 text40       0062A
__ptext41                                 text41       00E3B
__ptext42                                 text42       00E36
__ptext43                                 text43       00E31
__ptext44                                 text44       00E5E
__ptext45                                 text45       00E7C
__ptext46                                 text46       00E94
__ptext47                                 text47       00E2C
__ptext48                                 text48       00E27
__ptext49                                 text49       00E22
__ptext5                                  text5        00558
__ptext50                                 text50       00E1D
__ptext51                                 text51       00E18
__ptext52                                 text52       00E74
__ptext53                                 text53       00597
__ptext54                                 text54       00DFE
__ptext55                                 text55       00E6C
__ptext56                                 text56       00E13
__ptext57                                 text57       00DFB
__ptext58                                 text58       00E0B
__ptext59                                 text59       00DED
__ptext6                                  text6        00FD3
__ptext60                                 text60       00DF8
__ptext61                                 text61       007C7
__ptext62                                 text62       00F81
__ptext63                                 text63       00F70
__ptext64                                 text64       00F5F
__ptext65                                 text65       00002
__ptext66                                 text66       00DF0
__ptext67                                 text67       00DEE
__ptext68                                 text68       00F4E
__ptext69                                 text69       00EC8
__ptext7                                  text7        00511
__ptext70                                 text70       00656
__ptext71                                 text71       00F1D
__ptext72                                 text72       00DF5
__ptext73                                 text73       00DF2
__ptext74                                 text74       00E07
__ptext75                                 text75       007DF
__ptext76                                 text76       00DEC
__ptext77                                 text77       00FE9
__ptext78                                 text78       006A0
__ptext79                                 text79       00F3D
__ptext8                                  text8        00F2D
__ptext80                                 text80       00EF0
__ptext81                                 text81       00DEB
__ptext82                                 text82       003D5
__ptext83                                 text83       00FA7
__ptext84                                 text84       00E40
__ptext85                                 text85       00EBB
__ptext86                                 text86       00DEA
__ptext87                                 text87       005CA
__ptext9                                  text9        006E4
__size_of_ADCC_GetConversionResult        (abs)        00000
__size_of_ADCC_Initialize                 (abs)        00000
__size_of_ADCC_IsConversionDone           (abs)        00000
__size_of_ADCC_StartConversion            (abs)        00000
__size_of_ADC_read                        (abs)        00000
__size_of_DATAEE_ReadByte                 (abs)        00000
__size_of_DATAEE_WriteByte                (abs)        00000
__size_of_EXT_INT_Initialize              (abs)        00000
__size_of_I2C_Initialize                  (abs)        00000
__size_of_INTERRUPT_InterruptManager      (abs)        00000
__size_of_INT_CallBack                    (abs)        00000
__size_of_INT_DefaultInterruptHandler     (abs)        00000
__size_of_INT_ISR                         (abs)        00000
__size_of_INT_SetInterruptHandler         (abs)        00000
__size_of_LED_bin                         (abs)        00000
__size_of_OSCILLATOR_Initialize           (abs)        00000
__size_of_PIN_MANAGER_Initialize          (abs)        00000
__size_of_PMD_Initialize                  (abs)        00000
__size_of_PWM6_Initialize                 (abs)        00000
__size_of_PWM6_LoadDutyValue              (abs)        00000
__size_of_ReadI2C                         (abs)        00000
__size_of_SYSTEM_Initialize               (abs)        00000
__size_of_TMR0_DefaultInterruptHandler    (abs)        00000
__size_of_TMR0_ISR                        (abs)        00000
__size_of_TMR0_Initialize                 (abs)        00000
__size_of_TMR0_SetInterruptHandler        (abs)        00000
__size_of_TMR1_DefaultInterruptHandler    (abs)        00000
__size_of_TMR1_ISR                        (abs)        00000
__size_of_TMR1_Initialize                 (abs)        00000
__size_of_TMR1_SetInterruptHandler        (abs)        00000
__size_of_TMR1_WriteTimer                 (abs)        00000
__size_of_TMR2_Initialize                 (abs)        00000
__size_of_WriteI2C                        (abs)        00000
__size_of___bmul                          (abs)        00000
__size_of_cksum                           (abs)        00000
__size_of_cksum_w                         (abs)        00000
__size_of_do_I2C_DO_ACK                   (abs)        00000
__size_of_do_I2C_DO_ADDRESS_NACK          (abs)        00000
__size_of_do_I2C_DO_NACK_RESTART          (abs)        00000
__size_of_do_I2C_DO_NACK_STOP             (abs)        00000
__size_of_do_I2C_IDLE                     (abs)        00000
__size_of_do_I2C_RCEN                     (abs)        00000
__size_of_do_I2C_RESET                    (abs)        00000
__size_of_do_I2C_RX                       (abs)        00000
__size_of_do_I2C_SEND_ADR_READ            (abs)        00000
__size_of_do_I2C_SEND_ADR_WRITE           (abs)        00000
__size_of_do_I2C_SEND_RESTART             (abs)        00000
__size_of_do_I2C_SEND_RESTART_READ        (abs)        00000
__size_of_do_I2C_SEND_RESTART_WRITE       (abs)        00000
__size_of_do_I2C_SEND_STOP                (abs)        00000
__size_of_do_I2C_TX                       (abs)        00000
__size_of_do_I2C_TX_EMPTY                 (abs)        00000
__size_of_h_clock                         (abs)        00000
__size_of_h_precisionclock                (abs)        00000
__size_of_i2c1_driver_TXData              (abs)        00000
__size_of_i2c1_driver_clearBusCollision   (abs)        00000
__size_of_i2c1_driver_getRXData           (abs)        00000
__size_of_i2c1_driver_isNACK              (abs)        00000
__size_of_i2c1_driver_open                (abs)        00000
__size_of_i2c1_driver_resetBus            (abs)        00000
__size_of_i2c1_driver_restart             (abs)        00000
__size_of_i2c1_driver_sendACK             (abs)        00000
__size_of_i2c1_driver_sendNACK            (abs)        00000
__size_of_i2c1_driver_startRX             (abs)        00000
__size_of_i2c1_driver_stop                (abs)        00000
__size_of_i2c_ISR                         (abs)        00000
__size_of_i2c_busCollisionISR             (abs)        00000
__size_of_i2c_restartWrite                (abs)        00000
__size_of_i2c_setBuffer                   (abs)        00000
__size_of_i2c_setDataCompleteCallback     (abs)        00000
__size_of_main                            (abs)        00000
__size_of_mssp1_clearIRQ                  (abs)        00000
__size_of_mssp1_setIRQ                    (abs)        00000
__size_of_push_ring                       (abs)        00000
__size_of_rd1RegCompleteHandler           (abs)        00000
__size_of_rd2RegCompleteHandler           (abs)        00000
__size_of_rdBlkRegCompleteHandler         (abs)        00000
__size_of_read_ring                       (abs)        00000
__size_of_reset_recv                      (abs)        00000
__size_of_returnReset                     (abs)        00000
__size_of_returnStop                      (abs)        00000
__size_of_setCallBack                     (abs)        00000
__size_of_sw1_EXT                         (abs)        00000
__size_of_tsttc                           (abs)        00000
__size_of_update_clock                    (abs)        00000
__size_of_wr1RegCompleteHandler           (abs)        00000
__size_of_wr2RegCompleteHandler           (abs)        00000
__size_ofi1_PWM6_LoadDutyValue            (abs)        00000
_alaf                                     bssBANK0     00031
_alal                                     bssBANK0     00032
_alarm                                    bitbssCOMMON 003E9
_alat                                     bssBANK0     00034
_aux                                      bssBANK0     0002F
_aux1                                     bssBANK0     0002E
_cksum                                    text9        006E4
_cksum_w                                  text8        00F2D
_clkh                                     bssBANK0     00041
_clkm                                     bssBANK0     00040
_delta10ms                                bssBANK0     00039
_delta10ms_2                              bssBANK0     0003A
_do_I2C_DO_ACK                            text43       00E31
_do_I2C_DO_ADDRESS_NACK                   text40       0062A
_do_I2C_DO_NACK_RESTART                   text41       00E3B
_do_I2C_DO_NACK_STOP                      text42       00E36
_do_I2C_IDLE                              text51       00E18
_do_I2C_RCEN                              text44       00E5E
_do_I2C_RESET                             text52       00E74
_do_I2C_RX                                text38       0047E
_do_I2C_SEND_ADR_READ                     text46       00E94
_do_I2C_SEND_ADR_WRITE                    text45       00E7C
_do_I2C_SEND_RESTART                      text48       00E27
_do_I2C_SEND_RESTART_READ                 text50       00E1D
_do_I2C_SEND_RESTART_WRITE                text49       00E22
_do_I2C_SEND_STOP                         text47       00E2C
_do_I2C_TX                                text39       0042A
[...]
      Temps:          0       0       0       0       0       0       0       0       0       0       0       0       0       0
      Totals:         0       0       0       0       0       0       0       0       0       0       0       0       0       0
Total ram usage:        0 bytes
 Hardware stack levels used:    1
 Hardware stack levels required when called:    1
 This function calls:
		_update_clock
 This function is called by:
		_main
		_TMR1_ISR
 This function uses a non-reentrant model


 *************** function _update_clock *****************
 Defined at:
		line 356 in file "main.c"
 Parameters:    Size  Location     Type
		None
 Auto vars:     Size  Location     Type
		None
 Return value:  Size  Location     Type
                  1    wreg      void 
 Registers used:
		wreg, status,2, status,0
 Tracked objects:
		On entry : 
		On exit  : 
		Unchanged: 
 Data sizes:     COMMON   BANK0   BANK1   BANK2   BANK3   BANK4   BANK5   BANK6   BANK7   BANK8   BANK9  BANK10  BANK11  BANK12
      Params:         0       0       0       0       0       0       0       0       0       0       0       0       0       0
      Locals:         0       0       0       0       0       0       0       0       0       0       0       0       0       0
      Temps:          1       0       0       0       0       0       0       0       0       0       0       0       0       0
      Totals:         1       0       0       0       0       0       0       0       0       0       0       0       0       0
Total ram usage:        1 bytes
 Hardware stack levels used:    1
 This function calls:
		Nothing
 This function is called by:
		_h_clock
 This function uses a non-reentrant model


 *************** function _TMR1_WriteTimer *****************
 Defined at:
		line 127 in file "mcc_generated_files/tmr1.c"
 Parameters:    Size  Location     Type
  timerVal        2    0[COMMON] unsigned short 
 Auto vars:     Size  Location     Type
		None
 Return value:  Size  Location     Type
                  1    wreg      void 
 Registers used:
		wreg, status,2
 Tracked objects:
		On entry : 
		On exit  : 
		Unchanged: 
 Data sizes:     COMMON   BANK0   BANK1   BANK2   BANK3   BANK4   BANK5   BANK6   BANK7   BANK8   BANK9  BANK10  BANK11  BANK12
      Params:         2       0       0       0       0       0       0       0       0       0       0       0       0       0
      Locals:         0       0       0       0       0       0       0       0       0       0       0       0       0       0
      Temps:          0       0       0       0       0       0       0       0       0       0       0       0       0       0
      Totals:         2       0       0       0       0       0       0       0       0       0       0       0       0       0
Total ram usage:        2 bytes
 Hardware stack levels used:    1
 This function calls:
		Nothing
 This function is called by:
		_TMR1_ISR
		_TMR1_Reload
 This function uses a non-reentrant model


 *************** function _TMR0_ISR *****************
 Defined at:
		line 121 in file "mcc_generated_files/tmr0.c"
 Parameters:    Size  Location     Type
		None
 Auto vars:     Size  Location     Type
		None
 Return value:  Size  Location     Type
                  1    wreg      void 
 Registers used:
		wreg, status,2, status,0, pclath, cstack
 Tracked objects:
		On entry : 
		On exit  : 
		Unchanged: 
 Data sizes:     COMMON   BANK0   BANK1   BANK2   BANK3   BANK4   BANK5   BANK6   BANK7   BANK8   BANK9  BANK10  BANK11  BANK12
      Params:         0       0       0       0       0       0       0       0       0       0       0       0       0       0
      Locals:         0       0       0       0       0       0       0       0       0       0       0       0       0       0
      Temps:          0       0       0       0       0       0       0       0       0       0       0       0       0       0
      Totals:         0       0       0       0       0       0       0       0       0       0       0       0       0       0
Total ram usage:        0 bytes
 Hardware stack levels used:    1
 Hardware stack levels required when called:    2
 This function calls:
		Absolute function
		_TMR0_DefaultInterruptHandler
		_h_precisionclock
 This function is called by:
		_INTERRUPT_InterruptManager
 This function uses a non-reentrant model


 *************** function _TMR0_DefaultInterruptHandler *****************
 Defined at:
		line 138 in file "mcc_generated_files/tmr0.c"
 Parameters:    Size  Location     Type
		None
 Auto vars:     Size  Location     Type
		None
 Return value:  Size  Location     Type
                  1    wreg      void 
 Registers used:
		None
 Tracked objects:
		On entry : 
		On exit  : 
		Unchanged: 
 Data sizes:     COMMON   BANK0   BANK1   BANK2   BANK3   BANK4   BANK5   BANK6   BANK7   BANK8   BANK9  BANK10  BANK11  BANK12
      Params:         0       0       0       0       0       0       0       0       0       0       0       0       0       0
      Locals:         0       0       0       0       0       0       0       0       0       0       0       0       0       0
      Temps:          0       0       0       0       0       0       0       0       0       0       0       0       0       0
      Totals:         0       0       0       0       0       0       0       0       0       0       0       0       0       0
Total ram usage:        0 bytes
 Hardware stack levels used:    1
 This function calls:
		Nothing
 This function is called by:
		_TMR0_Initialize
		_TMR0_ISR
 This function uses a non-reentrant model


 *************** function _h_precisionclock *****************
 Defined at:
		line 215 in file "main.c"
 Parameters:    Size  Location     Type
		None
 Auto vars:     Size  Location     Type
		None
 Return value:  Size  Location     Type
                  1    wreg      void 
 Registers used:
		wreg, status,2, status,0, pclath, cstack
 Tracked objects:
		On entry : 
		On exit  : 
		Unchanged: 
 Data sizes:     COMMON   BANK0   BANK1   BANK2   BANK3   BANK4   BANK5   BANK6   BANK7   BANK8   BANK9  BANK10  BANK11  BANK12
      Params:         0       0       0       0       0       0       0       0       0       0       0       0       0       0
      Locals:         0       0       0       0       0       0       0       0       0       0       0       0       0       0
      Temps:          3       0       0       0       0       0       0       0       0       0       0       0       0       0
      Totals:         3       0       0       0       0       0       0       0       0       0       0       0       0       0
Total ram usage:        3 bytes
 Hardware stack levels used:    1
 Hardware stack levels required when called:    1
 This function calls:
		i1_PWM6_LoadDutyValue
 This function is called by:
		_main
		_TMR0_ISR
 This function uses a non-reentrant model


 *************** function i1_PWM6_LoadDutyValue *****************
 Defined at:
		line 74 in file "mcc_generated_files/pwm6.c"
 Parameters:    Size  Location     Type
  dutyValue       2    0[COMMON] unsigned short 
 Auto vars:     Size  Location     Type
		None
 Return value:  Size  Location     Type
                  1    wreg      void 
 Registers used:
		wreg, status,2, status,0
 Tracked objects:
		On entry : 
		On exit  : 
		Unchanged: 
 Data sizes:     COMMON   BANK0   BANK1   BANK2   BANK3   BANK4   BANK5   BANK6   BANK7   BANK8   BANK9  BANK10  BANK11  BANK12
      Params:         2       0       0       0       0       0       0       0       0       0       0       0       0       0
      Locals:         0       0       0       0       0       0       0       0       0       0       0       0       0       0
      Temps:          2       0       0       0       0       0       0       0       0       0       0       0       0       0
      Totals:         4       0       0       0       0       0       0       0       0       0       0       0       0       0
Total ram usage:        4 bytes
 Hardware stack levels used:    1
 This function calls:
		Nothing
 This function is called by:
		_h_precisionclock
 This function uses a non-reentrant model


 *************** function _INT_ISR *****************
 Defined at:
		line 32 in file "mcc_generated_files/ext_int.c"
 Parameters:    Size  Location     Type
		None
 Auto vars:     Size  Location     Type
		None
 Return value:  Size  Location     Type
                  1    wreg      void 
 Registers used:
		wreg, status,2, status,0, pclath, cstack
 Tracked objects:
		On entry : 
		On exit  : 
		Unchanged: 
 Data sizes:     COMMON   BANK0   BANK1   BANK2   BANK3   BANK4   BANK5   BANK6   BANK7   BANK8   BANK9  BANK10  BANK11  BANK12
      Params:         0       0       0       0       0       0       0       0       0       0       0       0       0       0
      Locals:         0       0       0       0       0       0       0       0       0       0       0       0       0       0
      Temps:          0       0       0       0       0       0       0       0       0       0       0       0       0       0
      Totals:         0       0       0       0       0       0       0       0       0       0       0       0       0       0
Total ram usage:        0 bytes
 Hardware stack levels used:    1
 Hardware stack levels required when called:    2
 This function calls:
		_INT_CallBack
 This function is called by:
		_INTERRUPT_InterruptManager
 This function uses a non-reentrant model


 *************** function _INT_CallBack *****************
 Defined at:
		line 41 in file "mcc_generated_files/ext_int.c"
 Parameters:    Size  Location     Type
		None
 Auto vars:     Size  Location     Type
		None
 Return value:  Size  Location     Type
                  1    wreg      void 
 Registers used:
		wreg, status,2, status,0, pclath, cstack
 Tracked objects:
		On entry : 
		On exit  : 
		Unchanged: 
 Data sizes:     COMMON   BANK0   BANK1   BANK2   BANK3   BANK4   BANK5   BANK6   BANK7   BANK8   BANK9  BANK10  BANK11  BANK12
      Params:         0       0       0       0       0       0       0       0       0       0       0       0       0       0
      Locals:         0       0       0       0       0       0       0       0       0       0       0       0       0       0
      Temps:          0       0       0       0       0       0       0       0       0       0       0       0       0       0
      Totals:         0       0       0       0       0       0       0       0       0       0       0       0       0       0
Total ram usage:        0 bytes
 Hardware stack levels used:    1
 Hardware stack levels required when called:    1
 This function calls:
		Absolute function
		_INT_DefaultInterruptHandler
		_sw1_EXT
 This function is called by:
		_INT_ISR
 This function uses a non-reentrant model


 *************** function _INT_DefaultInterruptHandler *****************
 Defined at:
		line 54 in file "mcc_generated_files/ext_int.c"
 Parameters:    Size  Location     Type
		None
 Auto vars:     Size  Location     Type
		None
 Return value:  Size  Location     Type
                  1    wreg      void 
 Registers used:
		None
 Tracked objects:
		On entry : 
		On exit  : 
		Unchanged: 
 Data sizes:     COMMON   BANK0   BANK1   BANK2   BANK3   BANK4   BANK5   BANK6   BANK7   BANK8   BANK9  BANK10  BANK11  BANK12
      Params:         0       0       0       0       0       0       0       0       0       0       0       0       0       0
      Locals:         0       0       0       0       0       0       0       0       0       0       0       0       0       0
      Temps:          0       0       0       0       0       0       0       0       0       0       0       0       0       0
      Totals:         0       0       0       0       0       0       0       0       0       0       0       0       0       0
Total ram usage:        0 bytes
 Hardware stack levels used:    1
 This function calls:
		Nothing
 This function is called by:
		_EXT_INT_Initialize
		_INT_CallBack
 This function uses a non-reentrant model


 *************** function _sw1_EXT *****************
 Defined at:
		line 246 in file "main.c"
 Parameters:    Size  Location     Type
		None
 Auto vars:     Size  Location     Type
		None
 Return value:  Size  Location     Type
                  1    wreg      void 
 Registers used:
		wreg, status,2, status,0
 Tracked objects:
		On entry : 
		On exit  : 
		Unchanged: 
 Data sizes:     COMMON   BANK0   BANK1   BANK2   BANK3   BANK4   BANK5   BANK6   BANK7   BANK8   BANK9  BANK10  BANK11  BANK12
      Params:         0       0       0       0       0       0       0       0       0       0       0       0       0       0
      Locals:         0       0       0       0       0       0       0       0       0       0       0       0       0       0
      Temps:          3       0       0       0       0       0       0       0       0       0       0       0       0       0
      Totals:         3       0       0       0       0       0       0       0       0       0       0       0       0       0
Total ram usage:        3 bytes
 Hardware stack levels used:    1
 This function calls:
		Nothing
 This function is called by:
		_main
		_INT_CallBack
 This function uses a non-reentrant model



MODULE INFORMATION

Module		Function		Class		Link	Load	Size
mcc_generated_files/pwm6.c
		_PWM6_LoadDutyValue		CODE           	07AE	0000	26
		_PWM6_Initialize		CODE           	0ED5	0000	14

mcc_generated_files/pwm6.c estimated size: 40

mcc_generated_files/tmr2.c
		_TMR2_Initialize		CODE           	0EFF	0000	16

mcc_generated_files/tmr2.c estimated size: 16

mcc_generated_files/interrupt_manager.c
		_INTERRUPT_InterruptManager		CODE           	0004	0000	76

mcc_generated_files/interrupt_manager.c estimated size: 76

mcc_generated_files/tmr0.c
		_TMR0_SetInterruptHandler		CODE           	0E4C	0000	7
		_TMR0_DefaultInterruptHandler		CODE           	0DEB	0000	2
		_TMR0_ISR      		CODE           	0EF0	0000	16
		_TMR0_Initialize		CODE           	0F92	0000	22

mcc_generated_files/tmr0.c estimated size: 47

mcc_generated_files/pin_manager.c
		_PIN_MANAGER_Initialize		CODE           	04C8	0000	74

mcc_generated_files/pin_manager.c estimated size: 74

C:\Program Files (x86)\Microchip\xc8\v2.10\pic\sources\c99\common\Umul8.c
		___bmul        		CODE           	0FD3	0000	23

C:\Program Files (x86)\Microchip\xc8\v2.10\pic\sources\c99\common\Umul8.c estimated size: 23

I2C/i2c.c
		_ReadI2C       		CODE           	0704	0000	32
		_tsttc         		CODE           	022B	0000	337
		_WriteI2C      		CODE           	037B	0000	91
		_I2C_Initialize		CODE           	07F6	0000	11

I2C/i2c.c estimated size: 471

mcc_generated_files/drivers/i2c_simple_master.c
		_wr1RegCompleteHandler		CODE           	0F5F	0000	18
		_wr2RegCompleteHandler		CODE           	0F4E	0000	18
		_rdBlkRegCompleteHandler		CODE           	07C7	0000	25
		_rd1RegCompleteHandler		CODE           	0F70	0000	18
		_rd2RegCompleteHandler		CODE           	0F81	0000	18

mcc_generated_files/drivers/i2c_simple_master.c estimated size: 97

eeprom_rw.c
		_read_ring     		CODE           	0558	0000	64
		_reset_recv    		CODE           	0742	0000	29
		_cksum         		CODE           	06E4	0000	33
		_push_ring     		CODE           	0511	0000	72
		_cksum_w       		CODE           	0F2D	0000	17

eeprom_rw.c estimated size: 215

mcc_generated_files/ext_int.c
		_INT_DefaultInterruptHandler		CODE           	0DEA	0000	2
		_EXT_INT_Initialize		CODE           	0EE2	0000	15
		_INT_SetInterruptHandler		CODE           	0E46	0000	7
		_INT_CallBack  		CODE           	0EBB	0000	14
		_INT_ISR       		CODE           	0E40	0000	7

mcc_generated_files/ext_int.c estimated size: 45

shared
		__initialization		CODE           	0051	0000	20
		_fsmStateTable 		STRCODE        	06C4	0000	33
		i1_PWM6_LoadDutyValue		CODE           	0FA7	0000	23

shared estimated size: 76

mcc_generated_files/mcc.c
		_PMD_Initialize		CODE           	0E8C	0000	9
		_OSCILLATOR_Initialize		CODE           	0EA6	0000	10
		_SYSTEM_Initialize		CODE           	075E	0000	29

mcc_generated_files/mcc.c estimated size: 48

mcc_generated_files/drivers/i2c_master.c
		_i2c_setDataCompleteCallback		CODE           	0EC8	0000	14
		_returnStop    		CODE           	0DF0	0000	3
		_i2c_setBuffer 		CODE           	0F1D	0000	17
		_i2c_busCollisionISR		CODE           	0E0F	0000	5
		_i2c_ISR       		CODE           	05FD	0000	46
		_do_I2C_TX_EMPTY		CODE           	0597	0000	52
		_setCallBack   		CODE           	0656	0000	39
		_returnReset   		CODE           	0002	0000	3
		_do_I2C_SEND_RESTART_WRITE		CODE           	0E22	0000	6
		_do_I2C_DO_NACK_RESTART		CODE           	0E3B	0000	6
		_do_I2C_SEND_RESTART_READ		CODE           	0E1D	0000	6
		_do_I2C_SEND_ADR_WRITE		CODE           	0E7C	0000	9
		_do_I2C_SEND_STOP		CODE           	0E2C	0000	6
		_do_I2C_SEND_ADR_READ		CODE           	0E94	0000	10
		_do_I2C_DO_NACK_STOP		CODE           	0E36	0000	6
		_do_I2C_SEND_RESTART		CODE           	0E27	0000	6
		_do_I2C_RX     		CODE           	047E	0000	75
		_do_I2C_TX     		CODE           	042A	0000	85
		_do_I2C_IDLE   		CODE           	0E18	0000	6
		_do_I2C_RCEN   		CODE           	0E5E	0000	8
		_do_I2C_DO_ADDRESS_NACK		CODE           	062A	0000	45
		_do_I2C_RESET  		CODE           	0E74	0000	9
		_do_I2C_DO_ACK 		CODE           	0E31	0000	6

mcc_generated_files/drivers/i2c_master.c estimated size: 468

mcc_generated_files/tmr1.c
		_TMR1_Initialize		CODE           	0723	0000	32
		_TMR1_SetInterruptHandler		CODE           	0E52	0000	7
		_TMR1_DefaultInterruptHandler		CODE           	0DEC	0000	2
		_TMR1_WriteTimer		CODE           	0F3D	0000	18
		_TMR1_ISR      		CODE           	07DF	0000	24

mcc_generated_files/tmr1.c estimated size: 83

mcc_generated_files/drivers/i2c_types.c
		_i2c_restartWrite		CODE           	0DEE	0000	3

mcc_generated_files/drivers/i2c_types.c estimated size: 3

mcc_generated_files/memory.c
		_DATAEE_WriteByte		CODE           	067C	0000	37
		_DATAEE_ReadByte		CODE           	0F0E	0000	16

mcc_generated_files/memory.c estimated size: 53

mcc_generated_files/i2c1_driver.c
		_i2c1_driver_open		CODE           	0EAF	0000	13
		_i2c1_driver_isNACK		CODE           	0E6C	0000	9
		_i2c1_driver_stop		CODE           	0DF5	0000	4
		_i2c1_driver_getRXData		CODE           	0DFB	0000	4
		_i2c1_driver_TXData		CODE           	0E13	0000	6
		_i2c1_driver_sendACK		CODE           	0E07	0000	5
		_mssp1_setIRQ  		CODE           	0DFE	0000	4
		_i2c1_driver_sendNACK		CODE           	0E0B	0000	5
		_i2c1_driver_restart		CODE           	0DF2	0000	4
		_i2c1_driver_resetBus		CODE           	0DED	0000	2
		_i2c1_driver_clearBusCollision		CODE           	0E04	0000	4
		_mssp1_clearIRQ		CODE           	0E01	0000	4
		_i2c1_driver_startRX		CODE           	0DF8	0000	4

mcc_generated_files/i2c1_driver.c estimated size: 68

mcc_generated_files/adcc.c
		_ADCC_GetConversionResult		CODE           	0E9D	0000	10
		_ADCC_StartConversion		CODE           	0E84	0000	9
		_ADCC_Initialize		CODE           	0FBD	0000	23
		_ADCC_IsConversionDone		CODE           	0E65	0000	8

mcc_generated_files/adcc.c estimated size: 50

main.c
		_sw1_EXT       		CODE           	05CA	0000	52
		_LED_bin       		CODE           	077A	0000	27
		_main          		CODE           	0068	0000	452
		_ADC_read      		CODE           	0794	0000	27
		_update_clock  		CODE           	06A0	0000	37
		_h_clock       		CODE           	0FE9	0000	24
		_h_precisionclock		CODE           	03D5	0000	86

main.c estimated size: 705

