Microchip MPLAB XC8 Compiler V2.10 ()

Linker command line:

-W-3 --edf=/opt/microchip/xc8/v2.10/pic/dat/en_msgs.txt -cs \
  -h+dist/default/production/test.X.production.sym \
  --cmf=dist/default/production/test.X.production.cmf -z -Q16F18875 \
  -o/tmp/xcXDjfRK5 --defsym=__MPLAB_BUILD=1 \
  -Mdist/default/production/test.X.production.map -E1 -ver=XC8 --acfsm=1493 \
  -ASTACK=0206Dh-023EFh -pstack=STACK -ACODE=00h-07FFhx4 \
  -ASTRCODE=00h-01FFFh -ASTRING=00h-0FFhx32 -ACONST=00h-0FFhx32 \
  -AENTRY=00h-0FFhx32 -ACOMMON=070h-07Fh -ABANK0=020h-06Fh \
  -ABANK1=0A0h-0EFh -ABANK2=0120h-016Fh -ABANK3=01A0h-01EFh \
  -ABANK4=0220h-026Fh -ABANK5=02A0h-02EFh -ABANK6=0320h-036Fh \
  -ABANK7=03A0h-03EFh -ABANK8=0420h-046Fh -ABANK9=04A0h-04EFh \
  -ABANK10=0520h-056Fh -ABANK11=05A0h-05EFh -ABANK12=0620h-064Fh \
  -ABIGRAM=02000h-023EFh \
  -ARAM=020h-06Fh,0A0h-0EFh,0120h-016Fh,01A0h-01EFh,0220h-026Fh,02A0h-02EFh,0320h-036Fh,03A0h-03EFh,0420h-046Fh,04A0h-04EFh,0520h-056Fh,05A0h-05EFh,0620h-064Fh \
  -AABS1=020h-07Fh,0A0h-0EFh,0120h-016Fh,01A0h-01EFh,0220h-026Fh,02A0h-02EFh,0320h-036Fh,03A0h-03EFh,0420h-046Fh,04A0h-04EFh,0520h-056Fh,05A0h-05EFh,0620h-064Fh \
  -ASFR0=00h-01Fh -ASFR1=080h-09Fh -ASFR2=0100h-011Fh -ASFR3=0180h-019Fh \
  -ASFR4=0200h-021Fh -ASFR5=0280h-029Fh -ASFR6=0300h-031Fh \
  -ASFR7=0380h-039Fh -ASFR8=0400h-041Fh -ASFR9=0480h-049Fh \
  -ASFR10=0500h-051Fh -ASFR11=0580h-059Fh -ASFR12=0600h-061Fh \
  -ASFR13=0680h-06EFh -ASFR14=0700h-076Fh -ASFR15=0780h-07EFh \
  -ASFR16=0800h-086Fh -ASFR17=0880h-08EFh -ASFR18=0900h-096Fh \
  -ASFR19=0980h-09EFh -ASFR20=0A00h-0A6Fh -ASFR21=0A80h-0AEFh \
  -ASFR22=0B00h-0B6Fh -ASFR23=0B80h-0BEFh -ASFR24=0C00h-0C6Fh \
  -ASFR25=0C80h-0CEFh -ASFR26=0D00h-0D6Fh -ASFR27=0D80h-0DEFh \
  -ASFR28=0E00h-0E6Fh -ASFR29=0E80h-0EEFh -ASFR30=0F00h-0F6Fh \
  -ASFR31=0F80h-0FEFh -preset_vec=00h,intentry=04h,init,end_init \
  -ppowerup=CODE -pcinit=CODE -pfunctab=ENTRY -ACONFIG=08007h-0800Bh \
  -pconfig=CONFIG -DCONFIG=2 -AIDLOC=08000h-08003h -pidloc=IDLOC -DIDLOC=2 \
  -AEEDATA=00h-0FFh/0F000h -peeprom_data=EEDATA -DEEDATA=2 -DCODE=2 \
  -DSTRCODE=2 -DSTRING=2 -DCONST=2 -DENTRY=2 -k /tmp/xcXMKBFEp.o \
  dist/default/production/test.X.production.o 

Object code version is 3.11

Machine type is 16F18875



                Name                               Link     Load   Length Selector   Space Scale
/tmp/xcXMKBFEp.o
                end_init                             5B       5B        2        8       0
                reset_vec                             0        0        2        0       0
                config                             8007     8007        5    1000E       0
dist/default/production/test.X.production.o
                cinit                                5D       5D       21        8       0
                intentry                              4        4       57        8       0
                text94                              6FB      6FB       16      B82       0
                text93                              435      435       3E        8       0
                text92                              52B      52B       2C        8       0
                text91                              EF7      EF7        1     1DEE       0
                text90                              7F0      7F0        D      B82       0
                text89                              F54      F54        6     1EA8       0
                text88                              F00      F00        3     1E00       0
                text87                              EF8      EF8        1     1DF0       0
                text86                              685      685       19      B82       0
                text85                              7B9      7B9        F      B82       0
                text84                              76A      76A       11      B82       0
                text83                              4FF      4FF       2C        8       0
                text82                              EF9      EF9        1     1DF2       0
                text81                              6CE      6CE       17      B82       0
                text80                              FF4      FF4        C     1FE8       0
                text79                              EFA      EFA        1     1DF4       0
                text78                              7AA      7AA        F      B82       0
                text77                              F1B      F1B        4     1E36       0
                text76                              F03      F03        3     1E06       0
                text75                              F06      F06        3     1E0C       0
                text74                              78B      78B       10      B82       0
                text73                              557      557       26        8       0
                text72                              7E3      7E3        D      B82       0
                text71                              759      759       11      B82       0
                text70                              EFC      EFC        2     1DF8       0
                text69                              EFE      EFE        2     1DFC       0
                text68                                2        2        2        0       0
                text67                              748      748       11      B82       0
                text66                              737      737       11      B82       0
                text65                              726      726       11      B82       0
                text64                              6B6      6B6       18      B82       0
                text63                              F09      F09        3     1E12       0
                text62                              EFB      EFB        1     1DF6       0
                text61                              F1F      F1F        4     1E3E       0
                text60                              F0C      F0C        3     1E18       0
                text59                              F27      F27        5     1E4E       0
                text58                              F86      F86        8     1F0C       0
                text57                              F0F      F0F        3     1E1E       0
                text56                              473      473       33        8       0
                text55                              F8E      F8E        8     1F1C       0
                text54                              F2C      F2C        5     1E58       0
                text53                              F31      F31        5     1E62       0
                text52                              F36      F36        5     1E6C       0
                text51                              F3B      F3B        5     1E76       0
                text50                              F40      F40        5     1E80       0
                text49                              FAE      FAE        9     1F5C       0
                text48                              F96      F96        8     1F2C       0
                text47                              F78      F78        7     1EF0       0
                text46                              F45      F45        5     1E8A       0
                text45                              F4A      F4A        5     1E94       0
                text44                              F4F      F4F        5     1E9E       0
                text43                              4D3      4D3       2C        8       0
                text42                              310      310       54        8       0
                text41                              364      364       4A        8       0
                text40                              F12      F12        3     1E24       0
                text39                              4A6      4A6       2D        8       0
                text38                              F15      F15        3     1E2A       0
                text37                              F23      F23        4     1E46       0
                text35                              FB7      FB7        9     1F6E       0
                text34                              F7F      F7F        7     1EFE       0
                text33                              F9E      F9E        8     1F3C       0
                text32                              652      652       1A      B82       0
                text31                              638      638       1A      B82       0
                text30                              6E5      6E5       16      B82       0
                text29                              F5A      F5A        6     1EB4       0
                text28                              7C8      7C8        E      B82       0
                text27                              FC0      FC0        9     1F80       0
                text26                              3AE      3AE       49        8       0
                text25                              FA6      FA6        8     1F4C       0
                text24                              7D6      7D6        D      B82       0
                text23                              F60      F60        6     1EC0       0
                text22                              711      711       15      B82       0
                text21                              F66      F66        6     1ECC       0
                text20                              5E1      5E1       1F      B82       0
                text19                              F6C      F6C        6     1ED8       0
                text18                              69E      69E       18      B82       0
                text17                              61C      61C       1C      B82       0
                text16                              F18      F18        3     1E30       0
                text15                              66C      66C       19      B82       0
                text14                              2B5      2B5       5B        8       0
                text13                              3F7      3F7       3E        8       0
                text12                              FD3      FD3        B     1FA6       0
                text11                              FC9      FC9        A     1F92       0
                text10                              FDE      FDE        B     1FBC       0
                text9                               FE9      FE9        B     1FD2       0
                text8                               23E      23E       77        8       0
                text7                               1C2      1C2       7C        8       0
                text6                               57D      57D       24        8       0
                text5                               79B      79B        F      B82       0
                text4                               5C1      5C1       20      B82       0
                text3                               77B      77B       10      B82       0
                text2                               600      600       1C      B82       0
                text1                               12A      12A       98        8       0
                maintext                             7E       7E       AC        8       0
                cstackBANK0                          37       37       12       20       1
                cstackCOMMON                         70       70        D       70       1
                clrtext                             F72      F72        6     1EE4       0
                bssBANK1                             A0       A0       1D       A0       1
                dataBANK0                            53       53        3       20       1
                bssBANK0                             20       20       17       20       1
                bssCOMMON                            7D       7D        1       70       1
                nvBANK0                              49       49        A       20       1
                stringtext1                         5A1      5A1       20      B42       0
                idataBANK0                          7FD      7FD        3      B82       0

TOTAL           Name                               Link     Load   Length     Space
        CLASS   STACK          

        CLASS   CODE           
                end_init                             5B       5B        2         0
                cinit                                5D       5D       21         0
                intentry                              4        4       57         0
                reset_vec                             0        0        2         0
                text94                              6FB      6FB       16         0
                text93                              435      435       3E         0
                text92                              52B      52B       2C         0
                text91                              EF7      EF7        1         0
                text90                              7F0      7F0        D         0
                text89                              F54      F54        6         0
                text88                              F00      F00        3         0
                text87                              EF8      EF8        1         0
                text86                              685      685       19         0
                text85                              7B9      7B9        F         0
                text84                              76A      76A       11         0
                text83                              4FF      4FF       2C         0
                text82                              EF9      EF9        1         0
                text81                              6CE      6CE       17         0
                text80                              FF4      FF4        C         0
                text79                              EFA      EFA        1         0
                text78                              7AA      7AA        F         0
                text77                              F1B      F1B        4         0
                text76                              F03      F03        3         0
                text75                              F06      F06        3         0
                text74                              78B      78B       10         0
                text73                              557      557       26         0
                text72                              7E3      7E3        D         0
                text71                              759      759       11         0
                text70                              EFC      EFC        2         0
                text69                              EFE      EFE        2         0
                text68                                2        2        2         0
                text67                              748      748       11         0
                text66                              737      737       11         0
                text65                              726      726       11         0
                text64                              6B6      6B6       18         0
                text63                              F09      F09        3         0
                text62                              EFB      EFB        1         0
                text61                              F1F      F1F        4         0
                text60                              F0C      F0C        3         0
                text59                              F27      F27        5         0
                text58                              F86      F86        8         0
                text57                              F0F      F0F        3         0
                text56                              473      473       33         0
                text55                              F8E      F8E        8         0
                text54                              F2C      F2C        5         0
                text53                              F31      F31        5         0
                text52                              F36      F36        5         0
                text51                              F3B      F3B        5         0
                text50                              F40      F40        5         0
                text49                              FAE      FAE        9         0
                text48                              F96      F96        8         0
                text47                              F78      F78        7         0
                text46                              F45      F45        5         0
                text45                              F4A      F4A        5         0
                text44                              F4F      F4F        5         0
                text43                              4D3      4D3       2C         0
                text42                              310      310       54         0
                text41                              364      364       4A         0
                text40                              F12      F12        3         0
                text39                              4A6      4A6       2D         0
                text38                              F15      F15        3         0
                text37                              F23      F23        4         0
                text35                              FB7      FB7        9         0
                text34                              F7F      F7F        7         0
                text33                              F9E      F9E        8         0
                text32                              652      652       1A         0
                text31                              638      638       1A         0
                text30                              6E5      6E5       16         0
                text29                              F5A      F5A        6         0
                text28                              7C8      7C8        E         0
                text27                              FC0      FC0        9         0
                text26                              3AE      3AE       49         0
                text25                              FA6      FA6        8         0
                text24                              7D6      7D6        D         0
                text23                              F60      F60        6         0
                text22                              711      711       15         0
                text21                              F66      F66        6         0
                text20                              5E1      5E1       1F         0
                text19                              F6C      F6C        6         0
                text18                              69E      69E       18         0
                text17                              61C      61C       1C         0
                text16                              F18      F18        3         0
                text15                              66C      66C       19         0
                text14                              2B5      2B5       5B         0
                text13                              3F7      3F7       3E         0
                text12                              FD3      FD3        B         0
                text11                              FC9      FC9        A         0
                text10                              FDE      FDE        B         0
                text9                               FE9      FE9        B         0
                text8                               23E      23E       77         0
                text7                               1C2      1C2       7C         0
                text6                               57D      57D       24         0
                text5                               79B      79B        F         0
                text4                               5C1      5C1       20         0
                text3                               77B      77B       10         0
                text2                               600      600       1C         0
                text1                               12A      12A       98         0
                maintext                             7E       7E       AC         0
                clrtext                             F72      F72        6         0
                idataBANK0                          7FD      7FD        3         0

        CLASS   STRCODE        
                stringtext1                         5A1      5A1       20         0

        CLASS   STRING         

        CLASS   CONST          

        CLASS   ENTRY          

        CLASS   COMMON         
                cstackCOMMON                         70       70        D         1
                bssCOMMON                            7D       7D        1         1

        CLASS   BANK0          
                cstackBANK0                          37       37       12         1
                dataBANK0                            53       53        3         1
                bssBANK0                             20       20       17         1
                nvBANK0                              49       49        A         1

        CLASS   BANK1          
                bssBANK1                             A0       A0       1D         1

        CLASS   BANK2          

        CLASS   BANK3          

        CLASS   BANK4          

        CLASS   BANK5          

        CLASS   BANK6          

        CLASS   BANK7          

        CLASS   BANK8          

        CLASS   BANK9          

        CLASS   BANK10         

        CLASS   BANK11         

        CLASS   BANK12         

        CLASS   BIGRAM         

        CLASS   RAM            

        CLASS   ABS1           
                abs_s1                               7E       7E        2         1

        CLASS   SFR0           

        CLASS   SFR1           

        CLASS   SFR2           

        CLASS   SFR3           

        CLASS   SFR4           

        CLASS   SFR5           

        CLASS   SFR6           

        CLASS   SFR7           

        CLASS   SFR8           

        CLASS   SFR9           

        CLASS   SFR10          

        CLASS   SFR11          

        CLASS   SFR12          

        CLASS   SFR13          

        CLASS   SFR14          

        CLASS   SFR15          

        CLASS   SFR16          

        CLASS   SFR17          

        CLASS   SFR18          

        CLASS   SFR19          

        CLASS   SFR20          

        CLASS   SFR21          

        CLASS   SFR22          

        CLASS   SFR23          

        CLASS   SFR24          

        CLASS   SFR25          

        CLASS   SFR26          

        CLASS   SFR27          

        CLASS   SFR28          

        CLASS   SFR29          

        CLASS   SFR30          

        CLASS   SFR31          

        CLASS   CONFIG         
                config                             8007     8007        5         0

        CLASS   IDLOC          

        CLASS   EEDATA         

        CLASS   BANK31         

        CLASS   BANK30         

        CLASS   BANK29         

        CLASS   BANK28         

        CLASS   BANK27         

        CLASS   BANK26         

        CLASS   BANK25         

        CLASS   BANK24         

        CLASS   BANK23         

        CLASS   BANK22         

        CLASS   BANK21         

        CLASS   BANK20         

        CLASS   BANK19         

        CLASS   BANK18         

        CLASS   BANK17         

        CLASS   BANK16         

        CLASS   BANK15         

        CLASS   BANK14         

        CLASS   BANK13         



SEGMENTS        Name                           Load    Length   Top    Selector   Space  Class     Delta

                reset_vec                      000000  000004  000004         0       0  CODE        2
                intentry                       000004  00059D  0005A1         8       0  CODE        2
                bssBANK0                       000020  000036  000056        20       1  BANK0       1
                cstackCOMMON                   000070  00000E  00007E        70       1  COMMON      1
                bssBANK1                       0000A0  00001D  0000BD        A0       1  BANK1       1
                stringtext1                    0005A1  000020  0005C1       B42       0  STRCODE     2
                text4                          0005C1  00023F  000800       B82       0  CODE        2
                text91                         000EF7  000001  000EF8      1DEE       0  CODE        2
                text87                         000EF8  000001  000EF9      1DF0       0  CODE        2
                text82                         000EF9  000001  000EFA      1DF2       0  CODE        2
                text79                         000EFA  000001  000EFB      1DF4       0  CODE        2
                text62                         000EFB  000001  000EFC      1DF6       0  CODE        2
                text70                         000EFC  000002  000EFE      1DF8       0  CODE        2
                text69                         000EFE  000002  000F00      1DFC       0  CODE        2
                text88                         000F00  000003  000F03      1E00       0  CODE        2
                text76                         000F03  000003  000F06      1E06       0  CODE        2
                text75                         000F06  000003  000F09      1E0C       0  CODE        2
                text63                         000F09  000003  000F0C      1E12       0  CODE        2
                text60                         000F0C  000003  000F0F      1E18       0  CODE        2
                text57                         000F0F  000003  000F12      1E1E       0  CODE        2
                text40                         000F12  000003  000F15      1E24       0  CODE        2
                text38                         000F15  000003  000F18      1E2A       0  CODE        2
                text16                         000F18  000003  000F1B      1E30       0  CODE        2
                text77                         000F1B  000004  000F1F      1E36       0  CODE        2
                text61                         000F1F  000004  000F23      1E3E       0  CODE        2
                text37                         000F23  000004  000F27      1E46       0  CODE        2
                text59                         000F27  000005  000F2C      1E4E       0  CODE        2
                text54                         000F2C  000005  000F31      1E58       0  CODE        2
                text53                         000F31  000005  000F36      1E62       0  CODE        2
                text52                         000F36  000005  000F3B      1E6C       0  CODE        2
                text51                         000F3B  000005  000F40      1E76       0  CODE        2
                text50                         000F40  000005  000F45      1E80       0  CODE        2
                text46                         000F45  000005  000F4A      1E8A       0  CODE        2
                text45                         000F4A  000005  000F4F      1E94       0  CODE        2
                text44                         000F4F  000005  000F54      1E9E       0  CODE        2
                text89                         000F54  000006  000F5A      1EA8       0  CODE        2
                text29                         000F5A  000006  000F60      1EB4       0  CODE        2
                text23                         000F60  000006  000F66      1EC0       0  CODE        2
                text21                         000F66  000006  000F6C      1ECC       0  CODE        2
                text19                         000F6C  000006  000F72      1ED8       0  CODE        2
                clrtext                        000F72  000006  000F78      1EE4       0  CODE        2
                text47                         000F78  000007  000F7F      1EF0       0  CODE        2
                text34                         000F7F  000007  000F86      1EFE       0  CODE        2
                text58                         000F86  000008  000F8E      1F0C       0  CODE        2
                text55                         000F8E  000008  000F96      1F1C       0  CODE        2
                text48                         000F96  000008  000F9E      1F2C       0  CODE        2
                text33                         000F9E  000008  000FA6      1F3C       0  CODE        2
                text25                         000FA6  000008  000FAE      1F4C       0  CODE        2
                text49                         000FAE  000009  000FB7      1F5C       0  CODE        2
                text35                         000FB7  000009  000FC0      1F6E       0  CODE        2
                text27                         000FC0  000009  000FC9      1F80       0  CODE        2
                text11                         000FC9  00000A  000FD3      1F92       0  CODE        2
                text12                         000FD3  00000B  000FDE      1FA6       0  CODE        2
                text10                         000FDE  00000B  000FE9      1FBC       0  CODE        2
                text9                          000FE9  00000B  000FF4      1FD2       0  CODE        2
                text80                         000FF4  00000C  001000      1FE8       0  CODE        2
                config                         008007  000005  00800C     1000E       0  CONFIG      2


UNUSED ADDRESS RANGES

        Name                Unused          Largest block    Delta
        BANK0            00056-0006F              1A           1
        BANK1            000BD-000EF              33           1
        BANK10           00520-0056F              50           1
        BANK11           005A0-005EF              50           1
        BANK12           00620-0064F              30           1
        BANK2            00120-0016F              50           1
        BANK3            001A0-001EF              50           1
        BANK4            00220-0026F              50           1
        BANK5            002A0-002EF              50           1
        BANK6            00320-0036F              50           1
        BANK7            003A0-003EF              50           1
        BANK8            00420-0046F              50           1
        BANK9            004A0-004EF              50           1
        BIGRAM           02000-023EF             3F0           1
        CODE             00800-00EF6             6F7           2
                         01000-01FFF             800
        CONST            00800-00EF6             100           2
                         01000-01FFF             100
        EEDATA           0F000-0F0FF             100           2
        ENTRY            00800-00EF6             100           2
                         01000-01FFF             100
        IDLOC            08000-08003               4           2
        RAM              00056-0006F              1A           1
                         000BD-000EF              33
                         00120-0016F              50
                         001A0-001EF              50
                         00220-0026F              50
                         002A0-002EF              50
                         00320-0036F              50
                         003A0-003EF              50
                         00420-0046F              50
                         004A0-004EF              50
                         00520-0056F              50
                         005A0-005EF              50
                         00620-0064F              30
        SFR0             00000-0001F              20           1
        SFR1             00080-0009F              20           1
        SFR10            00500-0051F              20           1
        SFR11            00580-0059F              20           1
        SFR12            00600-0061F              20           1
        SFR13            00680-006EF              70           1
        SFR14            00700-0076F              70           1
        SFR15            00780-007EF              70           1
        SFR16            00800-0086F              70           1
        SFR17            00880-008EF              70           1
        SFR18            00900-0096F              70           1
        SFR19            00980-009EF              70           1
        SFR2             00100-0011F              20           1
        SFR20            00A00-00A6F              70           1
        SFR21            00A80-00AEF              70           1
        SFR22            00B00-00B6F              70           1
        SFR23            00B80-00BEF              70           1
        SFR24            00C00-00C6F              70           1
        SFR25            00C80-00CEF              70           1
        SFR26            00D00-00D6F              70           1
        SFR27            00D80-00DEF              70           1
        SFR28            00E00-00E6F              70           1
        SFR29            00E80-00EEF              70           1
        SFR3             00180-0019F              20           1
        SFR30            00F00-00F6F              70           1
        SFR31            00F80-00FEF              70           1
        SFR4             00200-0021F              20           1
        SFR5             00280-0029F              20           1
        SFR6             00300-0031F              20           1
        SFR7             00380-0039F              20           1
        SFR8             00400-0041F              20           1
        SFR9             00480-0049F              20           1
        STACK            0206D-023EF             383           1
        STRCODE          00800-00EF6             6F7           2
                         01000-01FFF            1000
        STRING           00800-00EF6             100           2
                         01000-01FFF             100

                                  Symbol Table

?_ADCC_GetConversionResult                cstackBANK0  0003A
?_ADC_read                                cstackBANK0  0003C
ADCC_StartConversion@channel              cstackBANK0  0003A
DATAEE_ReadByte@bAdd                      cstackBANK0  0003A
DATAEE_WriteByte@GIEBitValue              cstackBANK0  00043
DATAEE_WriteByte@bAdd                     cstackBANK0  00040
DATAEE_WriteByte@bData                    cstackBANK0  00042
INT_SetInterruptHandler@InterruptHandler  cstackBANK0  0003A
LED_bin@value                             cstackBANK0  0003A
PWM6_LoadDutyValue@dutyValue              cstackBANK0  0003A
TMR0_SetInterruptHandler@InterruptHandler cstackBANK0  0003A
TMR1_SetInterruptHandler@InterruptHandler cstackBANK0  0003A
TMR1_WriteTimer@timerVal                  cstackCOMMON 00070
TMR2_SetInterruptHandler@InterruptHandler cstackBANK0  0003A
_ADACCH                                   (abs)        00091
_ADACCL                                   (abs)        00090
_ADACQ                                    (abs)        0009D
_ADACT                                    (abs)        00099
_ADCAP                                    (abs)        0009B
_ADCC_GetConversionResult                 text35       00FB7
_ADCC_Initialize                          text30       006E5
_ADCC_IsConversionDone                    text34       00F7F
_ADCC_StartConversion                     text33       00F9E
_ADCLK                                    (abs)        00098
_ADCNT                                    (abs)        0010C
_ADCON0                                   (abs)        00093
_ADCON0bits                               (abs)        00093
_ADCON1                                   (abs)        00094
_ADCON1bits                               (abs)        00094
_ADCON2                                   (abs)        00095
_ADCON2bits                               (abs)        00095
_ADCON3                                   (abs)        00096
_ADCON3bits                               (abs)        00096
_ADC_read                                 text32       00652
_ADERRH                                   (abs)        00117
_ADERRL                                   (abs)        00116
_ADFLTRH                                  (abs)        00115
_ADFLTRL                                  (abs)        00114
_ADLTHH                                   (abs)        0010F
_ADLTHL                                   (abs)        0010E
_ADPCH                                    (abs)        0009E
_ADPRE                                    (abs)        0009C
_ADPREVH                                  (abs)        0008F
_ADPREVL                                  (abs)        0008E
_ADREF                                    (abs)        0009A
_ADRESH                                   (abs)        0008D
_ADRESL                                   (abs)        0008C
_ADRPT                                    (abs)        0010D
_ADSTAT                                   (abs)        00097
_ADSTATbits                               (abs)        00097
_ADSTPTH                                  (abs)        00113
_ADSTPTL                                  (abs)        00112
_ADUTHH                                   (abs)        00111
_ADUTHL                                   (abs)        00110
_ANSELA                                   (abs)        00F38
_ANSELB                                   (abs)        00F43
_ANSELC                                   (abs)        00F4E
_ANSELD                                   (abs)        00F59
_ANSELE                                   (abs)        00F64
_CCPTMRS1bits                             (abs)        0021F
_DATAEE_ReadByte                          text5        0079B
_DATAEE_WriteByte                         text6        0057D
_EXT_INT_Initialize                       text28       007C8
_INLVLA                                   (abs)        00F3C
_INLVLB                                   (abs)        00F47
_INLVLC                                   (abs)        00F52
_INLVLD                                   (abs)        00F5D
_INLVLE                                   (abs)        00F68
_INTCONbits                               (abs)        0000B
_INTERRUPT_InterruptManager               intentry     00004
_INTPPS                                   (abs)        00E90
_INT_CallBack                             text90       007F0
_INT_DefaultInterruptHandler              text91       00EF7
_INT_ISR                                  text89       00F54
_INT_InterruptHandler                     nvBANK0      00051
_INT_SetInterruptHandler                  text29       00F5A
_ISR_3s                                   text86       00685
_LATA                                     (abs)        00016
_LATAbits                                 (abs)        00016
_LATB                                     (abs)        00017
_LATC                                     (abs)        00018
_LATD                                     (abs)        00019
_LATE                                     (abs)        0001A
_LED_bin                                  text31       00638
_NVMADRH                                  (abs)        0081B
_NVMADRL                                  (abs)        0081A
_NVMCON1bits                              (abs)        0081E
_NVMCON2                                  (abs)        0081F
_NVMDATH                                  (abs)        0081D
_NVMDATL                                  (abs)        0081C
_ODCONA                                   (abs)        00F3A
_ODCONB                                   (abs)        00F45
_ODCONC                                   (abs)        00F50
_ODCOND                                   (abs)        00F5B
_ODCONE                                   (abs)        00F66
_OSCCON1                                  (abs)        0088D
_OSCCON3                                  (abs)        0088F
_OSCEN                                    (abs)        00891
_OSCFRQ                                   (abs)        00893
_OSCILLATOR_Initialize                    text27       00FC0
_OSCTUNE                                  (abs)        00892
_PIE0bits                                 (abs)        00716
_PIE3bits                                 (abs)        00719
_PIE4bits                                 (abs)        0071A
_PIN_MANAGER_Initialize                   text26       003AE
_PIR0bits                                 (abs)        0070C
_PIR3bits                                 (abs)        0070F
_PIR4bits                                 (abs)        00710
_PMD0                                     (abs)        00796
_PMD1                                     (abs)        00797
_PMD2                                     (abs)        00798
_PMD3                                     (abs)        00799
_PMD4                                     (abs)        0079A
_PMD5                                     (abs)        0079B
_PMD_Initialize                           text25       00FA6
_PORTBbits                                (abs)        0000D
_PORTCbits                                (abs)        0000E
_PR2                                      (abs)        0028D
_PWM6CON                                  (abs)        0038E
_PWM6DCH                                  (abs)        0038D
_PWM6DCL                                  (abs)        0038C
_PWM6_Initialize                          text24       007D6
_PWM6_LoadDutyValue                       text15       0066C
_RA6PPS                                   (abs)        00F16
_RC3PPS                                   (abs)        00F23
_RC4PPS                                   (abs)        00F24
_SLRCONA                                  (abs)        00F3B
_SLRCONB                                  (abs)        00F46
_SLRCONC                                  (abs)        00F51
_SLRCOND                                  (abs)        00F5C
_SLRCONE                                  (abs)        00F67
_SSP1ADD                                  (abs)        0018D
_SSP1BUF                                  (abs)        0018C
_SSP1CLKPPS                               (abs)        00EC5
_SSP1CON1                                 (abs)        00190
_SSP1CON1bits                             (abs)        00190
_SSP1CON2                                 (abs)        00191
_SSP1CON2bits                             (abs)        00191
_SSP1DATPPS                               (abs)        00EC6
_SSP1MSK                                  (abs)        0018E
_SSP1STAT                                 (abs)        0018F
_SSP1STATbits                             (abs)        0018F
_SYSTEM_Initialize                        text17       0061C
_T0CON0                                   (abs)        0001E
_T0CON0bits                               (abs)        0001E
_T0CON1                                   (abs)        0001F
_T1CLK                                    (abs)        00211
_T1CON                                    (abs)        0020E
_T1CONbits                                (abs)        0020E
_T1GATE                                   (abs)        00210
_T1GCON                                   (abs)        0020F
_T1GCONbits                               (abs)        0020F
_T2CLKCON                                 (abs)        00290
_T2CON                                    (abs)        0028E
_T2CONbits                                (abs)        0028E
_T2HLT                                    (abs)        0028F
_T2HLTbits                                (abs)        0028F
_T2PR                                     (abs)        0028D
_T2RST                                    (abs)        00291
_T2RSTbits                                (abs)        00291
_T2TMR                                    (abs)        0028C
_TMR0H                                    (abs)        0001D
_TMR0L                                    (abs)        0001C
_TMR0_DefaultInterruptHandler             text87       00EF8
_TMR0_ISR                                 text85       007B9
_TMR0_Initialize                          text22       00711
_TMR0_InterruptHandler                    nvBANK0      00049
_TMR0_SetInterruptHandler                 text23       00F60
_TMR0_StartTimer                          text16       00F18
_TMR0_StopTimer                           text88       00F00
_TMR1H                                    (abs)        0020D
_TMR1L                                    (abs)        0020C
_TMR1_DefaultInterruptHandler             text82       00EF9
_TMR1_ISR                                 text81       006CE
_TMR1_Initialize                          text20       005E1
_TMR1_InterruptHandler                    nvBANK0      0004D
_TMR1_SetInterruptHandler                 text21       00F66
_TMR1_WriteTimer                          text84       0076A
_TMR2                                     (abs)        0028C
_TMR2_DefaultInterruptHandler             text79       00EFA
_TMR2_ISR                                 text78       007AA
_TMR2_Initialize                          text18       0069E
_TMR2_InterruptHandler                    nvBANK0      0004B
_TMR2_SetInterruptHandler                 text19       00F6C
_TRISA                                    (abs)        00011
_TRISB                                    (abs)        00012
_TRISC                                    (abs)        00013
_TRISCbits                                (abs)        00013
_TRISD                                    (abs)        00014
_TRISE                                    (abs)        00015
_WPUA                                     (abs)        00F39
_WPUB                                     (abs)        00F44
_WPUBbits                                 (abs)        00F44
_WPUC                                     (abs)        00F4F
_WPUC3                                    (abs)        07A7B
_WPUC4                                    (abs)        07A7C
_WPUD                                     (abs)        00F5A
_WPUE                                     (abs)        00F65
__CFG_BOREN$ON                            (abs)        00000
__CFG_BORV$LO                             (abs)        00000
__CFG_CLKOUTEN$OFF                        (abs)        00000
__CFG_CP$OFF                              (abs)        00000
__CFG_CPD$OFF                             (abs)        00000
__CFG_CSWEN$ON                            (abs)        00000
__CFG_DEBUG$OFF                           (abs)        00000
__CFG_FCMEN$ON                            (abs)        00000
__CFG_FEXTOSC$OFF                         (abs)        00000
__CFG_LPBOREN$OFF                         (abs)        00000
__CFG_LVP$ON                              (abs)        00000
__CFG_MCLRE$ON                            (abs)        00000
__CFG_PPS1WAY$ON                          (abs)        00000
__CFG_PWRTE$OFF                           (abs)        00000
__CFG_RSTOSC$HFINT1                       (abs)        00000
__CFG_SCANE$available                     (abs)        00000
__CFG_STVREN$ON                           (abs)        00000
__CFG_WDTCCS$HFINTOSC                     (abs)        00000
__CFG_WDTCPS$WDTCPS_14                    (abs)        00000
__CFG_WDTCWS$WDTCWS_7                     (abs)        00000
__CFG_WDTE$OFF                            (abs)        00000
__CFG_WRT$OFF                             (abs)        00000
__CFG_ZCD$OFF                             (abs)        00000
__Habs1                                   abs1         00000
__Hbank0                                  bank0        00000
__Hbank1                                  bank1        00000
__Hbank10                                 bank10       00000
__Hbank11                                 bank11       00000
__Hbank12                                 bank12       00000
__Hbank13                                 bank13       00000
__Hbank14                                 bank14       00000
__Hbank15                                 bank15       00000
__Hbank16                                 bank16       00000
__Hbank17                                 bank17       00000
__Hbank18                                 bank18       00000
__Hbank19                                 bank19       00000
__Hbank2                                  bank2        00000
__Hbank20                                 bank20       00000
__Hbank21                                 bank21       00000
__Hbank22                                 bank22       00000
__Hbank23                                 bank23       00000
__Hbank24                                 bank24       00000
__Hbank25                                 bank25       00000
__Hbank26                                 bank26       00000
__Hbank27                                 bank27       00000
__Hbank28                                 bank28       00000
__Hbank29                                 bank29       00000
__Hbank3                                  bank3        00000
__Hbank30                                 bank30       00000
__Hbank31                                 bank31       00000
__Hbank4                                  bank4        00000
__Hbank5                                  bank5        00000
__Hbank6                                  bank6        00000
__Hbank7                                  bank7        00000
__Hbank8                                  bank8        00000
__Hbank9                                  bank9        00000
__Hbigram                                 bigram       00000
__HbssBANK0                               bssBANK0     00000
__HbssBANK1                               bssBANK1     00000
__HbssCOMMON                              bssCOMMON    00000
__Hcinit                                  cinit        0007E
__Hclrtext                                clrtext      00000
__Hcode                                   code         00000
__Hcommon                                 common       00000
__Hconfig                                 config       0800C
__HcstackBANK0                            cstackBANK0  00000
__HcstackCOMMON                           cstackCOMMON 00000
__HdataBANK0                              dataBANK0    00000
__Heeprom_data                            eeprom_data  00000
__Hend_init                               end_init     0005D
__Hfunctab                                functab      00000
__HidataBANK0                             idataBANK0   00000
__Hidloc                                  idloc        00000
__Hinit                                   init         0005B
__Hintentry                               intentry     0005B
__Hmaintext                               maintext     00000
__HnvBANK0                                nvBANK0      00000
__Hpowerup                                powerup      00000
__Hram                                    ram          00000
__Hreset_vec                              reset_vec    00002
__Hsfr0                                   sfr0         00000
__Hsfr1                                   sfr1         00000
__Hsfr10                                  sfr10        00000
__Hsfr11                                  sfr11        00000
__Hsfr12                                  sfr12        00000
__Hsfr13                                  sfr13        00000
__Hsfr14                                  sfr14        00000
__Hsfr15                                  sfr15        00000
__Hsfr16                                  sfr16        00000
__Hsfr17                                  sfr17        00000
__Hsfr18                                  sfr18        00000
__Hsfr19                                  sfr19        00000
__Hsfr2                                   sfr2         00000
__Hsfr20                                  sfr20        00000
__Hsfr21                                  sfr21        00000
__Hsfr22                                  sfr22        00000
__Hsfr23                                  sfr23        00000
__Hsfr24                                  sfr24        00000
__Hsfr25                                  sfr25        00000
__Hsfr26                                  sfr26        00000
__Hsfr27                                  sfr27        00000
__Hsfr28                                  sfr28        00000
__Hsfr29                                  sfr29        00000
__Hsfr3                                   sfr3         00000
__Hsfr30                                  sfr30        00000
__Hsfr31                                  sfr31        00000
__Hsfr4                                   sfr4         00000
__Hsfr5                                   sfr5         00000
__Hsfr6                                   sfr6         00000
__Hsfr7                                   sfr7         00000
__Hsfr8                                   sfr8         00000
__Hsfr9                                   sfr9         00000
__Hspace_0                                (abs)        0800C
__Hspace_1                                (abs)        000BD
__Hspace_2                                (abs)        00000
__Hspace_3                                (abs)        00000
__Hstack                                  stack        00000
__Hstrings                                strings      00000
__Hstringtext1                            stringtext1  00000
__Htext                                   text         00000
__Labs1                                   abs1         00000
__Lbank0                                  bank0        00000
__Lbank1                                  bank1        00000
__Lbank10                                 bank10       00000
__Lbank11                                 bank11       00000
__Lbank12                                 bank12       00000
__Lbank13                                 bank13       00000
__Lbank14                                 bank14       00000
__Lbank15                                 bank15       00000
__Lbank16                                 bank16       00000
__Lbank17                                 bank17       00000
__Lbank18                                 bank18       00000
__Lbank19                                 bank19       00000
__Lbank2                                  bank2        00000
__Lbank20                                 bank20       00000
__Lbank21                                 bank21       00000
__Lbank22                                 bank22       00000
__Lbank23                                 bank23       00000
__Lbank24                                 bank24       00000
__Lbank25                                 bank25       00000
__Lbank26                                 bank26       00000
__Lbank27                                 bank27       00000
__Lbank28                                 bank28       00000
__Lbank29                                 bank29       00000
__Lbank3                                  bank3        00000
__Lbank30                                 bank30       00000
__Lbank31                                 bank31       00000
__Lbank4                                  bank4        00000
__Lbank5                                  bank5        00000
__Lbank6                                  bank6        00000
__Lbank7                                  bank7        00000
__Lbank8                                  bank8        00000
__Lbank9                                  bank9        00000
__Lbigram                                 bigram       00000
__LbssBANK0                               bssBANK0     00000
__LbssBANK1                               bssBANK1     00000
__LbssCOMMON                              bssCOMMON    00000
__Lcinit                                  cinit        0005D
__Lclrtext                                clrtext      00000
__Lcode                                   code         00000
__Lcommon                                 common       00000
__Lconfig                                 config       08007
__LcstackBANK0                            cstackBANK0  00000
__LcstackCOMMON                           cstackCOMMON 00000
__LdataBANK0                              dataBANK0    00000
__Leeprom_data                            eeprom_data  00000
__Lend_init                               end_init     0005B
__Lfunctab                                functab      00000
__LidataBANK0                             idataBANK0   00000
__Lidloc                                  idloc        00000
__Linit                                   init         0005B
__Lintentry                               intentry     00004
__Lmaintext                               maintext     00000
__LnvBANK0                                nvBANK0      00000
__Lpowerup                                powerup      00000
__Lram                                    ram          00000
__Lreset_vec                              reset_vec    00000
__Lsfr0                                   sfr0         00000
__Lsfr1                                   sfr1         00000
__Lsfr10                                  sfr10        00000
__Lsfr11                                  sfr11        00000
__Lsfr12                                  sfr12        00000
__Lsfr13                                  sfr13        00000
__Lsfr14                                  sfr14        00000
__Lsfr15                                  sfr15        00000
__Lsfr16                                  sfr16        00000
__Lsfr17                                  sfr17        00000
__Lsfr18                                  sfr18        00000
__Lsfr19                                  sfr19        00000
__Lsfr2                                   sfr2         00000
__Lsfr20                                  sfr20        00000
__Lsfr21                                  sfr21        00000
__Lsfr22                                  sfr22        00000
__Lsfr23                                  sfr23        00000
__Lsfr24                                  sfr24        00000
__Lsfr25                                  sfr25        00000
__Lsfr26                                  sfr26        00000
__Lsfr27                                  sfr27        00000
__Lsfr28                                  sfr28        00000
__Lsfr29                                  sfr29        00000
__Lsfr3                                   sfr3         00000
__Lsfr30                                  sfr30        00000
__Lsfr31                                  sfr31        00000
__Lsfr4                                   sfr4         00000
__Lsfr5                                   sfr5         00000
__Lsfr6                                   sfr6         00000
__Lsfr7                                   sfr7         00000
__Lsfr8                                   sfr8         00000
__Lsfr9                                   sfr9         00000
__Lspace_0                                (abs)        00000
__Lspace_1                                (abs)        00000
__Lspace_2                                (abs)        00000
__Lspace_3                                (abs)        00000
__Lstack                                  stack        00000
__Lstrings                                strings      00000
__Lstringtext1                            stringtext1  00000
__Ltext                                   text         00000
__S0                                      (abs)        0800C
__S1                                      (abs)        000BD
__S2                                      (abs)        00000
__S3                                      (abs)        00000
___int_sp                                 stack        00000
___latbits                                (abs)        00002
___sp                                     stack        00000
___stackhi                                (abs)        023EF
___stacklo                                (abs)        0206D
__end_of_ADCC_GetConversionResult         text35       00FC0
__end_of_ADCC_Initialize                  text30       006FB
__end_of_ADCC_IsConversionDone            text34       00F86
__end_of_ADCC_StartConversion             text33       00FA6
__end_of_ADC_read                         text32       0066C
__end_of_DATAEE_ReadByte                  text5        007AA
__end_of_DATAEE_WriteByte                 text6        005A1
__end_of_EXT_INT_Initialize               text28       007D6
__end_of_INTERRUPT_InterruptManager       intentry     0005B
__end_of_INT_CallBack                     text90       007FD
__end_of_INT_DefaultInterruptHandler      text91       00EF8
__end_of_INT_ISR                          text89       00F5A
__end_of_INT_SetInterruptHandler          text29       00F60
__end_of_ISR_3s                           text86       0069E
__end_of_LED_bin                          text31       00652
__end_of_OSCILLATOR_Initialize            text27       00FC9
__end_of_PIN_MANAGER_Initialize           text26       003F7
__end_of_PMD_Initialize                   text25       00FAE
__end_of_PWM6_Initialize                  text24       007E3
__end_of_PWM6_LoadDutyValue               text15       00685
__end_of_SYSTEM_Initialize                text17       00638
__end_of_TMR0_DefaultInterruptHandler     text87       00EF9
__end_of_TMR0_ISR                         text85       007C8
__end_of_TMR0_Initialize                  text22       00726
__end_of_TMR0_SetInterruptHandler         text23       00F66
__end_of_TMR0_StartTimer                  text16       00F1B
__end_of_TMR0_StopTimer                   text88       00F03
__end_of_TMR1_DefaultInterruptHandler     text82       00EFA
__end_of_TMR1_ISR                         text81       006E5
__end_of_TMR1_Initialize                  text20       00600
__end_of_TMR1_SetInterruptHandler         text21       00F6C
__end_of_TMR1_WriteTimer                  text84       0077B
__end_of_TMR2_DefaultInterruptHandler     text79       00EFB
__end_of_TMR2_ISR                         text78       007B9
__end_of_TMR2_Initialize                  text18       006B6
__end_of_TMR2_SetInterruptHandler         text19       00F72
__end_of__initialization                  cinit        0007A
__end_of_all_LED                          text14       00310
__end_of_checkDebounce                    text13       00435
__end_of_cksum                            text4        005E1
__end_of_cksum_w                          text3        0078B
__end_of_clock_field                      text8        002B5
__end_of_config_routine                   text7        0023E
__end_of_do_I2C_DO_ACK                    text46       00F4A
__end_of_do_I2C_DO_ADDRESS_NACK           text43       004FF
__end_of_do_I2C_DO_NACK_RESTART           text44       00F54
__end_of_do_I2C_DO_NACK_STOP              text45       00F4F
__end_of_do_I2C_IDLE                      text54       00F31
__end_of_do_I2C_RCEN                      text47       00F7F
__end_of_do_I2C_RESET                     text55       00F96
__end_of_do_I2C_RX                        text41       003AE
__end_of_do_I2C_SEND_ADR_READ             text49       00FB7
__end_of_do_I2C_SEND_ADR_WRITE            text48       00F9E
__end_of_do_I2C_SEND_RESTART              text51       00F40
__end_of_do_I2C_SEND_RESTART_READ         text53       00F36
__end_of_do_I2C_SEND_RESTART_WRITE        text52       00F3B
__end_of_do_I2C_SEND_STOP                 text50       00F45
__end_of_do_I2C_TX                        text42       00364
__end_of_do_I2C_TX_EMPTY                  text56       004A6
__end_of_fsmStateTable                    stringtext1  005C1
__end_of_handler_clock_hms                text83       0052B
__end_of_handler_clock_ms                 text80       01000
__end_of_i2c1_driver_TXData               text59       00F2C
__end_of_i2c1_driver_clearBusCollision    text38       00F18
__end_of_i2c1_driver_getRXData            text60       00F0F
__end_of_i2c1_driver_isNACK               text58       00F8E
__end_of_i2c1_driver_resetBus             text62       00EFC
__end_of_i2c1_driver_restart              text76       00F06
__end_of_i2c1_driver_sendACK              text77       00F1F
__end_of_i2c1_driver_sendNACK             text61       00F23
__end_of_i2c1_driver_startRX              text63       00F0C
__end_of_i2c1_driver_stop                 text75       00F09
__end_of_i2c_ISR                          text39       004D3
__end_of_i2c_busCollisionISR              text37       00F27
__end_of_i2c_restartWrite                 text70       00EFE
__end_of_i2c_setBuffer                    text74       0079B
__end_of_i2c_setDataCompleteCallback      text72       007F0
__end_of_main                             maintext     0012A
__end_of_mod1_LED                         text12       00FDE
__end_of_mod2_LED                         text11       00FD3
__end_of_mod3_LED                         text10       00FE9
__end_of_mod4_LED                         text9        00FF4
__end_of_mssp1_clearIRQ                   text40       00F15
__end_of_mssp1_setIRQ                     text57       00F12
__end_of_rd1RegCompleteHandler            text66       00748
__end_of_rd2RegCompleteHandler            text65       00737
__end_of_rdBlkRegCompleteHandler          text64       006CE
__end_of_recoverData                      text1        001C2
__end_of_reset_recv                       text2        0061C
__end_of_returnReset                      text68       00004
__end_of_returnStop                       text69       00F00
__end_of_setCallBack                      text73       0057D
__end_of_sw1_EXT                          text92       00557
__end_of_wr1RegCompleteHandler            text67       00759
__end_of_wr2RegCompleteHandler            text71       0076A
__end_ofi1_PWM6_LoadDutyValue             text94       00711
__end_ofi1_checkDebounce                  text93       00473
__initialization                          cinit        0005D
__pbssBANK0                               bssBANK0     00020
__pbssBANK1                               bssBANK1     000A0
__pbssCOMMON                              bssCOMMON    0007D
__pcstackBANK0                            cstackBANK0  00037
__pcstackCOMMON                           cstackCOMMON 00070
__pdataBANK0                              dataBANK0    00053
__pidataBANK0                             idataBANK0   007FD
__pintentry                               intentry     00004
__pmaintext                               maintext     0007E
__pnvBANK0                                nvBANK0      00049
__pstringtext1                            stringtext1  005A1
__ptext1                                  text1        0012A
__ptext10                                 text10       00FDE
__ptext11                                 text11       00FC9
__ptext12                                 text12       00FD3
__ptext13                                 text13       003F7
__ptext14                                 text14       002B5
__ptext15                                 text15       0066C
__ptext16                                 text16       00F18
__ptext17                                 text17       0061C
__ptext18                                 text18       0069E
__ptext19                                 text19       00F6C
__ptext2                                  text2        00600
__ptext20                                 text20       005E1
__ptext21                                 text21       00F66
__ptext22                                 text22       00711
__ptext23                                 text23       00F60
__ptext24                                 text24       007D6
__ptext25                                 text25       00FA6
__ptext26                                 text26       003AE
__ptext27                                 text27       00FC0
__ptext28                                 text28       007C8
__ptext29                                 text29       00F5A
__ptext3                                  text3        0077B
__ptext30                                 text30       006E5
__ptext31                                 text31       00638
__ptext32                                 text32       00652
__ptext33                                 text33       00F9E
__ptext34                                 text34       00F7F
__ptext35                                 text35       00FB7
__ptext37                                 text37       00F23
__ptext38                                 text38       00F15
__ptext39                                 text39       004A6
__ptext4                                  text4        005C1
__ptext40                                 text40       00F12
__ptext41                                 text41       00364
__ptext42                                 text42       00310
__ptext43                                 text43       004D3
__ptext44                                 text44       00F4F
__ptext45                                 text45       00F4A
__ptext46                                 text46       00F45
__ptext47                                 text47       00F78
__ptext48                                 text48       00F96
__ptext49                                 text49       00FAE
__ptext5                                  text5        0079B
__ptext50                                 text50       00F40
__ptext51                                 text51       00F3B
__ptext52                                 text52       00F36
__ptext53                                 text53       00F31
__ptext54                                 text54       00F2C
__ptext55                                 text55       00F8E
__ptext56                                 text56       00473
__ptext57                                 text57       00F0F
__ptext58                                 text58       00F86
__ptext59                                 text59       00F27
__ptext6                                  text6        0057D
__ptext60                                 text60       00F0C
__ptext61                                 text61       00F1F
__ptext62                                 text62       00EFB
__ptext63                                 text63       00F09
__ptext64                                 text64       006B6
__ptext65                                 text65       00726
__ptext66                                 text66       00737
__ptext67                                 text67       00748
__ptext68                                 text68       00002
__ptext69                                 text69       00EFE
__ptext7                                  text7        001C2
__ptext70                                 text70       00EFC
__ptext71                                 text71       00759
__ptext72                                 text72       007E3
__ptext73                                 text73       00557
__ptext74                                 text74       0078B
__ptext75                                 text75       00F06
__ptext76                                 text76       00F03
__ptext77                                 text77       00F1B
__ptext78                                 text78       007AA
__ptext79                                 text79       00EFA
__ptext8                                  text8        0023E
__ptext80                                 text80       00FF4
__ptext81                                 text81       006CE
__ptext82                                 text82       00EF9
__ptext83                                 text83       004FF
__ptext84                                 text84       0076A
__ptext85                                 text85       007B9
__ptext86                                 text86       00685
__ptext87                                 text87       00EF8
__ptext88                                 text88       00F00
__ptext89                                 text89       00F54
__ptext9                                  text9        00FE9
__ptext90                                 text90       007F0
__ptext91                                 text91       00EF7
__ptext92                                 text92       0052B
__ptext93                                 text93       00435
__ptext94                                 text94       006FB
__size_of_ADCC_GetConversionResult        (abs)        00000
__size_of_ADCC_Initialize                 (abs)        00000
__size_of_ADCC_IsConversionDone           (abs)        00000
__size_of_ADCC_StartConversion            (abs)        00000
__size_of_ADC_read                        (abs)        00000
__size_of_DATAEE_ReadByte                 (abs)        00000
__size_of_DATAEE_WriteByte                (abs)        00000
__size_of_EXT_INT_Initialize              (abs)        00000
__size_of_INTERRUPT_InterruptManager      (abs)        00000
__size_of_INT_CallBack                    (abs)        00000
__size_of_INT_DefaultInterruptHandler     (abs)        00000
__size_of_INT_ISR                         (abs)        00000
__size_of_INT_SetInterruptHandler         (abs)        00000
__size_of_ISR_3s                          (abs)        00000
__size_of_LED_bin                         (abs)        00000
__size_of_OSCILLATOR_Initialize           (abs)        00000
__size_of_PIN_MANAGER_Initialize          (abs)        00000
__size_of_PMD_Initialize                  (abs)        00000
__size_of_PWM6_Initialize                 (abs)        00000
__size_of_PWM6_LoadDutyValue              (abs)        00000
__size_of_SYSTEM_Initialize               (abs)        00000
__size_of_TMR0_DefaultInterruptHandler    (abs)        00000
__size_of_TMR0_ISR                        (abs)        00000
__size_of_TMR0_Initialize                 (abs)        00000
__size_of_TMR0_SetInterruptHandler        (abs)        00000
__size_of_TMR0_StartTimer                 (abs)        00000
__size_of_TMR0_StopTimer                  (abs)        00000
__size_of_TMR1_DefaultInterruptHandler    (abs)        00000
__size_of_TMR1_ISR                        (abs)        00000
__size_of_TMR1_Initialize                 (abs)        00000
__size_of_TMR1_SetInterruptHandler        (abs)        00000
__size_of_TMR1_WriteTimer                 (abs)        00000
__size_of_TMR2_DefaultInterruptHandler    (abs)        00000
__size_of_TMR2_ISR                        (abs)        00000
__size_of_TMR2_Initialize                 (abs)        00000
__size_of_TMR2_SetInterruptHandler        (abs)        00000
__size_of_all_LED                         (abs)        00000
__size_of_checkDebounce                   (abs)        00000
__size_of_cksum                           (abs)        00000
__size_of_cksum_w                         (abs)        00000
__size_of_clock_field                     (abs)        00000
__size_of_config_routine                  (abs)        00000
__size_of_do_I2C_DO_ACK                   (abs)        00000
__size_of_do_I2C_DO_ADDRESS_NACK          (abs)        00000
__size_of_do_I2C_DO_NACK_RESTART          (abs)        00000
__size_of_do_I2C_DO_NACK_STOP             (abs)        00000
__size_of_do_I2C_IDLE                     (abs)        00000
__size_of_do_I2C_RCEN                     (abs)        00000
__size_of_do_I2C_RESET                    (abs)        00000
__size_of_do_I2C_RX                       (abs)        00000
__size_of_do_I2C_SEND_ADR_READ            (abs)        00000
__size_of_do_I2C_SEND_ADR_WRITE           (abs)        00000
__size_of_do_I2C_SEND_RESTART             (abs)        00000
__size_of_do_I2C_SEND_RESTART_READ        (abs)        00000
__size_of_do_I2C_SEND_RESTART_WRITE       (abs)        00000
__size_of_do_I2C_SEND_STOP                (abs)        00000
__size_of_do_I2C_TX                       (abs)        00000
__size_of_do_I2C_TX_EMPTY                 (abs)        00000
__size_of_handler_clock_hms               (abs)        00000
__size_of_handler_clock_ms                (abs)        00000
__size_of_i2c1_driver_TXData              (abs)        00000
__size_of_i2c1_driver_clearBusCollision   (abs)        00000
__size_of_i2c1_driver_getRXData           (abs)        00000
__size_of_i2c1_driver_isNACK              (abs)        00000
__size_of_i2c1_driver_resetBus            (abs)        00000
__size_of_i2c1_driver_restart             (abs)        00000
__size_of_i2c1_driver_sendACK             (abs)        00000
__size_of_i2c1_driver_sendNACK            (abs)        00000
__size_of_i2c1_driver_startRX             (abs)        00000
__size_of_i2c1_driver_stop                (abs)        00000
__size_of_i2c_ISR                         (abs)        00000
__size_of_i2c_busCollisionISR             (abs)        00000
__size_of_i2c_restartWrite                (abs)        00000
__size_of_i2c_setBuffer                   (abs)        00000
__size_of_i2c_setDataCompleteCallback     (abs)        00000
__size_of_main                            (abs)        00000
__size_of_mod1_LED                        (abs)        00000
__size_of_mod2_LED                        (abs)        00000
__size_of_mod3_LED                        (abs)        00000
__size_of_mod4_LED                        (abs)        00000
__size_of_mssp1_clearIRQ                  (abs)        00000
__size_of_mssp1_setIRQ                    (abs)        00000
__size_of_rd1RegCompleteHandler           (abs)        00000
__size_of_rd2RegCompleteHandler           (abs)        00000
__size_of_rdBlkRegCompleteHandler         (abs)        00000
__size_of_recoverData                     (abs)        00000
__size_of_reset_recv                      (abs)        00000
__size_of_returnReset                     (abs)        00000
__size_of_returnStop                      (abs)        00000
__size_of_setCallBack                     (abs)        00000
__size_of_sw1_EXT                         (abs)        00000
__size_of_wr1RegCompleteHandler           (abs)        00000
__size_of_wr2RegCompleteHandler           (abs)        00000
__size_ofi1_PWM6_LoadDutyValue            (abs)        00000
__size_ofi1_checkDebounce                 (abs)        00000
_alarm                                    bssBANK0     0002F
_all_LED                                  text14       002B5
_bounce_time                              bssBANK0     00032
_checkDebounce                            text13       003F7
_cksum                                    text4        005C1
_cksum_w                                  text3        0077B
_clkh                                     bssBANK0     00036
_clkm                                     bssBANK0     00035
_clkms                                    bssCOMMON    0007D
_clock_field                              text8        0023E
_config_mode                              bssBANK0     00030
_config_routine                           text7        001C2
_convertedValue                           bssBANK0     00026
_do_I2C_DO_ACK                            text46       00F45
_do_I2C_DO_ADDRESS_NACK                   text43       004D3
_do_I2C_DO_NACK_RESTART                   text44       00F4F
_do_I2C_DO_NACK_STOP                      text45       00F4A
_do_I2C_IDLE                              text54       00F2C
_do_I2C_RCEN                              text47       00F78
[...]
		On exit  : 
		Unchanged: 
 Data sizes:     COMMON   BANK0   BANK1   BANK2   BANK3   BANK4   BANK5   BANK6   BANK7   BANK8   BANK9  BANK10  BANK11  BANK12
      Params:         2       0       0       0       0       0       0       0       0       0       0       0       0       0
      Locals:         0       0       0       0       0       0       0       0       0       0       0       0       0       0
      Temps:          0       0       0       0       0       0       0       0       0       0       0       0       0       0
      Totals:         2       0       0       0       0       0       0       0       0       0       0       0       0       0
Total ram usage:        2 bytes
 Hardware stack levels used:    1
 This function calls:
		Nothing
 This function is called by:
		_TMR1_ISR
		_TMR1_Reload
 This function uses a non-reentrant model


 *************** function _TMR0_ISR *****************
 Defined at:
		line 123 in file "mcc_generated_files/tmr0.c"
 Parameters:    Size  Location     Type
		None
 Auto vars:     Size  Location     Type
		None
 Return value:  Size  Location     Type
                  1    wreg      void 
 Registers used:
		wreg, status,2, status,0, pclath, cstack
 Tracked objects:
		On entry : 
		On exit  : 
		Unchanged: 
 Data sizes:     COMMON   BANK0   BANK1   BANK2   BANK3   BANK4   BANK5   BANK6   BANK7   BANK8   BANK9  BANK10  BANK11  BANK12
      Params:         0       0       0       0       0       0       0       0       0       0       0       0       0       0
      Locals:         0       0       0       0       0       0       0       0       0       0       0       0       0       0
      Temps:          0       0       0       0       0       0       0       0       0       0       0       0       0       0
      Totals:         0       0       0       0       0       0       0       0       0       0       0       0       0       0
Total ram usage:        0 bytes
 Hardware stack levels used:    1
 Hardware stack levels required when called:    2
 This function calls:
		Absolute function
		_ISR_3s
		_TMR0_DefaultInterruptHandler
 This function is called by:
		_INTERRUPT_InterruptManager
 This function uses a non-reentrant model


 *************** function _ISR_3s *****************
 Defined at:
		line 105 in file "main.c"
 Parameters:    Size  Location     Type
		None
 Auto vars:     Size  Location     Type
		None
 Return value:  Size  Location     Type
                  1    wreg      void 
 Registers used:
		wreg, status,2, status,0, pclath, cstack
 Tracked objects:
		On entry : 
		On exit  : 
		Unchanged: 
 Data sizes:     COMMON   BANK0   BANK1   BANK2   BANK3   BANK4   BANK5   BANK6   BANK7   BANK8   BANK9  BANK10  BANK11  BANK12
      Params:         0       0       0       0       0       0       0       0       0       0       0       0       0       0
      Locals:         0       0       0       0       0       0       0       0       0       0       0       0       0       0
      Temps:          1       0       0       0       0       0       0       0       0       0       0       0       0       0
      Totals:         1       0       0       0       0       0       0       0       0       0       0       0       0       0
Total ram usage:        1 bytes
 Hardware stack levels used:    1
 Hardware stack levels required when called:    1
 This function calls:
		_TMR0_StopTimer
		i1_PWM6_LoadDutyValue
 This function is called by:
		_main
		_TMR0_ISR
 This function uses a non-reentrant model


 *************** function _TMR0_DefaultInterruptHandler *****************
 Defined at:
		line 140 in file "mcc_generated_files/tmr0.c"
 Parameters:    Size  Location     Type
		None
 Auto vars:     Size  Location     Type
		None
 Return value:  Size  Location     Type
                  1    wreg      void 
 Registers used:
		None
 Tracked objects:
		On entry : 
		On exit  : 
		Unchanged: 
 Data sizes:     COMMON   BANK0   BANK1   BANK2   BANK3   BANK4   BANK5   BANK6   BANK7   BANK8   BANK9  BANK10  BANK11  BANK12
      Params:         0       0       0       0       0       0       0       0       0       0       0       0       0       0
      Locals:         0       0       0       0       0       0       0       0       0       0       0       0       0       0
      Temps:          0       0       0       0       0       0       0       0       0       0       0       0       0       0
      Totals:         0       0       0       0       0       0       0       0       0       0       0       0       0       0
Total ram usage:        0 bytes
 Hardware stack levels used:    1
 This function calls:
		Nothing
 This function is called by:
		_TMR0_Initialize
		_TMR0_ISR
 This function uses a non-reentrant model


 *************** function _TMR0_StopTimer *****************
 Defined at:
		line 95 in file "mcc_generated_files/tmr0.c"
 Parameters:    Size  Location     Type
		None
 Auto vars:     Size  Location     Type
		None
 Return value:  Size  Location     Type
                  1    wreg      void 
 Registers used:
		None
 Tracked objects:
		On entry : 
		On exit  : 
		Unchanged: 
 Data sizes:     COMMON   BANK0   BANK1   BANK2   BANK3   BANK4   BANK5   BANK6   BANK7   BANK8   BANK9  BANK10  BANK11  BANK12
      Params:         0       0       0       0       0       0       0       0       0       0       0       0       0       0
      Locals:         0       0       0       0       0       0       0       0       0       0       0       0       0       0
      Temps:          0       0       0       0       0       0       0       0       0       0       0       0       0       0
      Totals:         0       0       0       0       0       0       0       0       0       0       0       0       0       0
Total ram usage:        0 bytes
 Hardware stack levels used:    1
 This function calls:
		Nothing
 This function is called by:
		_ISR_3s
 This function uses a non-reentrant model


 *************** function _INT_ISR *****************
 Defined at:
		line 32 in file "mcc_generated_files/ext_int.c"
 Parameters:    Size  Location     Type
		None
 Auto vars:     Size  Location     Type
		None
 Return value:  Size  Location     Type
                  1    wreg      void 
 Registers used:
		wreg, status,2, status,0, pclath, cstack
 Tracked objects:
		On entry : 
		On exit  : 
		Unchanged: 
 Data sizes:     COMMON   BANK0   BANK1   BANK2   BANK3   BANK4   BANK5   BANK6   BANK7   BANK8   BANK9  BANK10  BANK11  BANK12
      Params:         0       0       0       0       0       0       0       0       0       0       0       0       0       0
      Locals:         0       0       0       0       0       0       0       0       0       0       0       0       0       0
      Temps:          0       0       0       0       0       0       0       0       0       0       0       0       0       0
      Totals:         0       0       0       0       0       0       0       0       0       0       0       0       0       0
Total ram usage:        0 bytes
 Hardware stack levels used:    1
 Hardware stack levels required when called:    3
 This function calls:
		_INT_CallBack
 This function is called by:
		_INTERRUPT_InterruptManager
 This function uses a non-reentrant model


 *************** function _INT_CallBack *****************
 Defined at:
		line 41 in file "mcc_generated_files/ext_int.c"
 Parameters:    Size  Location     Type
		None
 Auto vars:     Size  Location     Type
		None
 Return value:  Size  Location     Type
                  1    wreg      void 
 Registers used:
		wreg, status,2, status,0, pclath, cstack
 Tracked objects:
		On entry : 
		On exit  : 
		Unchanged: 
 Data sizes:     COMMON   BANK0   BANK1   BANK2   BANK3   BANK4   BANK5   BANK6   BANK7   BANK8   BANK9  BANK10  BANK11  BANK12
      Params:         0       0       0       0       0       0       0       0       0       0       0       0       0       0
      Locals:         0       0       0       0       0       0       0       0       0       0       0       0       0       0
      Temps:          0       0       0       0       0       0       0       0       0       0       0       0       0       0
      Totals:         0       0       0       0       0       0       0       0       0       0       0       0       0       0
Total ram usage:        0 bytes
 Hardware stack levels used:    1
 Hardware stack levels required when called:    2
 This function calls:
		Absolute function
		_INT_DefaultInterruptHandler
		_sw1_EXT
 This function is called by:
		_INT_ISR
 This function uses a non-reentrant model


 *************** function _INT_DefaultInterruptHandler *****************
 Defined at:
		line 54 in file "mcc_generated_files/ext_int.c"
 Parameters:    Size  Location     Type
		None
 Auto vars:     Size  Location     Type
		None
 Return value:  Size  Location     Type
                  1    wreg      void 
 Registers used:
		None
 Tracked objects:
		On entry : 
		On exit  : 
		Unchanged: 
 Data sizes:     COMMON   BANK0   BANK1   BANK2   BANK3   BANK4   BANK5   BANK6   BANK7   BANK8   BANK9  BANK10  BANK11  BANK12
      Params:         0       0       0       0       0       0       0       0       0       0       0       0       0       0
      Locals:         0       0       0       0       0       0       0       0       0       0       0       0       0       0
      Temps:          0       0       0       0       0       0       0       0       0       0       0       0       0       0
      Totals:         0       0       0       0       0       0       0       0       0       0       0       0       0       0
Total ram usage:        0 bytes
 Hardware stack levels used:    1
 This function calls:
		Nothing
 This function is called by:
		_EXT_INT_Initialize
		_INT_CallBack
 This function uses a non-reentrant model


 *************** function _sw1_EXT *****************
 Defined at:
		line 71 in file "main.c"
 Parameters:    Size  Location     Type
		None
 Auto vars:     Size  Location     Type
		None
 Return value:  Size  Location     Type
                  1    wreg      void 
 Registers used:
		wreg, status,2, status,0, pclath, cstack
 Tracked objects:
		On entry : 
		On exit  : 
		Unchanged: 
 Data sizes:     COMMON   BANK0   BANK1   BANK2   BANK3   BANK4   BANK5   BANK6   BANK7   BANK8   BANK9  BANK10  BANK11  BANK12
      Params:         0       0       0       0       0       0       0       0       0       0       0       0       0       0
      Locals:         0       0       0       0       0       0       0       0       0       0       0       0       0       0
      Temps:          1       0       0       0       0       0       0       0       0       0       0       0       0       0
      Totals:         1       0       0       0       0       0       0       0       0       0       0       0       0       0
Total ram usage:        1 bytes
 Hardware stack levels used:    1
 Hardware stack levels required when called:    1
 This function calls:
		i1_PWM6_LoadDutyValue
		i1_checkDebounce
 This function is called by:
		_main
		_INT_CallBack
 This function uses a non-reentrant model


 *************** function i1_checkDebounce *****************
 Defined at:
		line 397 in file "main.c"
 Parameters:    Size  Location     Type
		None
 Auto vars:     Size  Location     Type
		None
 Return value:  Size  Location     Type
                  1    wreg      unsigned char 
 Registers used:
		wreg, status,2, status,0
 Tracked objects:
		On entry : 
		On exit  : 
		Unchanged: 
 Data sizes:     COMMON   BANK0   BANK1   BANK2   BANK3   BANK4   BANK5   BANK6   BANK7   BANK8   BANK9  BANK10  BANK11  BANK12
      Params:         0       0       0       0       0       0       0       0       0       0       0       0       0       0
      Locals:         0       0       0       0       0       0       0       0       0       0       0       0       0       0
      Temps:          5       0       0       0       0       0       0       0       0       0       0       0       0       0
      Totals:         5       0       0       0       0       0       0       0       0       0       0       0       0       0
Total ram usage:        5 bytes
 Hardware stack levels used:    1
 This function calls:
		Nothing
 This function is called by:
		_sw1_EXT
 This function uses a non-reentrant model


 *************** function i1_PWM6_LoadDutyValue *****************
 Defined at:
		line 74 in file "mcc_generated_files/pwm6.c"
 Parameters:    Size  Location     Type
  dutyValue       2    0[COMMON] unsigned short 
 Auto vars:     Size  Location     Type
		None
 Return value:  Size  Location     Type
                  1    wreg      void 
 Registers used:
		wreg, status,2, status,0
 Tracked objects:
		On entry : 
		On exit  : 
		Unchanged: 
 Data sizes:     COMMON   BANK0   BANK1   BANK2   BANK3   BANK4   BANK5   BANK6   BANK7   BANK8   BANK9  BANK10  BANK11  BANK12
      Params:         2       0       0       0       0       0       0       0       0       0       0       0       0       0
      Locals:         0       0       0       0       0       0       0       0       0       0       0       0       0       0
      Temps:          2       0       0       0       0       0       0       0       0       0       0       0       0       0
      Totals:         4       0       0       0       0       0       0       0       0       0       0       0       0       0
Total ram usage:        4 bytes
 Hardware stack levels used:    1
 This function calls:
		Nothing
 This function is called by:
		_sw1_EXT
		_ISR_3s
 This function uses a non-reentrant model



MODULE INFORMATION

Module		Function		Class		Link	Load	Size
mcc_generated_files/pwm6.c
		_PWM6_LoadDutyValue		CODE           	066C	0000	26
		_PWM6_Initialize		CODE           	07D6	0000	14

mcc_generated_files/pwm6.c estimated size: 40

mcc_generated_files/tmr2.c
		_TMR2_ISR      		CODE           	07AA	0000	16
		_TMR2_Initialize		CODE           	069E	0000	25
		_TMR2_SetInterruptHandler		CODE           	0F6C	0000	7
		_TMR2_DefaultInterruptHandler		CODE           	0EFA	0000	2

mcc_generated_files/tmr2.c estimated size: 50

mcc_generated_files/interrupt_manager.c
		_INTERRUPT_InterruptManager		CODE           	0004	0000	88

mcc_generated_files/interrupt_manager.c estimated size: 88

mcc_generated_files/tmr0.c
		_TMR0_SetInterruptHandler		CODE           	0F60	0000	7
		_TMR0_StopTimer		CODE           	0F00	0000	4
		_TMR0_DefaultInterruptHandler		CODE           	0EF8	0000	2
		_TMR0_StartTimer		CODE           	0F18	0000	4
		_TMR0_ISR      		CODE           	07B9	0000	16
		_TMR0_Initialize		CODE           	0711	0000	22

mcc_generated_files/tmr0.c estimated size: 55

mcc_generated_files/pin_manager.c
		_PIN_MANAGER_Initialize		CODE           	03AE	0000	74

mcc_generated_files/pin_manager.c estimated size: 74

mcc_generated_files/drivers/i2c_simple_master.c
		_wr1RegCompleteHandler		CODE           	0748	0000	18
		_wr2RegCompleteHandler		CODE           	0759	0000	18
		_rdBlkRegCompleteHandler		CODE           	06B6	0000	25
		_rd1RegCompleteHandler		CODE           	0737	0000	18
		_rd2RegCompleteHandler		CODE           	0726	0000	18

mcc_generated_files/drivers/i2c_simple_master.c estimated size: 97

eeprom_rw.c
		_reset_recv    		CODE           	0600	0000	29
		_cksum         		CODE           	05C1	0000	33
		_cksum_w       		CODE           	077B	0000	17
		_recoverData   		CODE           	012A	0000	153

eeprom_rw.c estimated size: 232

mcc_generated_files/ext_int.c
		_INT_DefaultInterruptHandler		CODE           	0EF7	0000	2
		_EXT_INT_Initialize		CODE           	07C8	0000	15
		_INT_SetInterruptHandler		CODE           	0F5A	0000	7
		_INT_CallBack  		CODE           	07F0	0000	14
		_INT_ISR       		CODE           	0F54	0000	7

mcc_generated_files/ext_int.c estimated size: 45

shared
		i1_checkDebounce		CODE           	0435	0000	63
		__initialization		CODE           	005D	0000	30
		_fsmStateTable 		STRCODE        	05A1	0000	33
		i1_PWM6_LoadDutyValue		CODE           	06FB	0000	23

shared estimated size: 149

mcc_generated_files/mcc.c
		_PMD_Initialize		CODE           	0FA6	0000	9
		_OSCILLATOR_Initialize		CODE           	0FC0	0000	10
		_SYSTEM_Initialize		CODE           	061C	0000	29

mcc_generated_files/mcc.c estimated size: 48

mcc_generated_files/drivers/i2c_master.c
		_i2c_setDataCompleteCallback		CODE           	07E3	0000	14
		_returnStop    		CODE           	0EFE	0000	3
		_i2c_setBuffer 		CODE           	078B	0000	17
		_i2c_busCollisionISR		CODE           	0F23	0000	5
		_i2c_ISR       		CODE           	04A6	0000	46
		_do_I2C_TX_EMPTY		CODE           	0473	0000	52
		_setCallBack   		CODE           	0557	0000	39
		_returnReset   		CODE           	0002	0000	3
		_do_I2C_SEND_RESTART_WRITE		CODE           	0F36	0000	6
		_do_I2C_DO_NACK_RESTART		CODE           	0F4F	0000	6
		_do_I2C_SEND_RESTART_READ		CODE           	0F31	0000	6
		_do_I2C_SEND_ADR_WRITE		CODE           	0F96	0000	9
		_do_I2C_SEND_STOP		CODE           	0F40	0000	6
		_do_I2C_SEND_ADR_READ		CODE           	0FAE	0000	10
		_do_I2C_DO_NACK_STOP		CODE           	0F4A	0000	6
		_do_I2C_SEND_RESTART		CODE           	0F3B	0000	6
		_do_I2C_RX     		CODE           	0364	0000	75
		_do_I2C_TX     		CODE           	0310	0000	85
		_do_I2C_IDLE   		CODE           	0F2C	0000	6
		_do_I2C_RCEN   		CODE           	0F78	0000	8
		_do_I2C_DO_ADDRESS_NACK		CODE           	04D3	0000	45
		_do_I2C_RESET  		CODE           	0F8E	0000	9
		_do_I2C_DO_ACK 		CODE           	0F45	0000	6

mcc_generated_files/drivers/i2c_master.c estimated size: 468

mcc_generated_files/tmr1.c
		_TMR1_Initialize		CODE           	05E1	0000	32
		_TMR1_SetInterruptHandler		CODE           	0F66	0000	7
		_TMR1_DefaultInterruptHandler		CODE           	0EF9	0000	2
		_TMR1_WriteTimer		CODE           	076A	0000	18
		_TMR1_ISR      		CODE           	06CE	0000	24

mcc_generated_files/tmr1.c estimated size: 83

mcc_generated_files/drivers/i2c_types.c
		_i2c_restartWrite		CODE           	0EFC	0000	3

mcc_generated_files/drivers/i2c_types.c estimated size: 3

mcc_generated_files/memory.c
		_DATAEE_WriteByte		CODE           	057D	0000	37
		_DATAEE_ReadByte		CODE           	079B	0000	16

mcc_generated_files/memory.c estimated size: 53

mcc_generated_files/i2c1_driver.c
		_i2c1_driver_isNACK		CODE           	0F86	0000	9
		_i2c1_driver_stop		CODE           	0F06	0000	4
		_i2c1_driver_getRXData		CODE           	0F0C	0000	4
		_i2c1_driver_TXData		CODE           	0F27	0000	6
		_i2c1_driver_sendACK		CODE           	0F1B	0000	5
		_mssp1_setIRQ  		CODE           	0F0F	0000	4
		_i2c1_driver_sendNACK		CODE           	0F1F	0000	5
		_i2c1_driver_restart		CODE           	0F03	0000	4
		_i2c1_driver_resetBus		CODE           	0EFB	0000	2
		_i2c1_driver_clearBusCollision		CODE           	0F15	0000	4
		_mssp1_clearIRQ		CODE           	0F12	0000	4
		_i2c1_driver_startRX		CODE           	0F09	0000	4

mcc_generated_files/i2c1_driver.c estimated size: 55

mcc_generated_files/adcc.c
		_ADCC_GetConversionResult		CODE           	0FB7	0000	10
		_ADCC_StartConversion		CODE           	0F9E	0000	9
		_ADCC_Initialize		CODE           	06E5	0000	23
		_ADCC_IsConversionDone		CODE           	0F7F	0000	8

mcc_generated_files/adcc.c estimated size: 50

main.c
		_clock_field   		CODE           	023E	0000	120
		_sw1_EXT       		CODE           	052B	0000	45
		_mod1_LED      		CODE           	0FD3	0000	12
		_LED_bin       		CODE           	0638	0000	27
		_config_routine		CODE           	01C2	0000	125
		_mod2_LED      		CODE           	0FC9	0000	11
		_mod3_LED      		CODE           	0FDE	0000	12
		_main          		CODE           	007E	0000	173
		_mod4_LED      		CODE           	0FE9	0000	12
		_ADC_read      		CODE           	0652	0000	27
		_handler_clock_ms		CODE           	0FF4	0000	13
		_checkDebounce 		CODE           	03F7	0000	63
		_ISR_3s        		CODE           	0685	0000	26
		_handler_clock_hms		CODE           	04FF	0000	45
		_all_LED       		CODE           	02B5	0000	92

main.c estimated size: 803

